[INFO] Scanning for projects...
[INFO] 
[INFO] --------------------------< com.example:ldop >--------------------------
[INFO] Building ldop 0.0.1-SNAPSHOT
[INFO]   from pom.xml
[INFO] --------------------------------[ jar ]---------------------------------
[INFO] 
[INFO] --- resources:3.3.1:resources (default-resources) @ ldop ---
[INFO] Copying 1 resource from src\main\resources to target\classes
[INFO] Copying 3 resources from src\main\resources to target\classes
[INFO] 
[INFO] --- compiler:3.14.1:compile (default-compile) @ ldop ---
[INFO] Nothing to compile - all classes are up to date.
[INFO] 
[INFO] --- resources:3.3.1:testResources (default-testResources) @ ldop ---
[INFO] Copying 1 resource from src\test\resources to target\test-classes
[INFO] 
[INFO] --- compiler:3.14.1:testCompile (default-testCompile) @ ldop ---
[INFO] Nothing to compile - all classes are up to date.
[INFO] 
[INFO] --- surefire:3.5.4:test (default-test) @ ldop ---
[INFO] Using auto detected provider org.apache.maven.surefire.junitplatform.JUnitPlatformProvider
[INFO] 
[INFO] -------------------------------------------------------
[INFO]  T E S T S
[INFO] -------------------------------------------------------
[INFO] Running com.example.ldop.controller.ConnectorControllerTest
17:47:25.507 [main] INFO org.springframework.test.context.support.AnnotationConfigContextLoaderUtils -- Could not detect default configuration classes for test class [com.example.ldop.controller.ConnectorControllerTest]: ConnectorControllerTest does not declare any static, non-private, non-final, nested classes annotated with @Configuration.
17:47:25.760 [main] INFO org.springframework.boot.test.context.SpringBootTestContextBootstrapper -- Found @SpringBootConfiguration com.example.ldop.LdopApplication for test class com.example.ldop.controller.ConnectorControllerTest

  .   ____          _            __ _ _
 /\\ / ___'_ __ _ _(_)_ __  __ _ \ \ \ \
( ( )\___ | '_ | '_| | '_ \/ _` | \ \ \ \
 \\/  ___)| |_)| | | | | || (_| |  ) ) ) )
  '  |____| .__|_| |_|_| |_\__, | / / / /
 =========|_|==============|___/=/_/_/_/

 :: Spring Boot ::                (v3.5.7)

2025-11-28T17:47:26.520+07:00  INFO 7304 --- [ldop] [           main] c.e.l.c.ConnectorControllerTest          : Starting ConnectorControllerTest using Java 21.0.7 with PID 7304 (started by TungNS in D:\projects\ldop-demo\backend)
2025-11-28T17:47:26.522+07:00  INFO 7304 --- [ldop] [           main] c.e.l.c.ConnectorControllerTest          : The following 1 profile is active: "test"
2025-11-28T17:47:28.028+07:00  INFO 7304 --- [ldop] [           main] .s.d.r.c.RepositoryConfigurationDelegate : Bootstrapping Spring Data JPA repositories in DEFAULT mode.
2025-11-28T17:47:28.156+07:00  INFO 7304 --- [ldop] [           main] .s.d.r.c.RepositoryConfigurationDelegate : Finished Spring Data repository scanning in 106 ms. Found 2 JPA repository interfaces.
2025-11-28T17:47:29.093+07:00  INFO 7304 --- [ldop] [           main] com.zaxxer.hikari.HikariDataSource       : HikariPool-1 - Starting...
2025-11-28T17:47:29.451+07:00  INFO 7304 --- [ldop] [           main] com.zaxxer.hikari.pool.HikariPool        : HikariPool-1 - Added connection conn0: url=jdbc:h2:mem:ldop_test user=SA
2025-11-28T17:47:29.454+07:00  INFO 7304 --- [ldop] [           main] com.zaxxer.hikari.HikariDataSource       : HikariPool-1 - Start completed.
2025-11-28T17:47:29.572+07:00  INFO 7304 --- [ldop] [           main] liquibase.database                       : Set default schema name to PUBLIC
2025-11-28T17:47:30.710+07:00  INFO 7304 --- [ldop] [           main] liquibase.changelog                      : Creating database history table with name: PUBLIC.DATABASECHANGELOG
2025-11-28T17:47:31.082+07:00  INFO 7304 --- [ldop] [           main] liquibase.changelog                      : Reading from PUBLIC.DATABASECHANGELOG
2025-11-28T17:47:31.161+07:00  INFO 7304 --- [ldop] [           main] liquibase.snapshot                       : Creating snapshot
2025-11-28T17:47:31.762+07:00  INFO 7304 --- [ldop] [           main] liquibase.lockservice                    : Successfully acquired change log lock
2025-11-28T17:47:31.764+07:00  INFO 7304 --- [ldop] [           main] liquibase.command                        : Using deploymentId: 4326849044
2025-11-28T17:47:31.772+07:00  INFO 7304 --- [ldop] [           main] liquibase.changelog                      : Reading from PUBLIC.DATABASECHANGELOG
2025-11-28T17:47:31.877+07:00  INFO 7304 --- [ldop] [           main] liquibase.ui                             : Running Changeset: db/changelog/changes/001-initial-schema.yaml::001-create-connectors-table::antigravity
2025-11-28T17:47:31.927+07:00  INFO 7304 --- [ldop] [           main] liquibase.changelog                      : Table connectors created
2025-11-28T17:47:31.937+07:00  INFO 7304 --- [ldop] [           main] liquibase.changelog                      : Index idx_connectors_tenant created
2025-11-28T17:47:31.937+07:00  INFO 7304 --- [ldop] [           main] liquibase.changelog                      : ChangeSet db/changelog/changes/001-initial-schema.yaml::001-create-connectors-table::antigravity ran successfully in 56ms
2025-11-28T17:47:31.971+07:00  INFO 7304 --- [ldop] [           main] liquibase.ui                             : Running Changeset: db/changelog/changes/001-initial-schema.yaml::001-create-data-endpoints-table::antigravity
2025-11-28T17:47:32.036+07:00  INFO 7304 --- [ldop] [           main] liquibase.changelog                      : Table data_endpoints created
2025-11-28T17:47:32.042+07:00  INFO 7304 --- [ldop] [           main] liquibase.changelog                      : Index idx_data_endpoints_tenant created
2025-11-28T17:47:32.043+07:00  INFO 7304 --- [ldop] [           main] liquibase.changelog                      : ChangeSet db/changelog/changes/001-initial-schema.yaml::001-create-data-endpoints-table::antigravity ran successfully in 70ms
2025-11-28T17:47:32.055+07:00  INFO 7304 --- [ldop] [           main] liquibase.ui                             : Running Changeset: db/changelog/changes/002-data-endpoint-redesign.yaml::002-add-query-config-column::antigravity
2025-11-28T17:47:32.129+07:00  INFO 7304 --- [ldop] [           main] liquibase.changelog                      : Columns query_config(JSONB) added to data_endpoints
2025-11-28T17:47:32.131+07:00  INFO 7304 --- [ldop] [           main] liquibase.changelog                      : ChangeSet db/changelog/changes/002-data-endpoint-redesign.yaml::002-add-query-config-column::antigravity ran successfully in 75ms
2025-11-28T17:47:32.142+07:00  INFO 7304 --- [ldop] [           main] liquibase.ui                             : Running Changeset: db/changelog/changes/002-data-endpoint-redesign.yaml::002-drop-target-resource-column::antigravity
2025-11-28T17:47:32.177+07:00  INFO 7304 --- [ldop] [           main] liquibase.changelog                      : Column data_endpoints.target_resource dropped
2025-11-28T17:47:32.179+07:00  INFO 7304 --- [ldop] [           main] liquibase.changelog                      : ChangeSet db/changelog/changes/002-data-endpoint-redesign.yaml::002-drop-target-resource-column::antigravity ran successfully in 35ms
2025-11-28T17:47:32.204+07:00  INFO 7304 --- [ldop] [           main] liquibase.util                           : UPDATE SUMMARY
2025-11-28T17:47:32.205+07:00  INFO 7304 --- [ldop] [           main] liquibase.util                           : Run:                          4
2025-11-28T17:47:32.205+07:00  INFO 7304 --- [ldop] [           main] liquibase.util                           : Previously run:               0
2025-11-28T17:47:32.206+07:00  INFO 7304 --- [ldop] [           main] liquibase.util                           : Filtered out:                 1
2025-11-28T17:47:32.207+07:00  INFO 7304 --- [ldop] [           main] liquibase.util                           : -------------------------------
2025-11-28T17:47:32.208+07:00  INFO 7304 --- [ldop] [           main] liquibase.util                           : Total change sets:            5
2025-11-28T17:47:32.208+07:00  INFO 7304 --- [ldop] [           main] liquibase.util                           : FILTERED CHANGE SETS SUMMARY
2025-11-28T17:47:32.209+07:00  INFO 7304 --- [ldop] [           main] liquibase.util                           : DBMS mismatch:                1
2025-11-28T17:47:32.215+07:00  INFO 7304 --- [ldop] [           main] liquibase.util                           : Update summary generated
2025-11-28T17:47:32.228+07:00  INFO 7304 --- [ldop] [           main] liquibase.command                        : Update command completed successfully.
2025-11-28T17:47:32.229+07:00  INFO 7304 --- [ldop] [           main] liquibase.ui                             : Liquibase: Update has been successful. Rows affected: 4
2025-11-28T17:47:32.237+07:00  INFO 7304 --- [ldop] [           main] liquibase.lockservice                    : Successfully released change log lock
2025-11-28T17:47:32.241+07:00  INFO 7304 --- [ldop] [           main] liquibase.command                        : Command execution complete
2025-11-28T17:47:34.635+07:00  INFO 7304 --- [ldop] [           main] o.hibernate.jpa.internal.util.LogHelper  : HHH000204: Processing PersistenceUnitInfo [name: default]
2025-11-28T17:47:34.866+07:00  INFO 7304 --- [ldop] [           main] org.hibernate.Version                    : HHH000412: Hibernate ORM core version 6.6.33.Final
2025-11-28T17:47:34.993+07:00  INFO 7304 --- [ldop] [           main] o.h.c.internal.RegionFactoryInitiator    : HHH000026: Second-level cache disabled
2025-11-28T17:47:35.877+07:00  INFO 7304 --- [ldop] [           main] o.s.o.j.p.SpringPersistenceUnitInfo      : No LoadTimeWeaver setup: ignoring JPA class transformer
2025-11-28T17:47:35.996+07:00  WARN 7304 --- [ldop] [           main] org.hibernate.orm.deprecation            : HHH90000025: H2Dialect does not need to be specified explicitly using 'hibernate.dialect' (remove the property setting and it will be selected by default)
2025-11-28T17:47:36.029+07:00  INFO 7304 --- [ldop] [           main] org.hibernate.orm.connections.pooling    : HHH10001005: Database info:
	Database JDBC URL [Connecting through datasource 'HikariDataSource (HikariPool-1)']
	Database driver: undefined/unknown
	Database version: 2.3.232
	Autocommit mode: undefined/unknown
	Isolation level: undefined/unknown
	Minimum pool size: undefined/unknown
	Maximum pool size: undefined/unknown
2025-11-28T17:47:38.356+07:00  INFO 7304 --- [ldop] [           main] o.h.e.t.j.p.i.JtaPlatformInitiator       : HHH000489: No JTA platform available (set 'hibernate.transaction.jta.platform' to enable JTA platform integration)
Hibernate: 
    drop table if exists connectors cascade 
Hibernate: 
    drop table if exists data_endpoints cascade 
Hibernate: 
    create table connectors (
        is_active boolean,
        created_at timestamp(6),
        id uuid not null,
        name varchar(255) not null,
        tenant_id varchar(255) not null,
        type varchar(255) not null,
        config jsonb not null,
        registered_tables jsonb,
        status enum ('APPROVED','INIT','REJECTED') not null,
        primary key (id)
    )
Hibernate: 
    create table data_endpoints (
        is_public boolean,
        created_at timestamp(6),
        connector_id uuid not null,
        id uuid not null,
        allowed_methods varchar(255),
        description varchar(255),
        field_config text,
        name varchar(255) not null,
        path_alias varchar(255) not null unique,
        query_config jsonb,
        status varchar(255),
        tenant_id varchar(255) not null,
        primary key (id)
    )
Hibernate: 
    alter table if exists data_endpoints 
       add constraint FKpc4b037fvc9dno3j6th1t37eo 
       foreign key (connector_id) 
       references connectors
2025-11-28T17:47:38.430+07:00  INFO 7304 --- [ldop] [           main] j.LocalContainerEntityManagerFactoryBean : Initialized JPA EntityManagerFactory for persistence unit 'default'
2025-11-28T17:47:40.401+07:00  WARN 7304 --- [ldop] [           main] JpaBaseConfiguration$JpaWebConfiguration : spring.jpa.open-in-view is enabled by default. Therefore, database queries may be performed during view rendering. Explicitly configure spring.jpa.open-in-view to disable this warning
2025-11-28T17:47:42.023+07:00  INFO 7304 --- [ldop] [           main] o.s.b.t.m.w.SpringBootMockServletContext : Initializing Spring TestDispatcherServlet ''
2025-11-28T17:47:42.025+07:00  INFO 7304 --- [ldop] [           main] o.s.t.web.servlet.TestDispatcherServlet  : Initializing Servlet ''
2025-11-28T17:47:42.028+07:00  INFO 7304 --- [ldop] [           main] o.s.t.web.servlet.TestDispatcherServlet  : Completed initialization in 2 ms
2025-11-28T17:47:42.124+07:00  INFO 7304 --- [ldop] [           main] c.e.l.c.ConnectorControllerTest          : Started ConnectorControllerTest in 16.123 seconds (process running for 18.077)
mvn : Mockito is currently 
self-attaching to enable the 
inline-mock-maker. This will no 
longer work in future releases of 
the JDK. Please add Mockito as an 
agent to your build as described in 
Mockito's documentation: https://java
doc.io/doc/org.mockito/mockito-core/l
atest/org.mockito/org/mockito/Mockito
.html#0.3
At line:1 char:1
+ mvn test 2>&1 | Tee-Object 
test-results.txt
+ ~~~~~~~~~~~~~
    + CategoryInfo          : NotSpe 
   cified: (Mockito is curr...ockit  
  o.html#0.3:String) [], RemoteExc   
 eption
    + FullyQualifiedErrorId : Native 
   CommandError
 
WARNING: A Java agent has been 
loaded dynamically (C:\Users\TungNS\.
m2\repository\net\bytebuddy\byte-budd
y-agent\1.17.8\byte-buddy-agent-1.17.
8.jar)
WARNING: If a serviceability tool is 
in use, please run with 
-XX:+EnableDynamicAgentLoading to 
hide this warning
WARNING: If a serviceability tool is 
not in use, please run with 
-Djdk.instrument.traceUsage for more 
information
WARNING: Dynamic loading of agents 
will be disallowed by default in a 
future release
Java HotSpot(TM) 64-Bit Server VM 
warning: Sharing is only supported 
for boot loader classes because 
bootstrap classpath has been appended
Hibernate: 
    select
        c1_0.id,
        c1_0.config,
        c1_0.created_at,
        c1_0.is_active,
        c1_0.name,
        c1_0.registered_tables,
        c1_0.status,
        c1_0.tenant_id,
        c1_0.type 
    from
        connectors c1_0
Hibernate: 
    insert 
    into
        connectors
        (config, created_at, is_active, name, registered_tables, status, tenant_id, type, id) 
    values
        (?, ?, ?, ?, ?, ?, ?, ?, ?)
Hibernate: 
    insert 
    into
        connectors
        (config, created_at, is_active, name, registered_tables, status, tenant_id, type, id) 
    values
        (?, ?, ?, ?, ?, ?, ?, ?, ?)
Hibernate: 
    select
        c1_0.id,
        c1_0.config,
        c1_0.created_at,
        c1_0.is_active,
        c1_0.name,
        c1_0.registered_tables,
        c1_0.status,
        c1_0.tenant_id,
        c1_0.type 
    from
        connectors c1_0 
    where
        c1_0.tenant_id=?
Hibernate: 
    select
        c1_0.id,
        c1_0.config,
        c1_0.created_at,
        c1_0.is_active,
        c1_0.name,
        c1_0.registered_tables,
        c1_0.status,
        c1_0.tenant_id,
        c1_0.type 
    from
        connectors c1_0 
    where
        c1_0.tenant_id=?
Hibernate: 
    select
        c1_0.id,
        c1_0.config,
        c1_0.created_at,
        c1_0.is_active,
        c1_0.name,
        c1_0.registered_tables,
        c1_0.status,
        c1_0.tenant_id,
        c1_0.type 
    from
        connectors c1_0
Hibernate: 
    delete 
    from
        connectors 
    where
        id=?
Hibernate: 
    delete 
    from
        connectors 
    where
        id=?
Hibernate: 
    insert 
    into
        connectors
        (config, created_at, is_active, name, registered_tables, status, tenant_id, type, id) 
    values
        (?, ?, ?, ?, ?, ?, ?, ?, ?)
Hibernate: 
    select
        c1_0.id,
        c1_0.config,
        c1_0.created_at,
        c1_0.is_active,
        c1_0.name,
        c1_0.registered_tables,
        c1_0.status,
        c1_0.tenant_id,
        c1_0.type 
    from
        connectors c1_0
Hibernate: 
    delete 
    from
        connectors 
    where
        id=?
Hibernate: 
    insert 
    into
        connectors
        (config, created_at, is_active, name, registered_tables, status, tenant_id, type, id) 
    values
        (?, ?, ?, ?, ?, ?, ?, ?, ?)
Hibernate: 
    update
        connectors 
    set
        config=?,
        is_active=?,
        name=?,
        registered_tables=?,
        status=?,
        tenant_id=?,
        type=? 
    where
        id=?
Hibernate: 
    select
        c1_0.id,
        c1_0.config,
        c1_0.created_at,
        c1_0.is_active,
        c1_0.name,
        c1_0.registered_tables,
        c1_0.status,
        c1_0.tenant_id,
        c1_0.type 
    from
        connectors c1_0
Hibernate: 
    update
        connectors 
    set
        config=?,
        is_active=?,
        name=?,
        registered_tables=?,
        status=?,
        tenant_id=?,
        type=? 
    where
        id=?
Hibernate: 
    delete 
    from
        connectors 
    where
        id=?
Hibernate: 
    select
        c1_0.id,
        c1_0.config,
        c1_0.created_at,
        c1_0.is_active,
        c1_0.name,
        c1_0.registered_tables,
        c1_0.status,
        c1_0.tenant_id,
        c1_0.type 
    from
        connectors c1_0
Hibernate: 
    insert 
    into
        connectors
        (config, created_at, is_active, name, registered_tables, status, tenant_id, type, id) 
    values
        (?, ?, ?, ?, ?, ?, ?, ?, ?)
Hibernate: 
    select
        c1_0.id,
        c1_0.config,
        c1_0.created_at,
        c1_0.is_active,
        c1_0.name,
        c1_0.registered_tables,
        c1_0.status,
        c1_0.tenant_id,
        c1_0.type 
    from
        connectors c1_0 
    where
        c1_0.id=? 
        and c1_0.tenant_id=?
Hibernate: 
    update
        connectors 
    set
        config=?,
        is_active=?,
        name=?,
        registered_tables=?,
        status=?,
        tenant_id=?,
        type=? 
    where
        id=?
Hibernate: 
    select
        c1_0.id,
        c1_0.config,
        c1_0.created_at,
        c1_0.is_active,
        c1_0.name,
        c1_0.registered_tables,
        c1_0.status,
        c1_0.tenant_id,
        c1_0.type 
    from
        connectors c1_0
Hibernate: 
    update
        connectors 
    set
        config=?,
        is_active=?,
        name=?,
        registered_tables=?,
        status=?,
        tenant_id=?,
        type=? 
    where
        id=?
Hibernate: 
    delete 
    from
        connectors 
    where
        id=?
Hibernate: 
    insert 
    into
        connectors
        (config, created_at, is_active, name, registered_tables, status, tenant_id, type, id) 
    values
        (?, ?, ?, ?, ?, ?, ?, ?, ?)
Hibernate: 
    select
        c1_0.id,
        c1_0.config,
        c1_0.created_at,
        c1_0.is_active,
        c1_0.name,
        c1_0.registered_tables,
        c1_0.status,
        c1_0.tenant_id,
        c1_0.type 
    from
        connectors c1_0 
    where
        c1_0.id=? 
        and c1_0.tenant_id=?
Hibernate: 
    update
        connectors 
    set
        config=?,
        is_active=?,
        name=?,
        registered_tables=?,
        status=?,
        tenant_id=?,
        type=? 
    where
        id=?
[INFO] Tests run: 6, Failures: 0, Errors: 0, Skipped: 0, Time elapsed: 19.54 s -- in com.example.ldop.controller.ConnectorControllerTest
[INFO] Running com.example.ldop.dto.MetadataSerializationTest
[INFO] Tests run: 1, Failures: 0, Errors: 0, Skipped: 0, Time elapsed: 0.152 s -- in com.example.ldop.dto.MetadataSerializationTest
[INFO] Running IDOR Protection Tests
SECURITY: Invalid UUID format 
detected for Resource: 1
SECURITY: Invalid UUID format 
detected for Resource: 2
SECURITY: Invalid UUID format 
detected for Resource: 100
SECURITY: Invalid UUID format 
detected for Resource: not-a-uuid
SECURITY: Invalid UUID format 
detected for Resource: 12345
SECURITY: IDOR attempt detected! 
Tenant test-tenant tried to access 
Connector belonging to tenant 
other-tenant
SECURITY: IDOR attempt detected! 
Tenant test-tenant tried to access 
Connector belonging to tenant 
other-tenant
SECURITY: IDOR attempt detected! 
Tenant test-tenant tried to access 
Resource belonging to tenant 
other-tenant
SECURITY: IDOR attempt detected! 
Tenant test-tenant tried to access 
Data Endpoint belonging to tenant 
other-tenant
[INFO] Tests run: 14, Failures: 0, Errors: 0, Skipped: 0, Time elapsed: 0.107 s -- in IDOR Protection Tests
[INFO] Running SQL Injection Protection Tests
[ERROR] Tests run: 15, Failures: 3, Errors: 0, Skipped: 0, Time elapsed: 0.137 s <<< FAILURE! -- in SQL Injection Protection Tests
[ERROR] com.example.ldop.security.QueryValidatorTest.testUserInputValidation -- Time elapsed: 0.026 s <<< FAILURE!
org.opentest4j.AssertionFailedError: Expected java.lang.IllegalArgumentException to be thrown, but nothing was thrown.
	at org.junit.jupiter.api.AssertionFailureBuilder.build(AssertionFailureBuilder.java:152)
	at org.junit.jupiter.api.AssertThrows.assertThrows(AssertThrows.java:73)
	at org.junit.jupiter.api.AssertThrows.assertThrows(AssertThrows.java:35)
	at org.junit.jupiter.api.Assertions.assertThrows(Assertions.java:3128)
	at com.example.ldop.security.QueryValidatorTest.testUserInputValidation(QueryValidatorTest.java:155)
	at java.base/java.lang.reflect.Method.invoke(Method.java:580)
	at java.base/java.util.ArrayList.forEach(ArrayList.java:1596)
	at java.base/java.util.ArrayList.forEach(ArrayList.java:1596)

[ERROR] com.example.ldop.security.QueryValidatorTest.testComplexInjectionAttempts -- Time elapsed: 0.013 s <<< FAILURE!
org.opentest4j.AssertionFailedError: expected: <true> but was: <false>
	at org.junit.jupiter.api.AssertionFailureBuilder.build(AssertionFailureBuilder.java:151)
	at org.junit.jupiter.api.AssertionFailureBuilder.buildAndThrow(AssertionFailureBuilder.java:132)
	at org.junit.jupiter.api.AssertTrue.failNotTrue(AssertTrue.java:63)
	at org.junit.jupiter.api.AssertTrue.assertTrue(AssertTrue.java:36)
	at org.junit.jupiter.api.AssertTrue.assertTrue(AssertTrue.java:31)
	at org.junit.jupiter.api.Assertions.assertTrue(Assertions.java:183)
	at com.example.ldop.security.QueryValidatorTest.testComplexInjectionAttempts(QueryValidatorTest.java:184)
	at java.base/java.lang.reflect.Method.invoke(Method.java:580)
	at java.base/java.util.ArrayList.forEach(ArrayList.java:1596)
	at java.base/java.util.ArrayList.forEach(ArrayList.java:1596)

[ERROR] com.example.ldop.security.QueryValidatorTest.testSqlInjectionPatternDetection -- Time elapsed: 0.007 s <<< FAILURE!
org.opentest4j.AssertionFailedError: expected: <true> but was: <false>
	at org.junit.jupiter.api.AssertionFailureBuilder.build(AssertionFailureBuilder.java:151)
	at org.junit.jupiter.api.AssertionFailureBuilder.buildAndThrow(AssertionFailureBuilder.java:132)
	at org.junit.jupiter.api.AssertTrue.failNotTrue(AssertTrue.java:63)
	at org.junit.jupiter.api.AssertTrue.assertTrue(AssertTrue.java:36)
	at org.junit.jupiter.api.AssertTrue.assertTrue(AssertTrue.java:31)
	at org.junit.jupiter.api.Assertions.assertTrue(Assertions.java:183)
	at com.example.ldop.security.QueryValidatorTest.testSqlInjectionPatternDetection(QueryValidatorTest.java:82)
	at java.base/java.lang.reflect.Method.invoke(Method.java:580)
	at java.base/java.util.ArrayList.forEach(ArrayList.java:1596)
	at java.base/java.util.ArrayList.forEach(ArrayList.java:1596)

[INFO] Running com.example.ldop.service.ConnectorServiceIntegrationTest
2025-11-28T17:47:45.192+07:00  INFO 7304 --- [ldop] [           main] t.c.s.AnnotationConfigContextLoaderUtils : Could not detect default configuration classes for test class [com.example.ldop.service.ConnectorServiceIntegrationTest]: ConnectorServiceIntegrationTest does not declare any static, non-private, non-final, nested classes annotated with @Configuration.
2025-11-28T17:47:45.234+07:00  INFO 7304 --- [ldop] [           main] .b.t.c.SpringBootTestContextBootstrapper : Found @SpringBootConfiguration com.example.ldop.LdopApplication for test class com.example.ldop.service.ConnectorServiceIntegrationTest

  .   ____          _            __ _ _
 /\\ / ___'_ __ _ _(_)_ __  __ _ \ \ \ \
( ( )\___ | '_ | '_| | '_ \/ _` | \ \ \ \
 \\/  ___)| |_)| | | | | || (_| |  ) ) ) )
  '  |____| .__|_| |_|_| |_\__, | / / / /
 =========|_|==============|___/=/_/_/_/

 :: Spring Boot ::                (v3.5.7)

2025-11-28T17:47:45.334+07:00  INFO 7304 --- [ldop] [           main] c.e.l.s.ConnectorServiceIntegrationTest  : Starting ConnectorServiceIntegrationTest using Java 21.0.7 with PID 7304 (started by TungNS in D:\projects\ldop-demo\backend)
2025-11-28T17:47:45.334+07:00  INFO 7304 --- [ldop] [           main] c.e.l.s.ConnectorServiceIntegrationTest  : The following 1 profile is active: "default"
2025-11-28T17:47:46.139+07:00  INFO 7304 --- [ldop] [           main] .s.d.r.c.RepositoryConfigurationDelegate : Bootstrapping Spring Data JPA repositories in DEFAULT mode.
2025-11-28T17:47:46.214+07:00  INFO 7304 --- [ldop] [           main] .s.d.r.c.RepositoryConfigurationDelegate : Finished Spring Data repository scanning in 69 ms. Found 2 JPA repository interfaces.
2025-11-28T17:47:46.910+07:00  INFO 7304 --- [ldop] [           main] com.zaxxer.hikari.HikariDataSource       : HikariPool-2 - Starting...
2025-11-28T17:47:47.281+07:00  INFO 7304 --- [ldop] [           main] com.zaxxer.hikari.pool.HikariPool        : HikariPool-2 - Added connection org.postgresql.jdbc.PgConnection@67d44ae9
2025-11-28T17:47:47.283+07:00  INFO 7304 --- [ldop] [           main] com.zaxxer.hikari.HikariDataSource       : HikariPool-2 - Start completed.
2025-11-28T17:47:47.351+07:00  INFO 7304 --- [ldop] [           main] liquibase.database                       : Set default schema name to public
2025-11-28T17:47:47.461+07:00  INFO 7304 --- [ldop] [           main] liquibase.changelog                      : Reading from public.databasechangelog
2025-11-28T17:47:47.552+07:00  INFO 7304 --- [ldop] [           main] liquibase.ui                             : Database is up to date, no changesets to execute
2025-11-28T17:47:47.558+07:00  INFO 7304 --- [ldop] [           main] liquibase.changelog                      : Reading from public.databasechangelog
2025-11-28T17:47:47.574+07:00  INFO 7304 --- [ldop] [           main] liquibase.util                           : UPDATE SUMMARY
2025-11-28T17:47:47.574+07:00  INFO 7304 --- [ldop] [           main] liquibase.util                           : Run:                          0
2025-11-28T17:47:47.574+07:00  INFO 7304 --- [ldop] [           main] liquibase.util                           : Previously run:               5
2025-11-28T17:47:47.574+07:00  INFO 7304 --- [ldop] [           main] liquibase.util                           : Filtered out:                 0
2025-11-28T17:47:47.574+07:00  INFO 7304 --- [ldop] [           main] liquibase.util                           : -------------------------------
2025-11-28T17:47:47.574+07:00  INFO 7304 --- [ldop] [           main] liquibase.util                           : Total change sets:            5
2025-11-28T17:47:47.574+07:00  INFO 7304 --- [ldop] [           main] liquibase.util                           : Update summary generated
2025-11-28T17:47:47.576+07:00  INFO 7304 --- [ldop] [           main] liquibase.command                        : Command execution complete
2025-11-28T17:47:47.623+07:00  INFO 7304 --- [ldop] [           main] o.hibernate.jpa.internal.util.LogHelper  : HHH000204: Processing PersistenceUnitInfo [name: default]
2025-11-28T17:47:47.634+07:00  INFO 7304 --- [ldop] [           main] o.h.c.internal.RegionFactoryInitiator    : HHH000026: Second-level cache disabled
2025-11-28T17:47:47.667+07:00  INFO 7304 --- [ldop] [           main] o.s.o.j.p.SpringPersistenceUnitInfo      : No LoadTimeWeaver setup: ignoring JPA class transformer
2025-11-28T17:47:47.687+07:00  WARN 7304 --- [ldop] [           main] org.hibernate.orm.deprecation            : HHH90000025: PostgreSQLDialect does not need to be specified explicitly using 'hibernate.dialect' (remove the property setting and it will be selected by default)
2025-11-28T17:47:47.702+07:00  INFO 7304 --- [ldop] [           main] org.hibernate.orm.connections.pooling    : HHH10001005: Database info:
	Database JDBC URL [Connecting through datasource 'HikariDataSource (HikariPool-2)']
	Database driver: undefined/unknown
	Database version: 16.10
	Autocommit mode: undefined/unknown
	Isolation level: undefined/unknown
	Minimum pool size: undefined/unknown
	Maximum pool size: undefined/unknown
2025-11-28T17:47:47.901+07:00  INFO 7304 --- [ldop] [           main] o.h.e.t.j.p.i.JtaPlatformInitiator       : HHH000489: No JTA platform available (set 'hibernate.transaction.jta.platform' to enable JTA platform integration)
2025-11-28T17:47:47.960+07:00  INFO 7304 --- [ldop] [           main] j.LocalContainerEntityManagerFactoryBean : Initialized JPA EntityManagerFactory for persistence unit 'default'
2025-11-28T17:47:48.219+07:00  WARN 7304 --- [ldop] [           main] JpaBaseConfiguration$JpaWebConfiguration : spring.jpa.open-in-view is enabled by default. Therefore, database queries may be performed during view rendering. Explicitly configure spring.jpa.open-in-view to disable this warning
2025-11-28T17:47:48.524+07:00  INFO 7304 --- [ldop] [           main] c.e.l.s.ConnectorServiceIntegrationTest  : Started ConnectorServiceIntegrationTest in 3.276 seconds (process running for 24.478)
2025-11-28T17:47:48.554+07:00  INFO 7304 --- [ldop] [           main] com.zaxxer.hikari.HikariDataSource       : HikariPool-Temp Connection - Starting...
2025-11-28T17:47:48.590+07:00  INFO 7304 --- [ldop] [           main] com.zaxxer.hikari.pool.HikariPool        : HikariPool-Temp Connection - Added connection org.postgresql.jdbc.PgConnection@551566a
2025-11-28T17:47:48.591+07:00  INFO 7304 --- [ldop] [           main] com.zaxxer.hikari.HikariDataSource       : HikariPool-Temp Connection - Start completed.
2025-11-28T17:47:49.152+07:00  INFO 7304 --- [ldop] [           main] com.zaxxer.hikari.HikariDataSource       : HikariPool-Temp Connection - Shutdown initiated...
2025-11-28T17:47:49.217+07:00  INFO 7304 --- [ldop] [           main] com.zaxxer.hikari.HikariDataSource       : HikariPool-Temp Connection - Shutdown completed.
Found 4 tables:
  - connectors (9 columns)
    * id: uuid
    * name: character varying
    * type: character varying
    * config: jsonb
    * registered_tables: jsonb
    * is_active: boolean
    * tenant_id: character varying
    * status: character varying
    * created_at: timestamp without time zone
  - data_endpoints (12 columns)
    * id: uuid
    * connector_id: uuid
    * path_alias: character varying
    * allowed_methods: character varying
    * name: character varying
    * is_public: boolean
    * field_config: text
    * description: text
    * tenant_id: character varying
    * status: character varying
    * created_at: timestamp without time zone
    * query_config: jsonb
  - databasechangelog (14 columns)
    * id: character varying
    * author: character varying
    * filename: character varying
    * dateexecuted: timestamp without time zone
    * orderexecuted: integer
    * exectype: character varying
    * md5sum: character varying
    * description: character varying
    * comments: character varying
    * tag: character varying
    * liquibase: character varying
    * contexts: character varying
    * labels: character varying
    * deployment_id: character varying
  - databasechangeloglock (4 columns)
    * id: integer
    * locked: boolean
    * lockgranted: timestamp without time zone
    * lockedby: character varying
2025-11-28T17:47:49.392+07:00  INFO 7304 --- [ldop] [           main] com.zaxxer.hikari.HikariDataSource       : HikariPool-Temp Connection - Starting...
2025-11-28T17:47:49.440+07:00  INFO 7304 --- [ldop] [           main] com.zaxxer.hikari.pool.HikariPool        : HikariPool-Temp Connection - Added connection org.postgresql.jdbc.PgConnection@683d4662
2025-11-28T17:47:49.441+07:00  INFO 7304 --- [ldop] [           main] com.zaxxer.hikari.HikariDataSource       : HikariPool-Temp Connection - Start completed.
2025-11-28T17:47:49.587+07:00  INFO 7304 --- [ldop] [           main] com.zaxxer.hikari.HikariDataSource       : HikariPool-Temp Connection - Shutdown initiated...
2025-11-28T17:47:49.682+07:00  INFO 7304 --- [ldop] [           main] com.zaxxer.hikari.HikariDataSource       : HikariPool-Temp Connection - Shutdown completed.
2025-11-28T17:47:49.706+07:00  INFO 7304 --- [ldop] [           main] com.zaxxer.hikari.HikariDataSource       : HikariPool-Temp Connection - Starting...
[INFO] Tests run: 3, Failures: 0, Errors: 0, Skipped: 0, Time elapsed: 5.557 s -- in com.example.ldop.service.ConnectorServiceIntegrationTest
[INFO] Running com.example.ldop.service.DynamicEngineTest
2025-11-28T17:47:50.757+07:00  INFO 7304 --- [ldop] [           main] t.c.s.AnnotationConfigContextLoaderUtils : Could not detect default configuration classes for test class [com.example.ldop.service.DynamicEngineTest]: DynamicEngineTest does not declare any static, non-private, non-final, nested classes annotated with @Configuration.
2025-11-28T17:47:50.766+07:00  INFO 7304 --- [ldop] [           main] .b.t.c.SpringBootTestContextBootstrapper : Found @SpringBootConfiguration com.example.ldop.LdopApplication for test class com.example.ldop.service.DynamicEngineTest
Hibernate: 
    select
        de1_0.id,
        de1_0.allowed_methods,
        de1_0.connector_id,
        de1_0.created_at,
        de1_0.description,
        de1_0.field_config,
        de1_0.is_public,
        de1_0.name,
        de1_0.path_alias,
        de1_0.query_config,
        de1_0.status,
        de1_0.tenant_id 
    from
        data_endpoints de1_0
Hibernate: 
    select
        c1_0.id,
        c1_0.config,
        c1_0.created_at,
        c1_0.is_active,
        c1_0.name,
        c1_0.registered_tables,
        c1_0.status,
        c1_0.tenant_id,
        c1_0.type 
    from
        connectors c1_0
Hibernate: 
    delete 
    from
        connectors 
    where
        id=?
Hibernate: 
    insert 
    into
        connectors
        (config, created_at, is_active, name, registered_tables, status, tenant_id, type, id) 
    values
        (?, ?, ?, ?, ?, ?, ?, ?, ?)
Hibernate: 
    insert 
    into
        data_endpoints
        (allowed_methods, connector_id, created_at, description, field_config, is_public, name, path_alias, query_config, status, tenant_id, id) 
    values
        (?, ?, ?, ?, ?, ?, ?, ?, ?, ?, ?, ?)
Hibernate: 
    select
        de1_0.id,
        de1_0.allowed_methods,
        de1_0.connector_id,
        de1_0.created_at,
        de1_0.description,
        de1_0.field_config,
        de1_0.is_public,
        de1_0.name,
        de1_0.path_alias,
        de1_0.query_config,
        de1_0.status,
        de1_0.tenant_id 
    from
        data_endpoints de1_0 
    where
        de1_0.id=? 
        and de1_0.tenant_id=?
Hibernate: 
    select
        c1_0.id,
        c1_0.config,
        c1_0.created_at,
        c1_0.is_active,
        c1_0.name,
        c1_0.registered_tables,
        c1_0.status,
        c1_0.tenant_id,
        c1_0.type 
    from
        connectors c1_0 
    where
        c1_0.id=?
2025-11-28T17:47:50.902+07:00  INFO 7304 --- [ldop] [           main] com.zaxxer.hikari.HikariDataSource       : HikariPool-Self H2 - Starting...
2025-11-28T17:47:50.906+07:00  INFO 7304 --- [ldop] [           main] com.zaxxer.hikari.pool.HikariPool        : HikariPool-Self H2 - Added connection conn10: url=jdbc:h2:mem:ldop_test user=SA
2025-11-28T17:47:50.906+07:00  INFO 7304 --- [ldop] [           main] com.zaxxer.hikari.HikariDataSource       : HikariPool-Self H2 - Start completed.

MockHttpServletRequest:
      HTTP Method = GET
      Request URI = /api/v1/data/1b4c1fe2-8f4b-4957-b4f2-94c905463113
       Parameters = {}
          Headers = [X-Tenant-ID:"tenant-1"]
             Body = null
    Session Attrs = {}

Handler:
             Type = com.example.ldop.controller.DynamicDataController
           Method = com.example.ldop.controller.DynamicDataController#queryDynamicData(UUID, int, int)

Async:
    Async started = false
     Async result = null

Resolved Exception:
             Type = null

ModelAndView:
        View name = null
             View = null
            Model = null

FlashMap:
       Attributes = null

MockHttpServletResponse:
           Status = 400
    Error message = null
          Headers = [Vary:"Origin", "Access-Control-Request-Method", "Access-Control-Request-Headers", Content-Type:"application/json"]
     Content type = application/json
             Body = {"error":"Failed to execute query for endpoint: 1b4c1fe2-8f4b-4957-b4f2-94c905463113"}
    Forwarded URL = null
   Redirected URL = null
          Cookies = []
Hibernate: 
    select
        de1_0.id,
        de1_0.allowed_methods,
        de1_0.connector_id,
        de1_0.created_at,
        de1_0.description,
        de1_0.field_config,
        de1_0.is_public,
        de1_0.name,
        de1_0.path_alias,
        de1_0.query_config,
        de1_0.status,
        de1_0.tenant_id 
    from
        data_endpoints de1_0
Hibernate: 
    delete 
    from
        data_endpoints 
    where
        id=?
Hibernate: 
    select
        c1_0.id,
        c1_0.config,
        c1_0.created_at,
        c1_0.is_active,
        c1_0.name,
        c1_0.registered_tables,
        c1_0.status,
        c1_0.tenant_id,
        c1_0.type 
    from
        connectors c1_0
Hibernate: 
    delete 
    from
        connectors 
    where
        id=?
Hibernate: 
    insert 
    into
        connectors
        (config, created_at, is_active, name, registered_tables, status, tenant_id, type, id) 
    values
        (?, ?, ?, ?, ?, ?, ?, ?, ?)
Hibernate: 
    insert 
    into
        data_endpoints
        (allowed_methods, connector_id, created_at, description, field_config, is_public, name, path_alias, query_config, status, tenant_id, id) 
    values
        (?, ?, ?, ?, ?, ?, ?, ?, ?, ?, ?, ?)
Hibernate: 
    select
        de1_0.id,
        de1_0.allowed_methods,
        de1_0.connector_id,
        de1_0.created_at,
        de1_0.description,
        de1_0.field_config,
        de1_0.is_public,
        de1_0.name,
        de1_0.path_alias,
        de1_0.query_config,
        de1_0.status,
        de1_0.tenant_id 
    from
        data_endpoints de1_0 
    where
        de1_0.id=? 
        and de1_0.tenant_id=?
Hibernate: 
    select
        c1_0.id,
        c1_0.config,
        c1_0.created_at,
        c1_0.is_active,
        c1_0.name,
        c1_0.registered_tables,
        c1_0.status,
        c1_0.tenant_id,
        c1_0.type 
    from
        connectors c1_0 
    where
        c1_0.id=?
2025-11-28T17:47:51.007+07:00  INFO 7304 --- [ldop] [           main] com.zaxxer.hikari.HikariDataSource       : HikariPool-Self H2 Masked - Starting...
2025-11-28T17:47:51.010+07:00  INFO 7304 --- [ldop] [           main] com.zaxxer.hikari.pool.HikariPool        : HikariPool-Self H2 Masked - Added connection conn11: url=jdbc:h2:mem:ldop_test user=SA
2025-11-28T17:47:51.010+07:00  INFO 7304 --- [ldop] [           main] com.zaxxer.hikari.HikariDataSource       : HikariPool-Self H2 Masked - Start completed.

MockHttpServletRequest:
      HTTP Method = GET
      Request URI = /api/v1/data/50674874-2563-49f7-b8e7-0f9d7050bdcd
       Parameters = {}
          Headers = [X-Tenant-ID:"tenant-1"]
             Body = null
    Session Attrs = {}

Handler:
             Type = com.example.ldop.controller.DynamicDataController
           Method = com.example.ldop.controller.DynamicDataController#queryDynamicData(UUID, int, int)

Async:
    Async started = false
     Async result = null

Resolved Exception:
             Type = null

ModelAndView:
        View name = null
             View = null
            Model = null

FlashMap:
       Attributes = null

MockHttpServletResponse:
           Status = 400
    Error message = null
          Headers = [Vary:"Origin", "Access-Control-Request-Method", "Access-Control-Request-Headers", Content-Type:"application/json"]
     Content type = application/json
             Body = {"error":"Failed to execute query for endpoint: 50674874-2563-49f7-b8e7-0f9d7050bdcd"}
    Forwarded URL = null
   Redirected URL = null
          Cookies = []
[ERROR] Tests run: 2, Failures: 2, Errors: 0, Skipped: 0, Time elapsed: 0.278 s <<< FAILURE! -- in com.example.ldop.service.DynamicEngineTest
[ERROR] com.example.ldop.service.DynamicEngineTest.queryDynamicData_ShouldSucceed -- Time elapsed: 0.178 s <<< FAILURE!
java.lang.AssertionError: Status expected:<200> but was:<400>
	at org.springframework.test.util.AssertionErrors.fail(AssertionErrors.java:61)
	at org.springframework.test.util.AssertionErrors.assertEquals(AssertionErrors.java:128)
	at org.springframework.test.web.servlet.result.StatusResultMatchers.lambda$matcher$9(StatusResultMatchers.java:640)
	at org.springframework.test.web.servlet.MockMvc$1.andExpect(MockMvc.java:214)
	at com.example.ldop.service.DynamicEngineTest.queryDynamicData_ShouldSucceed(DynamicEngineTest.java:78)
	at java.base/java.lang.reflect.Method.invoke(Method.java:580)
	at java.base/java.util.ArrayList.forEach(ArrayList.java:1596)
	at java.base/java.util.ArrayList.forEach(ArrayList.java:1596)

[ERROR] com.example.ldop.service.DynamicEngineTest.queryDynamicData_ShouldRespectFieldSecurityAndMasking -- Time elapsed: 0.070 s <<< FAILURE!
java.lang.AssertionError: Status expected:<200> but was:<400>
	at org.springframework.test.util.AssertionErrors.fail(AssertionErrors.java:61)
	at org.springframework.test.util.AssertionErrors.assertEquals(AssertionErrors.java:128)
	at org.springframework.test.web.servlet.result.StatusResultMatchers.lambda$matcher$9(StatusResultMatchers.java:640)
	at org.springframework.test.web.servlet.MockMvc$1.andExpect(MockMvc.java:214)
	at com.example.ldop.service.DynamicEngineTest.queryDynamicData_ShouldRespectFieldSecurityAndMasking(DynamicEngineTest.java:122)
	at java.base/java.lang.reflect.Method.invoke(Method.java:580)
	at java.base/java.util.ArrayList.forEach(ArrayList.java:1596)
	at java.base/java.util.ArrayList.forEach(ArrayList.java:1596)

[INFO] Running com.example.ldop.service.DynamicQueryServiceTest
[INFO] Tests run: 6, Failures: 0, Errors: 0, Skipped: 0, Time elapsed: 2.802 s -- in com.example.ldop.service.DynamicQueryServiceTest
[INFO] Running com.example.ldop.service.MetadataInferenceServiceTest
[INFO] Tests run: 27, Failures: 0, Errors: 0, Skipped: 0, Time elapsed: 0.334 s -- in com.example.ldop.service.MetadataInferenceServiceTest
[INFO] 
[INFO] Results:
[INFO] 
[ERROR] Failures: 
[ERROR]   QueryValidatorTest.testComplexInjectionAttempts:184 expected: <true> but was: <false>
[ERROR]   QueryValidatorTest.testSqlInjectionPatternDetection:82 expected: <true> but was: <false>
[ERROR]   QueryValidatorTest.testUserInputValidation:155 Expected java.lang.IllegalArgumentException to be thrown, but nothing was thrown.
[ERROR]   DynamicEngineTest.queryDynamicData_ShouldRespectFieldSecurityAndMasking:122 Status expected:<200> but was:<400>
[ERROR]   DynamicEngineTest.queryDynamicData_ShouldSucceed:78 Status expected:<200> but was:<400>
[INFO] 
[ERROR] Tests run: 74, Failures: 5, Errors: 0, Skipped: 0
[INFO] 
[INFO] ------------------------------------------------------------------------
[INFO] BUILD FAILURE
[INFO] ------------------------------------------------------------------------
[INFO] Total time:  33.398 s
[INFO] Finished at: 2025-11-28T17:47:54+07:00
[INFO] ------------------------------------------------------------------------
[ERROR] Failed to execute goal org.apache.maven.plugins:maven-surefire-plugin:3.5.4:test (default-test) on project ldop: There are test failures.
[ERROR] 
[ERROR] See D:\projects\ldop-demo\backend\target\surefire-reports for the individual test results.
[ERROR] See dump files (if any exist) [date].dump, [date]-jvmRun[N].dump and [date].dumpstream.
[ERROR] -> [Help 1]
[ERROR] 
[ERROR] To see the full stack trace of the errors, re-run Maven with the -e switch.
[ERROR] Re-run Maven using the -X switch to enable full debug logging.
[ERROR] 
[ERROR] For more information about the errors and possible solutions, please read the following articles:
[ERROR] [Help 1] http://cwiki.apache.org/confluence/display/MAVEN/MojoFailureException
