[INFO] Scanning for projects...
[INFO] 
[INFO] --------------------------< com.example:ldop >--------------------------
[INFO] Building ldop 0.0.1-SNAPSHOT
[INFO]   from pom.xml
[INFO] --------------------------------[ jar ]---------------------------------
[INFO] 
[INFO] --- resources:3.3.1:resources (default-resources) @ ldop ---
[INFO] Copying 1 resource from src\main\resources to target\classes
[INFO] Copying 0 resource from src\main\resources to target\classes
[INFO] 
[INFO] --- compiler:3.14.1:compile (default-compile) @ ldop ---
[INFO] Nothing to compile - all classes are up to date.
[INFO] 
[INFO] --- resources:3.3.1:testResources (default-testResources) @ ldop ---
[INFO] Copying 1 resource from src\test\resources to target\test-classes
[INFO] 
[INFO] --- compiler:3.14.1:testCompile (default-testCompile) @ ldop ---
[INFO] Recompiling the module because of changed source code.
[INFO] Compiling 3 source files with javac [debug parameters release 21] to target\test-classes
[INFO] Annotation processing is enabled because one or more processors were found
  on the class path. A future release of javac may disable annotation processing
  unless at least one processor is specified by name (-processor), or a search
  path is specified (--processor-path, --processor-module-path), or annotation
  processing is enabled explicitly (-proc:only, -proc:full).
  Use -Xlint:-options to suppress this message.
  Use -proc:none to disable annotation processing.
[INFO] Some messages have been simplified; recompile with -Xdiags:verbose to get full output
[INFO] -------------------------------------------------------------
[ERROR] COMPILATION ERROR : 
[INFO] -------------------------------------------------------------
[ERROR] /D:/projects/ldop-demo/backend/src/test/java/com/example/ldop/controller/ConnectorControllerTest.java:[42,25] incompatible types: java.lang.String cannot be converted to java.util.Map<java.lang.String,java.lang.Object>
[ERROR] /D:/projects/ldop-demo/backend/src/test/java/com/example/ldop/controller/ConnectorControllerTest.java:[62,25] incompatible types: java.lang.String cannot be converted to java.util.Map<java.lang.String,java.lang.Object>
[ERROR] /D:/projects/ldop-demo/backend/src/test/java/com/example/ldop/controller/ConnectorControllerTest.java:[82,25] incompatible types: java.lang.String cannot be converted to java.util.Map<java.lang.String,java.lang.Object>
[ERROR] /D:/projects/ldop-demo/backend/src/test/java/com/example/ldop/controller/ConnectorControllerTest.java:[92,25] incompatible types: java.lang.String cannot be converted to java.util.Map<java.lang.String,java.lang.Object>
[ERROR] /D:/projects/ldop-demo/backend/src/test/java/com/example/ldop/service/DynamicEngineTest.java:[52,25] incompatible types: java.lang.String cannot be converted to java.util.Map<java.lang.String,java.lang.Object>
[ERROR] /D:/projects/ldop-demo/backend/src/test/java/com/example/ldop/service/DynamicEngineTest.java:[87,25] incompatible types: java.lang.String cannot be converted to java.util.Map<java.lang.String,java.lang.Object>
[INFO] 6 errors 
[INFO] -------------------------------------------------------------
[INFO] ------------------------------------------------------------------------
[INFO] BUILD FAILURE
[INFO] ------------------------------------------------------------------------
[INFO] Total time:  35.824 s
[INFO] Finished at: 2025-11-24T18:06:34+07:00
[INFO] ------------------------------------------------------------------------
[ERROR] Failed to execute goal org.apache.maven.plugins:maven-compiler-plugin:3.14.1:testCompile (default-testCompile) on project ldop: Compilation failure: Compilation failure: 
[ERROR] /D:/projects/ldop-demo/backend/src/test/java/com/example/ldop/controller/ConnectorControllerTest.java:[42,25] incompatible types: java.lang.String cannot be converted to java.util.Map<java.lang.String,java.lang.Object>
[ERROR] /D:/projects/ldop-demo/backend/src/test/java/com/example/ldop/controller/ConnectorControllerTest.java:[62,25] incompatible types: java.lang.String cannot be converted to java.util.Map<java.lang.String,java.lang.Object>
[ERROR] /D:/projects/ldop-demo/backend/src/test/java/com/example/ldop/controller/ConnectorControllerTest.java:[82,25] incompatible types: java.lang.String cannot be converted to java.util.Map<java.lang.String,java.lang.Object>
[ERROR] /D:/projects/ldop-demo/backend/src/test/java/com/example/ldop/controller/ConnectorControllerTest.java:[92,25] incompatible types: java.lang.String cannot be converted to java.util.Map<java.lang.String,java.lang.Object>
[ERROR] /D:/projects/ldop-demo/backend/src/test/java/com/example/ldop/service/DynamicEngineTest.java:[52,25] incompatible types: java.lang.String cannot be converted to java.util.Map<java.lang.String,java.lang.Object>
[ERROR] /D:/projects/ldop-demo/backend/src/test/java/com/example/ldop/service/DynamicEngineTest.java:[87,25] incompatible types: java.lang.String cannot be converted to java.util.Map<java.lang.String,java.lang.Object>
[ERROR] -> [Help 1]
[ERROR] 
[ERROR] To see the full stack trace of the errors, re-run Maven with the -e switch.
[ERROR] Re-run Maven using the -X switch to enable full debug logging.
[ERROR] 
[ERROR] For more information about the errors and possible solutions, please read the following articles:
[ERROR] [Help 1] http://cwiki.apache.org/confluence/display/MAVEN/MojoFailureException
