[INFO] Scanning for projects...
[INFO] 
[INFO] --------------------------< com.example:ldop >--------------------------
[INFO] Building ldop 0.0.1-SNAPSHOT
[INFO]   from pom.xml
[INFO] --------------------------------[ jar ]---------------------------------
[INFO] 
[INFO] --- resources:3.3.1:resources (default-resources) @ ldop ---
[INFO] Copying 1 resource from src\main\resources to target\classes
[INFO] Copying 3 resources from src\main\resources to target\classes
[INFO] 
[INFO] --- compiler:3.14.1:compile (default-compile) @ ldop ---
[INFO] Nothing to compile - all classes are up to date.
[INFO] 
[INFO] --- resources:3.3.1:testResources (default-testResources) @ ldop ---
[INFO] Copying 1 resource from src\test\resources to target\test-classes
[INFO] 
[INFO] --- compiler:3.14.1:testCompile (default-testCompile) @ ldop ---
[INFO] Nothing to compile - all classes are up to date.
[INFO] 
[INFO] --- surefire:3.5.4:test (default-test) @ ldop ---
[INFO] Using auto detected provider org.apache.maven.surefire.junitplatform.JUnitPlatformProvider
[INFO] 
[INFO] -------------------------------------------------------
[INFO]  T E S T S
[INFO] -------------------------------------------------------
[INFO] Running com.example.ldop.controller.ConnectorControllerTest
00:24:30.299 [main] INFO org.springframework.test.context.support.AnnotationConfigContextLoaderUtils -- Could not detect default configuration classes for test class [com.example.ldop.controller.ConnectorControllerTest]: ConnectorControllerTest does not declare any static, non-private, non-final, nested classes annotated with @Configuration.
00:24:30.647 [main] INFO org.springframework.boot.test.context.SpringBootTestContextBootstrapper -- Found @SpringBootConfiguration com.example.ldop.LdopApplication for test class com.example.ldop.controller.ConnectorControllerTest

  .   ____          _            __ _ _
 /\\ / ___'_ __ _ _(_)_ __  __ _ \ \ \ \
( ( )\___ | '_ | '_| | '_ \/ _` | \ \ \ \
 \\/  ___)| |_)| | | | | || (_| |  ) ) ) )
  '  |____| .__|_| |_|_| |_\__, | / / / /
 =========|_|==============|___/=/_/_/_/

 :: Spring Boot ::                (v3.5.7)

2025-11-28T00:24:31.668+07:00  INFO 19572 --- [ldop] [           main] c.e.l.c.ConnectorControllerTest          : Starting ConnectorControllerTest using Java 21.0.7 with PID 19572 (started by TungNS in D:\projects\ldop-demo\backend)
2025-11-28T00:24:31.671+07:00  INFO 19572 --- [ldop] [           main] c.e.l.c.ConnectorControllerTest          : The following 1 profile is active: "test"
2025-11-28T00:24:33.628+07:00  INFO 19572 --- [ldop] [           main] .s.d.r.c.RepositoryConfigurationDelegate : Bootstrapping Spring Data JPA repositories in DEFAULT mode.
2025-11-28T00:24:33.767+07:00  INFO 19572 --- [ldop] [           main] .s.d.r.c.RepositoryConfigurationDelegate : Finished Spring Data repository scanning in 113 ms. Found 2 JPA repository interfaces.
2025-11-28T00:24:35.112+07:00  INFO 19572 --- [ldop] [           main] com.zaxxer.hikari.HikariDataSource       : HikariPool-1 - Starting...
2025-11-28T00:24:35.729+07:00  INFO 19572 --- [ldop] [           main] com.zaxxer.hikari.pool.HikariPool        : HikariPool-1 - Added connection conn0: url=jdbc:h2:mem:ldop_test user=SA
2025-11-28T00:24:35.733+07:00  INFO 19572 --- [ldop] [           main] com.zaxxer.hikari.HikariDataSource       : HikariPool-1 - Start completed.
2025-11-28T00:24:35.999+07:00  INFO 19572 --- [ldop] [           main] liquibase.database                       : Set default schema name to PUBLIC
2025-11-28T00:24:36.951+07:00  INFO 19572 --- [ldop] [           main] liquibase.changelog                      : Creating database history table with name: PUBLIC.DATABASECHANGELOG
2025-11-28T00:24:37.117+07:00  INFO 19572 --- [ldop] [           main] liquibase.changelog                      : Reading from PUBLIC.DATABASECHANGELOG
2025-11-28T00:24:37.148+07:00  INFO 19572 --- [ldop] [           main] liquibase.snapshot                       : Creating snapshot
2025-11-28T00:24:37.324+07:00  INFO 19572 --- [ldop] [           main] liquibase.lockservice                    : Successfully acquired change log lock
2025-11-28T00:24:37.326+07:00  INFO 19572 --- [ldop] [           main] liquibase.command                        : Using deploymentId: 4264275003
2025-11-28T00:24:37.332+07:00  INFO 19572 --- [ldop] [           main] liquibase.changelog                      : Reading from PUBLIC.DATABASECHANGELOG
2025-11-28T00:24:37.387+07:00  INFO 19572 --- [ldop] [           main] liquibase.ui                             : Running Changeset: db/changelog/changes/001-initial-schema.yaml::001-create-connectors-table::antigravity
2025-11-28T00:24:37.406+07:00  INFO 19572 --- [ldop] [           main] liquibase.changelog                      : Table connectors created
2025-11-28T00:24:37.412+07:00  INFO 19572 --- [ldop] [           main] liquibase.changelog                      : Index idx_connectors_tenant created
2025-11-28T00:24:37.412+07:00  INFO 19572 --- [ldop] [           main] liquibase.changelog                      : ChangeSet db/changelog/changes/001-initial-schema.yaml::001-create-connectors-table::antigravity ran successfully in 22ms
2025-11-28T00:24:37.436+07:00  INFO 19572 --- [ldop] [           main] liquibase.ui                             : Running Changeset: db/changelog/changes/001-initial-schema.yaml::001-create-data-endpoints-table::antigravity
2025-11-28T00:24:37.460+07:00  INFO 19572 --- [ldop] [           main] liquibase.changelog                      : Table data_endpoints created
2025-11-28T00:24:37.463+07:00  INFO 19572 --- [ldop] [           main] liquibase.changelog                      : Index idx_data_endpoints_tenant created
2025-11-28T00:24:37.464+07:00  INFO 19572 --- [ldop] [           main] liquibase.changelog                      : ChangeSet db/changelog/changes/001-initial-schema.yaml::001-create-data-endpoints-table::antigravity ran successfully in 27ms
2025-11-28T00:24:37.471+07:00  INFO 19572 --- [ldop] [           main] liquibase.ui                             : Running Changeset: db/changelog/changes/002-data-endpoint-redesign.yaml::002-add-query-config-column::antigravity
2025-11-28T00:24:37.518+07:00  INFO 19572 --- [ldop] [           main] liquibase.changelog                      : Columns query_config(JSONB) added to data_endpoints
2025-11-28T00:24:37.518+07:00  INFO 19572 --- [ldop] [           main] liquibase.changelog                      : ChangeSet db/changelog/changes/002-data-endpoint-redesign.yaml::002-add-query-config-column::antigravity ran successfully in 46ms
2025-11-28T00:24:37.529+07:00  INFO 19572 --- [ldop] [           main] liquibase.ui                             : Running Changeset: db/changelog/changes/002-data-endpoint-redesign.yaml::002-migrate-target-resource-data::antigravity
2025-11-28T00:24:37.573+07:00 ERROR 19572 --- [ldop] [           main] liquibase.changelog                      : ChangeSet db/changelog/changes/002-data-endpoint-redesign.yaml::002-migrate-target-resource-data::antigravity encountered an exception.

liquibase.exception.DatabaseException: Function "JSONB_BUILD_OBJECT" not found; SQL statement:
-- Case A: target_resource is a simple table name (no spaces)
UPDATE data_endpoints
SET query_config = jsonb_build_object(
    'mode', 'BUILDER',
    'rootTable', target_resource,
    'columns', '[]'::jsonb,
    'filters', '[]'::jsonb,
    'sort', '[]'::jsonb
)
WHERE target_resource NOT LIKE '% %' AND target_resource NOT ILIKE 'SELECT%' [90022-232] [Failed SQL: (90022) -- Case A: target_resource is a simple table name (no spaces)
UPDATE data_endpoints
SET query_config = jsonb_build_object(
    'mode', 'BUILDER',
    'rootTable', target_resource,
    'columns', '[]'::jsonb,
    'filters', '[]'::jsonb,
    'sort', '[]'::jsonb
)
WHERE target_resource NOT LIKE '% %' AND target_resource NOT ILIKE 'SELECT%']
	at liquibase.executor.jvm.JdbcExecutor$ExecuteStatementCallback.doInStatement(JdbcExecutor.java:497) ~[liquibase-core-4.31.1.jar:na]
	at liquibase.executor.jvm.JdbcExecutor.execute(JdbcExecutor.java:83) ~[liquibase-core-4.31.1.jar:na]
	at liquibase.executor.jvm.JdbcExecutor.execute(JdbcExecutor.java:185) ~[liquibase-core-4.31.1.jar:na]
	at liquibase.executor.AbstractExecutor.execute(AbstractExecutor.java:141) ~[liquibase-core-4.31.1.jar:na]
	at liquibase.database.AbstractJdbcDatabase.executeStatements(AbstractJdbcDatabase.java:1189) ~[liquibase-core-4.31.1.jar:na]
	at liquibase.changelog.ChangeSet.execute(ChangeSet.java:790) ~[liquibase-core-4.31.1.jar:na]
	at liquibase.changelog.visitor.UpdateVisitor.executeAcceptedChange(UpdateVisitor.java:126) ~[liquibase-core-4.31.1.jar:na]
	at liquibase.changelog.visitor.UpdateVisitor.visit(UpdateVisitor.java:70) ~[liquibase-core-4.31.1.jar:na]
	at liquibase.changelog.ChangeLogIterator.lambda$run$0(ChangeLogIterator.java:133) ~[liquibase-core-4.31.1.jar:na]
	at liquibase.Scope.lambda$child$0(Scope.java:201) ~[liquibase-core-4.31.1.jar:na]
	at liquibase.Scope.child(Scope.java:210) ~[liquibase-core-4.31.1.jar:na]
	at liquibase.Scope.child(Scope.java:200) ~[liquibase-core-4.31.1.jar:na]
	at liquibase.Scope.child(Scope.java:179) ~[liquibase-core-4.31.1.jar:na]
	at liquibase.changelog.ChangeLogIterator.lambda$run$1(ChangeLogIterator.java:122) ~[liquibase-core-4.31.1.jar:na]
	at liquibase.Scope.lambda$child$0(Scope.java:201) ~[liquibase-core-4.31.1.jar:na]
	at liquibase.Scope.child(Scope.java:210) ~[liquibase-core-4.31.1.jar:na]
	at liquibase.Scope.child(Scope.java:200) ~[liquibase-core-4.31.1.jar:na]
	at liquibase.Scope.child(Scope.java:179) ~[liquibase-core-4.31.1.jar:na]
	at liquibase.Scope.child(Scope.java:267) ~[liquibase-core-4.31.1.jar:na]
	at liquibase.Scope.child(Scope.java:271) ~[liquibase-core-4.31.1.jar:na]
	at liquibase.changelog.ChangeLogIterator.run(ChangeLogIterator.java:91) ~[liquibase-core-4.31.1.jar:na]
	at liquibase.command.core.AbstractUpdateCommandStep.lambda$run$0(AbstractUpdateCommandStep.java:114) ~[liquibase-core-4.31.1.jar:na]
	at liquibase.Scope.lambda$child$0(Scope.java:201) ~[liquibase-core-4.31.1.jar:na]
	at liquibase.Scope.child(Scope.java:210) ~[liquibase-core-4.31.1.jar:na]
	at liquibase.Scope.child(Scope.java:200) ~[liquibase-core-4.31.1.jar:na]
	at liquibase.Scope.child(Scope.java:179) ~[liquibase-core-4.31.1.jar:na]
	at liquibase.command.core.AbstractUpdateCommandStep.run(AbstractUpdateCommandStep.java:112) ~[liquibase-core-4.31.1.jar:na]
	at liquibase.command.core.UpdateCommandStep.run(UpdateCommandStep.java:100) ~[liquibase-core-4.31.1.jar:na]
	at liquibase.command.CommandScope.lambda$execute$6(CommandScope.java:253) ~[liquibase-core-4.31.1.jar:na]
	at liquibase.Scope.child(Scope.java:210) ~[liquibase-core-4.31.1.jar:na]
	at liquibase.Scope.child(Scope.java:186) ~[liquibase-core-4.31.1.jar:na]
	at liquibase.command.CommandScope.execute(CommandScope.java:241) ~[liquibase-core-4.31.1.jar:na]
	at liquibase.Liquibase.lambda$update$0(Liquibase.java:216) ~[liquibase-core-4.31.1.jar:na]
	at liquibase.Scope.lambda$child$0(Scope.java:201) ~[liquibase-core-4.31.1.jar:na]
	at liquibase.Scope.child(Scope.java:210) ~[liquibase-core-4.31.1.jar:na]
	at liquibase.Scope.child(Scope.java:200) ~[liquibase-core-4.31.1.jar:na]
	at liquibase.Scope.child(Scope.java:179) ~[liquibase-core-4.31.1.jar:na]
	at liquibase.Liquibase.runInScope(Liquibase.java:1333) ~[liquibase-core-4.31.1.jar:na]
	at liquibase.Liquibase.update(Liquibase.java:205) ~[liquibase-core-4.31.1.jar:na]
	at liquibase.Liquibase.update(Liquibase.java:188) ~[liquibase-core-4.31.1.jar:na]
	at liquibase.integration.spring.SpringLiquibase.performUpdate(SpringLiquibase.java:326) ~[liquibase-core-4.31.1.jar:na]
	at liquibase.integration.spring.SpringLiquibase.lambda$afterPropertiesSet$0(SpringLiquibase.java:278) ~[liquibase-core-4.31.1.jar:na]
	at liquibase.Scope.lambda$child$0(Scope.java:201) ~[liquibase-core-4.31.1.jar:na]
	at liquibase.Scope.child(Scope.java:210) ~[liquibase-core-4.31.1.jar:na]
	at liquibase.Scope.child(Scope.java:200) ~[liquibase-core-4.31.1.jar:na]
	at liquibase.Scope.child(Scope.java:179) ~[liquibase-core-4.31.1.jar:na]
	at liquibase.integration.spring.SpringLiquibase.afterPropertiesSet(SpringLiquibase.java:271) ~[liquibase-core-4.31.1.jar:na]
	at org.springframework.beans.factory.support.AbstractAutowireCapableBeanFactory.invokeInitMethods(AbstractAutowireCapableBeanFactory.java:1873) ~[spring-beans-6.2.12.jar:6.2.12]
	at org.springframework.beans.factory.support.AbstractAutowireCapableBeanFactory.initializeBean(AbstractAutowireCapableBeanFactory.java:1822) ~[spring-beans-6.2.12.jar:6.2.12]
	at org.springframework.beans.factory.support.AbstractAutowireCapableBeanFactory.doCreateBean(AbstractAutowireCapableBeanFactory.java:607) ~[spring-beans-6.2.12.jar:6.2.12]
	at org.springframework.beans.factory.support.AbstractAutowireCapableBeanFactory.createBean(AbstractAutowireCapableBeanFactory.java:529) ~[spring-beans-6.2.12.jar:6.2.12]
	at org.springframework.beans.factory.support.AbstractBeanFactory.lambda$doGetBean$0(AbstractBeanFactory.java:339) ~[spring-beans-6.2.12.jar:6.2.12]
	at org.springframework.beans.factory.support.DefaultSingletonBeanRegistry.getSingleton(DefaultSingletonBeanRegistry.java:373) ~[spring-beans-6.2.12.jar:6.2.12]
	at org.springframework.beans.factory.support.AbstractBeanFactory.doGetBean(AbstractBeanFactory.java:337) ~[spring-beans-6.2.12.jar:6.2.12]
	at org.springframework.beans.factory.support.AbstractBeanFactory.getBean(AbstractBeanFactory.java:202) ~[spring-beans-6.2.12.jar:6.2.12]
	at org.springframework.beans.factory.support.AbstractBeanFactory.doGetBean(AbstractBeanFactory.java:315) ~[spring-beans-6.2.12.jar:6.2.12]
	at org.springframework.beans.factory.support.AbstractBeanFactory.getBean(AbstractBeanFactory.java:207) ~[spring-beans-6.2.12.jar:6.2.12]
	at org.springframework.context.support.AbstractApplicationContext.finishBeanFactoryInitialization(AbstractApplicationContext.java:973) ~[spring-context-6.2.12.jar:6.2.12]
	at org.springframework.context.support.AbstractApplicationContext.refresh(AbstractApplicationContext.java:627) ~[spring-context-6.2.12.jar:6.2.12]
	at org.springframework.boot.SpringApplication.refresh(SpringApplication.java:752) ~[spring-boot-3.5.7.jar:3.5.7]
	at org.springframework.boot.SpringApplication.refreshContext(SpringApplication.java:439) ~[spring-boot-3.5.7.jar:3.5.7]
	at org.springframework.boot.SpringApplication.run(SpringApplication.java:318) ~[spring-boot-3.5.7.jar:3.5.7]
	at org.springframework.boot.test.context.SpringBootContextLoader.lambda$loadContext$3(SpringBootContextLoader.java:144) ~[spring-boot-test-3.5.7.jar:3.5.7]
	at org.springframework.util.function.ThrowingSupplier.get(ThrowingSupplier.java:58) ~[spring-core-6.2.12.jar:6.2.12]
	at org.springframework.util.function.ThrowingSupplier.get(ThrowingSupplier.java:46) ~[spring-core-6.2.12.jar:6.2.12]
	at org.springframework.boot.SpringApplication.withHook(SpringApplication.java:1461) ~[spring-boot-3.5.7.jar:3.5.7]
	at org.springframework.boot.test.context.SpringBootContextLoader$ContextLoaderHook.run(SpringBootContextLoader.java:563) ~[spring-boot-test-3.5.7.jar:3.5.7]
	at org.springframework.boot.test.context.SpringBootContextLoader.loadContext(SpringBootContextLoader.java:144) ~[spring-boot-test-3.5.7.jar:3.5.7]
	at org.springframework.boot.test.context.SpringBootContextLoader.loadContext(SpringBootContextLoader.java:110) ~[spring-boot-test-3.5.7.jar:3.5.7]
	at org.springframework.test.context.cache.DefaultCacheAwareContextLoaderDelegate.loadContextInternal(DefaultCacheAwareContextLoaderDelegate.java:225) ~[spring-test-6.2.12.jar:6.2.12]
	at org.springframework.test.context.cache.DefaultCacheAwareContextLoaderDelegate.loadContext(DefaultCacheAwareContextLoaderDelegate.java:152) ~[spring-test-6.2.12.jar:6.2.12]
	at org.springframework.test.context.support.DefaultTestContext.getApplicationContext(DefaultTestContext.java:130) ~[spring-test-6.2.12.jar:6.2.12]
	at org.springframework.test.context.web.ServletTestExecutionListener.setUpRequestContextIfNecessary(ServletTestExecutionListener.java:200) ~[spring-test-6.2.12.jar:6.2.12]
	at org.springframework.test.context.web.ServletTestExecutionListener.prepareTestInstance(ServletTestExecutionListener.java:139) ~[spring-test-6.2.12.jar:6.2.12]
	at org.springframework.test.context.TestContextManager.prepareTestInstance(TestContextManager.java:260) ~[spring-test-6.2.12.jar:6.2.12]
	at org.springframework.test.context.junit.jupiter.SpringExtension.postProcessTestInstance(SpringExtension.java:159) ~[spring-test-6.2.12.jar:6.2.12]
	at org.junit.jupiter.engine.descriptor.ClassBasedTestDescriptor.lambda$invokeTestInstancePostProcessors$10(ClassBasedTestDescriptor.java:383) ~[junit-jupiter-engine-5.12.2.jar:5.12.2]
	at org.junit.jupiter.engine.descriptor.ClassBasedTestDescriptor.executeAndMaskThrowable(ClassBasedTestDescriptor.java:388) ~[junit-jupiter-engine-5.12.2.jar:5.12.2]
	at org.junit.jupiter.engine.descriptor.ClassBasedTestDescriptor.lambda$invokeTestInstancePostProcessors$11(ClassBasedTestDescriptor.java:382) ~[junit-jupiter-engine-5.12.2.jar:5.12.2]
	at java.base/java.util.stream.ForEachOps$ForEachOp$OfRef.accept(ForEachOps.java:184) ~[na:na]
	at java.base/java.util.stream.ReferencePipeline$3$1.accept(ReferencePipeline.java:197) ~[na:na]
	at java.base/java.util.stream.ReferencePipeline$2$1.accept(ReferencePipeline.java:179) ~[na:na]
	at java.base/java.util.stream.ReferencePipeline$3$1.accept(ReferencePipeline.java:197) ~[na:na]
	at java.base/java.util.ArrayList$ArrayListSpliterator.forEachRemaining(ArrayList.java:1708) ~[na:na]
	at java.base/java.util.stream.AbstractPipeline.copyInto(AbstractPipeline.java:509) ~[na:na]
	at java.base/java.util.stream.AbstractPipeline.wrapAndCopyInto(AbstractPipeline.java:499) ~[na:na]
	at java.base/java.util.stream.ForEachOps$ForEachOp.evaluateSequential(ForEachOps.java:151) ~[na:na]
	at java.base/java.util.stream.ForEachOps$ForEachOp$OfRef.evaluateSequential(ForEachOps.java:174) ~[na:na]
	at java.base/java.util.stream.AbstractPipeline.evaluate(AbstractPipeline.java:234) ~[na:na]
	at java.base/java.util.stream.ReferencePipeline.forEach(ReferencePipeline.java:596) ~[na:na]
	at org.junit.jupiter.engine.descriptor.ClassBasedTestDescriptor.invokeTestInstancePostProcessors(ClassBasedTestDescriptor.java:382) ~[junit-jupiter-engine-5.12.2.jar:5.12.2]
	at org.junit.jupiter.engine.descriptor.ClassBasedTestDescriptor.lambda$instantiateAndPostProcessTestInstance$6(ClassBasedTestDescriptor.java:293) ~[junit-jupiter-engine-5.12.2.jar:5.12.2]
	at org.junit.platform.engine.support.hierarchical.ThrowableCollector.execute(ThrowableCollector.java:73) ~[junit-platform-engine-1.12.2.jar:1.12.2]
	at org.junit.jupiter.engine.descriptor.ClassBasedTestDescriptor.instantiateAndPostProcessTestInstance(ClassBasedTestDescriptor.java:292) ~[junit-jupiter-engine-5.12.2.jar:5.12.2]
	at org.junit.jupiter.engine.descriptor.ClassBasedTestDescriptor.lambda$testInstancesProvider$4(ClassBasedTestDescriptor.java:281) ~[junit-jupiter-engine-5.12.2.jar:5.12.2]
	at java.base/java.util.Optional.orElseGet(Optional.java:364) ~[na:na]
	at org.junit.jupiter.engine.descriptor.ClassBasedTestDescriptor.lambda$testInstancesProvider$5(ClassBasedTestDescriptor.java:280) ~[junit-jupiter-engine-5.12.2.jar:5.12.2]
	at org.junit.jupiter.engine.execution.TestInstancesProvider.getTestInstances(TestInstancesProvider.java:27) ~[junit-jupiter-engine-5.12.2.jar:5.12.2]
	at org.junit.jupiter.engine.descriptor.TestMethodTestDescriptor.lambda$prepare$0(TestMethodTestDescriptor.java:112) ~[junit-jupiter-engine-5.12.2.jar:5.12.2]
	at org.junit.platform.engine.support.hierarchical.ThrowableCollector.execute(ThrowableCollector.java:73) ~[junit-platform-engine-1.12.2.jar:1.12.2]
	at org.junit.jupiter.engine.descriptor.TestMethodTestDescriptor.prepare(TestMethodTestDescriptor.java:111) ~[junit-jupiter-engine-5.12.2.jar:5.12.2]
	at org.junit.jupiter.engine.descriptor.TestMethodTestDescriptor.prepare(TestMethodTestDescriptor.java:69) ~[junit-jupiter-engine-5.12.2.jar:5.12.2]
	at org.junit.platform.engine.support.hierarchical.NodeTestTask.lambda$prepare$2(NodeTestTask.java:128) ~[junit-platform-engine-1.12.2.jar:1.12.2]
	at org.junit.platform.engine.support.hierarchical.ThrowableCollector.execute(ThrowableCollector.java:73) ~[junit-platform-engine-1.12.2.jar:1.12.2]
	at org.junit.platform.engine.support.hierarchical.NodeTestTask.prepare(NodeTestTask.java:128) ~[junit-platform-engine-1.12.2.jar:1.12.2]
	at org.junit.platform.engine.support.hierarchical.NodeTestTask.execute(NodeTestTask.java:95) ~[junit-platform-engine-1.12.2.jar:1.12.2]
	at java.base/java.util.ArrayList.forEach(ArrayList.java:1596) ~[na:na]
	at org.junit.platform.engine.support.hierarchical.SameThreadHierarchicalTestExecutorService.invokeAll(SameThreadHierarchicalTestExecutorService.java:41) ~[junit-platform-engine-1.12.2.jar:1.12.2]
	at org.junit.platform.engine.support.hierarchical.NodeTestTask.lambda$executeRecursively$6(NodeTestTask.java:160) ~[junit-platform-engine-1.12.2.jar:1.12.2]
	at org.junit.platform.engine.support.hierarchical.ThrowableCollector.execute(ThrowableCollector.java:73) ~[junit-platform-engine-1.12.2.jar:1.12.2]
	at org.junit.platform.engine.support.hierarchical.NodeTestTask.lambda$executeRecursively$8(NodeTestTask.java:146) ~[junit-platform-engine-1.12.2.jar:1.12.2]
	at org.junit.platform.engine.support.hierarchical.Node.around(Node.java:137) ~[junit-platform-engine-1.12.2.jar:1.12.2]
	at org.junit.platform.engine.support.hierarchical.NodeTestTask.lambda$executeRecursively$9(NodeTestTask.java:144) ~[junit-platform-engine-1.12.2.jar:1.12.2]
	at org.junit.platform.engine.support.hierarchical.ThrowableCollector.execute(ThrowableCollector.java:73) ~[junit-platform-engine-1.12.2.jar:1.12.2]
	at org.junit.platform.engine.support.hierarchical.NodeTestTask.executeRecursively(NodeTestTask.java:143) ~[junit-platform-engine-1.12.2.jar:1.12.2]
	at org.junit.platform.engine.support.hierarchical.NodeTestTask.execute(NodeTestTask.java:100) ~[junit-platform-engine-1.12.2.jar:1.12.2]
	at java.base/java.util.ArrayList.forEach(ArrayList.java:1596) ~[na:na]
	at org.junit.platform.engine.support.hierarchical.SameThreadHierarchicalTestExecutorService.invokeAll(SameThreadHierarchicalTestExecutorService.java:41) ~[junit-platform-engine-1.12.2.jar:1.12.2]
	at org.junit.platform.engine.support.hierarchical.NodeTestTask.lambda$executeRecursively$6(NodeTestTask.java:160) ~[junit-platform-engine-1.12.2.jar:1.12.2]
	at org.junit.platform.engine.support.hierarchical.ThrowableCollector.execute(ThrowableCollector.java:73) ~[junit-platform-engine-1.12.2.jar:1.12.2]
	at org.junit.platform.engine.support.hierarchical.NodeTestTask.lambda$executeRecursively$8(NodeTestTask.java:146) ~[junit-platform-engine-1.12.2.jar:1.12.2]
	at org.junit.platform.engine.support.hierarchical.Node.around(Node.java:137) ~[junit-platform-engine-1.12.2.jar:1.12.2]
	at org.junit.platform.engine.support.hierarchical.NodeTestTask.lambda$executeRecursively$9(NodeTestTask.java:144) ~[junit-platform-engine-1.12.2.jar:1.12.2]
	at org.junit.platform.engine.support.hierarchical.ThrowableCollector.execute(ThrowableCollector.java:73) ~[junit-platform-engine-1.12.2.jar:1.12.2]
	at org.junit.platform.engine.support.hierarchical.NodeTestTask.executeRecursively(NodeTestTask.java:143) ~[junit-platform-engine-1.12.2.jar:1.12.2]
	at org.junit.platform.engine.support.hierarchical.NodeTestTask.execute(NodeTestTask.java:100) ~[junit-platform-engine-1.12.2.jar:1.12.2]
	at org.junit.platform.engine.support.hierarchical.SameThreadHierarchicalTestExecutorService.submit(SameThreadHierarchicalTestExecutorService.java:35) ~[junit-platform-engine-1.12.2.jar:1.12.2]
	at org.junit.platform.engine.support.hierarchical.HierarchicalTestExecutor.execute(HierarchicalTestExecutor.java:57) ~[junit-platform-engine-1.12.2.jar:1.12.2]
	at org.junit.platform.engine.support.hierarchical.HierarchicalTestEngine.execute(HierarchicalTestEngine.java:54) ~[junit-platform-engine-1.12.2.jar:1.12.2]
	at org.junit.platform.launcher.core.EngineExecutionOrchestrator.execute(EngineExecutionOrchestrator.java:201) ~[junit-platform-launcher-1.12.2.jar:1.12.2]
	at org.junit.platform.launcher.core.EngineExecutionOrchestrator.execute(EngineExecutionOrchestrator.java:170) ~[junit-platform-launcher-1.12.2.jar:1.12.2]
	at org.junit.platform.launcher.core.EngineExecutionOrchestrator.execute(EngineExecutionOrchestrator.java:94) ~[junit-platform-launcher-1.12.2.jar:1.12.2]
	at org.junit.platform.launcher.core.EngineExecutionOrchestrator.lambda$execute$0(EngineExecutionOrchestrator.java:59) ~[junit-platform-launcher-1.12.2.jar:1.12.2]
	at org.junit.platform.launcher.core.EngineExecutionOrchestrator.withInterceptedStreams(EngineExecutionOrchestrator.java:142) ~[junit-platform-launcher-1.12.2.jar:1.12.2]
	at org.junit.platform.launcher.core.EngineExecutionOrchestrator.execute(EngineExecutionOrchestrator.java:58) ~[junit-platform-launcher-1.12.2.jar:1.12.2]
	at org.junit.platform.launcher.core.DefaultLauncher.execute(DefaultLauncher.java:103) ~[junit-platform-launcher-1.12.2.jar:1.12.2]
	at org.junit.platform.launcher.core.DefaultLauncher.execute(DefaultLauncher.java:85) ~[junit-platform-launcher-1.12.2.jar:1.12.2]
	at org.junit.platform.launcher.core.DelegatingLauncher.execute(DelegatingLauncher.java:47) ~[junit-platform-launcher-1.12.2.jar:1.12.2]
	at org.junit.platform.launcher.core.InterceptingLauncher.lambda$execute$1(InterceptingLauncher.java:39) ~[junit-platform-launcher-1.12.2.jar:1.12.2]
	at org.junit.platform.launcher.core.ClasspathAlignmentCheckingLauncherInterceptor.intercept(ClasspathAlignmentCheckingLauncherInterceptor.java:25) ~[junit-platform-launcher-1.12.2.jar:1.12.2]
	at org.junit.platform.launcher.core.InterceptingLauncher.execute(InterceptingLauncher.java:38) ~[junit-platform-launcher-1.12.2.jar:1.12.2]
	at org.junit.platform.launcher.core.DelegatingLauncher.execute(DelegatingLauncher.java:47) ~[junit-platform-launcher-1.12.2.jar:1.12.2]
	at org.apache.maven.surefire.junitplatform.LauncherAdapter.executeWithoutCancellationToken(LauncherAdapter.java:60) ~[surefire-junit-platform-3.5.4.jar:3.5.4]
	at org.apache.maven.surefire.junitplatform.LauncherAdapter.execute(LauncherAdapter.java:52) ~[surefire-junit-platform-3.5.4.jar:3.5.4]
	at org.apache.maven.surefire.junitplatform.JUnitPlatformProvider.execute(JUnitPlatformProvider.java:203) ~[surefire-junit-platform-3.5.4.jar:3.5.4]
	at org.apache.maven.surefire.junitplatform.JUnitPlatformProvider.invokeAllTests(JUnitPlatformProvider.java:168) ~[surefire-junit-platform-3.5.4.jar:3.5.4]
	at org.apache.maven.surefire.junitplatform.JUnitPlatformProvider.invoke(JUnitPlatformProvider.java:136) ~[surefire-junit-platform-3.5.4.jar:3.5.4]
	at org.apache.maven.surefire.booter.ForkedBooter.runSuitesInProcess(ForkedBooter.java:385) ~[surefire-booter-3.5.4.jar:3.5.4]
	at org.apache.maven.surefire.booter.ForkedBooter.execute(ForkedBooter.java:162) ~[surefire-booter-3.5.4.jar:3.5.4]
	at org.apache.maven.surefire.booter.ForkedBooter.run(ForkedBooter.java:507) ~[surefire-booter-3.5.4.jar:3.5.4]
	at org.apache.maven.surefire.booter.ForkedBooter.main(ForkedBooter.java:495) ~[surefire-booter-3.5.4.jar:3.5.4]
Caused by: org.h2.jdbc.JdbcSQLSyntaxErrorException: Function "JSONB_BUILD_OBJECT" not found; SQL statement:
-- Case A: target_resource is a simple table name (no spaces)
UPDATE data_endpoints
SET query_config = jsonb_build_object(
    'mode', 'BUILDER',
    'rootTable', target_resource,
    'columns', '[]'::jsonb,
    'filters', '[]'::jsonb,
    'sort', '[]'::jsonb
)
WHERE target_resource NOT LIKE '% %' AND target_resource NOT ILIKE 'SELECT%' [90022-232]
	at org.h2.message.DbException.getJdbcSQLException(DbException.java:644) ~[h2-2.3.232.jar:2.3.232]
	at org.h2.message.DbException.getJdbcSQLException(DbException.java:489) ~[h2-2.3.232.jar:2.3.232]
	at org.h2.message.DbException.get(DbException.java:223) ~[h2-2.3.232.jar:2.3.232]
	at org.h2.message.DbException.get(DbException.java:199) ~[h2-2.3.232.jar:2.3.232]
	at org.h2.command.Parser.readFunction(Parser.java:3772) ~[h2-2.3.232.jar:2.3.232]
	at org.h2.command.Parser.readTermWithIdentifier(Parser.java:5142) ~[h2-2.3.232.jar:2.3.232]
	at org.h2.command.Parser.readTerm(Parser.java:4828) ~[h2-2.3.232.jar:2.3.232]
	at org.h2.command.Parser.readFactor(Parser.java:3323) ~[h2-2.3.232.jar:2.3.232]
	at org.h2.command.Parser.readSum(Parser.java:3310) ~[h2-2.3.232.jar:2.3.232]
	at org.h2.command.Parser.readConcat(Parser.java:3275) ~[h2-2.3.232.jar:2.3.232]
	at org.h2.command.Parser.readCondition(Parser.java:3065) ~[h2-2.3.232.jar:2.3.232]
	at org.h2.command.Parser.readExpression(Parser.java:2985) ~[h2-2.3.232.jar:2.3.232]
	at org.h2.command.Parser.readExpressionOrDefault(Parser.java:2971) ~[h2-2.3.232.jar:2.3.232]
	at org.h2.command.Parser.readUpdateSetClause(Parser.java:1054) ~[h2-2.3.232.jar:2.3.232]
	at org.h2.command.Parser.parseUpdate(Parser.java:1003) ~[h2-2.3.232.jar:2.3.232]
	at org.h2.command.Parser.parsePrepared(Parser.java:744) ~[h2-2.3.232.jar:2.3.232]
	at org.h2.command.Parser.parse(Parser.java:581) ~[h2-2.3.232.jar:2.3.232]
	at org.h2.command.Parser.parse(Parser.java:556) ~[h2-2.3.232.jar:2.3.232]
	at org.h2.command.Parser.prepareCommand(Parser.java:484) ~[h2-2.3.232.jar:2.3.232]
	at org.h2.engine.SessionLocal.prepareLocal(SessionLocal.java:645) ~[h2-2.3.232.jar:2.3.232]
	at org.h2.engine.SessionLocal.prepareCommand(SessionLocal.java:561) ~[h2-2.3.232.jar:2.3.232]
	at org.h2.jdbc.JdbcConnection.prepareCommand(JdbcConnection.java:1164) ~[h2-2.3.232.jar:2.3.232]
	at org.h2.jdbc.JdbcStatement.executeInternal(JdbcStatement.java:245) ~[h2-2.3.232.jar:2.3.232]
	at org.h2.jdbc.JdbcStatement.execute(JdbcStatement.java:231) ~[h2-2.3.232.jar:2.3.232]
	at com.zaxxer.hikari.pool.ProxyStatement.execute(ProxyStatement.java:95) ~[HikariCP-6.3.3.jar:na]
	at com.zaxxer.hikari.pool.HikariProxyStatement.execute(HikariProxyStatement.java) ~[HikariCP-6.3.3.jar:na]
	at liquibase.executor.jvm.JdbcExecutor$ExecuteStatementCallback.doInStatement(JdbcExecutor.java:491) ~[liquibase-core-4.31.1.jar:na]
	... 150 common frames omitted

2025-11-28T00:24:37.612+07:00  INFO 19572 --- [ldop] [           main] liquibase.util                           : UPDATE SUMMARY
2025-11-28T00:24:37.612+07:00  INFO 19572 --- [ldop] [           main] liquibase.util                           : Run:                          3
2025-11-28T00:24:37.612+07:00  INFO 19572 --- [ldop] [           main] liquibase.util                           : Previously run:               0
2025-11-28T00:24:37.612+07:00  INFO 19572 --- [ldop] [           main] liquibase.util                           : Filtered out:                 0
2025-11-28T00:24:37.612+07:00  INFO 19572 --- [ldop] [           main] liquibase.util                           : -------------------------------
2025-11-28T00:24:37.616+07:00  INFO 19572 --- [ldop] [           main] liquibase.util                           : Total change sets:            5
2025-11-28T00:24:37.620+07:00  INFO 19572 --- [ldop] [           main] liquibase.util                           : Update summary generated
2025-11-28T00:24:37.627+07:00  INFO 19572 --- [ldop] [           main] liquibase.command                        : Update command encountered an exception.
2025-11-28T00:24:37.632+07:00  INFO 19572 --- [ldop] [           main] liquibase.lockservice                    : Successfully released change log lock
2025-11-28T00:24:37.638+07:00  INFO 19572 --- [ldop] [           main] liquibase.command                        : Logging exception.
2025-11-28T00:24:37.640+07:00  INFO 19572 --- [ldop] [           main] liquibase.ui                             : ERROR: Exception Details
2025-11-28T00:24:37.641+07:00  INFO 19572 --- [ldop] [           main] liquibase.ui                             : ERROR: Exception Primary Class:  JdbcSQLSyntaxErrorException
2025-11-28T00:24:37.641+07:00  INFO 19572 --- [ldop] [           main] liquibase.ui                             : ERROR: Exception Primary Reason:  Function "JSONB_BUILD_OBJECT" not found; SQL statement:
-- Case A: target_resource is a simple table name (no spaces)
UPDATE data_endpoints
SET query_config = jsonb_build_object(
    'mode', 'BUILDER',
    'rootTable', target_resource,
    'columns', '[]'::jsonb,
    'filters', '[]'::jsonb,
    'sort', '[]'::jsonb
)
WHERE target_resource NOT LIKE '% %' AND target_resource NOT ILIKE 'SELECT%' [90022-232]
2025-11-28T00:24:37.642+07:00  INFO 19572 --- [ldop] [           main] liquibase.ui                             : ERROR: Exception Primary Source:  H2 2.3.232 (2024-08-11)
2025-11-28T00:24:37.642+07:00  INFO 19572 --- [ldop] [           main] liquibase.command                        : Command execution complete
2025-11-28T00:24:39.179+07:00  WARN 19572 --- [ldop] [           main] o.s.w.c.s.GenericWebApplicationContext   : Exception encountered during context initialization - cancelling refresh attempt: org.springframework.beans.factory.BeanCreationException: Error creating bean with name 'entityManagerFactory' defined in class path resource [org/springframework/boot/autoconfigure/orm/jpa/HibernateJpaConfiguration.class]: Failed to initialize dependency 'liquibase' of LoadTimeWeaverAware bean 'entityManagerFactory': Error creating bean with name 'liquibase' defined in class path resource [org/springframework/boot/autoconfigure/liquibase/LiquibaseAutoConfiguration$LiquibaseConfiguration.class]: liquibase.exception.CommandExecutionException: liquibase.exception.LiquibaseException: liquibase.exception.MigrationFailedException: Migration failed for changeset db/changelog/changes/002-data-endpoint-redesign.yaml::002-migrate-target-resource-data::antigravity:
     Reason: liquibase.exception.DatabaseException: Function "JSONB_BUILD_OBJECT" not found; SQL statement:
-- Case A: target_resource is a simple table name (no spaces)
UPDATE data_endpoints
SET query_config = jsonb_build_object(
    'mode', 'BUILDER',
    'rootTable', target_resource,
    'columns', '[]'::jsonb,
    'filters', '[]'::jsonb,
    'sort', '[]'::jsonb
)
WHERE target_resource NOT LIKE '% %' AND target_resource NOT ILIKE 'SELECT%' [90022-232] [Failed SQL: (90022) -- Case A: target_resource is a simple table name (no spaces)
UPDATE data_endpoints
SET query_config = jsonb_build_object(
    'mode', 'BUILDER',
    'rootTable', target_resource,
    'columns', '[]'::jsonb,
    'filters', '[]'::jsonb,
    'sort', '[]'::jsonb
)
WHERE target_resource NOT LIKE '% %' AND target_resource NOT ILIKE 'SELECT%']
2025-11-28T00:24:39.180+07:00  INFO 19572 --- [ldop] [           main] com.zaxxer.hikari.HikariDataSource       : HikariPool-1 - Shutdown initiated...
2025-11-28T00:24:39.184+07:00  INFO 19572 --- [ldop] [           main] com.zaxxer.hikari.HikariDataSource       : HikariPool-1 - Shutdown completed.
mvn : 
At line:1 char:1
+ mvn test > test_output.txt 
2>&1
+ ~~~~~~~~~~~~~~~~~~~~~~~~~~~
~~~~
    + CategoryInfo           
   : NotSpecified: (:String  
  ) [], RemoteException
    + FullyQualifiedErrorId  
   : NativeCommandError
 


============================
CONDITIONS EVALUATION REPORT
============================


Positive matches:
-----------------

   AopAutoConfiguration 
matched:
      - @ConditionalOnBoolean
Property 
(spring.aop.auto=true) 
matched (OnPropertyCondition)

   AopAutoConfiguration.Aspec
tJAutoProxyingConfiguration 
matched:
      - @ConditionalOnClass 
found required class 
'org.aspectj.weaver.Advice' 
(OnClassCondition)

   AopAutoConfiguration.Aspec
tJAutoProxyingConfiguration.C
glibAutoProxyConfiguration 
matched:
      - @ConditionalOnBoolean
Property (spring.aop.proxy-ta
rget-class=true) matched 
(OnPropertyCondition)

   ApplicationAvailabilityAut
oConfiguration#applicationAva
ilability matched:
      - 
@ConditionalOnMissingBean 
(types: org.springframework.b
oot.availability.ApplicationA
vailability; SearchStrategy: 
all) did not find any beans 
(OnBeanCondition)

   
DataSourceAutoConfiguration 
matched:
      - @ConditionalOnClass 
found required classes 
'javax.sql.DataSource', 'org.
springframework.jdbc.datasour
ce.embedded.EmbeddedDatabaseT
ype' (OnClassCondition)
      - 
@ConditionalOnMissingBean 
(types: ?; SearchStrategy: 
all) did not find any beans 
(OnBeanCondition)

   DataSourceAutoConfiguratio
n.PooledDataSourceConfigurati
on matched:
      - AnyNestedCondition 1 
matched 1 did not; 
NestedCondition on DataSource
AutoConfiguration.PooledDataS
ourceCondition.PooledDataSour
ceAvailable PooledDataSource 
found supported DataSource; 
NestedCondition on DataSource
AutoConfiguration.PooledDataS
ourceCondition.ExplicitType 
@ConditionalOnProperty 
(spring.datasource.type) did 
not find property 
'spring.datasource.type' (Dat
aSourceAutoConfiguration.Pool
edDataSourceCondition)
      - 
@ConditionalOnMissingBean 
(types: javax.sql.DataSource,
javax.sql.XADataSource; 
SearchStrategy: all) did not 
find any beans 
(OnBeanCondition)

   DataSourceAutoConfiguratio
n.PooledDataSourceConfigurati
on#jdbcConnectionDetails 
matched:
      - 
@ConditionalOnMissingBean 
(types: org.springframework.b
oot.autoconfigure.jdbc.JdbcCo
nnectionDetails; 
SearchStrategy: all) did not 
find any beans 
(OnBeanCondition)

   DataSourceConfiguration.Hi
kari matched:
      - @ConditionalOnClass 
found required class 'com.zax
xer.hikari.HikariDataSource' 
(OnClassCondition)
      - 
@ConditionalOnProperty (sprin
g.datasource.type=com.zaxxer.
hikari.HikariDataSource) 
matched (OnPropertyCondition)
      - 
@ConditionalOnMissingBean 
(types: 
javax.sql.DataSource; 
SearchStrategy: all) did not 
find any beans 
(OnBeanCondition)

   DataSourceInitializationCo
nfiguration matched:
      - @ConditionalOnClass 
found required class 'org.spr
ingframework.jdbc.datasource.
init.DatabasePopulator' 
(OnClassCondition)
      - @ConditionalOnSingleC
andidate (types: 
javax.sql.DataSource; 
SearchStrategy: all) found a 
single bean 'dataSource'; 
@ConditionalOnMissingBean 
(types: org.springframework.b
oot.autoconfigure.sql.init.Sq
lDataSourceScriptDatabaseInit
ializer,org.springframework.b
oot.autoconfigure.sql.init.Sq
lR2dbcScriptDatabaseInitializ
er; SearchStrategy: all) did 
not find any beans 
(OnBeanCondition)

   DataSourcePoolMetadataProv
idersConfiguration.HikariPool
DataSourceMetadataProviderCon
figuration matched:
      - @ConditionalOnClass 
found required class 'com.zax
xer.hikari.HikariDataSource' 
(OnClassCondition)

   DataSourceTransactionManag
erAutoConfiguration matched:
      - @ConditionalOnClass 
found required classes 
'javax.sql.DataSource', 'org.
springframework.jdbc.core.Jdb
cTemplate', 'org.springframew
ork.transaction.TransactionMa
nager' (OnClassCondition)

   DataSourceTransactionManag
erAutoConfiguration.JdbcTrans
actionManagerConfiguration 
matched:
      - @ConditionalOnSingleC
andidate (types: 
javax.sql.DataSource; 
SearchStrategy: all) found a 
single bean 'dataSource' 
(OnBeanCondition)

   DispatcherServletAutoConfi
guration matched:
      - @ConditionalOnClass 
found required class 'org.spr
ingframework.web.servlet.Disp
atcherServlet' 
(OnClassCondition)
      - found 'session' 
scope 
(OnWebApplicationCondition)

   DispatcherServletAutoConfi
guration.DispatcherServletCon
figuration matched:
      - @ConditionalOnClass 
found required class 'jakarta
.servlet.ServletRegistration'
 (OnClassCondition)
      - Default 
DispatcherServlet did not 
find dispatcher servlet 
beans (DispatcherServletAutoC
onfiguration.DefaultDispatche
rServletCondition)

   DispatcherServletAutoConfi
guration.DispatcherServletReg
istrationConfiguration 
matched:
      - @ConditionalOnClass 
found required class 'jakarta
.servlet.ServletRegistration'
 (OnClassCondition)
      - DispatcherServlet 
Registration did not find 
servlet registration bean (Di
spatcherServletAutoConfigurat
ion.DispatcherServletRegistra
tionCondition)

   DispatcherServletAutoConfi
guration.DispatcherServletReg
istrationConfiguration#dispat
cherServletRegistration 
matched:
      - @ConditionalOnBean 
(names: dispatcherServlet 
types: org.springframework.we
b.servlet.DispatcherServlet; 
SearchStrategy: all) found 
bean 'dispatcherServlet' 
(OnBeanCondition)

   ErrorMvcAutoConfiguration 
matched:
      - @ConditionalOnClass 
found required classes 
'jakarta.servlet.Servlet', 'o
rg.springframework.web.servle
t.DispatcherServlet' 
(OnClassCondition)
      - found 'session' 
scope 
(OnWebApplicationCondition)

   ErrorMvcAutoConfiguration#
basicErrorController matched:
      - 
@ConditionalOnMissingBean 
(types: org.springframework.b
oot.web.servlet.error.ErrorCo
ntroller; SearchStrategy: 
current) did not find any 
beans (OnBeanCondition)

   ErrorMvcAutoConfiguration#
errorAttributes matched:
      - 
@ConditionalOnMissingBean 
(types: org.springframework.b
oot.web.servlet.error.ErrorAt
tributes; SearchStrategy: 
current) did not find any 
beans (OnBeanCondition)

   ErrorMvcAutoConfiguration.
DefaultErrorViewResolverConfi
guration#conventionErrorViewR
esolver matched:
      - @ConditionalOnBean 
(types: org.springframework.w
eb.servlet.DispatcherServlet;
 SearchStrategy: all) found 
bean 'dispatcherServlet'; 
@ConditionalOnMissingBean 
(types: org.springframework.b
oot.autoconfigure.web.servlet
.error.ErrorViewResolver; 
SearchStrategy: all) did not 
find any beans 
(OnBeanCondition)

   ErrorMvcAutoConfiguration.
WhitelabelErrorViewConfigurat
ion matched:
      - @ConditionalOnBoolean
Property (server.error.whitel
abel.enabled=true) matched 
(OnPropertyCondition)
      - ErrorTemplate 
Missing did not find error 
template view (ErrorMvcAutoCo
nfiguration.ErrorTemplateMiss
ingCondition)

   ErrorMvcAutoConfiguration.
WhitelabelErrorViewConfigurat
ion#beanNameViewResolver 
matched:
      - 
@ConditionalOnMissingBean 
(types: org.springframework.w
eb.servlet.view.BeanNameViewR
esolver; SearchStrategy: 
all) did not find any beans 
(OnBeanCondition)

   ErrorMvcAutoConfiguration.
WhitelabelErrorViewConfigurat
ion#defaultErrorView matched:
      - 
@ConditionalOnMissingBean 
(names: error; 
SearchStrategy: all) did not 
find any beans 
(OnBeanCondition)

   GenericCacheConfiguration 
matched:
      - Cache org.springframe
work.boot.autoconfigure.cache
.GenericCacheConfiguration 
automatic cache type 
(CacheCondition)

   HibernateJpaAutoConfigurat
ion matched:
      - @ConditionalOnClass 
found required classes 'org.s
pringframework.orm.jpa.LocalC
ontainerEntityManagerFactoryB
ean', 'jakarta.persistence.En
tityManager', 'org.hibernate.
engine.spi.SessionImplementor
' (OnClassCondition)

   HibernateJpaConfiguration 
matched:
      - @ConditionalOnSingleC
andidate (types: 
javax.sql.DataSource; 
SearchStrategy: all) found a 
single bean 'dataSource' 
(OnBeanCondition)

   
HttpClientAutoConfiguration 
matched:
      - @ConditionalOnClass 
found required class 'org.spr
ingframework.http.client.Clie
ntHttpRequestFactory' 
(OnClassCondition)
      - NoneNestedConditions 
0 matched 1 did not; 
NestedCondition on NotReactiv
eWebApplicationCondition.Reac
tiveWebApplication did not 
find reactive web 
application classes (NotReact
iveWebApplicationCondition)

   HttpClientAutoConfiguratio
n#clientHttpRequestFactoryBui
lder matched:
      - 
@ConditionalOnMissingBean 
(types: org.springframework.b
oot.http.client.ClientHttpReq
uestFactoryBuilder<?>; 
SearchStrategy: all) did not 
find any beans 
(OnBeanCondition)

   HttpClientAutoConfiguratio
n#clientHttpRequestFactorySet
tings matched:
      - 
@ConditionalOnMissingBean 
(types: org.springframework.b
oot.http.client.ClientHttpReq
uestFactorySettings; 
SearchStrategy: all) did not 
find any beans 
(OnBeanCondition)

   HttpEncodingAutoConfigurat
ion matched:
      - @ConditionalOnClass 
found required class 'org.spr
ingframework.web.filter.Chara
cterEncodingFilter' 
(OnClassCondition)
      - found 'session' 
scope 
(OnWebApplicationCondition)
      - @ConditionalOnBoolean
Property (server.servlet.enco
ding.enabled=true) matched 
(OnPropertyCondition)

   HttpEncodingAutoConfigurat
ion#characterEncodingFilter 
matched:
      - 
@ConditionalOnMissingBean 
(types: org.springframework.w
eb.filter.CharacterEncodingFi
lter; SearchStrategy: all) 
did not find any beans 
(OnBeanCondition)

   HttpMessageConvertersAutoC
onfiguration matched:
      - @ConditionalOnClass 
found required class 'org.spr
ingframework.http.converter.H
ttpMessageConverter' 
(OnClassCondition)
      - NoneNestedConditions 
0 matched 1 did not; 
NestedCondition on HttpMessag
eConvertersAutoConfiguration.
NotReactiveWebApplicationCond
ition.ReactiveWebApplication 
did not find reactive web 
application classes (HttpMess
ageConvertersAutoConfiguratio
n.NotReactiveWebApplicationCo
ndition)

   HttpMessageConvertersAutoC
onfiguration#messageConverter
s matched:
      - 
@ConditionalOnMissingBean 
(types: org.springframework.b
oot.autoconfigure.http.HttpMe
ssageConverters; 
SearchStrategy: all) did not 
find any beans 
(OnBeanCondition)

   HttpMessageConvertersAutoC
onfiguration.StringHttpMessag
eConverterConfiguration 
matched:
      - @ConditionalOnClass 
found required class 'org.spr
ingframework.http.converter.S
tringHttpMessageConverter' 
(OnClassCondition)

   HttpMessageConvertersAutoC
onfiguration.StringHttpMessag
eConverterConfiguration#strin
gHttpMessageConverter 
matched:
      - 
@ConditionalOnMissingBean 
(types: org.springframework.h
ttp.converter.StringHttpMessa
geConverter; SearchStrategy: 
all) did not find any beans 
(OnBeanCondition)

   JacksonAutoConfiguration 
matched:
      - @ConditionalOnClass 
found required class 'com.fas
terxml.jackson.databind.Objec
tMapper' (OnClassCondition)

   JacksonAutoConfiguration.J
ackson2ObjectMapperBuilderCus
tomizerConfiguration matched:
      - @ConditionalOnClass 
found required class 'org.spr
ingframework.http.converter.j
son.Jackson2ObjectMapperBuild
er' (OnClassCondition)

   JacksonAutoConfiguration.J
acksonObjectMapperBuilderConf
iguration matched:
      - @ConditionalOnClass 
found required class 'org.spr
ingframework.http.converter.j
son.Jackson2ObjectMapperBuild
er' (OnClassCondition)

   JacksonAutoConfiguration.J
acksonObjectMapperBuilderConf
iguration#jacksonObjectMapper
Builder matched:
      - 
@ConditionalOnMissingBean 
(types: org.springframework.h
ttp.converter.json.Jackson2Ob
jectMapperBuilder; 
SearchStrategy: all) did not 
find any beans 
(OnBeanCondition)

   JacksonAutoConfiguration.J
acksonObjectMapperConfigurati
on matched:
      - @ConditionalOnClass 
found required class 'org.spr
ingframework.http.converter.j
son.Jackson2ObjectMapperBuild
er' (OnClassCondition)

   JacksonAutoConfiguration.J
acksonObjectMapperConfigurati
on#jacksonObjectMapper 
matched:
      - 
@ConditionalOnMissingBean 
(types: com.fasterxml.jackson
.databind.ObjectMapper; 
SearchStrategy: all) did not 
find any beans 
(OnBeanCondition)

   JacksonAutoConfiguration.P
arameterNamesModuleConfigurat
ion matched:
      - @ConditionalOnClass 
found required class 'com.fas
terxml.jackson.module.paramna
mes.ParameterNamesModule' 
(OnClassCondition)

   JacksonAutoConfiguration.P
arameterNamesModuleConfigurat
ion#parameterNamesModule 
matched:
      - 
@ConditionalOnMissingBean 
(types: com.fasterxml.jackson
.module.paramnames.ParameterN
amesModule; SearchStrategy: 
all) did not find any beans 
(OnBeanCondition)

   JacksonHttpMessageConverte
rsConfiguration.MappingJackso
n2HttpMessageConverterConfigu
ration matched:
      - @ConditionalOnClass 
found required class 'com.fas
terxml.jackson.databind.Objec
tMapper' (OnClassCondition)
      - @ConditionalOnPreferr
edJsonMapper JACKSON no 
property was configured and 
Jackson is the default (OnPre
ferredJsonMapperCondition)
      - @ConditionalOnBean 
(types: com.fasterxml.jackson
.databind.ObjectMapper; 
SearchStrategy: all) found 
bean 'jacksonObjectMapper' 
(OnBeanCondition)

   JacksonHttpMessageConverte
rsConfiguration.MappingJackso
n2HttpMessageConverterConfigu
ration#mappingJackson2HttpMes
sageConverter matched:
      - 
@ConditionalOnMissingBean 
(types: org.springframework.h
ttp.converter.json.MappingJac
kson2HttpMessageConverter 
ignored: ?; SearchStrategy: 
all) did not find any beans 
(OnBeanCondition)

   
JdbcClientAutoConfiguration 
matched:
      - @ConditionalOnSingleC
andidate (types: org.springfr
amework.jdbc.core.namedparam.
NamedParameterJdbcTemplate; 
SearchStrategy: all) found a 
single bean 'namedParameterJd
bcTemplate'; 
@ConditionalOnMissingBean 
(types: org.springframework.j
dbc.core.simple.JdbcClient; 
SearchStrategy: all) did not 
find any beans 
(OnBeanCondition)

   JdbcTemplateAutoConfigurat
ion matched:
      - @ConditionalOnClass 
found required classes 
'javax.sql.DataSource', 'org.
springframework.jdbc.core.Jdb
cTemplate' (OnClassCondition)
      - @ConditionalOnSingleC
andidate (types: 
javax.sql.DataSource; 
SearchStrategy: all) found a 
single bean 'dataSource' 
(OnBeanCondition)

   JdbcTemplateConfiguration 
matched:
      - 
@ConditionalOnMissingBean 
(types: org.springframework.j
dbc.core.JdbcOperations; 
SearchStrategy: all) did not 
find any beans 
(OnBeanCondition)

   JpaBaseConfiguration#entit
yManagerFactory matched:
      - 
@ConditionalOnMissingBean 
(types: org.springframework.o
rm.jpa.LocalContainerEntityMa
nagerFactoryBean,jakarta.pers
istence.EntityManagerFactory;
 SearchStrategy: all) did 
not find any beans 
(OnBeanCondition)

   JpaBaseConfiguration#entit
yManagerFactoryBuilder 
matched:
      - 
@ConditionalOnMissingBean 
(types: org.springframework.b
oot.orm.jpa.EntityManagerFact
oryBuilder; SearchStrategy: 
all) did not find any beans 
(OnBeanCondition)

   JpaBaseConfiguration#jpaVe
ndorAdapter matched:
      - 
@ConditionalOnMissingBean 
(types: org.springframework.o
rm.jpa.JpaVendorAdapter; 
SearchStrategy: all) did not 
find any beans 
(OnBeanCondition)

   JpaBaseConfiguration#trans
actionManager matched:
      - 
@ConditionalOnMissingBean 
(types: org.springframework.t
ransaction.TransactionManager
; SearchStrategy: all) did 
not find any beans 
(OnBeanCondition)

   JpaBaseConfiguration.JpaWe
bConfiguration matched:
      - @ConditionalOnClass 
found required class 'org.spr
ingframework.web.servlet.conf
ig.annotation.WebMvcConfigure
r' (OnClassCondition)
      - found 'session' 
scope 
(OnWebApplicationCondition)
      - @ConditionalOnBoolean
Property (spring.jpa.open-in-
view=true) matched 
(OnPropertyCondition)
      - 
@ConditionalOnMissingBean 
(types: org.springframework.o
rm.jpa.support.OpenEntityMana
gerInViewInterceptor,org.spri
ngframework.orm.jpa.support.O
penEntityManagerInViewFilter;
 SearchStrategy: all) did 
not find any beans 
(OnBeanCondition)

   JpaBaseConfiguration.Persi
stenceManagedTypesConfigurati
on matched:
      - 
@ConditionalOnMissingBean 
(types: org.springframework.o
rm.jpa.LocalContainerEntityMa
nagerFactoryBean,jakarta.pers
istence.EntityManagerFactory;
 SearchStrategy: all) did 
not find any beans 
(OnBeanCondition)

   JpaBaseConfiguration.Persi
stenceManagedTypesConfigurati
on#persistenceManagedTypes 
matched:
      - 
@ConditionalOnMissingBean 
(types: org.springframework.o
rm.jpa.persistenceunit.Persis
tenceManagedTypes; 
SearchStrategy: all) did not 
find any beans 
(OnBeanCondition)

   JpaRepositoriesAutoConfigu
ration matched:
      - @ConditionalOnClass 
found required class 'org.spr
ingframework.data.jpa.reposit
ory.JpaRepository' 
(OnClassCondition)
      - @ConditionalOnBoolean
Property (spring.data.jpa.rep
ositories.enabled=true) 
matched (OnPropertyCondition)
      - @ConditionalOnBean 
(types: 
javax.sql.DataSource; 
SearchStrategy: all) found 
bean 'dataSource'; 
@ConditionalOnMissingBean 
(types: org.springframework.d
ata.jpa.repository.support.Jp
aRepositoryFactoryBean,org.sp
ringframework.data.jpa.reposi
tory.config.JpaRepositoryConf
igExtension; SearchStrategy: 
all) did not find any beans 
(OnBeanCondition)

   JtaAutoConfiguration 
matched:
      - @ConditionalOnClass 
found required class 'jakarta
.transaction.Transaction' 
(OnClassCondition)
      - @ConditionalOnBoolean
Property 
(spring.jta.enabled=true) 
matched (OnPropertyCondition)

   LifecycleAutoConfiguration
#defaultLifecycleProcessor 
matched:
      - 
@ConditionalOnMissingBean 
(names: lifecycleProcessor; 
SearchStrategy: current) did 
not find any beans 
(OnBeanCondition)

   
LiquibaseAutoConfiguration 
matched:
      - @ConditionalOnClass 
found required classes 'liqui
base.integration.spring.Sprin
gLiquibase', 'liquibase.chang
e.DatabaseChange' 
(OnClassCondition)
      - @ConditionalOnBoolean
Property (spring.liquibase.en
abled=true) matched 
(OnPropertyCondition)
      - AnyNestedCondition 2 
matched 1 did not; 
NestedCondition on LiquibaseA
utoConfiguration.LiquibaseDat
aSourceCondition.LiquibaseUrl
Condition 
@ConditionalOnProperty 
(spring.liquibase.url) did 
not find property 
'spring.liquibase.url'; 
NestedCondition on LiquibaseA
utoConfiguration.LiquibaseDat
aSourceCondition.JdbcConnecti
onDetailsCondition 
@ConditionalOnBean (types: or
g.springframework.boot.autoco
nfigure.jdbc.JdbcConnectionDe
tails; SearchStrategy: all) 
found bean 
'jdbcConnectionDetails'; 
NestedCondition on LiquibaseA
utoConfiguration.LiquibaseDat
aSourceCondition.DataSourceBe
anCondition 
@ConditionalOnBean (types: 
javax.sql.DataSource; 
SearchStrategy: all) found 
bean 'dataSource' (LiquibaseA
utoConfiguration.LiquibaseDat
aSourceCondition)

   LiquibaseAutoConfiguration
.CustomizerConfiguration 
matched:
      - @ConditionalOnClass 
found required class 'liquiba
se.integration.spring.Customi
zer' (OnClassCondition)

   LiquibaseAutoConfiguration
.LiquibaseConfiguration 
matched:
      - @ConditionalOnClass 
found required class 'org.spr
ingframework.jdbc.core.Connec
tionCallback' 
(OnClassCondition)
      - 
@ConditionalOnMissingBean 
(types: liquibase.integration
.spring.SpringLiquibase; 
SearchStrategy: all) did not 
find any beans 
(OnBeanCondition)

   LiquibaseAutoConfiguration
.LiquibaseConfiguration#liqui
baseConnectionDetails 
matched:
      - 
@ConditionalOnMissingBean 
(types: org.springframework.b
oot.autoconfigure.liquibase.L
iquibaseConnectionDetails; 
SearchStrategy: all) did not 
find any beans 
(OnBeanCondition)

   MockMvcAutoConfiguration 
matched:
      - found 'session' 
scope 
(OnWebApplicationCondition)

   
MockMvcConfiguration#mockMvc 
matched:
      - 
@ConditionalOnMissingBean 
(types: org.springframework.t
est.web.servlet.MockMvc; 
SearchStrategy: all) did not 
find any beans 
(OnBeanCondition)

   MockMvcConfiguration#mockM
vcBuilder matched:
      - 
@ConditionalOnMissingBean 
(types: org.springframework.t
est.web.servlet.MockMvcBuilde
r; SearchStrategy: all) did 
not find any beans 
(OnBeanCondition)

   
MockMvcTesterConfiguration 
matched:
      - @ConditionalOnClass 
found required class 'org.ass
ertj.core.api.Assert' 
(OnClassCondition)

   MockMvcTesterConfiguration
#mockMvcTester matched:
      - 
@ConditionalOnMissingBean 
(types: org.springframework.t
est.web.servlet.assertj.MockM
vcTester; SearchStrategy: 
all) did not find any beans 
(OnBeanCondition)

   
MultipartAutoConfiguration 
matched:
      - @ConditionalOnClass 
found required classes 
'jakarta.servlet.Servlet', 'o
rg.springframework.web.multip
art.support.StandardServletMu
ltipartResolver', 'jakarta.se
rvlet.MultipartConfigElement'
 (OnClassCondition)
      - found 'session' 
scope 
(OnWebApplicationCondition)
      - @ConditionalOnBoolean
Property (spring.servlet.mult
ipart.enabled=true) matched 
(OnPropertyCondition)

   MultipartAutoConfiguration
#multipartConfigElement 
matched:
      - 
@ConditionalOnMissingBean 
(types: jakarta.servlet.Multi
partConfigElement; 
SearchStrategy: all) did not 
find any beans 
(OnBeanCondition)

   MultipartAutoConfiguration
#multipartResolver matched:
      - 
@ConditionalOnMissingBean 
(types: org.springframework.w
eb.multipart.MultipartResolve
r; SearchStrategy: all) did 
not find any beans 
(OnBeanCondition)

   NamedParameterJdbcTemplate
Configuration matched:
      - @ConditionalOnSingleC
andidate (types: org.springfr
amework.jdbc.core.JdbcTemplat
e; SearchStrategy: all) 
found a single bean 
'jdbcTemplate'; 
@ConditionalOnMissingBean 
(types: org.springframework.j
dbc.core.namedparam.NamedPara
meterJdbcOperations; 
SearchStrategy: all) did not 
find any beans 
(OnBeanCondition)

   NoOpCacheConfiguration 
matched:
      - Cache org.springframe
work.boot.autoconfigure.cache
.NoOpCacheConfiguration 
automatic cache type 
(CacheCondition)

   PersistenceExceptionTransl
ationAutoConfiguration 
matched:
      - @ConditionalOnClass 
found required class 'org.spr
ingframework.dao.annotation.P
ersistenceExceptionTranslatio
nPostProcessor' 
(OnClassCondition)

   PersistenceExceptionTransl
ationAutoConfiguration#persis
tenceExceptionTranslationPost
Processor matched:
      - @ConditionalOnBoolean
Property (spring.dao.exceptio
ntranslation.enabled=true) 
matched (OnPropertyCondition)
      - 
@ConditionalOnMissingBean 
(types: org.springframework.d
ao.annotation.PersistenceExce
ptionTranslationPostProcessor
; SearchStrategy: all) did 
not find any beans 
(OnBeanCondition)

   PropertyPlaceholderAutoCon
figuration#propertySourcesPla
ceholderConfigurer matched:
      - 
@ConditionalOnMissingBean 
(types: org.springframework.c
ontext.support.PropertySource
sPlaceholderConfigurer; 
SearchStrategy: current) did 
not find any beans 
(OnBeanCondition)

   
RestClientAutoConfiguration 
matched:
      - @ConditionalOnClass 
found required class 'org.spr
ingframework.web.client.RestC
lient' (OnClassCondition)
      - AnyNestedCondition 1 
matched 1 did not; 
NestedCondition on NotReactiv
eWebApplicationOrVirtualThrea
dsExecutorEnabledCondition.Vi
rtualThreadsExecutorEnabled 
found non-matching nested 
conditions 
@ConditionalOnThreading did 
not find VIRTUAL; 
NestedCondition on NotReactiv
eWebApplicationOrVirtualThrea
dsExecutorEnabledCondition.No
tReactiveWebApplication 
NoneNestedConditions 0 
matched 1 did not; 
NestedCondition on NotReactiv
eWebApplicationCondition.Reac
tiveWebApplication did not 
find reactive web 
application classes (NotReact
iveWebApplicationOrVirtualThr
eadsExecutorEnabledCondition)

   RestClientAutoConfiguratio
n#httpMessageConvertersRestCl
ientCustomizer matched:
      - 
@ConditionalOnMissingBean 
(types: org.springframework.b
oot.autoconfigure.web.client.
HttpMessageConvertersRestClie
ntCustomizer; 
SearchStrategy: all) did not 
find any beans 
(OnBeanCondition)

   RestClientAutoConfiguratio
n#restClientBuilder matched:
      - 
@ConditionalOnMissingBean 
(types: org.springframework.w
eb.client.RestClient$Builder;
 SearchStrategy: all) did 
not find any beans 
(OnBeanCondition)

   RestClientAutoConfiguratio
n#restClientBuilderConfigurer
 matched:
      - 
@ConditionalOnMissingBean 
(types: org.springframework.b
oot.autoconfigure.web.client.
RestClientBuilderConfigurer; 
SearchStrategy: all) did not 
find any beans 
(OnBeanCondition)

   RestClientAutoConfiguratio
n#restClientSsl matched:
      - @ConditionalOnBean 
(types: org.springframework.b
oot.ssl.SslBundles; 
SearchStrategy: all) found 
bean 'sslBundleRegistry'; 
@ConditionalOnMissingBean 
(types: org.springframework.b
oot.autoconfigure.web.client.
RestClientSsl; 
SearchStrategy: all) did not 
find any beans 
(OnBeanCondition)

   RestTemplateAutoConfigurat
ion matched:
      - @ConditionalOnClass 
found required class 'org.spr
ingframework.web.client.RestT
emplate' (OnClassCondition)
      - NoneNestedConditions 
0 matched 1 did not; 
NestedCondition on NotReactiv
eWebApplicationCondition.Reac
tiveWebApplication did not 
find reactive web 
application classes (NotReact
iveWebApplicationCondition)

   RestTemplateAutoConfigurat
ion#restTemplateBuilder 
matched:
      - 
@ConditionalOnMissingBean 
(types: org.springframework.b
oot.web.client.RestTemplateBu
ilder; SearchStrategy: all) 
did not find any beans 
(OnBeanCondition)

   ServletWebServerFactoryAut
oConfiguration matched:
      - @ConditionalOnClass 
found required class 'jakarta
.servlet.ServletRequest' 
(OnClassCondition)
      - found 'session' 
scope 
(OnWebApplicationCondition)

   ServletWebServerFactoryAut
oConfiguration.TomcatConfigur
ation matched:
      - @ConditionalOnClass 
found required class 'org.apa
che.catalina.startup.Tomcat' 
(OnClassCondition)

   ServletWebServerFactoryCon
figuration.EmbeddedTomcat 
matched:
      - @ConditionalOnClass 
found required classes 
'jakarta.servlet.Servlet', 'o
rg.apache.catalina.startup.To
mcat', 'org.apache.coyote.Upg
radeProtocol' 
(OnClassCondition)
      - 
@ConditionalOnMissingBean 
(types: org.springframework.b
oot.web.servlet.server.Servle
tWebServerFactory; 
SearchStrategy: current) did 
not find any beans 
(OnBeanCondition)

   SimpleCacheConfiguration 
matched:
      - Cache org.springframe
work.boot.autoconfigure.cache
.SimpleCacheConfiguration 
automatic cache type 
(CacheCondition)

   SpringDataWebAutoConfigura
tion matched:
      - @ConditionalOnClass 
found required classes 'org.s
pringframework.data.web.Pagea
bleHandlerMethodArgumentResol
ver', 'org.springframework.we
b.servlet.config.annotation.W
ebMvcConfigurer' 
(OnClassCondition)
      - found 'session' 
scope 
(OnWebApplicationCondition)
      - 
@ConditionalOnMissingBean 
(types: org.springframework.d
ata.web.PageableHandlerMethod
ArgumentResolver; 
SearchStrategy: all) did not 
find any beans 
(OnBeanCondition)

   SpringDataWebAutoConfigura
tion#pageableCustomizer 
matched:
      - 
@ConditionalOnMissingBean 
(types: org.springframework.d
ata.web.config.PageableHandle
rMethodArgumentResolverCustom
izer; SearchStrategy: all) 
did not find any beans 
(OnBeanCondition)

   SpringDataWebAutoConfigura
tion#sortCustomizer matched:
      - 
@ConditionalOnMissingBean 
(types: org.springframework.d
ata.web.config.SortHandlerMet
hodArgumentResolverCustomizer
; SearchStrategy: all) did 
not find any beans 
(OnBeanCondition)

   SpringDataWebAutoConfigura
tion#springDataWebSettings 
matched:
      - 
@ConditionalOnMissingBean 
(types: org.springframework.d
ata.web.config.SpringDataWebS
ettings; SearchStrategy: 
all) did not find any beans 
(OnBeanCondition)

   SpringDocConfigProperties 
matched:
      - 
@ConditionalOnProperty 
(springdoc.api-docs.enabled) 
matched (OnPropertyCondition)
      - @ConditionalOnBean 
(types: org.springdoc.core.co
nfiguration.SpringDocConfigur
ation; SearchStrategy: all) 
found bean 'org.springdoc.cor
e.configuration.SpringDocConf
iguration' (OnBeanCondition)

   SpringDocConfiguration 
matched:
      - 
@ConditionalOnWebApplication 
(required) found 'session' 
scope 
(OnWebApplicationCondition)
      - 
@ConditionalOnProperty 
(springdoc.api-docs.enabled) 
matched (OnPropertyCondition)

   SpringDocConfiguration#fil
eSupportConverter matched:
      - 
@ConditionalOnMissingBean 
(types: org.springdoc.core.co
nverters.FileSupportConverter
; SearchStrategy: all) did 
not find any beans 
(OnBeanCondition)

   SpringDocConfiguration#ope
nAPIBuilder matched:
      - 
@ConditionalOnMissingBean 
(types: org.springdoc.core.se
rvice.OpenAPIService; 
SearchStrategy: all) did not 
find any beans 
(OnBeanCondition)

   SpringDocConfiguration#ope
rationBuilder matched:
      - 
@ConditionalOnMissingBean 
(types: org.springdoc.core.se
rvice.OperationService; 
SearchStrategy: all) did not 
find any beans 
(OnBeanCondition)

   SpringDocConfiguration#par
ameterBuilder matched:
      - 
@ConditionalOnMissingBean 
(types: org.springdoc.core.se
rvice.GenericParameterService
; SearchStrategy: all) did 
not find any beans 
(OnBeanCondition)

   SpringDocConfiguration#pol
ymorphicModelConverter 
matched:
      - 
@ConditionalOnProperty (sprin
gdoc.model-converters.polymor
phic-converter.enabled) 
matched (OnPropertyCondition)
      - 
@ConditionalOnMissingBean 
(types: org.springdoc.core.co
nverters.PolymorphicModelConv
erter; SearchStrategy: all) 
did not find any beans 
(OnBeanCondition)

   SpringDocConfiguration#req
uestBodyBuilder matched:
      - 
@ConditionalOnMissingBean 
(types: org.springdoc.core.se
rvice.RequestBodyService; 
SearchStrategy: all) did not 
find any beans 
(OnBeanCondition)

   SpringDocConfiguration#res
ponseSupportConverter 
matched:
      - 
@ConditionalOnMissingBean 
(types: org.springdoc.core.co
nverters.ResponseSupportConve
rter; SearchStrategy: all) 
did not find any beans 
(OnBeanCondition)

   SpringDocConfiguration#sch
emaPropertyDeprecatingConvert
er matched:
      - 
@ConditionalOnProperty (sprin
gdoc.model-converters.depreca
ting-converter.enabled) 
matched (OnPropertyCondition)
      - 
@ConditionalOnMissingBean 
(types: org.springdoc.core.co
nverters.SchemaPropertyDeprec
atingConverter; 
SearchStrategy: all) did not 
find any beans 
(OnBeanCondition)

   SpringDocConfiguration#sec
urityParser matched:
      - 
@ConditionalOnMissingBean 
(types: org.springdoc.core.se
rvice.SecurityService; 
SearchStrategy: all) did not 
find any beans 
(OnBeanCondition)

   SpringDocConfiguration#spr
ingDocCustomizers matched:
      - 
@ConditionalOnMissingBean 
(types: org.springdoc.core.cu
stomizers.SpringDocCustomizer
s; SearchStrategy: all) did 
not find any beans 
(OnBeanCondition)

   SpringDocConfiguration#spr
ingDocProviders matched:
      - 
@ConditionalOnMissingBean 
(types: org.springdoc.core.pr
oviders.SpringDocProviders; 
SearchStrategy: all) did not 
find any beans 
(OnBeanCondition)

   SpringDocConfiguration#spr
ingdocObjectMapperProvider 
matched:
      - 
@ConditionalOnMissingBean 
(types: org.springdoc.core.pr
oviders.ObjectMapperProvider;
 SearchStrategy: all) did 
not find any beans 
(OnBeanCondition)

   SpringDocConfiguration.Que
rydslProvider matched:
      - @ConditionalOnClass 
found required class 'org.spr
ingframework.data.querydsl.bi
nding.QuerydslBindingsFactory
' (OnClassCondition)

   SpringDocConfiguration.Que
rydslProvider#queryDslQueryds
lPredicateOperationCustomizer
 matched:
      - 
@ConditionalOnMissingBean 
(types: org.springdoc.core.cu
stomizers.QuerydslPredicateOp
erationCustomizer; 
SearchStrategy: all) did not 
find any beans 
(OnBeanCondition)

   SpringDocConfiguration.Spr
ingDocSpringDataWebProperties
Provider matched:
      - @ConditionalOnClass 
found required class 'org.spr
ingframework.boot.autoconfigu
re.data.web.SpringDataWebProp
erties' (OnClassCondition)

   SpringDocConfiguration.Spr
ingDocSpringDataWebProperties
Provider#springDataWebPropert
iesProvider matched:
      - 
@ConditionalOnMissingBean 
(types: org.springdoc.core.pr
oviders.SpringDataWebProperti
esProvider; SearchStrategy: 
all) did not find any beans 
(OnBeanCondition)

   SpringDocConfiguration.Web
ConversionServiceConfiguratio
n matched:
      - @ConditionalOnClass 
found required class 'org.spr
ingframework.boot.autoconfigu
re.web.format.WebConversionSe
rvice' (OnClassCondition)

   SpringDocPageableConfigura
tion matched:
      - @ConditionalOnClass 
found required class 'org.spr
ingframework.data.domain.Page
able' (OnClassCondition)
      - 
@ConditionalOnWebApplication 
(required) found 'session' 
scope 
(OnWebApplicationCondition)
      - 
@ConditionalOnProperty 
(springdoc.api-docs.enabled) 
matched (OnPropertyCondition)
      - @ConditionalOnBean 
(types: org.springdoc.core.co
nfiguration.SpringDocConfigur
ation; SearchStrategy: all) 
found bean 'org.springdoc.cor
e.configuration.SpringDocConf
iguration' (OnBeanCondition)

   SpringDocPageableConfigura
tion#delegatingMethodParamete
rCustomizer matched:
      - 
@ConditionalOnMissingBean 
(types: org.springdoc.core.cu
stomizers.DelegatingMethodPar
ameterCustomizer; 
SearchStrategy: all) did not 
find any beans 
(OnBeanCondition)

   SpringDocPageableConfigura
tion#pageableOpenAPIConverter
 matched:
      - 
@ConditionalOnProperty (sprin
gdoc.model-converters.pageabl
e-converter.enabled) matched 
(OnPropertyCondition)
      - 
@ConditionalOnMissingBean 
(types: org.springdoc.core.co
nverters.PageableOpenAPIConve
rter; SearchStrategy: all) 
did not find any beans 
(OnBeanCondition)

   
SpringDocSortConfiguration 
matched:
      - @ConditionalOnClass 
found required class 'org.spr
ingframework.data.domain.Sort
' (OnClassCondition)
      - 
@ConditionalOnWebApplication 
(required) found 'session' 
scope 
(OnWebApplicationCondition)
      - 
@ConditionalOnProperty 
(springdoc.api-docs.enabled) 
matched (OnPropertyCondition)
      - @ConditionalOnBean 
(types: org.springdoc.core.co
nfiguration.SpringDocConfigur
ation; SearchStrategy: all) 
found bean 'org.springdoc.cor
e.configuration.SpringDocConf
iguration' (OnBeanCondition)

   SpringDocSortConfiguration
#sortOpenAPIConverter 
matched:
      - 
@ConditionalOnProperty (sprin
gdoc.sort-converter.enabled) 
matched (OnPropertyCondition)
      - 
@ConditionalOnMissingBean 
(types: org.springdoc.core.co
nverters.SortOpenAPIConverter
; SearchStrategy: all) did 
not find any beans 
(OnBeanCondition)

   SpringDocUIConfiguration 
matched:
      - 
@ConditionalOnWebApplication 
(required) found 'session' 
scope 
(OnWebApplicationCondition)
      - @ConditionalOnBean 
(types: org.springdoc.core.co
nfiguration.SpringDocConfigur
ation; SearchStrategy: all) 
found bean 'org.springdoc.cor
e.configuration.SpringDocConf
iguration' (OnBeanCondition)

   
SpringDocWebMvcConfiguration 
matched:
      - found 'session' 
scope 
(OnWebApplicationCondition)
      - 
@ConditionalOnProperty 
(springdoc.api-docs.enabled) 
matched (OnPropertyCondition)
      - @ConditionalOnBean 
(types: org.springdoc.core.co
nfiguration.SpringDocConfigur
ation; SearchStrategy: all) 
found bean 'org.springdoc.cor
e.configuration.SpringDocConf
iguration' (OnBeanCondition)

   SpringDocWebMvcConfigurati
on#openApiResource matched:
      - 
@ConditionalOnExpression (#{(
${springdoc.use-management-po
rt:false} == false ) and ${sp
ringdoc.enable-default-api-do
cs:true}}) resulted in true 
(OnExpressionCondition)
      - 
@ConditionalOnMissingBean 
(types: org.springdoc.webmvc.
api.OpenApiWebMvcResource; 
SearchStrategy: all) did not 
find any beans 
(OnBeanCondition)

   SpringDocWebMvcConfigurati
on#requestBuilder matched:
      - 
@ConditionalOnMissingBean 
(types: org.springdoc.webmvc.
core.service.RequestService; 
SearchStrategy: all) did not 
find any beans 
(OnBeanCondition)

   SpringDocWebMvcConfigurati
on#responseBuilder matched:
      - 
@ConditionalOnMissingBean 
(types: org.springdoc.core.se
rvice.GenericResponseService;
 SearchStrategy: all) did 
not find any beans 
(OnBeanCondition)

   SpringDocWebMvcConfigurati
on#springWebProvider matched:
      - 
@ConditionalOnMissingBean 
(types: org.springdoc.core.pr
oviders.SpringWebProvider; 
SearchStrategy: all) did not 
find any beans 
(OnBeanCondition)

   SpringDocWebMvcConfigurati
on.SpringDocWebMvcRouterConfi
guration matched:
      - @ConditionalOnClass 
found required class 'org.spr
ingframework.web.servlet.func
tion.RouterFunction' 
(OnClassCondition)

   SpringDocWebMvcConfigurati
on.SpringDocWebMvcRouterConfi
guration#routerFunctionProvid
er matched:
      - 
@ConditionalOnMissingBean 
(types: org.springdoc.webmvc.
core.providers.RouterFunction
WebMvcProvider; 
SearchStrategy: all) did not 
find any beans 
(OnBeanCondition)

   SqlInitializationAutoConfi
guration matched:
      - @ConditionalOnBoolean
Property (spring.sql.init.ena
bled=true) matched 
(OnPropertyCondition)
      - NoneNestedConditions 
0 matched 1 did not; 
NestedCondition on SqlInitial
izationAutoConfiguration.SqlI
nitializationModeCondition.Mo
deIsNever 
@ConditionalOnProperty 
(spring.sql.init.mode=never) 
did not find property 
'spring.sql.init.mode' (SqlIn
itializationAutoConfiguration
.SqlInitializationModeConditi
on)

   SslAutoConfiguration#sslBu
ndleRegistry matched:
      - 
@ConditionalOnMissingBean 
(types: org.springframework.b
oot.ssl.SslBundleRegistry,org
.springframework.boot.ssl.Ssl
Bundles; SearchStrategy: 
all) did not find any beans 
(OnBeanCondition)

   SwaggerConfig matched:
      - found 'session' 
scope 
(OnWebApplicationCondition)
      - 
@ConditionalOnProperty (sprin
gdoc.swagger-ui.enabled) 
matched (OnPropertyCondition)
      - @ConditionalOnBean 
(types: org.springdoc.core.co
nfiguration.SpringDocConfigur
ation; SearchStrategy: all) 
found bean 'org.springdoc.cor
e.configuration.SpringDocConf
iguration' (OnBeanCondition)

   SwaggerConfig#indexPageTra
nsformer matched:
      - 
@ConditionalOnMissingBean 
(types: org.springdoc.webmvc.
ui.SwaggerIndexTransformer; 
SearchStrategy: all) did not 
find any beans 
(OnBeanCondition)

   SwaggerConfig#swaggerConfi
gResource matched:
      - 
@ConditionalOnProperty (sprin
gdoc.use-management-port=fals
e) matched 
(OnPropertyCondition)
      - 
@ConditionalOnMissingBean 
(types: org.springdoc.webmvc.
ui.SwaggerConfigResource; 
SearchStrategy: all) did not 
find any beans 
(OnBeanCondition)

   SwaggerConfig#swaggerResou
rceResolver matched:
      - 
@ConditionalOnMissingBean 
(types: org.springdoc.webmvc.
ui.SwaggerResourceResolver; 
SearchStrategy: all) did not 
find any beans 
(OnBeanCondition)

   SwaggerConfig#swaggerWebMv
cConfigurer matched:
      - 
@ConditionalOnMissingBean 
(types: org.springdoc.webmvc.
ui.SwaggerWebMvcConfigurer; 
SearchStrategy: all) did not 
find any beans 
(OnBeanCondition)

   
SwaggerConfig#swaggerWelcome 
matched:
      - 
@ConditionalOnProperty (sprin
gdoc.use-management-port=fals
e) matched 
(OnPropertyCondition)
      - 
@ConditionalOnMissingBean 
(types: org.springdoc.webmvc.
ui.SwaggerWelcomeWebMvc; 
SearchStrategy: all) did not 
find any beans 
(OnBeanCondition)

   SwaggerUiConfigParameters 
matched:
      - 
@ConditionalOnProperty (sprin
gdoc.swagger-ui.enabled) 
matched (OnPropertyCondition)
      - @ConditionalOnBean 
(types: org.springdoc.core.co
nfiguration.SpringDocConfigur
ation; SearchStrategy: all) 
found bean 'org.springdoc.cor
e.configuration.SpringDocConf
iguration' (OnBeanCondition)

   SwaggerUiConfigProperties 
matched:
      - 
@ConditionalOnProperty (sprin
gdoc.swagger-ui.enabled) 
matched (OnPropertyCondition)
      - @ConditionalOnBean 
(types: org.springdoc.core.co
nfiguration.SpringDocConfigur
ation; SearchStrategy: all) 
found bean 'org.springdoc.cor
e.configuration.SpringDocConf
iguration' (OnBeanCondition)

   SwaggerUiOAuthProperties 
matched:
      - 
@ConditionalOnProperty (sprin
gdoc.swagger-ui.enabled) 
matched (OnPropertyCondition)
      - @ConditionalOnBean 
(types: org.springdoc.core.co
nfiguration.SpringDocConfigur
ation; SearchStrategy: all) 
found bean 'org.springdoc.cor
e.configuration.SpringDocConf
iguration' (OnBeanCondition)

   TaskExecutionAutoConfigura
tion matched:
      - @ConditionalOnClass 
found required class 'org.spr
ingframework.scheduling.concu
rrent.ThreadPoolTaskExecutor'
 (OnClassCondition)

   TaskExecutorConfigurations
.AsyncConfigurerConfiguration
 matched:
      - 
@ConditionalOnMissingBean 
(types: org.springframework.s
cheduling.annotation.AsyncCon
figurer; SearchStrategy: 
all) did not find any beans 
(OnBeanCondition)

   TaskExecutorConfigurations
.AsyncConfigurerConfiguration
#applicationTaskExecutorAsync
Configurer matched:
      - 
@ConditionalOnMissingBean 
(types: org.springframework.s
cheduling.annotation.AsyncCon
figurer; SearchStrategy: 
all) did not find any beans 
(OnBeanCondition)

   TaskExecutorConfigurations
.SimpleAsyncTaskExecutorBuild
erConfiguration#simpleAsyncTa
skExecutorBuilder matched:
      - 
@ConditionalOnMissingBean 
(types: org.springframework.b
oot.task.SimpleAsyncTaskExecu
torBuilder; SearchStrategy: 
all) did not find any beans 
(OnBeanCondition)
      - 
@ConditionalOnThreading 
found PLATFORM 
(OnThreadingCondition)

   TaskExecutorConfigurations
.TaskExecutorConfiguration 
matched:
      - AnyNestedCondition 1 
matched 1 did not; 
NestedCondition on TaskExecut
orConfigurations.OnExecutorCo
ndition.ModelCondition 
@ConditionalOnProperty (sprin
g.task.execution.mode=force) 
did not find property 'spring
.task.execution.mode'; 
NestedCondition on TaskExecut
orConfigurations.OnExecutorCo
ndition.ExecutorBeanCondition
 @ConditionalOnMissingBean 
(types: java.util.concurrent.
Executor; SearchStrategy: 
all) did not find any beans (
TaskExecutorConfigurations.On
ExecutorCondition)

   TaskExecutorConfigurations
.TaskExecutorConfiguration#ap
plicationTaskExecutor 
matched:
      - 
@ConditionalOnThreading 
found PLATFORM 
(OnThreadingCondition)

   TaskExecutorConfigurations
.ThreadPoolTaskExecutorBuilde
rConfiguration#threadPoolTask
ExecutorBuilder matched:
      - 
@ConditionalOnMissingBean 
(types: org.springframework.b
oot.task.ThreadPoolTaskExecut
orBuilder; SearchStrategy: 
all) did not find any beans 
(OnBeanCondition)

   TaskSchedulingAutoConfigur
ation matched:
      - @ConditionalOnClass 
found required class 'org.spr
ingframework.scheduling.concu
rrent.ThreadPoolTaskScheduler
' (OnClassCondition)

   TaskSchedulingConfiguratio
ns.SimpleAsyncTaskSchedulerBu
ilderConfiguration#simpleAsyn
cTaskSchedulerBuilder 
matched:
      - 
@ConditionalOnMissingBean 
(types: org.springframework.b
oot.task.SimpleAsyncTaskSched
ulerBuilder; SearchStrategy: 
all) did not find any beans 
(OnBeanCondition)
      - 
@ConditionalOnThreading 
found PLATFORM 
(OnThreadingCondition)

   TaskSchedulingConfiguratio
ns.ThreadPoolTaskSchedulerBui
lderConfiguration#threadPoolT
askSchedulerBuilder matched:
      - 
@ConditionalOnMissingBean 
(types: org.springframework.b
oot.task.ThreadPoolTaskSchedu
lerBuilder; SearchStrategy: 
all) did not find any beans 
(OnBeanCondition)

   
TransactionAutoConfiguration 
matched:
      - @ConditionalOnClass 
found required class 'org.spr
ingframework.transaction.Plat
formTransactionManager' 
(OnClassCondition)

   TransactionAutoConfigurati
on.EnableTransactionManagemen
tConfiguration matched:
      - @ConditionalOnBean 
(types: org.springframework.t
ransaction.TransactionManager
; SearchStrategy: all) found 
bean 'transactionManager'; 
@ConditionalOnMissingBean 
(types: org.springframework.t
ransaction.annotation.Abstrac
tTransactionManagementConfigu
ration; SearchStrategy: all) 
did not find any beans 
(OnBeanCondition)

   TransactionAutoConfigurati
on.EnableTransactionManagemen
tConfiguration.CglibAutoProxy
Configuration matched:
      - @ConditionalOnBoolean
Property (spring.aop.proxy-ta
rget-class=true) matched 
(OnPropertyCondition)

   TransactionAutoConfigurati
on.TransactionTemplateConfigu
ration matched:
      - @ConditionalOnSingleC
andidate (types: org.springfr
amework.transaction.PlatformT
ransactionManager; 
SearchStrategy: all) found a 
single bean 
'transactionManager' 
(OnBeanCondition)

   TransactionAutoConfigurati
on.TransactionTemplateConfigu
ration#transactionTemplate 
matched:
      - 
@ConditionalOnMissingBean 
(types: org.springframework.t
ransaction.support.Transactio
nOperations; SearchStrategy: 
all) did not find any beans 
(OnBeanCondition)

   TransactionManagerCustomiz
ationAutoConfiguration 
matched:
      - @ConditionalOnClass 
found required class 'org.spr
ingframework.transaction.Plat
formTransactionManager' 
(OnClassCondition)

   TransactionManagerCustomiz
ationAutoConfiguration#platfo
rmTransactionManagerCustomize
rs matched:
      - 
@ConditionalOnMissingBean 
(types: org.springframework.b
oot.autoconfigure.transaction
.TransactionManagerCustomizer
s; SearchStrategy: all) did 
not find any beans 
(OnBeanCondition)

   
ValidationAutoConfiguration 
matched:
      - @ConditionalOnClass 
found required class 'jakarta
.validation.executable.Execut
ableValidator' 
(OnClassCondition)
      - 
@ConditionalOnResource found 
location classpath:META-INF/s
ervices/jakarta.validation.sp
i.ValidationProvider 
(OnResourceCondition)

   ValidationAutoConfiguratio
n#defaultValidator matched:
      - 
@ConditionalOnMissingBean 
(types: jakarta.validation.Va
lidator; SearchStrategy: 
all) did not find any beans 
(OnBeanCondition)

   ValidationAutoConfiguratio
n#methodValidationPostProcess
or matched:
      - 
@ConditionalOnMissingBean 
(types: org.springframework.v
alidation.beanvalidation.Meth
odValidationPostProcessor; 
SearchStrategy: current) did 
not find any beans 
(OnBeanCondition)

   WebMvcAutoConfiguration 
matched:
      - @ConditionalOnClass 
found required classes 
'jakarta.servlet.Servlet', 'o
rg.springframework.web.servle
t.DispatcherServlet', 'org.sp
ringframework.web.servlet.con
fig.annotation.WebMvcConfigur
er' (OnClassCondition)
      - found 'session' 
scope 
(OnWebApplicationCondition)
      - 
@ConditionalOnMissingBean 
(types: org.springframework.w
eb.servlet.config.annotation.
WebMvcConfigurationSupport; 
SearchStrategy: all) did not 
find any beans 
(OnBeanCondition)

   WebMvcAutoConfiguration#fo
rmContentFilter matched:
      - @ConditionalOnBoolean
Property (spring.mvc.formcont
ent.filter.enabled=true) 
matched (OnPropertyCondition)
      - 
@ConditionalOnMissingBean 
(types: org.springframework.w
eb.filter.FormContentFilter; 
SearchStrategy: all) did not 
find any beans 
(OnBeanCondition)

   WebMvcAutoConfiguration.En
ableWebMvcConfiguration#flash
MapManager matched:
      - 
@ConditionalOnMissingBean 
(names: flashMapManager; 
SearchStrategy: all) did not 
find any beans 
(OnBeanCondition)

   WebMvcAutoConfiguration.En
ableWebMvcConfiguration#local
eResolver matched:
      - 
@ConditionalOnMissingBean 
(names: localeResolver; 
SearchStrategy: all) did not 
find any beans 
(OnBeanCondition)

   WebMvcAutoConfiguration.En
ableWebMvcConfiguration#theme
Resolver matched:
      - 
@ConditionalOnMissingBean 
(names: themeResolver; 
SearchStrategy: all) did not 
find any beans 
(OnBeanCondition)

   WebMvcAutoConfiguration.En
ableWebMvcConfiguration#viewN
ameTranslator matched:
      - 
@ConditionalOnMissingBean 
(names: viewNameTranslator; 
SearchStrategy: all) did not 
find any beans 
(OnBeanCondition)

   WebMvcAutoConfiguration.We
bMvcAutoConfigurationAdapter#
defaultViewResolver matched:
      - 
@ConditionalOnMissingBean 
(types: org.springframework.w
eb.servlet.view.InternalResou
rceViewResolver; 
SearchStrategy: all) did not 
find any beans 
(OnBeanCondition)

   WebMvcAutoConfiguration.We
bMvcAutoConfigurationAdapter#
requestContextFilter matched:
      - 
@ConditionalOnMissingBean 
(types: org.springframework.w
eb.context.request.RequestCon
textListener,org.springframew
ork.web.filter.RequestContext
Filter; SearchStrategy: all) 
did not find any beans 
(OnBeanCondition)

   WebMvcAutoConfiguration.We
bMvcAutoConfigurationAdapter#
viewResolver matched:
      - @ConditionalOnBean 
(types: org.springframework.w
eb.servlet.ViewResolver; 
SearchStrategy: all) found 
beans 'defaultViewResolver', 
'beanNameViewResolver', 
'mvcViewResolver'; 
@ConditionalOnMissingBean 
(names: viewResolver types: o
rg.springframework.web.servle
t.view.ContentNegotiatingView
Resolver; SearchStrategy: 
all) did not find any beans 
(OnBeanCondition)

   WebSocketServletAutoConfig
uration matched:
      - @ConditionalOnClass 
found required classes 
'jakarta.servlet.Servlet', 'j
akarta.websocket.server.Serve
rContainer' 
(OnClassCondition)
      - found 'session' 
scope 
(OnWebApplicationCondition)

   WebSocketServletAutoConfig
uration.TomcatWebSocketConfig
uration matched:
      - @ConditionalOnClass 
found required classes 'org.a
pache.catalina.startup.Tomcat
', 'org.apache.tomcat.websock
et.server.WsSci' 
(OnClassCondition)

   WebSocketServletAutoConfig
uration.TomcatWebSocketConfig
uration#websocketServletWebSe
rverCustomizer matched:
      - 
@ConditionalOnMissingBean 
(names: websocketServletWebSe
rverCustomizer; 
SearchStrategy: all) did not 
find any beans 
(OnBeanCondition)


Negative matches:
-----------------

   ActiveMQAutoConfiguration:
      Did not match:
         - 
@ConditionalOnClass did not 
find required class 'jakarta.
jms.ConnectionFactory' 
(OnClassCondition)

   AopAutoConfiguration.Aspec
tJAutoProxyingConfiguration.J
dkDynamicAutoProxyConfigurati
on:
      Did not match:
         - @ConditionalOnBool
eanProperty (spring.aop.proxy
-target-class=false) did not 
find property 'spring.aop.pro
xy-target-class' 
(OnPropertyCondition)

   AopAutoConfiguration.Class
ProxyingConfiguration:
      Did not match:
         - 
@ConditionalOnMissingClass 
found unwanted class 
'org.aspectj.weaver.Advice' 
(OnClassCondition)

   ArtemisAutoConfiguration:
      Did not match:
         - 
@ConditionalOnClass did not 
find required class 'jakarta.
jms.ConnectionFactory' 
(OnClassCondition)

   BatchAutoConfiguration:
      Did not match:
         - 
@ConditionalOnClass did not 
find required class 'org.spri
ngframework.batch.core.launch
.JobLauncher' 
(OnClassCondition)

   Cache2kCacheConfiguration:
      Did not match:
         - 
@ConditionalOnClass did not 
find required class 
'org.cache2k.Cache2kBuilder' 
(OnClassCondition)

   CacheAutoConfiguration:
      Did not match:
         - 
@ConditionalOnBean (types: or
g.springframework.cache.inter
ceptor.CacheAspectSupport; 
SearchStrategy: all) did not 
find any beans of type org.sp
ringframework.cache.intercept
or.CacheAspectSupport 
(OnBeanCondition)
      Matched:
         - 
@ConditionalOnClass found 
required class 'org.springfra
mework.cache.CacheManager' 
(OnClassCondition)

   CacheAutoConfiguration.Cac
heManagerEntityManagerFactory
DependsOnPostProcessor:
      Did not match:
         - Ancestor org.sprin
gframework.boot.autoconfigure
.cache.CacheAutoConfiguration
 did not match (ConditionEval
uationReport.AncestorsMatched
Condition)
      Matched:
         - 
@ConditionalOnClass found 
required class 'org.springfra
mework.orm.jpa.LocalContainer
EntityManagerFactoryBean' 
(OnClassCondition)

   
CaffeineCacheConfiguration:
      Did not match:
         - 
@ConditionalOnClass did not 
find required class 'org.spri
ngframework.cache.caffeine.Ca
ffeineCacheManager' 
(OnClassCondition)

   
CassandraAutoConfiguration:
      Did not match:
         - 
@ConditionalOnClass did not 
find required class 'com.data
stax.oss.driver.api.core.CqlS
ession' (OnClassCondition)

   CassandraDataAutoConfigura
tion:
      Did not match:
         - 
@ConditionalOnClass did not 
find required class 'com.data
stax.oss.driver.api.core.CqlS
ession' (OnClassCondition)

   CassandraReactiveDataAutoC
onfiguration:
      Did not match:
         - 
@ConditionalOnClass did not 
find required class 'com.data
stax.oss.driver.api.core.CqlS
ession' (OnClassCondition)

   CassandraReactiveRepositor
iesAutoConfiguration:
      Did not match:
         - 
@ConditionalOnClass did not 
find required class 'org.spri
ngframework.data.cassandra.Re
activeSession' 
(OnClassCondition)

   CassandraRepositoriesAutoC
onfiguration:
      Did not match:
         - 
@ConditionalOnClass did not 
find required class 'com.data
stax.oss.driver.api.core.CqlS
ession' (OnClassCondition)

   org.springframework.boot.a
utoconfigure.http.client.reac
tive.ClientHttpConnectorAutoC
onfiguration:
      Did not match:
         - 
@ConditionalOnClass did not 
find required class 'reactor.
core.publisher.Mono' 
(OnClassCondition)

   org.springframework.boot.a
utoconfigure.web.reactive.fun
ction.client.ClientHttpConnec
torAutoConfiguration:
      Did not match:
         - 
@ConditionalOnClass did not 
find required class 'org.spri
ngframework.web.reactive.func
tion.client.WebClient' 
(OnClassCondition)

   CodecsAutoConfiguration:
      Did not match:
         - 
@ConditionalOnClass did not 
find required class 'org.spri
ngframework.web.reactive.func
tion.client.WebClient' 
(OnClassCondition)

   
CouchbaseAutoConfiguration:
      Did not match:
         - 
@ConditionalOnClass did not 
find required class 'com.couc
hbase.client.java.Cluster' 
(OnClassCondition)

   
CouchbaseCacheConfiguration:
      Did not match:
         - 
@ConditionalOnClass did not 
find required class 'com.couc
hbase.client.java.Cluster' 
(OnClassCondition)

   CouchbaseDataAutoConfigura
tion:
      Did not match:
         - 
@ConditionalOnClass did not 
find required class 'com.couc
hbase.client.java.Bucket' 
(OnClassCondition)

   CouchbaseReactiveDataAutoC
onfiguration:
      Did not match:
         - 
@ConditionalOnClass did not 
find required class 'com.couc
hbase.client.java.Cluster' 
(OnClassCondition)

   CouchbaseReactiveRepositor
iesAutoConfiguration:
      Did not match:
         - 
@ConditionalOnClass did not 
find required class 'com.couc
hbase.client.java.Cluster' 
(OnClassCondition)

   CouchbaseRepositoriesAutoC
onfiguration:
      Did not match:
         - 
@ConditionalOnClass did not 
find required class 'com.couc
hbase.client.java.Bucket' 
(OnClassCondition)

   DataSourceAutoConfiguratio
n.EmbeddedDatabaseConfigurati
on:
      Did not match:
         - 
EmbeddedDataSource 
spring.datasource.url is set 
(DataSourceAutoConfiguration.
EmbeddedDatabaseCondition)

   DataSourceCheckpointRestor
eConfiguration:
      Did not match:
         - 
@ConditionalOnClass did not 
find required class 
'org.crac.Resource' 
(OnClassCondition)

   DataSourceConfiguration.Db
cp2:
      Did not match:
         - 
@ConditionalOnClass did not 
find required class 'org.apac
he.commons.dbcp2.BasicDataSou
rce' (OnClassCondition)

   DataSourceConfiguration.Ge
neric:
      Did not match:
         - 
@ConditionalOnProperty 
(spring.datasource.type) did 
not find property 
'spring.datasource.type' 
(OnPropertyCondition)

   DataSourceConfiguration.Or
acleUcp:
      Did not match:
         - 
@ConditionalOnClass did not 
find required classes 'oracle
.ucp.jdbc.PoolDataSourceImpl'
, 'oracle.jdbc.OracleConnecti
on' (OnClassCondition)

   DataSourceConfiguration.To
mcat:
      Did not match:
         - 
@ConditionalOnClass did not 
find required class 'org.apac
he.tomcat.jdbc.pool.DataSourc
e' (OnClassCondition)

   
DataSourceJmxConfiguration:
      Did not match:
         - @ConditionalOnBool
eanProperty 
(spring.jmx.enabled=true) 
found different value in 
property 
'spring.jmx.enabled' 
(OnPropertyCondition)

   DataSourcePoolMetadataProv
idersConfiguration.CommonsDbc
p2PoolDataSourceMetadataProvi
derConfiguration:
      Did not match:
         - 
@ConditionalOnClass did not 
find required class 'org.apac
he.commons.dbcp2.BasicDataSou
rce' (OnClassCondition)

   DataSourcePoolMetadataProv
idersConfiguration.OracleUcpP
oolDataSourceMetadataProvider
Configuration:
      Did not match:
         - 
@ConditionalOnClass did not 
find required classes 'oracle
.ucp.jdbc.PoolDataSource', 'o
racle.jdbc.OracleConnection' 
(OnClassCondition)

   DataSourcePoolMetadataProv
idersConfiguration.TomcatData
SourcePoolMetadataProviderCon
figuration:
      Did not match:
         - 
@ConditionalOnClass did not 
find required class 'org.apac
he.tomcat.jdbc.pool.DataSourc
e' (OnClassCondition)

   DataSourceTransactionManag
erAutoConfiguration.JdbcTrans
actionManagerConfiguration#tr
ansactionManager:
      Did not match:
         - 
@ConditionalOnMissingBean 
(types: org.springframework.t
ransaction.TransactionManager
; SearchStrategy: all) found 
beans of type 'org.springfram
ework.transaction.Transaction
Manager' transactionManager 
(OnBeanCondition)

   DispatcherServletAutoConfi
guration.DispatcherServletCon
figuration#multipartResolver:
      Did not match:
         - 
@ConditionalOnBean (types: or
g.springframework.web.multipa
rt.MultipartResolver; 
SearchStrategy: all) did not 
find any beans of type org.sp
ringframework.web.multipart.M
ultipartResolver 
(OnBeanCondition)

   ElasticsearchClientAutoCon
figuration:
      Did not match:
         - 
@ConditionalOnClass did not 
find required class 'co.elast
ic.clients.elasticsearch.Elas
ticsearchClient' 
(OnClassCondition)

   ElasticsearchDataAutoConfi
guration:
      Did not match:
         - 
@ConditionalOnClass did not 
find required class 'org.spri
ngframework.data.elasticsearc
h.client.elc.ElasticsearchTem
plate' (OnClassCondition)

   ElasticsearchRepositoriesA
utoConfiguration:
      Did not match:
         - 
@ConditionalOnClass did not 
find required class 'org.spri
ngframework.data.elasticsearc
h.repository.ElasticsearchRep
ository' (OnClassCondition)

   ElasticsearchRestClientAut
oConfiguration:
      Did not match:
         - 
@ConditionalOnClass did not 
find required class 'org.elas
ticsearch.client.RestClientBu
ilder' (OnClassCondition)

   EmbeddedLdapAutoConfigurat
ion:
      Did not match:
         - 
@ConditionalOnClass did not 
find required class 'com.unbo
undid.ldap.listener.InMemoryD
irectoryServer' 
(OnClassCondition)

   EmbeddedWebServerFactoryCu
stomizerAutoConfiguration:
      Did not match:
         - Application is 
deployed as a WAR file. 
(OnWarDeploymentCondition)
      Matched:
         - 
@ConditionalOnWebApplication 
(required) found 'session' 
scope 
(OnWebApplicationCondition)

   ErrorWebFluxAutoConfigurat
ion:
      Did not match:
         - 
@ConditionalOnClass did not 
find required class 'org.spri
ngframework.web.reactive.conf
ig.WebFluxConfigurer' 
(OnClassCondition)

   FlywayAutoConfiguration:
      Did not match:
         - 
@ConditionalOnClass did not 
find required class 
'org.flywaydb.core.Flyway' 
(OnClassCondition)

   
FreeMarkerAutoConfiguration:
      Did not match:
         - 
@ConditionalOnClass did not 
find required class 'freemark
er.template.Configuration' 
(OnClassCondition)

   GraphQlAutoConfiguration:
      Did not match:
         - 
@ConditionalOnClass did not 
find required class 
'graphql.GraphQL' 
(OnClassCondition)

   GraphQlQueryByExampleAutoC
onfiguration:
      Did not match:
         - 
@ConditionalOnClass did not 
find required class 
'graphql.GraphQL' 
(OnClassCondition)

   GraphQlQuerydslAutoConfigu
ration:
      Did not match:
         - 
@ConditionalOnClass did not 
find required class 
'com.querydsl.core.Query' 
(OnClassCondition)

   GraphQlRSocketAutoConfigur
ation:
      Did not match:
         - 
@ConditionalOnClass did not 
find required class 
'graphql.GraphQL' 
(OnClassCondition)

   GraphQlReactiveQueryByExam
pleAutoConfiguration:
      Did not match:
         - 
@ConditionalOnClass did not 
find required class 
'graphql.GraphQL' 
(OnClassCondition)

   GraphQlReactiveQuerydslAut
oConfiguration:
      Did not match:
         - 
@ConditionalOnClass did not 
find required class 
'com.querydsl.core.Query' 
(OnClassCondition)

   GraphQlWebFluxAutoConfigur
ation:
      Did not match:
         - 
@ConditionalOnClass did not 
find required class 
'graphql.GraphQL' 
(OnClassCondition)

   GraphQlWebFluxSecurityAuto
Configuration:
      Did not match:
         - 
@ConditionalOnClass did not 
find required class 
'graphql.GraphQL' 
(OnClassCondition)

   GraphQlWebMvcAutoConfigura
tion:
      Did not match:
         - 
@ConditionalOnClass did not 
find required class 
'graphql.GraphQL' 
(OnClassCondition)

   GraphQlWebMvcSecurityAutoC
onfiguration:
      Did not match:
         - 
@ConditionalOnClass did not 
find required class 
'graphql.GraphQL' 
(OnClassCondition)

   GroovyTemplateAutoConfigur
ation:
      Did not match:
         - 
@ConditionalOnClass did not 
find required class 'groovy.t
ext.markup.MarkupTemplateEngi
ne' (OnClassCondition)

   GsonAutoConfiguration:
      Did not match:
         - 
@ConditionalOnClass did not 
find required class 
'com.google.gson.Gson' 
(OnClassCondition)

   GsonHttpMessageConvertersC
onfiguration:
      Did not match:
         - 
@ConditionalOnClass did not 
find required class 
'com.google.gson.Gson' 
(OnClassCondition)

   
H2ConsoleAutoConfiguration:
      Did not match:
         - @ConditionalOnBool
eanProperty (spring.h2.consol
e.enabled=true) did not find 
property 
'spring.h2.console.enabled' 
(OnPropertyCondition)
      Matched:
         - 
@ConditionalOnClass found 
required class 'org.h2.server
.web.JakartaWebServlet' 
(OnClassCondition)
         - found 'session' 
scope 
(OnWebApplicationCondition)

   
HazelcastAutoConfiguration:
      Did not match:
         - 
@ConditionalOnClass did not 
find required class 'com.haze
lcast.core.HazelcastInstance'
 (OnClassCondition)

   
HazelcastCacheConfiguration:
      Did not match:
         - 
@ConditionalOnClass did not 
find required class 'com.haze
lcast.core.HazelcastInstance'
 (OnClassCondition)

   HazelcastJpaDependencyAuto
Configuration:
      Did not match:
         - 
@ConditionalOnClass did not 
find required class 'com.haze
lcast.core.HazelcastInstance'
 (OnClassCondition)

   
HttpHandlerAutoConfiguration:
      Did not match:
         - 
@ConditionalOnClass did not 
find required class 'org.spri
ngframework.web.reactive.Disp
atcherHandler' 
(OnClassCondition)

   
HypermediaAutoConfiguration:
      Did not match:
         - 
@ConditionalOnClass did not 
find required class 'org.spri
ngframework.hateoas.EntityMod
el' (OnClassCondition)

   
InfinispanCacheConfiguration:
      Did not match:
         - 
@ConditionalOnClass did not 
find required class 'org.infi
nispan.spring.embedded.provid
er.SpringEmbeddedCacheManager
' (OnClassCondition)

   
IntegrationAutoConfiguration:
      Did not match:
         - 
@ConditionalOnClass did not 
find required class 'org.spri
ngframework.integration.confi
g.EnableIntegration' 
(OnClassCondition)

   JCacheCacheConfiguration:
      Did not match:
         - 
@ConditionalOnClass did not 
find required class 
'javax.cache.Caching' 
(OnClassCondition)

   JacksonHttpMessageConverte
rsConfiguration.MappingJackso
n2XmlHttpMessageConverterConf
iguration:
      Did not match:
         - 
@ConditionalOnClass did not 
find required class 'com.fast
erxml.jackson.dataformat.xml.
XmlMapper' (OnClassCondition)

   JdbcRepositoriesAutoConfig
uration:
      Did not match:
         - 
@ConditionalOnClass did not 
find required class 'org.spri
ngframework.data.jdbc.reposit
ory.config.AbstractJdbcConfig
uration' (OnClassCondition)

   JerseyAutoConfiguration:
      Did not match:
         - 
@ConditionalOnClass did not 
find required class 'org.glas
sfish.jersey.server.spring.Sp
ringComponentProvider' 
(OnClassCondition)

   JmsAutoConfiguration:
      Did not match:
         - 
@ConditionalOnClass did not 
find required class 
'jakarta.jms.Message' 
(OnClassCondition)

   JmxAutoConfiguration:
      Did not match:
         - @ConditionalOnBool
eanProperty 
(spring.jmx.enabled=true) 
found different value in 
property 
'spring.jmx.enabled' 
(OnPropertyCondition)
      Matched:
         - 
@ConditionalOnClass found 
required class 'org.springfra
mework.jmx.export.MBeanExport
er' (OnClassCondition)

   JndiConnectionFactoryAutoC
onfiguration:
      Did not match:
         - 
@ConditionalOnClass did not 
find required class 'org.spri
ngframework.jms.core.JmsTempl
ate' (OnClassCondition)

   JndiDataSourceAutoConfigur
ation:
      Did not match:
         - 
@ConditionalOnProperty (sprin
g.datasource.jndi-name) did 
not find property 'spring.dat
asource.jndi-name' 
(OnPropertyCondition)
      Matched:
         - 
@ConditionalOnClass found 
required classes 
'javax.sql.DataSource', 'org.
springframework.jdbc.datasour
ce.embedded.EmbeddedDatabaseT
ype' (OnClassCondition)

   JndiJtaConfiguration:
      Did not match:
         - 
@ConditionalOnJndi JNDI 
environment is not available 
(OnJndiCondition)
      Matched:
         - 
@ConditionalOnClass found 
required class 'org.springfra
mework.transaction.jta.JtaTra
nsactionManager' 
(OnClassCondition)

   JooqAutoConfiguration:
      Did not match:
         - 
@ConditionalOnClass did not 
find required class 
'org.jooq.DSLContext' 
(OnClassCondition)

   JpaRepositoriesAutoConfigu
ration#entityManagerFactoryBo
otstrapExecutorCustomizer:
      Did not match:
         - 
AnyNestedCondition 0 matched 
2 did not; NestedCondition 
on JpaRepositoriesAutoConfigu
ration.BootstrapExecutorCondi
tion.LazyBootstrapMode 
@ConditionalOnProperty (sprin
g.data.jpa.repositories.boots
trap-mode=lazy) did not find 
property 'spring.data.jpa.rep
ositories.bootstrap-mode'; 
NestedCondition on JpaReposit
oriesAutoConfiguration.Bootst
rapExecutorCondition.Deferred
BootstrapMode 
@ConditionalOnProperty (sprin
g.data.jpa.repositories.boots
trap-mode=deferred) did not 
find property 'spring.data.jp
a.repositories.bootstrap-mode
' (JpaRepositoriesAutoConfigu
ration.BootstrapExecutorCondi
tion)

   JsonbAutoConfiguration:
      Did not match:
         - 
@ConditionalOnClass did not 
find required class 
'jakarta.json.bind.Jsonb' 
(OnClassCondition)

   JsonbHttpMessageConverters
Configuration:
      Did not match:
         - 
@ConditionalOnClass did not 
find required class 
'jakarta.json.bind.Jsonb' 
(OnClassCondition)

   KafkaAutoConfiguration:
      Did not match:
         - 
@ConditionalOnClass did not 
find required class 'org.spri
ngframework.kafka.core.KafkaT
emplate' (OnClassCondition)

   LdapAutoConfiguration:
      Did not match:
         - 
@ConditionalOnClass did not 
find required class 'org.spri
ngframework.ldap.core.Context
Source' (OnClassCondition)

   LdapRepositoriesAutoConfig
uration:
      Did not match:
         - 
@ConditionalOnClass did not 
find required class 'org.spri
ngframework.data.ldap.reposit
ory.LdapRepository' 
(OnClassCondition)

   LiquibaseAutoConfiguration
.CustomizerConfiguration#spri
ngLiquibaseCustomizer:
      Did not match:
         - 
@ConditionalOnBean (types: li
quibase.integration.spring.Cu
stomizer; SearchStrategy: 
all) did not find any beans 
of type liquibase.integration
.spring.Customizer 
(OnBeanCondition)

   
MailSenderAutoConfiguration:
      Did not match:
         - 
@ConditionalOnClass did not 
find required class 'jakarta.
mail.internet.MimeMessage' 
(OnClassCondition)

   MailSenderValidatorAutoCon
figuration:
      Did not match:
         - @ConditionalOnSing
leCandidate did not find 
required type 'org.springfram
ework.mail.javamail.JavaMailS
enderImpl' (OnBeanCondition)

   MessageSourceAutoConfigura
tion:
      Did not match:
         - ResourceBundle 
did not find bundle with 
basename messages (MessageSou
rceAutoConfiguration.Resource
BundleCondition)

   MockMvcAutoConfiguration#d
ispatcherServlet:
      Did not match:
         - 
@ConditionalOnMissingBean 
(types: org.springframework.w
eb.servlet.DispatcherServlet;
 SearchStrategy: all) found 
beans of type 'org.springfram
ework.web.servlet.DispatcherS
ervlet' dispatcherServlet 
(OnBeanCondition)

   MockMvcAutoConfiguration#d
ispatcherServletPath:
      Did not match:
         - 
@ConditionalOnMissingBean 
(types: org.springframework.b
oot.autoconfigure.web.servlet
.DispatcherServletPath; 
SearchStrategy: all) found 
beans of type 'org.springfram
ework.boot.autoconfigure.web.
servlet.DispatcherServletPath
' dispatcherServletRegistrati
on (OnBeanCondition)

   MockMvcAutoConfiguration.W
ebTestClientMockMvcConfigurat
ion:
      Did not match:
         - 
@ConditionalOnClass did not 
find required class 'org.spri
ngframework.web.reactive.func
tion.client.WebClient' 
(OnClassCondition)

   
MockMvcSecurityConfiguration:
      Did not match:
         - 
@ConditionalOnClass did not 
find required class 'org.spri
ngframework.security.test.web
.servlet.request.SecurityMock
MvcRequestPostProcessors' 
(OnClassCondition)

   MockMvcWebClientAutoConfig
uration:
      Did not match:
         - 
@ConditionalOnClass did not 
find required class 
'org.htmlunit.WebClient' 
(OnClassCondition)

   MockMvcWebDriverAutoConfig
uration:
      Did not match:
         - 
@ConditionalOnClass did not 
find required class 'org.open
qa.selenium.htmlunit.HtmlUnit
Driver' (OnClassCondition)

   MongoAutoConfiguration:
      Did not match:
         - 
@ConditionalOnClass did not 
find required class 'com.mong
odb.client.MongoClient' 
(OnClassCondition)

   
MongoDataAutoConfiguration:
      Did not match:
         - 
@ConditionalOnClass did not 
find required class 'com.mong
odb.client.MongoClient' 
(OnClassCondition)

   MongoReactiveAutoConfigura
tion:
      Did not match:
         - 
@ConditionalOnClass did not 
find required class 'com.mong
odb.reactivestreams.client.Mo
ngoClient' (OnClassCondition)

   MongoReactiveDataAutoConfi
guration:
      Did not match:
         - 
@ConditionalOnClass did not 
find required class 'com.mong
odb.reactivestreams.client.Mo
ngoClient' (OnClassCondition)

   MongoReactiveRepositoriesA
utoConfiguration:
      Did not match:
         - 
@ConditionalOnClass did not 
find required class 'com.mong
odb.reactivestreams.client.Mo
ngoClient' (OnClassCondition)

   MongoRepositoriesAutoConfi
guration:
      Did not match:
         - 
@ConditionalOnClass did not 
find required class 'com.mong
odb.client.MongoClient' 
(OnClassCondition)

   MultipleOpenApiSupportConf
iguration:
      Did not match:
         - 
AnyNestedCondition 0 matched 
2 did not; NestedCondition 
on MultipleOpenApiSupportCond
ition.OnActuatorDifferentPort
 @ConditionalOnProperty 
(springdoc.show-actuator) 
did not find property 
'springdoc.show-actuator'; 
NestedCondition on MultipleOp
enApiSupportCondition.OnMulti
pleOpenApiSupportCondition 
AnyNestedCondition 0 matched 
2 did not; NestedCondition 
on MultipleOpenApiGroupsCondi
tion.OnGroupConfigProperty 
@ConditionalOnProperty (sprin
gdoc.group-configs[0].group) 
did not find property 'spring
doc.group-configs[0].group'; 
NestedCondition on MultipleOp
enApiGroupsCondition.OnGroupe
dOpenApiBean 
@ConditionalOnBean (types: or
g.springdoc.core.models.Group
edOpenApi; SearchStrategy: 
all) did not find any beans 
of type org.springdoc.core.mo
dels.GroupedOpenApi (Multiple
OpenApiSupportCondition)
      Matched:
         - found 'session' 
scope 
(OnWebApplicationCondition)
         - 
@ConditionalOnProperty 
(springdoc.api-docs.enabled) 
matched (OnPropertyCondition)

   MultipleOpenApiSupportConf
iguration.SpringDocWebMvcActu
atorDifferentConfiguration:
      Did not match:
         - 
@ConditionalOnClass did not 
find required class 'org.spri
ngframework.boot.actuate.endp
oint.web.servlet.WebMvcEndpoi
ntHandlerMapping' 
(OnClassCondition)
         - Ancestor org.sprin
gdoc.webmvc.core.configuratio
n.MultipleOpenApiSupportConfi
guration did not match (Condi
tionEvaluationReport.Ancestor
sMatchedCondition)

   MustacheAutoConfiguration:
      Did not match:
         - 
@ConditionalOnClass did not 
find required class 'com.sams
kivert.mustache.Mustache' 
(OnClassCondition)

   Neo4jAutoConfiguration:
      Did not match:
         - 
@ConditionalOnClass did not 
find required class 
'org.neo4j.driver.Driver' 
(OnClassCondition)

   
Neo4jDataAutoConfiguration:
      Did not match:
         - 
@ConditionalOnClass did not 
find required class 
'org.neo4j.driver.Driver' 
(OnClassCondition)

   Neo4jReactiveDataAutoConfi
guration:
      Did not match:
         - 
@ConditionalOnClass did not 
find required class 
'org.neo4j.driver.Driver' 
(OnClassCondition)

   Neo4jReactiveRepositoriesA
utoConfiguration:
      Did not match:
         - 
@ConditionalOnClass did not 
find required class 
'org.neo4j.driver.Driver' 
(OnClassCondition)

   Neo4jRepositoriesAutoConfi
guration:
      Did not match:
         - 
@ConditionalOnClass did not 
find required class 
'org.neo4j.driver.Driver' 
(OnClassCondition)

   NettyAutoConfiguration:
      Did not match:
         - 
@ConditionalOnClass did not 
find required class 
'io.netty.util.NettyRuntime' 
(OnClassCondition)

   OAuth2AuthorizationServerA
utoConfiguration:
      Did not match:
         - 
@ConditionalOnClass did not 
find required class 'org.spri
ngframework.security.oauth2.s
erver.authorization.OAuth2Aut
horization' 
(OnClassCondition)

   OAuth2AuthorizationServerJ
wtAutoConfiguration:
      Did not match:
         - 
@ConditionalOnClass did not 
find required class 'com.nimb
usds.jose.jwk.source.JWKSourc
e' (OnClassCondition)

   OAuth2ClientAutoConfigurat
ion:
      Did not match:
         - 
@ConditionalOnClass did not 
find required class 'org.spri
ngframework.security.oauth2.c
lient.registration.ClientRegi
stration' (OnClassCondition)

   OAuth2ClientWebSecurityAut
oConfiguration:
      Did not match:
         - 
@ConditionalOnClass did not 
find required class 'org.spri
ngframework.security.config.a
nnotation.web.configuration.E
nableWebSecurity' 
(OnClassCondition)

   OAuth2ResourceServerAutoCo
nfiguration:
      Did not match:
         - 
@ConditionalOnClass did not 
find required class 'org.spri
ngframework.security.oauth2.s
erver.resource.authentication
.BearerTokenAuthenticationTok
en' (OnClassCondition)

   ProjectInfoAutoConfigurati
on#buildProperties:
      Did not match:
         - 
@ConditionalOnResource did 
not find resource '${spring.i
nfo.build.location:classpath:
META-INF/build-info.propertie
s}' (OnResourceCondition)

   ProjectInfoAutoConfigurati
on#gitProperties:
      Did not match:
         - GitResource did 
not find git info at 
classpath:git.properties (Pro
jectInfoAutoConfiguration.Git
ResourceAvailableCondition)

   PulsarAutoConfiguration:
      Did not match:
         - 
@ConditionalOnClass did not 
find required class 'org.apac
he.pulsar.client.api.PulsarCl
ient' (OnClassCondition)

   PulsarReactiveAutoConfigur
ation:
      Did not match:
         - 
@ConditionalOnClass did not 
find required class 'org.apac
he.pulsar.client.api.PulsarCl
ient' (OnClassCondition)

   QuartzAutoConfiguration:
      Did not match:
         - 
@ConditionalOnClass did not 
find required class 
'org.quartz.Scheduler' 
(OnClassCondition)

   R2dbcAutoConfiguration:
      Did not match:
         - 
@ConditionalOnClass did not 
find required class 'io.r2dbc
.spi.ConnectionFactory' 
(OnClassCondition)

   
R2dbcDataAutoConfiguration:
      Did not match:
         - 
@ConditionalOnClass did not 
find required class 'org.spri
ngframework.data.r2dbc.core.R
2dbcEntityTemplate' 
(OnClassCondition)

   R2dbcInitializationConfigu
ration:
      Did not match:
         - 
@ConditionalOnClass did not 
find required classes 'io.r2d
bc.spi.ConnectionFactory', 'o
rg.springframework.r2dbc.conn
ection.init.DatabasePopulator
' (OnClassCondition)

   
R2dbcProxyAutoConfiguration:
      Did not match:
         - 
@ConditionalOnClass did not 
find required class 'io.r2dbc
.proxy.ProxyConnectionFactory
' (OnClassCondition)

   R2dbcRepositoriesAutoConfi
guration:
      Did not match:
         - 
@ConditionalOnClass did not 
find required class 'io.r2dbc
.spi.ConnectionFactory' 
(OnClassCondition)

   R2dbcTransactionManagerAut
oConfiguration:
      Did not match:
         - 
@ConditionalOnClass did not 
find required class 'org.spri
ngframework.r2dbc.connection.
R2dbcTransactionManager' 
(OnClassCondition)

   RSocketGraphQlClientAutoCo
nfiguration:
      Did not match:
         - 
@ConditionalOnClass did not 
find required class 
'graphql.GraphQL' 
(OnClassCondition)

   RSocketMessagingAutoConfig
uration:
      Did not match:
         - 
@ConditionalOnClass did not 
find required class 
'io.rsocket.RSocket' 
(OnClassCondition)

   RSocketRequesterAutoConfig
uration:
      Did not match:
         - 
@ConditionalOnClass did not 
find required class 
'io.rsocket.RSocket' 
(OnClassCondition)

   RSocketSecurityAutoConfigu
ration:
      Did not match:
         - 
@ConditionalOnClass did not 
find required class 'org.spri
ngframework.security.rsocket.
core.SecuritySocketAcceptorIn
terceptor' (OnClassCondition)

   RSocketServerAutoConfigura
tion:
      Did not match:
         - 
@ConditionalOnClass did not 
find required class 'io.rsock
et.core.RSocketServer' 
(OnClassCondition)

   RSocketStrategiesAutoConfi
guration:
      Did not match:
         - 
@ConditionalOnClass did not 
find required class 'io.netty
.buffer.PooledByteBufAllocato
r' (OnClassCondition)

   RabbitAutoConfiguration:
      Did not match:
         - 
@ConditionalOnClass did not 
find required class 'com.rabb
itmq.client.Channel' 
(OnClassCondition)

   ReactiveElasticsearchClien
tAutoConfiguration:
      Did not match:
         - 
@ConditionalOnClass did not 
find required class 'co.elast
ic.clients.transport.Elastics
earchTransport' 
(OnClassCondition)

   ReactiveElasticsearchRepos
itoriesAutoConfiguration:
      Did not match:
         - 
@ConditionalOnClass did not 
find required class 'reactor.
core.publisher.Mono' 
(OnClassCondition)

   ReactiveMultipartAutoConfi
guration:
      Did not match:
         - 
@ConditionalOnClass did not 
find required class 'org.spri
ngframework.web.reactive.conf
ig.WebFluxConfigurer' 
(OnClassCondition)

   ReactiveOAuth2ClientAutoCo
nfiguration:
      Did not match:
         - 
@ConditionalOnClass did not 
find required class 'reactor.
core.publisher.Flux' 
(OnClassCondition)

   ReactiveOAuth2ClientWebSec
urityAutoConfiguration:
      Did not match:
         - 
@ConditionalOnClass did not 
find required class 'reactor.
core.publisher.Flux' 
(OnClassCondition)

   ReactiveOAuth2ResourceServ
erAutoConfiguration:
      Did not match:
         - 
@ConditionalOnClass did not 
find required class 'org.spri
ngframework.security.config.a
nnotation.web.reactive.Enable
WebFluxSecurity' 
(OnClassCondition)

   ReactiveSecurityAutoConfig
uration:
      Did not match:
         - 
@ConditionalOnClass did not 
find required class 'reactor.
core.publisher.Flux' 
(OnClassCondition)

   ReactiveUserDetailsService
AutoConfiguration:
      Did not match:
         - 
@ConditionalOnClass did not 
find required class 'org.spri
ngframework.security.authenti
cation.ReactiveAuthentication
Manager' (OnClassCondition)

   ReactiveWebServerFactoryAu
toConfiguration:
      Did not match:
         - 
@ConditionalOnWebApplication 
did not find reactive web 
application classes 
(OnWebApplicationCondition)

   ReactorAutoConfiguration:
      Did not match:
         - 
@ConditionalOnClass did not 
find required class 'reactor.
core.publisher.Hooks' 
(OnClassCondition)

   RedisAutoConfiguration:
      Did not match:
         - 
@ConditionalOnClass did not 
find required class 'org.spri
ngframework.data.redis.core.R
edisOperations' 
(OnClassCondition)

   RedisCacheConfiguration:
      Did not match:
         - 
@ConditionalOnClass did not 
find required class 'org.spri
ngframework.data.redis.connec
tion.RedisConnectionFactory' 
(OnClassCondition)

   RedisReactiveAutoConfigura
tion:
      Did not match:
         - 
@ConditionalOnClass did not 
find required class 'reactor.
core.publisher.Flux' 
(OnClassCondition)

   RedisRepositoriesAutoConfi
guration:
      Did not match:
         - 
@ConditionalOnClass did not 
find required class 'org.spri
ngframework.data.redis.reposi
tory.configuration.EnableRedi
sRepositories' 
(OnClassCondition)

   RepositoryRestMvcAutoConfi
guration:
      Did not match:
         - 
@ConditionalOnClass did not 
find required class 'org.spri
ngframework.data.rest.webmvc.
config.RepositoryRestMvcConfi
guration' (OnClassCondition)

   Saml2RelyingPartyAutoConfi
guration:
      Did not match:
         - 
@ConditionalOnClass did not 
find required class 'org.spri
ngframework.security.saml2.pr
ovider.service.registration.R
elyingPartyRegistrationReposi
tory' (OnClassCondition)

   SecurityAutoConfiguration:
      Did not match:
         - 
@ConditionalOnClass did not 
find required class 'org.spri
ngframework.security.authenti
cation.DefaultAuthenticationE
ventPublisher' 
(OnClassCondition)

   SecurityFilterAutoConfigur
ation:
      Did not match:
         - 
@ConditionalOnClass did not 
find required class 'org.spri
ngframework.security.config.h
ttp.SessionCreationPolicy' 
(OnClassCondition)

   SendGridAutoConfiguration:
      Did not match:
         - 
@ConditionalOnClass did not 
find required class 
'com.sendgrid.SendGrid' 
(OnClassCondition)

   ServletWebServerFactoryAut
oConfiguration.ForwardedHeade
rFilterConfiguration:
      Did not match:
         - 
@ConditionalOnProperty (serve
r.forward-headers-strategy=fr
amework) did not find 
property 'server.forward-head
ers-strategy' 
(OnPropertyCondition)

   ServletWebServerFactoryCon
figuration.EmbeddedJetty:
      Did not match:
         - 
@ConditionalOnClass did not 
find required classes 'org.ec
lipse.jetty.server.Server', '
org.eclipse.jetty.util.Loader
', 'org.eclipse.jetty.ee10.we
bapp.WebAppContext' 
(OnClassCondition)

   ServletWebServerFactoryCon
figuration.EmbeddedUndertow:
      Did not match:
         - 
@ConditionalOnClass did not 
find required classes 
'io.undertow.Undertow', 
'org.xnio.SslClientAuthMode' 
(OnClassCondition)

   SessionAutoConfiguration:
      Did not match:
         - 
@ConditionalOnClass did not 
find required class 'org.spri
ngframework.session.Session' 
(OnClassCondition)

   SpringApplicationAdminJmxA
utoConfiguration:
      Did not match:
         - @ConditionalOnBool
eanProperty (spring.applicati
on.admin.enabled=true) did 
not find property 'spring.app
lication.admin.enabled' 
(OnPropertyCondition)

   SpringDocConfiguration#pro
pertiesResolverForSchema:
      Did not match:
         - 
@ConditionalOnProperty (sprin
gdoc.api-docs.resolve-schema-
properties) did not find 
property 'springdoc.api-docs.
resolve-schema-properties' 
(OnPropertyCondition)

   SpringDocConfiguration#pro
pertyCustomizingConverter:
      Did not match:
         - 
@ConditionalOnBean (types: or
g.springdoc.core.customizers.
PropertyCustomizer; 
SearchStrategy: all) did not 
find any beans of type org.sp
ringdoc.core.customizers.Prop
ertyCustomizer 
(OnBeanCondition)

   SpringDocConfiguration#spr
ingdocBeanFactoryPostProcesso
r:
      Did not match:
         - 
AnyNestedCondition 0 matched 
2 did not; NestedCondition 
on CacheOrGroupedOpenApiCondi
tion.OnCacheDisabled found 
non-matching nested 
conditions 
@ConditionalOnProperty 
(springdoc.cache.disabled) 
did not find property 
'springdoc.cache.disabled'; 
NestedCondition on CacheOrGro
upedOpenApiCondition.OnMultip
leOpenApiSupportCondition 
AnyNestedCondition 0 matched 
2 did not; NestedCondition 
on MultipleOpenApiSupportCond
ition.OnActuatorDifferentPort
 @ConditionalOnProperty 
(springdoc.show-actuator) 
did not find property 
'springdoc.show-actuator'; 
NestedCondition on MultipleOp
enApiSupportCondition.OnMulti
pleOpenApiSupportCondition 
AnyNestedCondition 0 matched 
2 did not; NestedCondition 
on MultipleOpenApiGroupsCondi
tion.OnGroupConfigProperty 
@ConditionalOnProperty (sprin
gdoc.group-configs[0].group) 
did not find property 'spring
doc.group-configs[0].group'; 
NestedCondition on MultipleOp
enApiGroupsCondition.OnGroupe
dOpenApiBean 
@ConditionalOnBean (types: or
g.springdoc.core.models.Group
edOpenApi; SearchStrategy: 
all) did not find any beans 
of type org.springdoc.core.mo
dels.GroupedOpenApi (CacheOrG
roupedOpenApiCondition)
      Matched:
         - 
@ConditionalOnClass found 
required class 'org.springfra
mework.boot.context.propertie
s.bind.BindResult' 
(OnClassCondition)

   SpringDocConfiguration#spr
ingdocBeanFactoryPostProcesso
r2:
      Did not match:
         - 
@ConditionalOnMissingClass 
found unwanted class 'org.spr
ingframework.boot.context.pro
perties.bind.BindResult' 
(OnClassCondition)

   SpringDocConfiguration.Spr
ingDocActuatorConfiguration:
      Did not match:
         - 
@ConditionalOnClass did not 
find required class 'org.spri
ngframework.boot.actuate.auto
configure.endpoint.web.WebEnd
pointProperties' 
(OnClassCondition)

   SpringDocConfiguration.Spr
ingDocRepositoryRestConfigura
tion:
      Did not match:
         - 
@ConditionalOnClass did not 
find required class 'org.spri
ngframework.data.rest.core.co
nfig.RepositoryRestConfigurat
ion' (OnClassCondition)

   SpringDocConfiguration.Spr
ingDocWebFluxSupportConfigura
tion:
      Did not match:
         - 
@ConditionalOnClass did not 
find required class 'reactor.
core.publisher.Flux' 
(OnClassCondition)

   SpringDocDataRestConfigura
tion:
      Did not match:
         - 
@ConditionalOnClass did not 
find required class 'org.spri
ngframework.data.rest.core.co
nfig.RepositoryRestConfigurat
ion' (OnClassCondition)

   SpringDocFunctionCatalogCo
nfiguration:
      Did not match:
         - 
@ConditionalOnClass did not 
find required class 'org.spri
ngframework.cloud.function.we
b.function.FunctionEndpointIn
itializer' (OnClassCondition)

   
SpringDocGroovyConfiguration:
      Did not match:
         - 
@ConditionalOnClass did not 
find required class 
'groovy.lang.MetaClass' 
(OnClassCondition)

   SpringDocHateoasConfigurat
ion:
      Did not match:
         - 
@ConditionalOnClass did not 
find required class 'org.spri
ngframework.hateoas.server.Li
nkRelationProvider' 
(OnClassCondition)

   SpringDocJacksonKotlinModu
leConfiguration:
      Did not match:
         - 
@ConditionalOnClass did not 
find required class 'com.fast
erxml.jackson.module.kotlin.K
otlinModule' 
(OnClassCondition)

   SpringDocJavadocConfigurat
ion:
      Did not match:
         - 
@ConditionalOnClass did not 
find required class 'com.gith
ub.therapi.runtimejavadoc.Com
mentFormatter' 
(OnClassCondition)

   
SpringDocKotlinConfiguration:
      Did not match:
         - 
@ConditionalOnClass did not 
find required class 'kotlin.c
oroutines.Continuation' 
(OnClassCondition)

   SpringDocKotlinxConfigurat
ion:
      Did not match:
         - 
@ConditionalOnClass did not 
find required class 'kotlinx.
coroutines.flow.Flow' 
(OnClassCondition)

   SpringDocSecurityConfigura
tion:
      Did not match:
         - 
@ConditionalOnClass did not 
find required class 'org.spri
ngframework.security.web.Secu
rityFilterChain' 
(OnClassCondition)

   SpringDocSortConfiguration
#delegatingMethodParameterCus
tomizer:
      Did not match:
         - 
@ConditionalOnMissingBean 
(types: org.springdoc.core.cu
stomizers.DelegatingMethodPar
ameterCustomizer; 
SearchStrategy: all) found 
beans of type 'org.springdoc.
core.customizers.DelegatingMe
thodParameterCustomizer' dele
gatingMethodParameterCustomiz
er (OnBeanCondition)

   SpringDocWebMvcConfigurati
on.SpringDocWebMvcActuatorCon
figuration:
      Did not match:
         - 
@ConditionalOnClass did not 
find required class 'org.spri
ngframework.boot.actuate.endp
oint.web.servlet.WebMvcEndpoi
ntHandlerMapping' 
(OnClassCondition)

   SwaggerConfig#springWebPro
vider:
      Did not match:
         - 
@ConditionalOnMissingBean 
(types: org.springdoc.core.pr
oviders.SpringWebProvider; 
SearchStrategy: all) found 
beans of type 'org.springdoc.
core.providers.SpringWebProvi
der' springWebProvider 
(OnBeanCondition)

   SwaggerConfig#swaggerUiCon
figParameters:
      Did not match:
         - 
@ConditionalOnMissingBean 
(types: org.springdoc.core.pr
operties.SwaggerUiConfigParam
eters; SearchStrategy: all) 
found beans of type 'org.spri
ngdoc.core.properties.Swagger
UiConfigParameters' org.sprin
gdoc.core.properties.SwaggerU
iConfigParameters 
(OnBeanCondition)

   
SwaggerConfig#swaggerUiHome:
      Did not match:
         - 
@ConditionalOnProperty (sprin
gdoc.swagger-ui.use-root-path
=true) did not find property 
'springdoc.swagger-ui.use-roo
t-path' (OnPropertyCondition)

   SwaggerConfig.SwaggerActua
torWelcomeConfiguration:
2025-11-28T00:24:39.233+07:00  INFO 19572 --- [ldop] [           main] .s.b.a.l.ConditionEvaluationReportLogger : 

Error starting ApplicationContext. To display the condition evaluation report re-run your application with 'debug' enabled.
2025-11-28T00:24:39.281+07:00 ERROR 19572 --- [ldop] [           main] o.s.boot.SpringApplication               : Application run failed

org.springframework.beans.factory.BeanCreationException: Error creating bean with name 'entityManagerFactory' defined in class path resource [org/springframework/boot/autoconfigure/orm/jpa/HibernateJpaConfiguration.class]: Failed to initialize dependency 'liquibase' of LoadTimeWeaverAware bean 'entityManagerFactory': Error creating bean with name 'liquibase' defined in class path resource [org/springframework/boot/autoconfigure/liquibase/LiquibaseAutoConfiguration$LiquibaseConfiguration.class]: liquibase.exception.CommandExecutionException: liquibase.exception.LiquibaseException: liquibase.exception.MigrationFailedException: Migration failed for changeset db/changelog/changes/002-data-endpoint-redesign.yaml::002-migrate-target-resource-data::antigravity:
     Reason: liquibase.exception.DatabaseException: Function "JSONB_BUILD_OBJECT" not found; SQL statement:
-- Case A: target_resource is a simple table name (no spaces)
UPDATE data_endpoints
SET query_config = jsonb_build_object(
    'mode', 'BUILDER',
    'rootTable', target_resource,
    'columns', '[]'::jsonb,
    'filters', '[]'::jsonb,
    'sort', '[]'::jsonb
)
WHERE target_resource NOT LIKE '% %' AND target_resource NOT ILIKE 'SELECT%' [90022-232] [Failed SQL: (90022) -- Case A: target_resource is a simple table name (no spaces)
UPDATE data_endpoints
SET query_config = jsonb_build_object(
    'mode', 'BUILDER',
    'rootTable', target_resource,
    'columns', '[]'::jsonb,
    'filters', '[]'::jsonb,
    'sort', '[]'::jsonb
)
WHERE target_resource NOT LIKE '% %' AND target_resource NOT ILIKE 'SELECT%']
	at org.springframework.beans.factory.support.AbstractBeanFactory.doGetBean(AbstractBeanFactory.java:328) ~[spring-beans-6.2.12.jar:6.2.12]
	at org.springframework.beans.factory.support.AbstractBeanFactory.getBean(AbstractBeanFactory.java:207) ~[spring-beans-6.2.12.jar:6.2.12]
	at org.springframework.context.support.AbstractApplicationContext.finishBeanFactoryInitialization(AbstractApplicationContext.java:973) ~[spring-context-6.2.12.jar:6.2.12]
	at org.springframework.context.support.AbstractApplicationContext.refresh(AbstractApplicationContext.java:627) ~[spring-context-6.2.12.jar:6.2.12]
	at org.springframework.boot.SpringApplication.refresh(SpringApplication.java:752) ~[spring-boot-3.5.7.jar:3.5.7]
	at org.springframework.boot.SpringApplication.refreshContext(SpringApplication.java:439) ~[spring-boot-3.5.7.jar:3.5.7]
	at org.springframework.boot.SpringApplication.run(SpringApplication.java:318) ~[spring-boot-3.5.7.jar:3.5.7]
	at org.springframework.boot.test.context.SpringBootContextLoader.lambda$loadContext$3(SpringBootContextLoader.java:144) ~[spring-boot-test-3.5.7.jar:3.5.7]
	at org.springframework.util.function.ThrowingSupplier.get(ThrowingSupplier.java:58) ~[spring-core-6.2.12.jar:6.2.12]
	at org.springframework.util.function.ThrowingSupplier.get(ThrowingSupplier.java:46) ~[spring-core-6.2.12.jar:6.2.12]
	at org.springframework.boot.SpringApplication.withHook(SpringApplication.java:1461) ~[spring-boot-3.5.7.jar:3.5.7]
	at org.springframework.boot.test.context.SpringBootContextLoader$ContextLoaderHook.run(SpringBootContextLoader.java:563) ~[spring-boot-test-3.5.7.jar:3.5.7]
	at org.springframework.boot.test.context.SpringBootContextLoader.loadContext(SpringBootContextLoader.java:144) ~[spring-boot-test-3.5.7.jar:3.5.7]
	at org.springframework.boot.test.context.SpringBootContextLoader.loadContext(SpringBootContextLoader.java:110) ~[spring-boot-test-3.5.7.jar:3.5.7]
	at org.springframework.test.context.cache.DefaultCacheAwareContextLoaderDelegate.loadContextInternal(DefaultCacheAwareContextLoaderDelegate.java:225) ~[spring-test-6.2.12.jar:6.2.12]
	at org.springframework.test.context.cache.DefaultCacheAwareContextLoaderDelegate.loadContext(DefaultCacheAwareContextLoaderDelegate.java:152) ~[spring-test-6.2.12.jar:6.2.12]
	at org.springframework.test.context.support.DefaultTestContext.getApplicationContext(DefaultTestContext.java:130) ~[spring-test-6.2.12.jar:6.2.12]
	at org.springframework.test.context.web.ServletTestExecutionListener.setUpRequestContextIfNecessary(ServletTestExecutionListener.java:200) ~[spring-test-6.2.12.jar:6.2.12]
	at org.springframework.test.context.web.ServletTestExecutionListener.prepareTestInstance(ServletTestExecutionListener.java:139) ~[spring-test-6.2.12.jar:6.2.12]
	at org.springframework.test.context.TestContextManager.prepareTestInstance(TestContextManager.java:260) ~[spring-test-6.2.12.jar:6.2.12]
	at org.springframework.test.context.junit.jupiter.SpringExtension.postProcessTestInstance(SpringExtension.java:159) ~[spring-test-6.2.12.jar:6.2.12]
	at org.junit.jupiter.engine.descriptor.ClassBasedTestDescriptor.lambda$invokeTestInstancePostProcessors$10(ClassBasedTestDescriptor.java:383) ~[junit-jupiter-engine-5.12.2.jar:5.12.2]
	at org.junit.jupiter.engine.descriptor.ClassBasedTestDescriptor.executeAndMaskThrowable(ClassBasedTestDescriptor.java:388) ~[junit-jupiter-engine-5.12.2.jar:5.12.2]
	at org.junit.jupiter.engine.descriptor.ClassBasedTestDescriptor.lambda$invokeTestInstancePostProcessors$11(ClassBasedTestDescriptor.java:382) ~[junit-jupiter-engine-5.12.2.jar:5.12.2]
	at java.base/java.util.stream.ForEachOps$ForEachOp$OfRef.accept(ForEachOps.java:184) ~[na:na]
	at java.base/java.util.stream.ReferencePipeline$3$1.accept(ReferencePipeline.java:197) ~[na:na]
	at java.base/java.util.stream.ReferencePipeline$2$1.accept(ReferencePipeline.java:179) ~[na:na]
	at java.base/java.util.stream.ReferencePipeline$3$1.accept(ReferencePipeline.java:197) ~[na:na]
	at java.base/java.util.ArrayList$ArrayListSpliterator.forEachRemaining(ArrayList.java:1708) ~[na:na]
	at java.base/java.util.stream.AbstractPipeline.copyInto(AbstractPipeline.java:509) ~[na:na]
	at java.base/java.util.stream.AbstractPipeline.wrapAndCopyInto(AbstractPipeline.java:499) ~[na:na]
	at java.base/java.util.stream.ForEachOps$ForEachOp.evaluateSequential(ForEachOps.java:151) ~[na:na]
	at java.base/java.util.stream.ForEachOps$ForEachOp$OfRef.evaluateSequential(ForEachOps.java:174) ~[na:na]
	at java.base/java.util.stream.AbstractPipeline.evaluate(AbstractPipeline.java:234) ~[na:na]
	at java.base/java.util.stream.ReferencePipeline.forEach(ReferencePipeline.java:596) ~[na:na]
	at org.junit.jupiter.engine.descriptor.ClassBasedTestDescriptor.invokeTestInstancePostProcessors(ClassBasedTestDescriptor.java:382) ~[junit-jupiter-engine-5.12.2.jar:5.12.2]
	at org.junit.jupiter.engine.descriptor.ClassBasedTestDescriptor.lambda$instantiateAndPostProcessTestInstance$6(ClassBasedTestDescriptor.java:293) ~[junit-jupiter-engine-5.12.2.jar:5.12.2]
	at org.junit.platform.engine.support.hierarchical.ThrowableCollector.execute(ThrowableCollector.java:73) ~[junit-platform-engine-1.12.2.jar:1.12.2]
	at org.junit.jupiter.engine.descriptor.ClassBasedTestDescriptor.instantiateAndPostProcessTestInstance(ClassBasedTestDescriptor.java:292) ~[junit-jupiter-engine-5.12.2.jar:5.12.2]
	at org.junit.jupiter.engine.descriptor.ClassBasedTestDescriptor.lambda$testInstancesProvider$4(ClassBasedTestDescriptor.java:281) ~[junit-jupiter-engine-5.12.2.jar:5.12.2]
	at java.base/java.util.Optional.orElseGet(Optional.java:364) ~[na:na]
	at org.junit.jupiter.engine.descriptor.ClassBasedTestDescriptor.lambda$testInstancesProvider$5(ClassBasedTestDescriptor.java:280) ~[junit-jupiter-engine-5.12.2.jar:5.12.2]
	at org.junit.jupiter.engine.execution.TestInstancesProvider.getTestInstances(TestInstancesProvider.java:27) ~[junit-jupiter-engine-5.12.2.jar:5.12.2]
	at org.junit.jupiter.engine.descriptor.TestMethodTestDescriptor.lambda$prepare$0(TestMethodTestDescriptor.java:112) ~[junit-jupiter-engine-5.12.2.jar:5.12.2]
	at org.junit.platform.engine.support.hierarchical.ThrowableCollector.execute(ThrowableCollector.java:73) ~[junit-platform-engine-1.12.2.jar:1.12.2]
	at org.junit.jupiter.engine.descriptor.TestMethodTestDescriptor.prepare(TestMethodTestDescriptor.java:111) ~[junit-jupiter-engine-5.12.2.jar:5.12.2]
	at org.junit.jupiter.engine.descriptor.TestMethodTestDescriptor.prepare(TestMethodTestDescriptor.java:69) ~[junit-jupiter-engine-5.12.2.jar:5.12.2]
	at org.junit.platform.engine.support.hierarchical.NodeTestTask.lambda$prepare$2(NodeTestTask.java:128) ~[junit-platform-engine-1.12.2.jar:1.12.2]
	at org.junit.platform.engine.support.hierarchical.ThrowableCollector.execute(ThrowableCollector.java:73) ~[junit-platform-engine-1.12.2.jar:1.12.2]
      Did not match:
         - 
@ConditionalOnClass did not 
find required class 'org.spri
ngframework.boot.actuate.endp
oint.web.servlet.WebMvcEndpoi
ntHandlerMapping' 
(OnClassCondition)

   TaskExecutorConfigurations
.SimpleAsyncTaskExecutorBuild
erConfiguration#simpleAsyncTa
skExecutorBuilderVirtualThrea
ds:
      Did not match:
         - 
@ConditionalOnMissingBean 
(types: org.springframework.b
oot.task.SimpleAsyncTaskExecu
torBuilder; SearchStrategy: 
all) found beans of type 'org
.springframework.boot.task.Si
mpleAsyncTaskExecutorBuilder'
 simpleAsyncTaskExecutorBuild
er (OnBeanCondition)

   TaskExecutorConfigurations
.TaskExecutorConfiguration#ap
plicationTaskExecutorVirtualT
hreads:
      Did not match:
         - 
@ConditionalOnThreading did 
not find VIRTUAL 
(OnThreadingCondition)

   TaskSchedulingAutoConfigur
ation#scheduledBeanLazyInitia
lizationExcludeFilter:
      Did not match:
         - 
@ConditionalOnBean (names: or
g.springframework.context.ann
otation.internalScheduledAnno
tationProcessor; 
SearchStrategy: all) did not 
find any beans named org.spri
ngframework.context.annotatio
n.internalScheduledAnnotation
Processor (OnBeanCondition)

   TaskSchedulingConfiguratio
ns.SimpleAsyncTaskSchedulerBu
ilderConfiguration#simpleAsyn
cTaskSchedulerBuilderVirtualT
hreads:
      Did not match:
         - 
@ConditionalOnMissingBean 
(types: org.springframework.b
oot.task.SimpleAsyncTaskSched
ulerBuilder; SearchStrategy: 
all) found beans of type 'org
.springframework.boot.task.Si
mpleAsyncTaskSchedulerBuilder
' simpleAsyncTaskSchedulerBui
lder (OnBeanCondition)

   TaskSchedulingConfiguratio
ns.TaskSchedulerConfiguration
:
      Did not match:
         - 
@ConditionalOnBean (names: or
g.springframework.context.ann
otation.internalScheduledAnno
tationProcessor; 
SearchStrategy: all) did not 
find any beans named org.spri
ngframework.context.annotatio
n.internalScheduledAnnotation
Processor (OnBeanCondition)

   
ThymeleafAutoConfiguration:
      Did not match:
         - 
@ConditionalOnClass did not 
find required class 'org.thym
eleaf.spring6.SpringTemplateE
ngine' (OnClassCondition)

   TransactionAutoConfigurati
on#transactionalOperator:
      Did not match:
	at org.junit.platform.engine.support.hierarchical.NodeTestTask.prepare(NodeTestTask.java:128) ~[junit-platform-engine-1.12.2.jar:1.12.2]
	at org.junit.platform.engine.support.hierarchical.NodeTestTask.execute(NodeTestTask.java:95) ~[junit-platform-engine-1.12.2.jar:1.12.2]
	at java.base/java.util.ArrayList.forEach(ArrayList.java:1596) ~[na:na]
	at org.junit.platform.engine.support.hierarchical.SameThreadHierarchicalTestExecutorService.invokeAll(SameThreadHierarchicalTestExecutorService.java:41) ~[junit-platform-engine-1.12.2.jar:1.12.2]
	at org.junit.platform.engine.support.hierarchical.NodeTestTask.lambda$executeRecursively$6(NodeTestTask.java:160) ~[junit-platform-engine-1.12.2.jar:1.12.2]
	at org.junit.platform.engine.support.hierarchical.ThrowableCollector.execute(ThrowableCollector.java:73) ~[junit-platform-engine-1.12.2.jar:1.12.2]
	at org.junit.platform.engine.support.hierarchical.NodeTestTask.lambda$executeRecursively$8(NodeTestTask.java:146) ~[junit-platform-engine-1.12.2.jar:1.12.2]
	at org.junit.platform.engine.support.hierarchical.Node.around(Node.java:137) ~[junit-platform-engine-1.12.2.jar:1.12.2]
	at org.junit.platform.engine.support.hierarchical.NodeTestTask.lambda$executeRecursively$9(NodeTestTask.java:144) ~[junit-platform-engine-1.12.2.jar:1.12.2]
	at org.junit.platform.engine.support.hierarchical.ThrowableCollector.execute(ThrowableCollector.java:73) ~[junit-platform-engine-1.12.2.jar:1.12.2]
	at org.junit.platform.engine.support.hierarchical.NodeTestTask.executeRecursively(NodeTestTask.java:143) ~[junit-platform-engine-1.12.2.jar:1.12.2]
	at org.junit.platform.engine.support.hierarchical.NodeTestTask.execute(NodeTestTask.java:100) ~[junit-platform-engine-1.12.2.jar:1.12.2]
	at java.base/java.util.ArrayList.forEach(ArrayList.java:1596) ~[na:na]
	at org.junit.platform.engine.support.hierarchical.SameThreadHierarchicalTestExecutorService.invokeAll(SameThreadHierarchicalTestExecutorService.java:41) ~[junit-platform-engine-1.12.2.jar:1.12.2]
	at org.junit.platform.engine.support.hierarchical.NodeTestTask.lambda$executeRecursively$6(NodeTestTask.java:160) ~[junit-platform-engine-1.12.2.jar:1.12.2]
	at org.junit.platform.engine.support.hierarchical.ThrowableCollector.execute(ThrowableCollector.java:73) ~[junit-platform-engine-1.12.2.jar:1.12.2]
	at org.junit.platform.engine.support.hierarchical.NodeTestTask.lambda$executeRecursively$8(NodeTestTask.java:146) ~[junit-platform-engine-1.12.2.jar:1.12.2]
	at org.junit.platform.engine.support.hierarchical.Node.around(Node.java:137) ~[junit-platform-engine-1.12.2.jar:1.12.2]
	at org.junit.platform.engine.support.hierarchical.NodeTestTask.lambda$executeRecursively$9(NodeTestTask.java:144) ~[junit-platform-engine-1.12.2.jar:1.12.2]
	at org.junit.platform.engine.support.hierarchical.ThrowableCollector.execute(ThrowableCollector.java:73) ~[junit-platform-engine-1.12.2.jar:1.12.2]
	at org.junit.platform.engine.support.hierarchical.NodeTestTask.executeRecursively(NodeTestTask.java:143) ~[junit-platform-engine-1.12.2.jar:1.12.2]
	at org.junit.platform.engine.support.hierarchical.NodeTestTask.execute(NodeTestTask.java:100) ~[junit-platform-engine-1.12.2.jar:1.12.2]
	at org.junit.platform.engine.support.hierarchical.SameThreadHierarchicalTestExecutorService.submit(SameThreadHierarchicalTestExecutorService.java:35) ~[junit-platform-engine-1.12.2.jar:1.12.2]
	at org.junit.platform.engine.support.hierarchical.HierarchicalTestExecutor.execute(HierarchicalTestExecutor.java:57) ~[junit-platform-engine-1.12.2.jar:1.12.2]
	at org.junit.platform.engine.support.hierarchical.HierarchicalTestEngine.execute(HierarchicalTestEngine.java:54) ~[junit-platform-engine-1.12.2.jar:1.12.2]
	at org.junit.platform.launcher.core.EngineExecutionOrchestrator.execute(EngineExecutionOrchestrator.java:201) ~[junit-platform-launcher-1.12.2.jar:1.12.2]
	at org.junit.platform.launcher.core.EngineExecutionOrchestrator.execute(EngineExecutionOrchestrator.java:170) ~[junit-platform-launcher-1.12.2.jar:1.12.2]
	at org.junit.platform.launcher.core.EngineExecutionOrchestrator.execute(EngineExecutionOrchestrator.java:94) ~[junit-platform-launcher-1.12.2.jar:1.12.2]
	at org.junit.platform.launcher.core.EngineExecutionOrchestrator.lambda$execute$0(EngineExecutionOrchestrator.java:59) ~[junit-platform-launcher-1.12.2.jar:1.12.2]
	at org.junit.platform.launcher.core.EngineExecutionOrchestrator.withInterceptedStreams(EngineExecutionOrchestrator.java:142) ~[junit-platform-launcher-1.12.2.jar:1.12.2]
	at org.junit.platform.launcher.core.EngineExecutionOrchestrator.execute(EngineExecutionOrchestrator.java:58) ~[junit-platform-launcher-1.12.2.jar:1.12.2]
	at org.junit.platform.launcher.core.DefaultLauncher.execute(DefaultLauncher.java:103) ~[junit-platform-launcher-1.12.2.jar:1.12.2]
	at org.junit.platform.launcher.core.DefaultLauncher.execute(DefaultLauncher.java:85) ~[junit-platform-launcher-1.12.2.jar:1.12.2]
	at org.junit.platform.launcher.core.DelegatingLauncher.execute(DelegatingLauncher.java:47) ~[junit-platform-launcher-1.12.2.jar:1.12.2]
	at org.junit.platform.launcher.core.InterceptingLauncher.lambda$execute$1(InterceptingLauncher.java:39) ~[junit-platform-launcher-1.12.2.jar:1.12.2]
	at org.junit.platform.launcher.core.ClasspathAlignmentCheckingLauncherInterceptor.intercept(ClasspathAlignmentCheckingLauncherInterceptor.java:25) ~[junit-platform-launcher-1.12.2.jar:1.12.2]
	at org.junit.platform.launcher.core.InterceptingLauncher.execute(InterceptingLauncher.java:38) ~[junit-platform-launcher-1.12.2.jar:1.12.2]
	at org.junit.platform.launcher.core.DelegatingLauncher.execute(DelegatingLauncher.java:47) ~[junit-platform-launcher-1.12.2.jar:1.12.2]
	at org.apache.maven.surefire.junitplatform.LauncherAdapter.executeWithoutCancellationToken(LauncherAdapter.java:60) ~[surefire-junit-platform-3.5.4.jar:3.5.4]
	at org.apache.maven.surefire.junitplatform.LauncherAdapter.execute(LauncherAdapter.java:52) ~[surefire-junit-platform-3.5.4.jar:3.5.4]
	at org.apache.maven.surefire.junitplatform.JUnitPlatformProvider.execute(JUnitPlatformProvider.java:203) ~[surefire-junit-platform-3.5.4.jar:3.5.4]
	at org.apache.maven.surefire.junitplatform.JUnitPlatformProvider.invokeAllTests(JUnitPlatformProvider.java:168) ~[surefire-junit-platform-3.5.4.jar:3.5.4]
	at org.apache.maven.surefire.junitplatform.JUnitPlatformProvider.invoke(JUnitPlatformProvider.java:136) ~[surefire-junit-platform-3.5.4.jar:3.5.4]
	at org.apache.maven.surefire.booter.ForkedBooter.runSuitesInProcess(ForkedBooter.java:385) ~[surefire-booter-3.5.4.jar:3.5.4]
	at org.apache.maven.surefire.booter.ForkedBooter.execute(ForkedBooter.java:162) ~[surefire-booter-3.5.4.jar:3.5.4]
	at org.apache.maven.surefire.booter.ForkedBooter.run(ForkedBooter.java:507) ~[surefire-booter-3.5.4.jar:3.5.4]
	at org.apache.maven.surefire.booter.ForkedBooter.main(ForkedBooter.java:495) ~[surefire-booter-3.5.4.jar:3.5.4]
Caused by: org.springframework.beans.factory.BeanCreationException: Error creating bean with name 'liquibase' defined in class path resource [org/springframework/boot/autoconfigure/liquibase/LiquibaseAutoConfiguration$LiquibaseConfiguration.class]: liquibase.exception.CommandExecutionException: liquibase.exception.LiquibaseException: liquibase.exception.MigrationFailedException: Migration failed for changeset db/changelog/changes/002-data-endpoint-redesign.yaml::002-migrate-target-resource-data::antigravity:
     Reason: liquibase.exception.DatabaseException: Function "JSONB_BUILD_OBJECT" not found; SQL statement:
-- Case A: target_resource is a simple table name (no spaces)
UPDATE data_endpoints
SET query_config = jsonb_build_object(
    'mode', 'BUILDER',
    'rootTable', target_resource,
    'columns', '[]'::jsonb,
    'filters', '[]'::jsonb,
    'sort', '[]'::jsonb
)
WHERE target_resource NOT LIKE '% %' AND target_resource NOT ILIKE 'SELECT%' [90022-232] [Failed SQL: (90022) -- Case A: target_resource is a simple table name (no spaces)
UPDATE data_endpoints
SET query_config = jsonb_build_object(
    'mode', 'BUILDER',
    'rootTable', target_resource,
    'columns', '[]'::jsonb,
    'filters', '[]'::jsonb,
    'sort', '[]'::jsonb
)
WHERE target_resource NOT LIKE '% %' AND target_resource NOT ILIKE 'SELECT%']
	at org.springframework.beans.factory.support.AbstractAutowireCapableBeanFactory.initializeBean(AbstractAutowireCapableBeanFactory.java:1826) ~[spring-beans-6.2.12.jar:6.2.12]
	at org.springframework.beans.factory.support.AbstractAutowireCapableBeanFactory.doCreateBean(AbstractAutowireCapableBeanFactory.java:607) ~[spring-beans-6.2.12.jar:6.2.12]
	at org.springframework.beans.factory.support.AbstractAutowireCapableBeanFactory.createBean(AbstractAutowireCapableBeanFactory.java:529) ~[spring-beans-6.2.12.jar:6.2.12]
	at org.springframework.beans.factory.support.AbstractBeanFactory.lambda$doGetBean$0(AbstractBeanFactory.java:339) ~[spring-beans-6.2.12.jar:6.2.12]
	at org.springframework.beans.factory.support.DefaultSingletonBeanRegistry.getSingleton(DefaultSingletonBeanRegistry.java:373) ~[spring-beans-6.2.12.jar:6.2.12]
	at org.springframework.beans.factory.support.AbstractBeanFactory.doGetBean(AbstractBeanFactory.java:337) ~[spring-beans-6.2.12.jar:6.2.12]
	at org.springframework.beans.factory.support.AbstractBeanFactory.getBean(AbstractBeanFactory.java:202) ~[spring-beans-6.2.12.jar:6.2.12]
	at org.springframework.beans.factory.support.AbstractBeanFactory.doGetBean(AbstractBeanFactory.java:315) ~[spring-beans-6.2.12.jar:6.2.12]
	... 95 common frames omitted
Caused by: liquibase.exception.LiquibaseException: liquibase.exception.CommandExecutionException: liquibase.exception.LiquibaseException: liquibase.exception.MigrationFailedException: Migration failed for changeset db/changelog/changes/002-data-endpoint-redesign.yaml::002-migrate-target-resource-data::antigravity:
     Reason: liquibase.exception.DatabaseException: Function "JSONB_BUILD_OBJECT" not found; SQL statement:
-- Case A: target_resource is a simple table name (no spaces)
UPDATE data_endpoints
SET query_config = jsonb_build_object(
    'mode', 'BUILDER',
    'rootTable', target_resource,
    'columns', '[]'::jsonb,
    'filters', '[]'::jsonb,
    'sort', '[]'::jsonb
)
WHERE target_resource NOT LIKE '% %' AND target_resource NOT ILIKE 'SELECT%' [90022-232] [Failed SQL: (90022) -- Case A: target_resource is a simple table name (no spaces)
UPDATE data_endpoints
SET query_config = jsonb_build_object(
    'mode', 'BUILDER',
    'rootTable', target_resource,
    'columns', '[]'::jsonb,
    'filters', '[]'::jsonb,
    'sort', '[]'::jsonb
)
WHERE target_resource NOT LIKE '% %' AND target_resource NOT ILIKE 'SELECT%']
	at liquibase.integration.spring.SpringLiquibase.afterPropertiesSet(SpringLiquibase.java:288) ~[liquibase-core-4.31.1.jar:na]
	at org.springframework.beans.factory.support.AbstractAutowireCapableBeanFactory.invokeInitMethods(AbstractAutowireCapableBeanFactory.java:1873) ~[spring-beans-6.2.12.jar:6.2.12]
	at org.springframework.beans.factory.support.AbstractAutowireCapableBeanFactory.initializeBean(AbstractAutowireCapableBeanFactory.java:1822) ~[spring-beans-6.2.12.jar:6.2.12]
	... 102 common frames omitted
Caused by: liquibase.exception.CommandExecutionException: liquibase.exception.LiquibaseException: liquibase.exception.MigrationFailedException: Migration failed for changeset db/changelog/changes/002-data-endpoint-redesign.yaml::002-migrate-target-resource-data::antigravity:
     Reason: liquibase.exception.DatabaseException: Function "JSONB_BUILD_OBJECT" not found; SQL statement:
-- Case A: target_resource is a simple table name (no spaces)
UPDATE data_endpoints
SET query_config = jsonb_build_object(
    'mode', 'BUILDER',
    'rootTable', target_resource,
    'columns', '[]'::jsonb,
    'filters', '[]'::jsonb,
    'sort', '[]'::jsonb
)
WHERE target_resource NOT LIKE '% %' AND target_resource NOT ILIKE 'SELECT%' [90022-232] [Failed SQL: (90022) -- Case A: target_resource is a simple table name (no spaces)
UPDATE data_endpoints
SET query_config = jsonb_build_object(
    'mode', 'BUILDER',
    'rootTable', target_resource,
    'columns', '[]'::jsonb,
    'filters', '[]'::jsonb,
    'sort', '[]'::jsonb
)
WHERE target_resource NOT LIKE '% %' AND target_resource NOT ILIKE 'SELECT%']
	at liquibase.command.CommandScope.lambda$execute$6(CommandScope.java:300) ~[liquibase-core-4.31.1.jar:na]
	at liquibase.Scope.child(Scope.java:210) ~[liquibase-core-4.31.1.jar:na]
	at liquibase.Scope.child(Scope.java:186) ~[liquibase-core-4.31.1.jar:na]
	at liquibase.command.CommandScope.execute(CommandScope.java:241) ~[liquibase-core-4.31.1.jar:na]
	at liquibase.Liquibase.lambda$update$0(Liquibase.java:216) ~[liquibase-core-4.31.1.jar:na]
	at liquibase.Scope.lambda$child$0(Scope.java:201) ~[liquibase-core-4.31.1.jar:na]
	at liquibase.Scope.child(Scope.java:210) ~[liquibase-core-4.31.1.jar:na]
	at liquibase.Scope.child(Scope.java:200) ~[liquibase-core-4.31.1.jar:na]
	at liquibase.Scope.child(Scope.java:179) ~[liquibase-core-4.31.1.jar:na]
	at liquibase.Liquibase.runInScope(Liquibase.java:1333) ~[liquibase-core-4.31.1.jar:na]
	at liquibase.Liquibase.update(Liquibase.java:205) ~[liquibase-core-4.31.1.jar:na]
	at liquibase.Liquibase.update(Liquibase.java:188) ~[liquibase-core-4.31.1.jar:na]
	at liquibase.integration.spring.SpringLiquibase.performUpdate(SpringLiquibase.java:326) ~[liquibase-core-4.31.1.jar:na]
	at liquibase.integration.spring.SpringLiquibase.lambda$afterPropertiesSet$0(SpringLiquibase.java:278) ~[liquibase-core-4.31.1.jar:na]
	at liquibase.Scope.lambda$child$0(Scope.java:201) ~[liquibase-core-4.31.1.jar:na]
	at liquibase.Scope.child(Scope.java:210) ~[liquibase-core-4.31.1.jar:na]
	at liquibase.Scope.child(Scope.java:200) ~[liquibase-core-4.31.1.jar:na]
	at liquibase.Scope.child(Scope.java:179) ~[liquibase-core-4.31.1.jar:na]
	at liquibase.integration.spring.SpringLiquibase.afterPropertiesSet(SpringLiquibase.java:271) ~[liquibase-core-4.31.1.jar:na]
	... 104 common frames omitted
Caused by: liquibase.exception.LiquibaseException: liquibase.exception.MigrationFailedException: Migration failed for changeset db/changelog/changes/002-data-endpoint-redesign.yaml::002-migrate-target-resource-data::antigravity:
     Reason: liquibase.exception.DatabaseException: Function "JSONB_BUILD_OBJECT" not found; SQL statement:
-- Case A: target_resource is a simple table name (no spaces)
UPDATE data_endpoints
SET query_config = jsonb_build_object(
    'mode', 'BUILDER',
    'rootTable', target_resource,
    'columns', '[]'::jsonb,
    'filters', '[]'::jsonb,
    'sort', '[]'::jsonb
)
WHERE target_resource NOT LIKE '% %' AND target_resource NOT ILIKE 'SELECT%' [90022-232] [Failed SQL: (90022) -- Case A: target_resource is a simple table name (no spaces)
UPDATE data_endpoints
SET query_config = jsonb_build_object(
    'mode', 'BUILDER',
    'rootTable', target_resource,
    'columns', '[]'::jsonb,
    'filters', '[]'::jsonb,
    'sort', '[]'::jsonb
)
WHERE target_resource NOT LIKE '% %' AND target_resource NOT ILIKE 'SELECT%']
	at liquibase.changelog.ChangeLogIterator.run(ChangeLogIterator.java:155) ~[liquibase-core-4.31.1.jar:na]
	at liquibase.command.core.AbstractUpdateCommandStep.lambda$run$0(AbstractUpdateCommandStep.java:114) ~[liquibase-core-4.31.1.jar:na]
	at liquibase.Scope.lambda$child$0(Scope.java:201) ~[liquibase-core-4.31.1.jar:na]
	at liquibase.Scope.child(Scope.java:210) ~[liquibase-core-4.31.1.jar:na]
	at liquibase.Scope.child(Scope.java:200) ~[liquibase-core-4.31.1.jar:na]
	at liquibase.Scope.child(Scope.java:179) ~[liquibase-core-4.31.1.jar:na]
	at liquibase.command.core.AbstractUpdateCommandStep.run(AbstractUpdateCommandStep.java:112) ~[liquibase-core-4.31.1.jar:na]
	at liquibase.command.core.UpdateCommandStep.run(UpdateCommandStep.java:100) ~[liquibase-core-4.31.1.jar:na]
	at liquibase.command.CommandScope.lambda$execute$6(CommandScope.java:253) ~[liquibase-core-4.31.1.jar:na]
	... 122 common frames omitted
Caused by: liquibase.exception.MigrationFailedException: Migration failed for changeset db/changelog/changes/002-data-endpoint-redesign.yaml::002-migrate-target-resource-data::antigravity:
     Reason: liquibase.exception.DatabaseException: Function "JSONB_BUILD_OBJECT" not found; SQL statement:
-- Case A: target_resource is a simple table name (no spaces)
UPDATE data_endpoints
SET query_config = jsonb_build_object(
    'mode', 'BUILDER',
    'rootTable', target_resource,
    'columns', '[]'::jsonb,
    'filters', '[]'::jsonb,
    'sort', '[]'::jsonb
)
WHERE target_resource NOT LIKE '% %' AND target_resource NOT ILIKE 'SELECT%' [90022-232] [Failed SQL: (90022) -- Case A: target_resource is a simple table name (no spaces)
UPDATE data_endpoints
SET query_config = jsonb_build_object(
    'mode', 'BUILDER',
    'rootTable', target_resource,
    'columns', '[]'::jsonb,
    'filters', '[]'::jsonb,
    'sort', '[]'::jsonb
)
WHERE target_resource NOT LIKE '% %' AND target_resource NOT ILIKE 'SELECT%']
	at liquibase.changelog.ChangeSet.execute(ChangeSet.java:840) ~[liquibase-core-4.31.1.jar:na]
	at liquibase.changelog.visitor.UpdateVisitor.executeAcceptedChange(UpdateVisitor.java:126) ~[liquibase-core-4.31.1.jar:na]
	at liquibase.changelog.visitor.UpdateVisitor.visit(UpdateVisitor.java:70) ~[liquibase-core-4.31.1.jar:na]
	at liquibase.changelog.ChangeLogIterator.lambda$run$0(ChangeLogIterator.java:133) ~[liquibase-core-4.31.1.jar:na]
	at liquibase.Scope.lambda$child$0(Scope.java:201) ~[liquibase-core-4.31.1.jar:na]
	at liquibase.Scope.child(Scope.java:210) ~[liquibase-core-4.31.1.jar:na]
	at liquibase.Scope.child(Scope.java:200) ~[liquibase-core-4.31.1.jar:na]
	at liquibase.Scope.child(Scope.java:179) ~[liquibase-core-4.31.1.jar:na]
	at liquibase.changelog.ChangeLogIterator.lambda$run$1(ChangeLogIterator.java:122) ~[liquibase-core-4.31.1.jar:na]
	at liquibase.Scope.lambda$child$0(Scope.java:201) ~[liquibase-core-4.31.1.jar:na]
	at liquibase.Scope.child(Scope.java:210) ~[liquibase-core-4.31.1.jar:na]
	at liquibase.Scope.child(Scope.java:200) ~[liquibase-core-4.31.1.jar:na]
	at liquibase.Scope.child(Scope.java:179) ~[liquibase-core-4.31.1.jar:na]
	at liquibase.Scope.child(Scope.java:267) ~[liquibase-core-4.31.1.jar:na]
	at liquibase.Scope.child(Scope.java:271) ~[liquibase-core-4.31.1.jar:na]
	at liquibase.changelog.ChangeLogIterator.run(ChangeLogIterator.java:91) ~[liquibase-core-4.31.1.jar:na]
	... 130 common frames omitted
Caused by: liquibase.exception.DatabaseException: Function "JSONB_BUILD_OBJECT" not found; SQL statement:
-- Case A: target_resource is a simple table name (no spaces)
UPDATE data_endpoints
SET query_config = jsonb_build_object(
    'mode', 'BUILDER',
    'rootTable', target_resource,
    'columns', '[]'::jsonb,
    'filters', '[]'::jsonb,
    'sort', '[]'::jsonb
)
WHERE target_resource NOT LIKE '% %' AND target_resource NOT ILIKE 'SELECT%' [90022-232] [Failed SQL: (90022) -- Case A: target_resource is a simple table name (no spaces)
UPDATE data_endpoints
SET query_config = jsonb_build_object(
    'mode', 'BUILDER',
    'rootTable', target_resource,
    'columns', '[]'::jsonb,
    'filters', '[]'::jsonb,
    'sort', '[]'::jsonb
)
WHERE target_resource NOT LIKE '% %' AND target_resource NOT ILIKE 'SELECT%']
	at liquibase.executor.jvm.JdbcExecutor$ExecuteStatementCallback.doInStatement(JdbcExecutor.java:497) ~[liquibase-core-4.31.1.jar:na]
	at liquibase.executor.jvm.JdbcExecutor.execute(JdbcExecutor.java:83) ~[liquibase-core-4.31.1.jar:na]
	at liquibase.executor.jvm.JdbcExecutor.execute(JdbcExecutor.java:185) ~[liquibase-core-4.31.1.jar:na]
	at liquibase.executor.AbstractExecutor.execute(AbstractExecutor.java:141) ~[liquibase-core-4.31.1.jar:na]
	at liquibase.database.AbstractJdbcDatabase.executeStatements(AbstractJdbcDatabase.java:1189) ~[liquibase-core-4.31.1.jar:na]
         - @ConditionalOnSing
leCandidate (types: org.sprin
gframework.transaction.Reacti
veTransactionManager; 
SearchStrategy: all) did not 
find any beans 
(OnBeanCondition)

   TransactionAutoConfigurati
on.AspectJTransactionManageme
ntConfiguration:
      Did not match:
         - 
@ConditionalOnBean (types: or
g.springframework.transaction
.aspectj.AbstractTransactionA
spect; SearchStrategy: all) 
did not find any beans of 
type org.springframework.tran
saction.aspectj.AbstractTrans
actionAspect 
(OnBeanCondition)

   TransactionAutoConfigurati
on.EnableTransactionManagemen
tConfiguration.JdkDynamicAuto
ProxyConfiguration:
      Did not match:
         - @ConditionalOnBool
eanProperty (spring.aop.proxy
-target-class=false) did not 
find property 'spring.aop.pro
xy-target-class' 
(OnPropertyCondition)

   UserDetailsServiceAutoConf
iguration:
      Did not match:
         - 
@ConditionalOnClass did not 
find required class 'org.spri
ngframework.security.authenti
cation.AuthenticationManager'
 (OnClassCondition)

   
WebClientAutoConfiguration:
      Did not match:
         - 
@ConditionalOnClass did not 
find required class 'org.spri
ngframework.web.reactive.func
tion.client.WebClient' 
(OnClassCondition)

   WebFluxAutoConfiguration:
      Did not match:
         - 
@ConditionalOnClass did not 
find required class 'org.spri
ngframework.web.reactive.conf
ig.WebFluxConfigurer' 
(OnClassCondition)

   WebMvcAutoConfiguration#hi
ddenHttpMethodFilter:
      Did not match:
	at liquibase.changelog.ChangeSet.execute(ChangeSet.java:790) ~[liquibase-core-4.31.1.jar:na]
	... 145 common frames omitted
Caused by: org.h2.jdbc.JdbcSQLSyntaxErrorException: Function "JSONB_BUILD_OBJECT" not found; SQL statement:
-- Case A: target_resource is a simple table name (no spaces)
UPDATE data_endpoints
SET query_config = jsonb_build_object(
    'mode', 'BUILDER',
    'rootTable', target_resource,
    'columns', '[]'::jsonb,
    'filters', '[]'::jsonb,
    'sort', '[]'::jsonb
)
WHERE target_resource NOT LIKE '% %' AND target_resource NOT ILIKE 'SELECT%' [90022-232]
	at org.h2.message.DbException.getJdbcSQLException(DbException.java:644) ~[h2-2.3.232.jar:2.3.232]
	at org.h2.message.DbException.getJdbcSQLException(DbException.java:489) ~[h2-2.3.232.jar:2.3.232]
	at org.h2.message.DbException.get(DbException.java:223) ~[h2-2.3.232.jar:2.3.232]
	at org.h2.message.DbException.get(DbException.java:199) ~[h2-2.3.232.jar:2.3.232]
	at org.h2.command.Parser.readFunction(Parser.java:3772) ~[h2-2.3.232.jar:2.3.232]
	at org.h2.command.Parser.readTermWithIdentifier(Parser.java:5142) ~[h2-2.3.232.jar:2.3.232]
	at org.h2.command.Parser.readTerm(Parser.java:4828) ~[h2-2.3.232.jar:2.3.232]
	at org.h2.command.Parser.readFactor(Parser.java:3323) ~[h2-2.3.232.jar:2.3.232]
	at org.h2.command.Parser.readSum(Parser.java:3310) ~[h2-2.3.232.jar:2.3.232]
	at org.h2.command.Parser.readConcat(Parser.java:3275) ~[h2-2.3.232.jar:2.3.232]
	at org.h2.command.Parser.readCondition(Parser.java:3065) ~[h2-2.3.232.jar:2.3.232]
	at org.h2.command.Parser.readExpression(Parser.java:2985) ~[h2-2.3.232.jar:2.3.232]
	at org.h2.command.Parser.readExpressionOrDefault(Parser.java:2971) ~[h2-2.3.232.jar:2.3.232]
	at org.h2.command.Parser.readUpdateSetClause(Parser.java:1054) ~[h2-2.3.232.jar:2.3.232]
	at org.h2.command.Parser.parseUpdate(Parser.java:1003) ~[h2-2.3.232.jar:2.3.232]
	at org.h2.command.Parser.parsePrepared(Parser.java:744) ~[h2-2.3.232.jar:2.3.232]
	at org.h2.command.Parser.parse(Parser.java:581) ~[h2-2.3.232.jar:2.3.232]
	at org.h2.command.Parser.parse(Parser.java:556) ~[h2-2.3.232.jar:2.3.232]
	at org.h2.command.Parser.prepareCommand(Parser.java:484) ~[h2-2.3.232.jar:2.3.232]
	at org.h2.engine.SessionLocal.prepareLocal(SessionLocal.java:645) ~[h2-2.3.232.jar:2.3.232]
	at org.h2.engine.SessionLocal.prepareCommand(SessionLocal.java:561) ~[h2-2.3.232.jar:2.3.232]
	at org.h2.jdbc.JdbcConnection.prepareCommand(JdbcConnection.java:1164) ~[h2-2.3.232.jar:2.3.232]
	at org.h2.jdbc.JdbcStatement.executeInternal(JdbcStatement.java:245) ~[h2-2.3.232.jar:2.3.232]
	at org.h2.jdbc.JdbcStatement.execute(JdbcStatement.java:231) ~[h2-2.3.232.jar:2.3.232]
	at com.zaxxer.hikari.pool.ProxyStatement.execute(ProxyStatement.java:95) ~[HikariCP-6.3.3.jar:na]
	at com.zaxxer.hikari.pool.HikariProxyStatement.execute(HikariProxyStatement.java) ~[HikariCP-6.3.3.jar:na]
	at liquibase.executor.jvm.JdbcExecutor$ExecuteStatementCallback.doInStatement(JdbcExecutor.java:491) ~[liquibase-core-4.31.1.jar:na]
	... 150 common frames omitted

2025-11-28T00:24:39.297+07:00  WARN 19572 --- [ldop] [           main] o.s.test.context.TestContextManager      : Caught exception while allowing TestExecutionListener [org.springframework.test.context.web.ServletTestExecutionListener] to prepare test instance [com.example.ldop.controller.ConnectorControllerTest@237aa0c7]

java.lang.IllegalStateException: Failed to load ApplicationContext for [WebMergedContextConfiguration@6ffbf0ac testClass = com.example.ldop.controller.ConnectorControllerTest, locations = [], classes = [com.example.ldop.LdopApplication], contextInitializerClasses = [], activeProfiles = ["test"], propertySourceDescriptors = [], propertySourceProperties = ["org.springframework.boot.test.context.SpringBootTestContextBootstrapper=true"], contextCustomizers = [[ImportsContextCustomizer@ad5cffa key = [org.springframework.boot.test.autoconfigure.web.servlet.MockMvcWebDriverAutoConfiguration, org.springframework.boot.autoconfigure.security.oauth2.client.servlet.OAuth2ClientWebSecurityAutoConfiguration, org.springframework.boot.test.autoconfigure.web.servlet.MockMvcAutoConfiguration, org.springframework.boot.autoconfigure.security.saml2.Saml2RelyingPartyAutoConfiguration, org.springframework.boot.autoconfigure.security.servlet.SecurityAutoConfiguration, org.springframework.boot.autoconfigure.security.servlet.SecurityFilterAutoConfiguration, org.springframework.boot.autoconfigure.security.servlet.UserDetailsServiceAutoConfiguration, org.springframework.boot.autoconfigure.security.oauth2.resource.servlet.OAuth2ResourceServerAutoConfiguration, org.springframework.boot.test.autoconfigure.web.servlet.MockMvcSecurityConfiguration, org.springframework.boot.test.autoconfigure.web.servlet.MockMvcWebClientAutoConfiguration, org.springframework.boot.autoconfigure.security.oauth2.client.OAuth2ClientAutoConfiguration, org.springframework.boot.test.autoconfigure.web.reactive.WebTestClientAutoConfiguration]], org.springframework.boot.test.context.filter.ExcludeFilterContextCustomizer@1b8a29df, org.springframework.boot.test.json.DuplicateJsonObjectContextCustomizerFactory$DuplicateJsonObjectContextCustomizer@1ef6d34c, org.springframework.boot.test.mock.mockito.MockitoContextCustomizer@0, org.springframework.boot.test.web.client.TestRestTemplateContextCustomizer@4066c471, org.springframework.boot.test.web.reactor.netty.DisableReactorResourceFactoryGlobalResourcesContextCustomizerFactory$DisableReactorResourceFactoryGlobalResourcesContextCustomizerCustomizer@5e403b4a, org.springframework.boot.test.autoconfigure.OnFailureConditionReportContextCustomizerFactory$OnFailureConditionReportContextCustomizer@2931522b, org.springframework.boot.test.autoconfigure.actuate.observability.ObservabilityContextCustomizerFactory$DisableObservabilityContextCustomizer@1f, org.springframework.boot.test.autoconfigure.properties.PropertyMappingContextCustomizer@4b3fa0b3, org.springframework.boot.test.autoconfigure.web.servlet.WebDriverContextCustomizer@6bf08014, org.springframework.test.context.support.DynamicPropertiesContextCustomizer@0, org.springframework.boot.test.context.SpringBootTestAnnotation@82ba843e], resourceBasePath = "src/main/webapp", contextLoader = org.springframework.boot.test.context.SpringBootContextLoader, parent = null]
	at org.springframework.test.context.cache.DefaultCacheAwareContextLoaderDelegate.loadContext(DefaultCacheAwareContextLoaderDelegate.java:180) ~[spring-test-6.2.12.jar:6.2.12]
	at org.springframework.test.context.support.DefaultTestContext.getApplicationContext(DefaultTestContext.java:130) ~[spring-test-6.2.12.jar:6.2.12]
	at org.springframework.test.context.web.ServletTestExecutionListener.setUpRequestContextIfNecessary(ServletTestExecutionListener.java:200) ~[spring-test-6.2.12.jar:6.2.12]
	at org.springframework.test.context.web.ServletTestExecutionListener.prepareTestInstance(ServletTestExecutionListener.java:139) ~[spring-test-6.2.12.jar:6.2.12]
	at org.springframework.test.context.TestContextManager.prepareTestInstance(TestContextManager.java:260) ~[spring-test-6.2.12.jar:6.2.12]
	at org.springframework.test.context.junit.jupiter.SpringExtension.postProcessTestInstance(SpringExtension.java:159) ~[spring-test-6.2.12.jar:6.2.12]
	at org.junit.jupiter.engine.descriptor.ClassBasedTestDescriptor.lambda$invokeTestInstancePostProcessors$10(ClassBasedTestDescriptor.java:383) ~[junit-jupiter-engine-5.12.2.jar:5.12.2]
	at org.junit.jupiter.engine.descriptor.ClassBasedTestDescriptor.executeAndMaskThrowable(ClassBasedTestDescriptor.java:388) ~[junit-jupiter-engine-5.12.2.jar:5.12.2]
	at org.junit.jupiter.engine.descriptor.ClassBasedTestDescriptor.lambda$invokeTestInstancePostProcessors$11(ClassBasedTestDescriptor.java:382) ~[junit-jupiter-engine-5.12.2.jar:5.12.2]
	at java.base/java.util.stream.ForEachOps$ForEachOp$OfRef.accept(ForEachOps.java:184) ~[na:na]
	at java.base/java.util.stream.ReferencePipeline$3$1.accept(ReferencePipeline.java:197) ~[na:na]
	at java.base/java.util.stream.ReferencePipeline$2$1.accept(ReferencePipeline.java:179) ~[na:na]
	at java.base/java.util.stream.ReferencePipeline$3$1.accept(ReferencePipeline.java:197) ~[na:na]
	at java.base/java.util.ArrayList$ArrayListSpliterator.forEachRemaining(ArrayList.java:1708) ~[na:na]
	at java.base/java.util.stream.AbstractPipeline.copyInto(AbstractPipeline.java:509) ~[na:na]
	at java.base/java.util.stream.AbstractPipeline.wrapAndCopyInto(AbstractPipeline.java:499) ~[na:na]
	at java.base/java.util.stream.ForEachOps$ForEachOp.evaluateSequential(ForEachOps.java:151) ~[na:na]
	at java.base/java.util.stream.ForEachOps$ForEachOp$OfRef.evaluateSequential(ForEachOps.java:174) ~[na:na]
	at java.base/java.util.stream.AbstractPipeline.evaluate(AbstractPipeline.java:234) ~[na:na]
	at java.base/java.util.stream.ReferencePipeline.forEach(ReferencePipeline.java:596) ~[na:na]
	at org.junit.jupiter.engine.descriptor.ClassBasedTestDescriptor.invokeTestInstancePostProcessors(ClassBasedTestDescriptor.java:382) ~[junit-jupiter-engine-5.12.2.jar:5.12.2]
	at org.junit.jupiter.engine.descriptor.ClassBasedTestDescriptor.lambda$instantiateAndPostProcessTestInstance$6(ClassBasedTestDescriptor.java:293) ~[junit-jupiter-engine-5.12.2.jar:5.12.2]
	at org.junit.platform.engine.support.hierarchical.ThrowableCollector.execute(ThrowableCollector.java:73) ~[junit-platform-engine-1.12.2.jar:1.12.2]
	at org.junit.jupiter.engine.descriptor.ClassBasedTestDescriptor.instantiateAndPostProcessTestInstance(ClassBasedTestDescriptor.java:292) ~[junit-jupiter-engine-5.12.2.jar:5.12.2]
	at org.junit.jupiter.engine.descriptor.ClassBasedTestDescriptor.lambda$testInstancesProvider$4(ClassBasedTestDescriptor.java:281) ~[junit-jupiter-engine-5.12.2.jar:5.12.2]
	at java.base/java.util.Optional.orElseGet(Optional.java:364) ~[na:na]
	at org.junit.jupiter.engine.descriptor.ClassBasedTestDescriptor.lambda$testInstancesProvider$5(ClassBasedTestDescriptor.java:280) ~[junit-jupiter-engine-5.12.2.jar:5.12.2]
	at org.junit.jupiter.engine.execution.TestInstancesProvider.getTestInstances(TestInstancesProvider.java:27) ~[junit-jupiter-engine-5.12.2.jar:5.12.2]
	at org.junit.jupiter.engine.descriptor.TestMethodTestDescriptor.lambda$prepare$0(TestMethodTestDescriptor.java:112) ~[junit-jupiter-engine-5.12.2.jar:5.12.2]
	at org.junit.platform.engine.support.hierarchical.ThrowableCollector.execute(ThrowableCollector.java:73) ~[junit-platform-engine-1.12.2.jar:1.12.2]
	at org.junit.jupiter.engine.descriptor.TestMethodTestDescriptor.prepare(TestMethodTestDescriptor.java:111) ~[junit-jupiter-engine-5.12.2.jar:5.12.2]
	at org.junit.jupiter.engine.descriptor.TestMethodTestDescriptor.prepare(TestMethodTestDescriptor.java:69) ~[junit-jupiter-engine-5.12.2.jar:5.12.2]
	at org.junit.platform.engine.support.hierarchical.NodeTestTask.lambda$prepare$2(NodeTestTask.java:128) ~[junit-platform-engine-1.12.2.jar:1.12.2]
	at org.junit.platform.engine.support.hierarchical.ThrowableCollector.execute(ThrowableCollector.java:73) ~[junit-platform-engine-1.12.2.jar:1.12.2]
	at org.junit.platform.engine.support.hierarchical.NodeTestTask.prepare(NodeTestTask.java:128) ~[junit-platform-engine-1.12.2.jar:1.12.2]
	at org.junit.platform.engine.support.hierarchical.NodeTestTask.execute(NodeTestTask.java:95) ~[junit-platform-engine-1.12.2.jar:1.12.2]
	at java.base/java.util.ArrayList.forEach(ArrayList.java:1596) ~[na:na]
	at org.junit.platform.engine.support.hierarchical.SameThreadHierarchicalTestExecutorService.invokeAll(SameThreadHierarchicalTestExecutorService.java:41) ~[junit-platform-engine-1.12.2.jar:1.12.2]
	at org.junit.platform.engine.support.hierarchical.NodeTestTask.lambda$executeRecursively$6(NodeTestTask.java:160) ~[junit-platform-engine-1.12.2.jar:1.12.2]
	at org.junit.platform.engine.support.hierarchical.ThrowableCollector.execute(ThrowableCollector.java:73) ~[junit-platform-engine-1.12.2.jar:1.12.2]
	at org.junit.platform.engine.support.hierarchical.NodeTestTask.lambda$executeRecursively$8(NodeTestTask.java:146) ~[junit-platform-engine-1.12.2.jar:1.12.2]
	at org.junit.platform.engine.support.hierarchical.Node.around(Node.java:137) ~[junit-platform-engine-1.12.2.jar:1.12.2]
	at org.junit.platform.engine.support.hierarchical.NodeTestTask.lambda$executeRecursively$9(NodeTestTask.java:144) ~[junit-platform-engine-1.12.2.jar:1.12.2]
	at org.junit.platform.engine.support.hierarchical.ThrowableCollector.execute(ThrowableCollector.java:73) ~[junit-platform-engine-1.12.2.jar:1.12.2]
	at org.junit.platform.engine.support.hierarchical.NodeTestTask.executeRecursively(NodeTestTask.java:143) ~[junit-platform-engine-1.12.2.jar:1.12.2]
	at org.junit.platform.engine.support.hierarchical.NodeTestTask.execute(NodeTestTask.java:100) ~[junit-platform-engine-1.12.2.jar:1.12.2]
	at java.base/java.util.ArrayList.forEach(ArrayList.java:1596) ~[na:na]
	at org.junit.platform.engine.support.hierarchical.SameThreadHierarchicalTestExecutorService.invokeAll(SameThreadHierarchicalTestExecutorService.java:41) ~[junit-platform-engine-1.12.2.jar:1.12.2]
	at org.junit.platform.engine.support.hierarchical.NodeTestTask.lambda$executeRecursively$6(NodeTestTask.java:160) ~[junit-platform-engine-1.12.2.jar:1.12.2]
	at org.junit.platform.engine.support.hierarchical.ThrowableCollector.execute(ThrowableCollector.java:73) ~[junit-platform-engine-1.12.2.jar:1.12.2]
	at org.junit.platform.engine.support.hierarchical.NodeTestTask.lambda$executeRecursively$8(NodeTestTask.java:146) ~[junit-platform-engine-1.12.2.jar:1.12.2]
	at org.junit.platform.engine.support.hierarchical.Node.around(Node.java:137) ~[junit-platform-engine-1.12.2.jar:1.12.2]
	at org.junit.platform.engine.support.hierarchical.NodeTestTask.lambda$executeRecursively$9(NodeTestTask.java:144) ~[junit-platform-engine-1.12.2.jar:1.12.2]
	at org.junit.platform.engine.support.hierarchical.ThrowableCollector.execute(ThrowableCollector.java:73) ~[junit-platform-engine-1.12.2.jar:1.12.2]
	at org.junit.platform.engine.support.hierarchical.NodeTestTask.executeRecursively(NodeTestTask.java:143) ~[junit-platform-engine-1.12.2.jar:1.12.2]
	at org.junit.platform.engine.support.hierarchical.NodeTestTask.execute(NodeTestTask.java:100) ~[junit-platform-engine-1.12.2.jar:1.12.2]
	at org.junit.platform.engine.support.hierarchical.SameThreadHierarchicalTestExecutorService.submit(SameThreadHierarchicalTestExecutorService.java:35) ~[junit-platform-engine-1.12.2.jar:1.12.2]
	at org.junit.platform.engine.support.hierarchical.HierarchicalTestExecutor.execute(HierarchicalTestExecutor.java:57) ~[junit-platform-engine-1.12.2.jar:1.12.2]
	at org.junit.platform.engine.support.hierarchical.HierarchicalTestEngine.execute(HierarchicalTestEngine.java:54) ~[junit-platform-engine-1.12.2.jar:1.12.2]
	at org.junit.platform.launcher.core.EngineExecutionOrchestrator.execute(EngineExecutionOrchestrator.java:201) ~[junit-platform-launcher-1.12.2.jar:1.12.2]
	at org.junit.platform.launcher.core.EngineExecutionOrchestrator.execute(EngineExecutionOrchestrator.java:170) ~[junit-platform-launcher-1.12.2.jar:1.12.2]
	at org.junit.platform.launcher.core.EngineExecutionOrchestrator.execute(EngineExecutionOrchestrator.java:94) ~[junit-platform-launcher-1.12.2.jar:1.12.2]
	at org.junit.platform.launcher.core.EngineExecutionOrchestrator.lambda$execute$0(EngineExecutionOrchestrator.java:59) ~[junit-platform-launcher-1.12.2.jar:1.12.2]
	at org.junit.platform.launcher.core.EngineExecutionOrchestrator.withInterceptedStreams(EngineExecutionOrchestrator.java:142) ~[junit-platform-launcher-1.12.2.jar:1.12.2]
	at org.junit.platform.launcher.core.EngineExecutionOrchestrator.execute(EngineExecutionOrchestrator.java:58) ~[junit-platform-launcher-1.12.2.jar:1.12.2]
	at org.junit.platform.launcher.core.DefaultLauncher.execute(DefaultLauncher.java:103) ~[junit-platform-launcher-1.12.2.jar:1.12.2]
	at org.junit.platform.launcher.core.DefaultLauncher.execute(DefaultLauncher.java:85) ~[junit-platform-launcher-1.12.2.jar:1.12.2]
	at org.junit.platform.launcher.core.DelegatingLauncher.execute(DelegatingLauncher.java:47) ~[junit-platform-launcher-1.12.2.jar:1.12.2]
	at org.junit.platform.launcher.core.InterceptingLauncher.lambda$execute$1(InterceptingLauncher.java:39) ~[junit-platform-launcher-1.12.2.jar:1.12.2]
	at org.junit.platform.launcher.core.ClasspathAlignmentCheckingLauncherInterceptor.intercept(ClasspathAlignmentCheckingLauncherInterceptor.java:25) ~[junit-platform-launcher-1.12.2.jar:1.12.2]
	at org.junit.platform.launcher.core.InterceptingLauncher.execute(InterceptingLauncher.java:38) ~[junit-platform-launcher-1.12.2.jar:1.12.2]
	at org.junit.platform.launcher.core.DelegatingLauncher.execute(DelegatingLauncher.java:47) ~[junit-platform-launcher-1.12.2.jar:1.12.2]
	at org.apache.maven.surefire.junitplatform.LauncherAdapter.executeWithoutCancellationToken(LauncherAdapter.java:60) ~[surefire-junit-platform-3.5.4.jar:3.5.4]
	at org.apache.maven.surefire.junitplatform.LauncherAdapter.execute(LauncherAdapter.java:52) ~[surefire-junit-platform-3.5.4.jar:3.5.4]
	at org.apache.maven.surefire.junitplatform.JUnitPlatformProvider.execute(JUnitPlatformProvider.java:203) ~[surefire-junit-platform-3.5.4.jar:3.5.4]
	at org.apache.maven.surefire.junitplatform.JUnitPlatformProvider.invokeAllTests(JUnitPlatformProvider.java:168) ~[surefire-junit-platform-3.5.4.jar:3.5.4]
	at org.apache.maven.surefire.junitplatform.JUnitPlatformProvider.invoke(JUnitPlatformProvider.java:136) ~[surefire-junit-platform-3.5.4.jar:3.5.4]
	at org.apache.maven.surefire.booter.ForkedBooter.runSuitesInProcess(ForkedBooter.java:385) ~[surefire-booter-3.5.4.jar:3.5.4]
	at org.apache.maven.surefire.booter.ForkedBooter.execute(ForkedBooter.java:162) ~[surefire-booter-3.5.4.jar:3.5.4]
	at org.apache.maven.surefire.booter.ForkedBooter.run(ForkedBooter.java:507) ~[surefire-booter-3.5.4.jar:3.5.4]
	at org.apache.maven.surefire.booter.ForkedBooter.main(ForkedBooter.java:495) ~[surefire-booter-3.5.4.jar:3.5.4]
Caused by: org.springframework.beans.factory.BeanCreationException: Error creating bean with name 'entityManagerFactory' defined in class path resource [org/springframework/boot/autoconfigure/orm/jpa/HibernateJpaConfiguration.class]: Failed to initialize dependency 'liquibase' of LoadTimeWeaverAware bean 'entityManagerFactory': Error creating bean with name 'liquibase' defined in class path resource [org/springframework/boot/autoconfigure/liquibase/LiquibaseAutoConfiguration$LiquibaseConfiguration.class]: liquibase.exception.CommandExecutionException: liquibase.exception.LiquibaseException: liquibase.exception.MigrationFailedException: Migration failed for changeset db/changelog/changes/002-data-endpoint-redesign.yaml::002-migrate-target-resource-data::antigravity:
     Reason: liquibase.exception.DatabaseException: Function "JSONB_BUILD_OBJECT" not found; SQL statement:
-- Case A: target_resource is a simple table name (no spaces)
UPDATE data_endpoints
SET query_config = jsonb_build_object(
    'mode', 'BUILDER',
    'rootTable', target_resource,
    'columns', '[]'::jsonb,
    'filters', '[]'::jsonb,
    'sort', '[]'::jsonb
)
WHERE target_resource NOT LIKE '% %' AND target_resource NOT ILIKE 'SELECT%' [90022-232] [Failed SQL: (90022) -- Case A: target_resource is a simple table name (no spaces)
UPDATE data_endpoints
SET query_config = jsonb_build_object(
    'mode', 'BUILDER',
    'rootTable', target_resource,
    'columns', '[]'::jsonb,
    'filters', '[]'::jsonb,
    'sort', '[]'::jsonb
)
WHERE target_resource NOT LIKE '% %' AND target_resource NOT ILIKE 'SELECT%']
	at org.springframework.beans.factory.support.AbstractBeanFactory.doGetBean(AbstractBeanFactory.java:328) ~[spring-beans-6.2.12.jar:6.2.12]
	at org.springframework.beans.factory.support.AbstractBeanFactory.getBean(AbstractBeanFactory.java:207) ~[spring-beans-6.2.12.jar:6.2.12]
	at org.springframework.context.support.AbstractApplicationContext.finishBeanFactoryInitialization(AbstractApplicationContext.java:973) ~[spring-context-6.2.12.jar:6.2.12]
	at org.springframework.context.support.AbstractApplicationContext.refresh(AbstractApplicationContext.java:627) ~[spring-context-6.2.12.jar:6.2.12]
	at org.springframework.boot.SpringApplication.refresh(SpringApplication.java:752) ~[spring-boot-3.5.7.jar:3.5.7]
	at org.springframework.boot.SpringApplication.refreshContext(SpringApplication.java:439) ~[spring-boot-3.5.7.jar:3.5.7]
	at org.springframework.boot.SpringApplication.run(SpringApplication.java:318) ~[spring-boot-3.5.7.jar:3.5.7]
	at org.springframework.boot.test.context.SpringBootContextLoader.lambda$loadContext$3(SpringBootContextLoader.java:144) ~[spring-boot-test-3.5.7.jar:3.5.7]
	at org.springframework.util.function.ThrowingSupplier.get(ThrowingSupplier.java:58) ~[spring-core-6.2.12.jar:6.2.12]
	at org.springframework.util.function.ThrowingSupplier.get(ThrowingSupplier.java:46) ~[spring-core-6.2.12.jar:6.2.12]
	at org.springframework.boot.SpringApplication.withHook(SpringApplication.java:1461) ~[spring-boot-3.5.7.jar:3.5.7]
	at org.springframework.boot.test.context.SpringBootContextLoader$ContextLoaderHook.run(SpringBootContextLoader.java:563) ~[spring-boot-test-3.5.7.jar:3.5.7]
	at org.springframework.boot.test.context.SpringBootContextLoader.loadContext(SpringBootContextLoader.java:144) ~[spring-boot-test-3.5.7.jar:3.5.7]
	at org.springframework.boot.test.context.SpringBootContextLoader.loadContext(SpringBootContextLoader.java:110) ~[spring-boot-test-3.5.7.jar:3.5.7]
	at org.springframework.test.context.cache.DefaultCacheAwareContextLoaderDelegate.loadContextInternal(DefaultCacheAwareContextLoaderDelegate.java:225) ~[spring-test-6.2.12.jar:6.2.12]
	at org.springframework.test.context.cache.DefaultCacheAwareContextLoaderDelegate.loadContext(DefaultCacheAwareContextLoaderDelegate.java:152) ~[spring-test-6.2.12.jar:6.2.12]
	... 80 common frames omitted
Caused by: org.springframework.beans.factory.BeanCreationException: Error creating bean with name 'liquibase' defined in class path resource [org/springframework/boot/autoconfigure/liquibase/LiquibaseAutoConfiguration$LiquibaseConfiguration.class]: liquibase.exception.CommandExecutionException: liquibase.exception.LiquibaseException: liquibase.exception.MigrationFailedException: Migration failed for changeset db/changelog/changes/002-data-endpoint-redesign.yaml::002-migrate-target-resource-data::antigravity:
     Reason: liquibase.exception.DatabaseException: Function "JSONB_BUILD_OBJECT" not found; SQL statement:
-- Case A: target_resource is a simple table name (no spaces)
UPDATE data_endpoints
SET query_config = jsonb_build_object(
    'mode', 'BUILDER',
    'rootTable', target_resource,
    'columns', '[]'::jsonb,
    'filters', '[]'::jsonb,
    'sort', '[]'::jsonb
)
WHERE target_resource NOT LIKE '% %' AND target_resource NOT ILIKE 'SELECT%' [90022-232] [Failed SQL: (90022) -- Case A: target_resource is a simple table name (no spaces)
UPDATE data_endpoints
SET query_config = jsonb_build_object(
    'mode', 'BUILDER',
    'rootTable', target_resource,
    'columns', '[]'::jsonb,
    'filters', '[]'::jsonb,
    'sort', '[]'::jsonb
)
WHERE target_resource NOT LIKE '% %' AND target_resource NOT ILIKE 'SELECT%']
	at org.springframework.beans.factory.support.AbstractAutowireCapableBeanFactory.initializeBean(AbstractAutowireCapableBeanFactory.java:1826) ~[spring-beans-6.2.12.jar:6.2.12]
	at org.springframework.beans.factory.support.AbstractAutowireCapableBeanFactory.doCreateBean(AbstractAutowireCapableBeanFactory.java:607) ~[spring-beans-6.2.12.jar:6.2.12]
	at org.springframework.beans.factory.support.AbstractAutowireCapableBeanFactory.createBean(AbstractAutowireCapableBeanFactory.java:529) ~[spring-beans-6.2.12.jar:6.2.12]
	at org.springframework.beans.factory.support.AbstractBeanFactory.lambda$doGetBean$0(AbstractBeanFactory.java:339) ~[spring-beans-6.2.12.jar:6.2.12]
	at org.springframework.beans.factory.support.DefaultSingletonBeanRegistry.getSingleton(DefaultSingletonBeanRegistry.java:373) ~[spring-beans-6.2.12.jar:6.2.12]
	at org.springframework.beans.factory.support.AbstractBeanFactory.doGetBean(AbstractBeanFactory.java:337) ~[spring-beans-6.2.12.jar:6.2.12]
	at org.springframework.beans.factory.support.AbstractBeanFactory.getBean(AbstractBeanFactory.java:202) ~[spring-beans-6.2.12.jar:6.2.12]
	at org.springframework.beans.factory.support.AbstractBeanFactory.doGetBean(AbstractBeanFactory.java:315) ~[spring-beans-6.2.12.jar:6.2.12]
	... 95 common frames omitted
Caused by: liquibase.exception.LiquibaseException: liquibase.exception.CommandExecutionException: liquibase.exception.LiquibaseException: liquibase.exception.MigrationFailedException: Migration failed for changeset db/changelog/changes/002-data-endpoint-redesign.yaml::002-migrate-target-resource-data::antigravity:
     Reason: liquibase.exception.DatabaseException: Function "JSONB_BUILD_OBJECT" not found; SQL statement:
-- Case A: target_resource is a simple table name (no spaces)
UPDATE data_endpoints
SET query_config = jsonb_build_object(
    'mode', 'BUILDER',
    'rootTable', target_resource,
    'columns', '[]'::jsonb,
    'filters', '[]'::jsonb,
    'sort', '[]'::jsonb
)
WHERE target_resource NOT LIKE '% %' AND target_resource NOT ILIKE 'SELECT%' [90022-232] [Failed SQL: (90022) -- Case A: target_resource is a simple table name (no spaces)
UPDATE data_endpoints
SET query_config = jsonb_build_object(
    'mode', 'BUILDER',
    'rootTable', target_resource,
    'columns', '[]'::jsonb,
    'filters', '[]'::jsonb,
    'sort', '[]'::jsonb
)
WHERE target_resource NOT LIKE '% %' AND target_resource NOT ILIKE 'SELECT%']
	at liquibase.integration.spring.SpringLiquibase.afterPropertiesSet(SpringLiquibase.java:288) ~[liquibase-core-4.31.1.jar:na]
	at org.springframework.beans.factory.support.AbstractAutowireCapableBeanFactory.invokeInitMethods(AbstractAutowireCapableBeanFactory.java:1873) ~[spring-beans-6.2.12.jar:6.2.12]
	at org.springframework.beans.factory.support.AbstractAutowireCapableBeanFactory.initializeBean(AbstractAutowireCapableBeanFactory.java:1822) ~[spring-beans-6.2.12.jar:6.2.12]
	... 102 common frames omitted
Caused by: liquibase.exception.CommandExecutionException: liquibase.exception.LiquibaseException: liquibase.exception.MigrationFailedException: Migration failed for changeset db/changelog/changes/002-data-endpoint-redesign.yaml::002-migrate-target-resource-data::antigravity:
     Reason: liquibase.exception.DatabaseException: Function "JSONB_BUILD_OBJECT" not found; SQL statement:
-- Case A: target_resource is a simple table name (no spaces)
UPDATE data_endpoints
SET query_config = jsonb_build_object(
    'mode', 'BUILDER',
    'rootTable', target_resource,
    'columns', '[]'::jsonb,
    'filters', '[]'::jsonb,
    'sort', '[]'::jsonb
)
WHERE target_resource NOT LIKE '% %' AND target_resource NOT ILIKE 'SELECT%' [90022-232] [Failed SQL: (90022) -- Case A: target_resource is a simple table name (no spaces)
UPDATE data_endpoints
SET query_config = jsonb_build_object(
    'mode', 'BUILDER',
    'rootTable', target_resource,
    'columns', '[]'::jsonb,
    'filters', '[]'::jsonb,
    'sort', '[]'::jsonb
)
WHERE target_resource NOT LIKE '% %' AND target_resource NOT ILIKE 'SELECT%']
	at liquibase.command.CommandScope.lambda$execute$6(CommandScope.java:300) ~[liquibase-core-4.31.1.jar:na]
	at liquibase.Scope.child(Scope.java:210) ~[liquibase-core-4.31.1.jar:na]
	at liquibase.Scope.child(Scope.java:186) ~[liquibase-core-4.31.1.jar:na]
	at liquibase.command.CommandScope.execute(CommandScope.java:241) ~[liquibase-core-4.31.1.jar:na]
	at liquibase.Liquibase.lambda$update$0(Liquibase.java:216) ~[liquibase-core-4.31.1.jar:na]
	at liquibase.Scope.lambda$child$0(Scope.java:201) ~[liquibase-core-4.31.1.jar:na]
	at liquibase.Scope.child(Scope.java:210) ~[liquibase-core-4.31.1.jar:na]
	at liquibase.Scope.child(Scope.java:200) ~[liquibase-core-4.31.1.jar:na]
	at liquibase.Scope.child(Scope.java:179) ~[liquibase-core-4.31.1.jar:na]
	at liquibase.Liquibase.runInScope(Liquibase.java:1333) ~[liquibase-core-4.31.1.jar:na]
	at liquibase.Liquibase.update(Liquibase.java:205) ~[liquibase-core-4.31.1.jar:na]
	at liquibase.Liquibase.update(Liquibase.java:188) ~[liquibase-core-4.31.1.jar:na]
	at liquibase.integration.spring.SpringLiquibase.performUpdate(SpringLiquibase.java:326) ~[liquibase-core-4.31.1.jar:na]
	at liquibase.integration.spring.SpringLiquibase.lambda$afterPropertiesSet$0(SpringLiquibase.java:278) ~[liquibase-core-4.31.1.jar:na]
	at liquibase.Scope.lambda$child$0(Scope.java:201) ~[liquibase-core-4.31.1.jar:na]
	at liquibase.Scope.child(Scope.java:210) ~[liquibase-core-4.31.1.jar:na]
	at liquibase.Scope.child(Scope.java:200) ~[liquibase-core-4.31.1.jar:na]
	at liquibase.Scope.child(Scope.java:179) ~[liquibase-core-4.31.1.jar:na]
	at liquibase.integration.spring.SpringLiquibase.afterPropertiesSet(SpringLiquibase.java:271) ~[liquibase-core-4.31.1.jar:na]
	... 104 common frames omitted
Caused by: liquibase.exception.LiquibaseException: liquibase.exception.MigrationFailedException: Migration failed for changeset db/changelog/changes/002-data-endpoint-redesign.yaml::002-migrate-target-resource-data::antigravity:
     Reason: liquibase.exception.DatabaseException: Function "JSONB_BUILD_OBJECT" not found; SQL statement:
-- Case A: target_resource is a simple table name (no spaces)
UPDATE data_endpoints
SET query_config = jsonb_build_object(
    'mode', 'BUILDER',
    'rootTable', target_resource,
    'columns', '[]'::jsonb,
    'filters', '[]'::jsonb,
    'sort', '[]'::jsonb
)
WHERE target_resource NOT LIKE '% %' AND target_resource NOT ILIKE 'SELECT%' [90022-232] [Failed SQL: (90022) -- Case A: target_resource is a simple table name (no spaces)
UPDATE data_endpoints
SET query_config = jsonb_build_object(
    'mode', 'BUILDER',
    'rootTable', target_resource,
    'columns', '[]'::jsonb,
    'filters', '[]'::jsonb,
    'sort', '[]'::jsonb
)
WHERE target_resource NOT LIKE '% %' AND target_resource NOT ILIKE 'SELECT%']
	at liquibase.changelog.ChangeLogIterator.run(ChangeLogIterator.java:155) ~[liquibase-core-4.31.1.jar:na]
	at liquibase.command.core.AbstractUpdateCommandStep.lambda$run$0(AbstractUpdateCommandStep.java:114) ~[liquibase-core-4.31.1.jar:na]
	at liquibase.Scope.lambda$child$0(Scope.java:201) ~[liquibase-core-4.31.1.jar:na]
	at liquibase.Scope.child(Scope.java:210) ~[liquibase-core-4.31.1.jar:na]
	at liquibase.Scope.child(Scope.java:200) ~[liquibase-core-4.31.1.jar:na]
	at liquibase.Scope.child(Scope.java:179) ~[liquibase-core-4.31.1.jar:na]
	at liquibase.command.core.AbstractUpdateCommandStep.run(AbstractUpdateCommandStep.java:112) ~[liquibase-core-4.31.1.jar:na]
	at liquibase.command.core.UpdateCommandStep.run(UpdateCommandStep.java:100) ~[liquibase-core-4.31.1.jar:na]
	at liquibase.command.CommandScope.lambda$execute$6(CommandScope.java:253) ~[liquibase-core-4.31.1.jar:na]
	... 122 common frames omitted
Caused by: liquibase.exception.MigrationFailedException: Migration failed for changeset db/changelog/changes/002-data-endpoint-redesign.yaml::002-migrate-target-resource-data::antigravity:
     Reason: liquibase.exception.DatabaseException: Function "JSONB_BUILD_OBJECT" not found; SQL statement:
-- Case A: target_resource is a simple table name (no spaces)
UPDATE data_endpoints
SET query_config = jsonb_build_object(
    'mode', 'BUILDER',
    'rootTable', target_resource,
    'columns', '[]'::jsonb,
    'filters', '[]'::jsonb,
    'sort', '[]'::jsonb
)
WHERE target_resource NOT LIKE '% %' AND target_resource NOT ILIKE 'SELECT%' [90022-232] [Failed SQL: (90022) -- Case A: target_resource is a simple table name (no spaces)
UPDATE data_endpoints
SET query_config = jsonb_build_object(
    'mode', 'BUILDER',
    'rootTable', target_resource,
    'columns', '[]'::jsonb,
    'filters', '[]'::jsonb,
    'sort', '[]'::jsonb
)
WHERE target_resource NOT LIKE '% %' AND target_resource NOT ILIKE 'SELECT%']
	at liquibase.changelog.ChangeSet.execute(ChangeSet.java:840) ~[liquibase-core-4.31.1.jar:na]
	at liquibase.changelog.visitor.UpdateVisitor.executeAcceptedChange(UpdateVisitor.java:126) ~[liquibase-core-4.31.1.jar:na]
	at liquibase.changelog.visitor.UpdateVisitor.visit(UpdateVisitor.java:70) ~[liquibase-core-4.31.1.jar:na]
	at liquibase.changelog.ChangeLogIterator.lambda$run$0(ChangeLogIterator.java:133) ~[liquibase-core-4.31.1.jar:na]
	at liquibase.Scope.lambda$child$0(Scope.java:201) ~[liquibase-core-4.31.1.jar:na]
	at liquibase.Scope.child(Scope.java:210) ~[liquibase-core-4.31.1.jar:na]
	at liquibase.Scope.child(Scope.java:200) ~[liquibase-core-4.31.1.jar:na]
	at liquibase.Scope.child(Scope.java:179) ~[liquibase-core-4.31.1.jar:na]
	at liquibase.changelog.ChangeLogIterator.lambda$run$1(ChangeLogIterator.java:122) ~[liquibase-core-4.31.1.jar:na]
	at liquibase.Scope.lambda$child$0(Scope.java:201) ~[liquibase-core-4.31.1.jar:na]
	at liquibase.Scope.child(Scope.java:210) ~[liquibase-core-4.31.1.jar:na]
	at liquibase.Scope.child(Scope.java:200) ~[liquibase-core-4.31.1.jar:na]
	at liquibase.Scope.child(Scope.java:179) ~[liquibase-core-4.31.1.jar:na]
	at liquibase.Scope.child(Scope.java:267) ~[liquibase-core-4.31.1.jar:na]
	at liquibase.Scope.child(Scope.java:271) ~[liquibase-core-4.31.1.jar:na]
	at liquibase.changelog.ChangeLogIterator.run(ChangeLogIterator.java:91) ~[liquibase-core-4.31.1.jar:na]
	... 130 common frames omitted
Caused by: liquibase.exception.DatabaseException: Function "JSONB_BUILD_OBJECT" not found; SQL statement:
-- Case A: target_resource is a simple table name (no spaces)
UPDATE data_endpoints
SET query_config = jsonb_build_object(
    'mode', 'BUILDER',
    'rootTable', target_resource,
    'columns', '[]'::jsonb,
    'filters', '[]'::jsonb,
    'sort', '[]'::jsonb
)
WHERE target_resource NOT LIKE '% %' AND target_resource NOT ILIKE 'SELECT%' [90022-232] [Failed SQL: (90022) -- Case A: target_resource is a simple table name (no spaces)
UPDATE data_endpoints
SET query_config = jsonb_build_object(
    'mode', 'BUILDER',
    'rootTable', target_resource,
    'columns', '[]'::jsonb,
    'filters', '[]'::jsonb,
    'sort', '[]'::jsonb
)
WHERE target_resource NOT LIKE '% %' AND target_resource NOT ILIKE 'SELECT%']
	at liquibase.executor.jvm.JdbcExecutor$ExecuteStatementCallback.doInStatement(JdbcExecutor.java:497) ~[liquibase-core-4.31.1.jar:na]
	at liquibase.executor.jvm.JdbcExecutor.execute(JdbcExecutor.java:83) ~[liquibase-core-4.31.1.jar:na]
	at liquibase.executor.jvm.JdbcExecutor.execute(JdbcExecutor.java:185) ~[liquibase-core-4.31.1.jar:na]
	at liquibase.executor.AbstractExecutor.execute(AbstractExecutor.java:141) ~[liquibase-core-4.31.1.jar:na]
	at liquibase.database.AbstractJdbcDatabase.executeStatements(AbstractJdbcDatabase.java:1189) ~[liquibase-core-4.31.1.jar:na]
	at liquibase.changelog.ChangeSet.execute(ChangeSet.java:790) ~[liquibase-core-4.31.1.jar:na]
	... 145 common frames omitted
Caused by: org.h2.jdbc.JdbcSQLSyntaxErrorException: Function "JSONB_BUILD_OBJECT" not found; SQL statement:
-- Case A: target_resource is a simple table name (no spaces)
UPDATE data_endpoints
SET query_config = jsonb_build_object(
    'mode', 'BUILDER',
    'rootTable', target_resource,
    'columns', '[]'::jsonb,
    'filters', '[]'::jsonb,
    'sort', '[]'::jsonb
)
WHERE target_resource NOT LIKE '% %' AND target_resource NOT ILIKE 'SELECT%' [90022-232]
	at org.h2.message.DbException.getJdbcSQLException(DbException.java:644) ~[h2-2.3.232.jar:2.3.232]
	at org.h2.message.DbException.getJdbcSQLException(DbException.java:489) ~[h2-2.3.232.jar:2.3.232]
	at org.h2.message.DbException.get(DbException.java:223) ~[h2-2.3.232.jar:2.3.232]
	at org.h2.message.DbException.get(DbException.java:199) ~[h2-2.3.232.jar:2.3.232]
	at org.h2.command.Parser.readFunction(Parser.java:3772) ~[h2-2.3.232.jar:2.3.232]
	at org.h2.command.Parser.readTermWithIdentifier(Parser.java:5142) ~[h2-2.3.232.jar:2.3.232]
	at org.h2.command.Parser.readTerm(Parser.java:4828) ~[h2-2.3.232.jar:2.3.232]
	at org.h2.command.Parser.readFactor(Parser.java:3323) ~[h2-2.3.232.jar:2.3.232]
	at org.h2.command.Parser.readSum(Parser.java:3310) ~[h2-2.3.232.jar:2.3.232]
	at org.h2.command.Parser.readConcat(Parser.java:3275) ~[h2-2.3.232.jar:2.3.232]
	at org.h2.command.Parser.readCondition(Parser.java:3065) ~[h2-2.3.232.jar:2.3.232]
	at org.h2.command.Parser.readExpression(Parser.java:2985) ~[h2-2.3.232.jar:2.3.232]
	at org.h2.command.Parser.readExpressionOrDefault(Parser.java:2971) ~[h2-2.3.232.jar:2.3.232]
	at org.h2.command.Parser.readUpdateSetClause(Parser.java:1054) ~[h2-2.3.232.jar:2.3.232]
	at org.h2.command.Parser.parseUpdate(Parser.java:1003) ~[h2-2.3.232.jar:2.3.232]
	at org.h2.command.Parser.parsePrepared(Parser.java:744) ~[h2-2.3.232.jar:2.3.232]
	at org.h2.command.Parser.parse(Parser.java:581) ~[h2-2.3.232.jar:2.3.232]
	at org.h2.command.Parser.parse(Parser.java:556) ~[h2-2.3.232.jar:2.3.232]
	at org.h2.command.Parser.prepareCommand(Parser.java:484) ~[h2-2.3.232.jar:2.3.232]
	at org.h2.engine.SessionLocal.prepareLocal(SessionLocal.java:645) ~[h2-2.3.232.jar:2.3.232]
	at org.h2.engine.SessionLocal.prepareCommand(SessionLocal.java:561) ~[h2-2.3.232.jar:2.3.232]
	at org.h2.jdbc.JdbcConnection.prepareCommand(JdbcConnection.java:1164) ~[h2-2.3.232.jar:2.3.232]
	at org.h2.jdbc.JdbcStatement.executeInternal(JdbcStatement.java:245) ~[h2-2.3.232.jar:2.3.232]
	at org.h2.jdbc.JdbcStatement.execute(JdbcStatement.java:231) ~[h2-2.3.232.jar:2.3.232]
	at com.zaxxer.hikari.pool.ProxyStatement.execute(ProxyStatement.java:95) ~[HikariCP-6.3.3.jar:na]
	at com.zaxxer.hikari.pool.HikariProxyStatement.execute(HikariProxyStatement.java) ~[HikariCP-6.3.3.jar:na]
	at liquibase.executor.jvm.JdbcExecutor$ExecuteStatementCallback.doInStatement(JdbcExecutor.java:491) ~[liquibase-core-4.31.1.jar:na]
	... 150 common frames omitted

2025-11-28T00:24:39.336+07:00  WARN 19572 --- [ldop] [           main] o.s.test.context.TestContextManager      : Caught exception while allowing TestExecutionListener [org.springframework.test.context.web.ServletTestExecutionListener] to prepare test instance [com.example.ldop.controller.ConnectorControllerTest@3b25709e]

java.lang.IllegalStateException: ApplicationContext failure threshold (1) exceeded: skipping repeated attempt to load context for [WebMergedContextConfiguration@6ffbf0ac testClass = com.example.ldop.controller.ConnectorControllerTest, locations = [], classes = [com.example.ldop.LdopApplication], contextInitializerClasses = [], activeProfiles = ["test"], propertySourceDescriptors = [], propertySourceProperties = ["org.springframework.boot.test.context.SpringBootTestContextBootstrapper=true"], contextCustomizers = [[ImportsContextCustomizer@ad5cffa key = [org.springframework.boot.test.autoconfigure.web.servlet.MockMvcWebDriverAutoConfiguration, org.springframework.boot.autoconfigure.security.oauth2.client.servlet.OAuth2ClientWebSecurityAutoConfiguration, org.springframework.boot.test.autoconfigure.web.servlet.MockMvcAutoConfiguration, org.springframework.boot.autoconfigure.security.saml2.Saml2RelyingPartyAutoConfiguration, org.springframework.boot.autoconfigure.security.servlet.SecurityAutoConfiguration, org.springframework.boot.autoconfigure.security.servlet.SecurityFilterAutoConfiguration, org.springframework.boot.autoconfigure.security.servlet.UserDetailsServiceAutoConfiguration, org.springframework.boot.autoconfigure.security.oauth2.resource.servlet.OAuth2ResourceServerAutoConfiguration, org.springframework.boot.test.autoconfigure.web.servlet.MockMvcSecurityConfiguration, org.springframework.boot.test.autoconfigure.web.servlet.MockMvcWebClientAutoConfiguration, org.springframework.boot.autoconfigure.security.oauth2.client.OAuth2ClientAutoConfiguration, org.springframework.boot.test.autoconfigure.web.reactive.WebTestClientAutoConfiguration]], org.springframework.boot.test.context.filter.ExcludeFilterContextCustomizer@1b8a29df, org.springframework.boot.test.json.DuplicateJsonObjectContextCustomizerFactory$DuplicateJsonObjectContextCustomizer@1ef6d34c, org.springframework.boot.test.mock.mockito.MockitoContextCustomizer@0, org.springframework.boot.test.web.client.TestRestTemplateContextCustomizer@4066c471, org.springframework.boot.test.web.reactor.netty.DisableReactorResourceFactoryGlobalResourcesContextCustomizerFactory$DisableReactorResourceFactoryGlobalResourcesContextCustomizerCustomizer@5e403b4a, org.springframework.boot.test.autoconfigure.OnFailureConditionReportContextCustomizerFactory$OnFailureConditionReportContextCustomizer@2931522b, org.springframework.boot.test.autoconfigure.actuate.observability.ObservabilityContextCustomizerFactory$DisableObservabilityContextCustomizer@1f, org.springframework.boot.test.autoconfigure.properties.PropertyMappingContextCustomizer@4b3fa0b3, org.springframework.boot.test.autoconfigure.web.servlet.WebDriverContextCustomizer@6bf08014, org.springframework.test.context.support.DynamicPropertiesContextCustomizer@0, org.springframework.boot.test.context.SpringBootTestAnnotation@82ba843e], resourceBasePath = "src/main/webapp", contextLoader = org.springframework.boot.test.context.SpringBootContextLoader, parent = null]
	at org.springframework.test.context.cache.DefaultCacheAwareContextLoaderDelegate.loadContext(DefaultCacheAwareContextLoaderDelegate.java:145) ~[spring-test-6.2.12.jar:6.2.12]
	at org.springframework.test.context.support.DefaultTestContext.getApplicationContext(DefaultTestContext.java:130) ~[spring-test-6.2.12.jar:6.2.12]
	at org.springframework.test.context.web.ServletTestExecutionListener.setUpRequestContextIfNecessary(ServletTestExecutionListener.java:200) ~[spring-test-6.2.12.jar:6.2.12]
	at org.springframework.test.context.web.ServletTestExecutionListener.prepareTestInstance(ServletTestExecutionListener.java:139) ~[spring-test-6.2.12.jar:6.2.12]
	at org.springframework.test.context.TestContextManager.prepareTestInstance(TestContextManager.java:260) ~[spring-test-6.2.12.jar:6.2.12]
	at org.springframework.test.context.junit.jupiter.SpringExtension.postProcessTestInstance(SpringExtension.java:159) ~[spring-test-6.2.12.jar:6.2.12]
	at org.junit.jupiter.engine.descriptor.ClassBasedTestDescriptor.lambda$invokeTestInstancePostProcessors$10(ClassBasedTestDescriptor.java:383) ~[junit-jupiter-engine-5.12.2.jar:5.12.2]
	at org.junit.jupiter.engine.descriptor.ClassBasedTestDescriptor.executeAndMaskThrowable(ClassBasedTestDescriptor.java:388) ~[junit-jupiter-engine-5.12.2.jar:5.12.2]
	at org.junit.jupiter.engine.descriptor.ClassBasedTestDescriptor.lambda$invokeTestInstancePostProcessors$11(ClassBasedTestDescriptor.java:382) ~[junit-jupiter-engine-5.12.2.jar:5.12.2]
	at java.base/java.util.stream.ForEachOps$ForEachOp$OfRef.accept(ForEachOps.java:184) ~[na:na]
	at java.base/java.util.stream.ReferencePipeline$3$1.accept(ReferencePipeline.java:197) ~[na:na]
         - @ConditionalOnBool
eanProperty (spring.mvc.hidde
nmethod.filter.enabled=true) 
did not find property 'spring
.mvc.hiddenmethod.filter.enab
led' (OnPropertyCondition)

   WebMvcAutoConfiguration.Pr
oblemDetailsErrorHandlingConf
iguration:
      Did not match:
         - @ConditionalOnBool
eanProperty (spring.mvc.probl
emdetails.enabled=true) did 
not find property 'spring.mvc
.problemdetails.enabled' 
(OnPropertyCondition)

   WebMvcAutoConfiguration.Re
sourceChainCustomizerConfigur
ation:
      Did not match:
         - @ConditionalOnEnab
ledResourceChain did not 
find class org.webjars.WebJar
VersionLocator (OnEnabledReso
urceChainCondition)

   WebMvcAutoConfiguration.We
bMvcAutoConfigurationAdapter#
beanNameViewResolver:
      Did not match:
         - 
@ConditionalOnMissingBean 
(types: org.springframework.w
eb.servlet.view.BeanNameViewR
esolver; SearchStrategy: 
all) found beans of type 'org
.springframework.web.servlet.
view.BeanNameViewResolver' 
beanNameViewResolver 
(OnBeanCondition)

   WebServiceTemplateAutoConf
iguration:
      Did not match:
         - 
@ConditionalOnClass did not 
find required class 'org.spri
ngframework.oxm.Marshaller' 
(OnClassCondition)

   
WebServicesAutoConfiguration:
      Did not match:
         - 
@ConditionalOnClass did not 
find required class 'org.spri
ngframework.ws.transport.http
.MessageDispatcherServlet' 
(OnClassCondition)

   WebSessionIdResolverAutoCo
nfiguration:
      Did not match:
         - 
@ConditionalOnClass did not 
find required class 'reactor.
core.publisher.Mono' 
(OnClassCondition)

   WebSocketMessagingAutoConf
iguration:
      Did not match:
         - 
@ConditionalOnClass did not 
find required class 'org.spri
ngframework.web.socket.config
.annotation.WebSocketMessageB
rokerConfigurer' 
(OnClassCondition)

   WebSocketReactiveAutoConfi
guration:
      Did not match:
         - 
@ConditionalOnWebApplication 
did not find reactive web 
application classes 
(OnWebApplicationCondition)

   WebSocketServletAutoConfig
uration.JettyWebSocketConfigu
ration:
      Did not match:
         - 
@ConditionalOnClass did not 
find required class 'org.ecli
pse.jetty.ee10.websocket.jaka
rta.server.config.JakartaWebS
ocketServletContainerInitiali
zer' (OnClassCondition)

   WebSocketServletAutoConfig
uration.UndertowWebSocketConf
iguration:
      Did not match:
         - 
@ConditionalOnClass did not 
find required class 'io.under
tow.websockets.jsr.Bootstrap'
 (OnClassCondition)

   WebTestClientAutoConfigura
tion:
      Did not match:
         - 
@ConditionalOnClass did not 
find required class 'org.spri
ngframework.web.reactive.func
tion.client.WebClient' 
(OnClassCondition)

   XADataSourceAutoConfigurat
ion:
      Did not match:
         - 
@ConditionalOnBean (types: or
g.springframework.boot.jdbc.X
ADataSourceWrapper; 
SearchStrategy: all) did not 
find any beans of type org.sp
ringframework.boot.jdbc.XADat
aSourceWrapper 
(OnBeanCondition)
      Matched:
         - 
@ConditionalOnClass found 
required classes 
'javax.sql.DataSource', 'jaka
rta.transaction.TransactionMa
nager', 'org.springframework.
jdbc.datasource.embedded.Embe
ddedDatabaseType' 
(OnClassCondition)


Exclusions:
-----------

    None


Unconditional classes:
----------------------

    org.springframework.boot.
autoconfigure.context.Configu
rationPropertiesAutoConfigura
tion

    org.springframework.boot.
autoconfigure.ssl.SslAutoConf
iguration

    org.springframework.boot.
autoconfigure.context.Propert
yPlaceholderAutoConfiguration

    org.springframework.boot.
autoconfigure.context.Lifecyc
leAutoConfiguration

    org.springdoc.core.config
uration.SpringDocSpecProperti
esConfiguration

    org.springframework.boot.
autoconfigure.availability.Ap
plicationAvailabilityAutoConf
iguration

    org.springframework.boot.
autoconfigure.info.ProjectInf
oAutoConfiguration
	at java.base/java.util.stream.ReferencePipeline$2$1.accept(ReferencePipeline.java:179) ~[na:na]
	at java.base/java.util.stream.ReferencePipeline$3$1.accept(ReferencePipeline.java:197) ~[na:na]
	at java.base/java.util.ArrayList$ArrayListSpliterator.forEachRemaining(ArrayList.java:1708) ~[na:na]
	at java.base/java.util.stream.AbstractPipeline.copyInto(AbstractPipeline.java:509) ~[na:na]
	at java.base/java.util.stream.AbstractPipeline.wrapAndCopyInto(AbstractPipeline.java:499) ~[na:na]
	at java.base/java.util.stream.ForEachOps$ForEachOp.evaluateSequential(ForEachOps.java:151) ~[na:na]
	at java.base/java.util.stream.ForEachOps$ForEachOp$OfRef.evaluateSequential(ForEachOps.java:174) ~[na:na]
	at java.base/java.util.stream.AbstractPipeline.evaluate(AbstractPipeline.java:234) ~[na:na]
	at java.base/java.util.stream.ReferencePipeline.forEach(ReferencePipeline.java:596) ~[na:na]
	at org.junit.jupiter.engine.descriptor.ClassBasedTestDescriptor.invokeTestInstancePostProcessors(ClassBasedTestDescriptor.java:382) ~[junit-jupiter-engine-5.12.2.jar:5.12.2]
	at org.junit.jupiter.engine.descriptor.ClassBasedTestDescriptor.lambda$instantiateAndPostProcessTestInstance$6(ClassBasedTestDescriptor.java:293) ~[junit-jupiter-engine-5.12.2.jar:5.12.2]
	at org.junit.platform.engine.support.hierarchical.ThrowableCollector.execute(ThrowableCollector.java:73) ~[junit-platform-engine-1.12.2.jar:1.12.2]
	at org.junit.jupiter.engine.descriptor.ClassBasedTestDescriptor.instantiateAndPostProcessTestInstance(ClassBasedTestDescriptor.java:292) ~[junit-jupiter-engine-5.12.2.jar:5.12.2]
	at org.junit.jupiter.engine.descriptor.ClassBasedTestDescriptor.lambda$testInstancesProvider$4(ClassBasedTestDescriptor.java:281) ~[junit-jupiter-engine-5.12.2.jar:5.12.2]
	at java.base/java.util.Optional.orElseGet(Optional.java:364) ~[na:na]
	at org.junit.jupiter.engine.descriptor.ClassBasedTestDescriptor.lambda$testInstancesProvider$5(ClassBasedTestDescriptor.java:280) ~[junit-jupiter-engine-5.12.2.jar:5.12.2]
	at org.junit.jupiter.engine.execution.TestInstancesProvider.getTestInstances(TestInstancesProvider.java:27) ~[junit-jupiter-engine-5.12.2.jar:5.12.2]
	at org.junit.jupiter.engine.descriptor.TestMethodTestDescriptor.lambda$prepare$0(TestMethodTestDescriptor.java:112) ~[junit-jupiter-engine-5.12.2.jar:5.12.2]
	at org.junit.platform.engine.support.hierarchical.ThrowableCollector.execute(ThrowableCollector.java:73) ~[junit-platform-engine-1.12.2.jar:1.12.2]
	at org.junit.jupiter.engine.descriptor.TestMethodTestDescriptor.prepare(TestMethodTestDescriptor.java:111) ~[junit-jupiter-engine-5.12.2.jar:5.12.2]
	at org.junit.jupiter.engine.descriptor.TestMethodTestDescriptor.prepare(TestMethodTestDescriptor.java:69) ~[junit-jupiter-engine-5.12.2.jar:5.12.2]
	at org.junit.platform.engine.support.hierarchical.NodeTestTask.lambda$prepare$2(NodeTestTask.java:128) ~[junit-platform-engine-1.12.2.jar:1.12.2]
	at org.junit.platform.engine.support.hierarchical.ThrowableCollector.execute(ThrowableCollector.java:73) ~[junit-platform-engine-1.12.2.jar:1.12.2]
	at org.junit.platform.engine.support.hierarchical.NodeTestTask.prepare(NodeTestTask.java:128) ~[junit-platform-engine-1.12.2.jar:1.12.2]
	at org.junit.platform.engine.support.hierarchical.NodeTestTask.execute(NodeTestTask.java:95) ~[junit-platform-engine-1.12.2.jar:1.12.2]
	at java.base/java.util.ArrayList.forEach(ArrayList.java:1596) ~[na:na]
	at org.junit.platform.engine.support.hierarchical.SameThreadHierarchicalTestExecutorService.invokeAll(SameThreadHierarchicalTestExecutorService.java:41) ~[junit-platform-engine-1.12.2.jar:1.12.2]
	at org.junit.platform.engine.support.hierarchical.NodeTestTask.lambda$executeRecursively$6(NodeTestTask.java:160) ~[junit-platform-engine-1.12.2.jar:1.12.2]
	at org.junit.platform.engine.support.hierarchical.ThrowableCollector.execute(ThrowableCollector.java:73) ~[junit-platform-engine-1.12.2.jar:1.12.2]
	at org.junit.platform.engine.support.hierarchical.NodeTestTask.lambda$executeRecursively$8(NodeTestTask.java:146) ~[junit-platform-engine-1.12.2.jar:1.12.2]
	at org.junit.platform.engine.support.hierarchical.Node.around(Node.java:137) ~[junit-platform-engine-1.12.2.jar:1.12.2]
	at org.junit.platform.engine.support.hierarchical.NodeTestTask.lambda$executeRecursively$9(NodeTestTask.java:144) ~[junit-platform-engine-1.12.2.jar:1.12.2]
	at org.junit.platform.engine.support.hierarchical.ThrowableCollector.execute(ThrowableCollector.java:73) ~[junit-platform-engine-1.12.2.jar:1.12.2]
	at org.junit.platform.engine.support.hierarchical.NodeTestTask.executeRecursively(NodeTestTask.java:143) ~[junit-platform-engine-1.12.2.jar:1.12.2]
	at org.junit.platform.engine.support.hierarchical.NodeTestTask.execute(NodeTestTask.java:100) ~[junit-platform-engine-1.12.2.jar:1.12.2]
	at java.base/java.util.ArrayList.forEach(ArrayList.java:1596) ~[na:na]
	at org.junit.platform.engine.support.hierarchical.SameThreadHierarchicalTestExecutorService.invokeAll(SameThreadHierarchicalTestExecutorService.java:41) ~[junit-platform-engine-1.12.2.jar:1.12.2]
	at org.junit.platform.engine.support.hierarchical.NodeTestTask.lambda$executeRecursively$6(NodeTestTask.java:160) ~[junit-platform-engine-1.12.2.jar:1.12.2]
	at org.junit.platform.engine.support.hierarchical.ThrowableCollector.execute(ThrowableCollector.java:73) ~[junit-platform-engine-1.12.2.jar:1.12.2]
	at org.junit.platform.engine.support.hierarchical.NodeTestTask.lambda$executeRecursively$8(NodeTestTask.java:146) ~[junit-platform-engine-1.12.2.jar:1.12.2]
	at org.junit.platform.engine.support.hierarchical.Node.around(Node.java:137) ~[junit-platform-engine-1.12.2.jar:1.12.2]
	at org.junit.platform.engine.support.hierarchical.NodeTestTask.lambda$executeRecursively$9(NodeTestTask.java:144) ~[junit-platform-engine-1.12.2.jar:1.12.2]
	at org.junit.platform.engine.support.hierarchical.ThrowableCollector.execute(ThrowableCollector.java:73) ~[junit-platform-engine-1.12.2.jar:1.12.2]
	at org.junit.platform.engine.support.hierarchical.NodeTestTask.executeRecursively(NodeTestTask.java:143) ~[junit-platform-engine-1.12.2.jar:1.12.2]
	at org.junit.platform.engine.support.hierarchical.NodeTestTask.execute(NodeTestTask.java:100) ~[junit-platform-engine-1.12.2.jar:1.12.2]
	at org.junit.platform.engine.support.hierarchical.SameThreadHierarchicalTestExecutorService.submit(SameThreadHierarchicalTestExecutorService.java:35) ~[junit-platform-engine-1.12.2.jar:1.12.2]
	at org.junit.platform.engine.support.hierarchical.HierarchicalTestExecutor.execute(HierarchicalTestExecutor.java:57) ~[junit-platform-engine-1.12.2.jar:1.12.2]
	at org.junit.platform.engine.support.hierarchical.HierarchicalTestEngine.execute(HierarchicalTestEngine.java:54) ~[junit-platform-engine-1.12.2.jar:1.12.2]
	at org.junit.platform.launcher.core.EngineExecutionOrchestrator.execute(EngineExecutionOrchestrator.java:201) ~[junit-platform-launcher-1.12.2.jar:1.12.2]
	at org.junit.platform.launcher.core.EngineExecutionOrchestrator.execute(EngineExecutionOrchestrator.java:170) ~[junit-platform-launcher-1.12.2.jar:1.12.2]
	at org.junit.platform.launcher.core.EngineExecutionOrchestrator.execute(EngineExecutionOrchestrator.java:94) ~[junit-platform-launcher-1.12.2.jar:1.12.2]
	at org.junit.platform.launcher.core.EngineExecutionOrchestrator.lambda$execute$0(EngineExecutionOrchestrator.java:59) ~[junit-platform-launcher-1.12.2.jar:1.12.2]
	at org.junit.platform.launcher.core.EngineExecutionOrchestrator.withInterceptedStreams(EngineExecutionOrchestrator.java:142) ~[junit-platform-launcher-1.12.2.jar:1.12.2]
	at org.junit.platform.launcher.core.EngineExecutionOrchestrator.execute(EngineExecutionOrchestrator.java:58) ~[junit-platform-launcher-1.12.2.jar:1.12.2]
	at org.junit.platform.launcher.core.DefaultLauncher.execute(DefaultLauncher.java:103) ~[junit-platform-launcher-1.12.2.jar:1.12.2]
	at org.junit.platform.launcher.core.DefaultLauncher.execute(DefaultLauncher.java:85) ~[junit-platform-launcher-1.12.2.jar:1.12.2]
	at org.junit.platform.launcher.core.DelegatingLauncher.execute(DelegatingLauncher.java:47) ~[junit-platform-launcher-1.12.2.jar:1.12.2]
	at org.junit.platform.launcher.core.InterceptingLauncher.lambda$execute$1(InterceptingLauncher.java:39) ~[junit-platform-launcher-1.12.2.jar:1.12.2]
	at org.junit.platform.launcher.core.ClasspathAlignmentCheckingLauncherInterceptor.intercept(ClasspathAlignmentCheckingLauncherInterceptor.java:25) ~[junit-platform-launcher-1.12.2.jar:1.12.2]
	at org.junit.platform.launcher.core.InterceptingLauncher.execute(InterceptingLauncher.java:38) ~[junit-platform-launcher-1.12.2.jar:1.12.2]
	at org.junit.platform.launcher.core.DelegatingLauncher.execute(DelegatingLauncher.java:47) ~[junit-platform-launcher-1.12.2.jar:1.12.2]
	at org.apache.maven.surefire.junitplatform.LauncherAdapter.executeWithoutCancellationToken(LauncherAdapter.java:60) ~[surefire-junit-platform-3.5.4.jar:3.5.4]
	at org.apache.maven.surefire.junitplatform.LauncherAdapter.execute(LauncherAdapter.java:52) ~[surefire-junit-platform-3.5.4.jar:3.5.4]
	at org.apache.maven.surefire.junitplatform.JUnitPlatformProvider.execute(JUnitPlatformProvider.java:203) ~[surefire-junit-platform-3.5.4.jar:3.5.4]
	at org.apache.maven.surefire.junitplatform.JUnitPlatformProvider.invokeAllTests(JUnitPlatformProvider.java:168) ~[surefire-junit-platform-3.5.4.jar:3.5.4]
	at org.apache.maven.surefire.junitplatform.JUnitPlatformProvider.invoke(JUnitPlatformProvider.java:136) ~[surefire-junit-platform-3.5.4.jar:3.5.4]
	at org.apache.maven.surefire.booter.ForkedBooter.runSuitesInProcess(ForkedBooter.java:385) ~[surefire-booter-3.5.4.jar:3.5.4]
	at org.apache.maven.surefire.booter.ForkedBooter.execute(ForkedBooter.java:162) ~[surefire-booter-3.5.4.jar:3.5.4]
	at org.apache.maven.surefire.booter.ForkedBooter.run(ForkedBooter.java:507) ~[surefire-booter-3.5.4.jar:3.5.4]
	at org.apache.maven.surefire.booter.ForkedBooter.main(ForkedBooter.java:495) ~[surefire-booter-3.5.4.jar:3.5.4]

2025-11-28T00:24:39.344+07:00  WARN 19572 --- [ldop] [           main] o.s.test.context.TestContextManager      : Caught exception while allowing TestExecutionListener [org.springframework.test.context.web.ServletTestExecutionListener] to prepare test instance [com.example.ldop.controller.ConnectorControllerTest@40013051]

java.lang.IllegalStateException: ApplicationContext failure threshold (1) exceeded: skipping repeated attempt to load context for [WebMergedContextConfiguration@6ffbf0ac testClass = com.example.ldop.controller.ConnectorControllerTest, locations = [], classes = [com.example.ldop.LdopApplication], contextInitializerClasses = [], activeProfiles = ["test"], propertySourceDescriptors = [], propertySourceProperties = ["org.springframework.boot.test.context.SpringBootTestContextBootstrapper=true"], contextCustomizers = [[ImportsContextCustomizer@ad5cffa key = [org.springframework.boot.test.autoconfigure.web.servlet.MockMvcWebDriverAutoConfiguration, org.springframework.boot.autoconfigure.security.oauth2.client.servlet.OAuth2ClientWebSecurityAutoConfiguration, org.springframework.boot.test.autoconfigure.web.servlet.MockMvcAutoConfiguration, org.springframework.boot.autoconfigure.security.saml2.Saml2RelyingPartyAutoConfiguration, org.springframework.boot.autoconfigure.security.servlet.SecurityAutoConfiguration, org.springframework.boot.autoconfigure.security.servlet.SecurityFilterAutoConfiguration, org.springframework.boot.autoconfigure.security.servlet.UserDetailsServiceAutoConfiguration, org.springframework.boot.autoconfigure.security.oauth2.resource.servlet.OAuth2ResourceServerAutoConfiguration, org.springframework.boot.test.autoconfigure.web.servlet.MockMvcSecurityConfiguration, org.springframework.boot.test.autoconfigure.web.servlet.MockMvcWebClientAutoConfiguration, org.springframework.boot.autoconfigure.security.oauth2.client.OAuth2ClientAutoConfiguration, org.springframework.boot.test.autoconfigure.web.reactive.WebTestClientAutoConfiguration]], org.springframework.boot.test.context.filter.ExcludeFilterContextCustomizer@1b8a29df, org.springframework.boot.test.json.DuplicateJsonObjectContextCustomizerFactory$DuplicateJsonObjectContextCustomizer@1ef6d34c, org.springframework.boot.test.mock.mockito.MockitoContextCustomizer@0, org.springframework.boot.test.web.client.TestRestTemplateContextCustomizer@4066c471, org.springframework.boot.test.web.reactor.netty.DisableReactorResourceFactoryGlobalResourcesContextCustomizerFactory$DisableReactorResourceFactoryGlobalResourcesContextCustomizerCustomizer@5e403b4a, org.springframework.boot.test.autoconfigure.OnFailureConditionReportContextCustomizerFactory$OnFailureConditionReportContextCustomizer@2931522b, org.springframework.boot.test.autoconfigure.actuate.observability.ObservabilityContextCustomizerFactory$DisableObservabilityContextCustomizer@1f, org.springframework.boot.test.autoconfigure.properties.PropertyMappingContextCustomizer@4b3fa0b3, org.springframework.boot.test.autoconfigure.web.servlet.WebDriverContextCustomizer@6bf08014, org.springframework.test.context.support.DynamicPropertiesContextCustomizer@0, org.springframework.boot.test.context.SpringBootTestAnnotation@82ba843e], resourceBasePath = "src/main/webapp", contextLoader = org.springframework.boot.test.context.SpringBootContextLoader, parent = null]
	at org.springframework.test.context.cache.DefaultCacheAwareContextLoaderDelegate.loadContext(DefaultCacheAwareContextLoaderDelegate.java:145) ~[spring-test-6.2.12.jar:6.2.12]
	at org.springframework.test.context.support.DefaultTestContext.getApplicationContext(DefaultTestContext.java:130) ~[spring-test-6.2.12.jar:6.2.12]
	at org.springframework.test.context.web.ServletTestExecutionListener.setUpRequestContextIfNecessary(ServletTestExecutionListener.java:200) ~[spring-test-6.2.12.jar:6.2.12]
	at org.springframework.test.context.web.ServletTestExecutionListener.prepareTestInstance(ServletTestExecutionListener.java:139) ~[spring-test-6.2.12.jar:6.2.12]
	at org.springframework.test.context.TestContextManager.prepareTestInstance(TestContextManager.java:260) ~[spring-test-6.2.12.jar:6.2.12]
	at org.springframework.test.context.junit.jupiter.SpringExtension.postProcessTestInstance(SpringExtension.java:159) ~[spring-test-6.2.12.jar:6.2.12]
	at org.junit.jupiter.engine.descriptor.ClassBasedTestDescriptor.lambda$invokeTestInstancePostProcessors$10(ClassBasedTestDescriptor.java:383) ~[junit-jupiter-engine-5.12.2.jar:5.12.2]
	at org.junit.jupiter.engine.descriptor.ClassBasedTestDescriptor.executeAndMaskThrowable(ClassBasedTestDescriptor.java:388) ~[junit-jupiter-engine-5.12.2.jar:5.12.2]
	at org.junit.jupiter.engine.descriptor.ClassBasedTestDescriptor.lambda$invokeTestInstancePostProcessors$11(ClassBasedTestDescriptor.java:382) ~[junit-jupiter-engine-5.12.2.jar:5.12.2]
	at java.base/java.util.stream.ForEachOps$ForEachOp$OfRef.accept(ForEachOps.java:184) ~[na:na]
	at java.base/java.util.stream.ReferencePipeline$3$1.accept(ReferencePipeline.java:197) ~[na:na]
	at java.base/java.util.stream.ReferencePipeline$2$1.accept(ReferencePipeline.java:179) ~[na:na]
	at java.base/java.util.stream.ReferencePipeline$3$1.accept(ReferencePipeline.java:197) ~[na:na]
	at java.base/java.util.ArrayList$ArrayListSpliterator.forEachRemaining(ArrayList.java:1708) ~[na:na]
	at java.base/java.util.stream.AbstractPipeline.copyInto(AbstractPipeline.java:509) ~[na:na]
	at java.base/java.util.stream.AbstractPipeline.wrapAndCopyInto(AbstractPipeline.java:499) ~[na:na]
	at java.base/java.util.stream.ForEachOps$ForEachOp.evaluateSequential(ForEachOps.java:151) ~[na:na]
	at java.base/java.util.stream.ForEachOps$ForEachOp$OfRef.evaluateSequential(ForEachOps.java:174) ~[na:na]
	at java.base/java.util.stream.AbstractPipeline.evaluate(AbstractPipeline.java:234) ~[na:na]
	at java.base/java.util.stream.ReferencePipeline.forEach(ReferencePipeline.java:596) ~[na:na]
	at org.junit.jupiter.engine.descriptor.ClassBasedTestDescriptor.invokeTestInstancePostProcessors(ClassBasedTestDescriptor.java:382) ~[junit-jupiter-engine-5.12.2.jar:5.12.2]
	at org.junit.jupiter.engine.descriptor.ClassBasedTestDescriptor.lambda$instantiateAndPostProcessTestInstance$6(ClassBasedTestDescriptor.java:293) ~[junit-jupiter-engine-5.12.2.jar:5.12.2]
	at org.junit.platform.engine.support.hierarchical.ThrowableCollector.execute(ThrowableCollector.java:73) ~[junit-platform-engine-1.12.2.jar:1.12.2]
	at org.junit.jupiter.engine.descriptor.ClassBasedTestDescriptor.instantiateAndPostProcessTestInstance(ClassBasedTestDescriptor.java:292) ~[junit-jupiter-engine-5.12.2.jar:5.12.2]
	at org.junit.jupiter.engine.descriptor.ClassBasedTestDescriptor.lambda$testInstancesProvider$4(ClassBasedTestDescriptor.java:281) ~[junit-jupiter-engine-5.12.2.jar:5.12.2]
	at java.base/java.util.Optional.orElseGet(Optional.java:364) ~[na:na]
	at org.junit.jupiter.engine.descriptor.ClassBasedTestDescriptor.lambda$testInstancesProvider$5(ClassBasedTestDescriptor.java:280) ~[junit-jupiter-engine-5.12.2.jar:5.12.2]
	at org.junit.jupiter.engine.execution.TestInstancesProvider.getTestInstances(TestInstancesProvider.java:27) ~[junit-jupiter-engine-5.12.2.jar:5.12.2]
	at org.junit.jupiter.engine.descriptor.TestMethodTestDescriptor.lambda$prepare$0(TestMethodTestDescriptor.java:112) ~[junit-jupiter-engine-5.12.2.jar:5.12.2]
	at org.junit.platform.engine.support.hierarchical.ThrowableCollector.execute(ThrowableCollector.java:73) ~[junit-platform-engine-1.12.2.jar:1.12.2]
	at org.junit.jupiter.engine.descriptor.TestMethodTestDescriptor.prepare(TestMethodTestDescriptor.java:111) ~[junit-jupiter-engine-5.12.2.jar:5.12.2]
	at org.junit.jupiter.engine.descriptor.TestMethodTestDescriptor.prepare(TestMethodTestDescriptor.java:69) ~[junit-jupiter-engine-5.12.2.jar:5.12.2]
	at org.junit.platform.engine.support.hierarchical.NodeTestTask.lambda$prepare$2(NodeTestTask.java:128) ~[junit-platform-engine-1.12.2.jar:1.12.2]
	at org.junit.platform.engine.support.hierarchical.ThrowableCollector.execute(ThrowableCollector.java:73) ~[junit-platform-engine-1.12.2.jar:1.12.2]
	at org.junit.platform.engine.support.hierarchical.NodeTestTask.prepare(NodeTestTask.java:128) ~[junit-platform-engine-1.12.2.jar:1.12.2]
	at org.junit.platform.engine.support.hierarchical.NodeTestTask.execute(NodeTestTask.java:95) ~[junit-platform-engine-1.12.2.jar:1.12.2]
	at java.base/java.util.ArrayList.forEach(ArrayList.java:1596) ~[na:na]
	at org.junit.platform.engine.support.hierarchical.SameThreadHierarchicalTestExecutorService.invokeAll(SameThreadHierarchicalTestExecutorService.java:41) ~[junit-platform-engine-1.12.2.jar:1.12.2]
	at org.junit.platform.engine.support.hierarchical.NodeTestTask.lambda$executeRecursively$6(NodeTestTask.java:160) ~[junit-platform-engine-1.12.2.jar:1.12.2]
	at org.junit.platform.engine.support.hierarchical.ThrowableCollector.execute(ThrowableCollector.java:73) ~[junit-platform-engine-1.12.2.jar:1.12.2]
	at org.junit.platform.engine.support.hierarchical.NodeTestTask.lambda$executeRecursively$8(NodeTestTask.java:146) ~[junit-platform-engine-1.12.2.jar:1.12.2]
	at org.junit.platform.engine.support.hierarchical.Node.around(Node.java:137) ~[junit-platform-engine-1.12.2.jar:1.12.2]
	at org.junit.platform.engine.support.hierarchical.NodeTestTask.lambda$executeRecursively$9(NodeTestTask.java:144) ~[junit-platform-engine-1.12.2.jar:1.12.2]
	at org.junit.platform.engine.support.hierarchical.ThrowableCollector.execute(ThrowableCollector.java:73) ~[junit-platform-engine-1.12.2.jar:1.12.2]
	at org.junit.platform.engine.support.hierarchical.NodeTestTask.executeRecursively(NodeTestTask.java:143) ~[junit-platform-engine-1.12.2.jar:1.12.2]
	at org.junit.platform.engine.support.hierarchical.NodeTestTask.execute(NodeTestTask.java:100) ~[junit-platform-engine-1.12.2.jar:1.12.2]
	at java.base/java.util.ArrayList.forEach(ArrayList.java:1596) ~[na:na]
	at org.junit.platform.engine.support.hierarchical.SameThreadHierarchicalTestExecutorService.invokeAll(SameThreadHierarchicalTestExecutorService.java:41) ~[junit-platform-engine-1.12.2.jar:1.12.2]
	at org.junit.platform.engine.support.hierarchical.NodeTestTask.lambda$executeRecursively$6(NodeTestTask.java:160) ~[junit-platform-engine-1.12.2.jar:1.12.2]
	at org.junit.platform.engine.support.hierarchical.ThrowableCollector.execute(ThrowableCollector.java:73) ~[junit-platform-engine-1.12.2.jar:1.12.2]
	at org.junit.platform.engine.support.hierarchical.NodeTestTask.lambda$executeRecursively$8(NodeTestTask.java:146) ~[junit-platform-engine-1.12.2.jar:1.12.2]
	at org.junit.platform.engine.support.hierarchical.Node.around(Node.java:137) ~[junit-platform-engine-1.12.2.jar:1.12.2]
	at org.junit.platform.engine.support.hierarchical.NodeTestTask.lambda$executeRecursively$9(NodeTestTask.java:144) ~[junit-platform-engine-1.12.2.jar:1.12.2]
	at org.junit.platform.engine.support.hierarchical.ThrowableCollector.execute(ThrowableCollector.java:73) ~[junit-platform-engine-1.12.2.jar:1.12.2]
	at org.junit.platform.engine.support.hierarchical.NodeTestTask.executeRecursively(NodeTestTask.java:143) ~[junit-platform-engine-1.12.2.jar:1.12.2]
	at org.junit.platform.engine.support.hierarchical.NodeTestTask.execute(NodeTestTask.java:100) ~[junit-platform-engine-1.12.2.jar:1.12.2]
	at org.junit.platform.engine.support.hierarchical.SameThreadHierarchicalTestExecutorService.submit(SameThreadHierarchicalTestExecutorService.java:35) ~[junit-platform-engine-1.12.2.jar:1.12.2]
	at org.junit.platform.engine.support.hierarchical.HierarchicalTestExecutor.execute(HierarchicalTestExecutor.java:57) ~[junit-platform-engine-1.12.2.jar:1.12.2]
	at org.junit.platform.engine.support.hierarchical.HierarchicalTestEngine.execute(HierarchicalTestEngine.java:54) ~[junit-platform-engine-1.12.2.jar:1.12.2]
	at org.junit.platform.launcher.core.EngineExecutionOrchestrator.execute(EngineExecutionOrchestrator.java:201) ~[junit-platform-launcher-1.12.2.jar:1.12.2]
	at org.junit.platform.launcher.core.EngineExecutionOrchestrator.execute(EngineExecutionOrchestrator.java:170) ~[junit-platform-launcher-1.12.2.jar:1.12.2]
	at org.junit.platform.launcher.core.EngineExecutionOrchestrator.execute(EngineExecutionOrchestrator.java:94) ~[junit-platform-launcher-1.12.2.jar:1.12.2]
	at org.junit.platform.launcher.core.EngineExecutionOrchestrator.lambda$execute$0(EngineExecutionOrchestrator.java:59) ~[junit-platform-launcher-1.12.2.jar:1.12.2]
	at org.junit.platform.launcher.core.EngineExecutionOrchestrator.withInterceptedStreams(EngineExecutionOrchestrator.java:142) ~[junit-platform-launcher-1.12.2.jar:1.12.2]
	at org.junit.platform.launcher.core.EngineExecutionOrchestrator.execute(EngineExecutionOrchestrator.java:58) ~[junit-platform-launcher-1.12.2.jar:1.12.2]
	at org.junit.platform.launcher.core.DefaultLauncher.execute(DefaultLauncher.java:103) ~[junit-platform-launcher-1.12.2.jar:1.12.2]
	at org.junit.platform.launcher.core.DefaultLauncher.execute(DefaultLauncher.java:85) ~[junit-platform-launcher-1.12.2.jar:1.12.2]
	at org.junit.platform.launcher.core.DelegatingLauncher.execute(DelegatingLauncher.java:47) ~[junit-platform-launcher-1.12.2.jar:1.12.2]
	at org.junit.platform.launcher.core.InterceptingLauncher.lambda$execute$1(InterceptingLauncher.java:39) ~[junit-platform-launcher-1.12.2.jar:1.12.2]
	at org.junit.platform.launcher.core.ClasspathAlignmentCheckingLauncherInterceptor.intercept(ClasspathAlignmentCheckingLauncherInterceptor.java:25) ~[junit-platform-launcher-1.12.2.jar:1.12.2]
	at org.junit.platform.launcher.core.InterceptingLauncher.execute(InterceptingLauncher.java:38) ~[junit-platform-launcher-1.12.2.jar:1.12.2]
	at org.junit.platform.launcher.core.DelegatingLauncher.execute(DelegatingLauncher.java:47) ~[junit-platform-launcher-1.12.2.jar:1.12.2]
	at org.apache.maven.surefire.junitplatform.LauncherAdapter.executeWithoutCancellationToken(LauncherAdapter.java:60) ~[surefire-junit-platform-3.5.4.jar:3.5.4]
	at org.apache.maven.surefire.junitplatform.LauncherAdapter.execute(LauncherAdapter.java:52) ~[surefire-junit-platform-3.5.4.jar:3.5.4]
	at org.apache.maven.surefire.junitplatform.JUnitPlatformProvider.execute(JUnitPlatformProvider.java:203) ~[surefire-junit-platform-3.5.4.jar:3.5.4]
	at org.apache.maven.surefire.junitplatform.JUnitPlatformProvider.invokeAllTests(JUnitPlatformProvider.java:168) ~[surefire-junit-platform-3.5.4.jar:3.5.4]
	at org.apache.maven.surefire.junitplatform.JUnitPlatformProvider.invoke(JUnitPlatformProvider.java:136) ~[surefire-junit-platform-3.5.4.jar:3.5.4]
	at org.apache.maven.surefire.booter.ForkedBooter.runSuitesInProcess(ForkedBooter.java:385) ~[surefire-booter-3.5.4.jar:3.5.4]
	at org.apache.maven.surefire.booter.ForkedBooter.execute(ForkedBooter.java:162) ~[surefire-booter-3.5.4.jar:3.5.4]
	at org.apache.maven.surefire.booter.ForkedBooter.run(ForkedBooter.java:507) ~[surefire-booter-3.5.4.jar:3.5.4]
	at org.apache.maven.surefire.booter.ForkedBooter.main(ForkedBooter.java:495) ~[surefire-booter-3.5.4.jar:3.5.4]

2025-11-28T00:24:39.351+07:00  WARN 19572 --- [ldop] [           main] o.s.test.context.TestContextManager      : Caught exception while allowing TestExecutionListener [org.springframework.test.context.web.ServletTestExecutionListener] to prepare test instance [com.example.ldop.controller.ConnectorControllerTest@6143b2b1]

java.lang.IllegalStateException: ApplicationContext failure threshold (1) exceeded: skipping repeated attempt to load context for [WebMergedContextConfiguration@6ffbf0ac testClass = com.example.ldop.controller.ConnectorControllerTest, locations = [], classes = [com.example.ldop.LdopApplication], contextInitializerClasses = [], activeProfiles = ["test"], propertySourceDescriptors = [], propertySourceProperties = ["org.springframework.boot.test.context.SpringBootTestContextBootstrapper=true"], contextCustomizers = [[ImportsContextCustomizer@ad5cffa key = [org.springframework.boot.test.autoconfigure.web.servlet.MockMvcWebDriverAutoConfiguration, org.springframework.boot.autoconfigure.security.oauth2.client.servlet.OAuth2ClientWebSecurityAutoConfiguration, org.springframework.boot.test.autoconfigure.web.servlet.MockMvcAutoConfiguration, org.springframework.boot.autoconfigure.security.saml2.Saml2RelyingPartyAutoConfiguration, org.springframework.boot.autoconfigure.security.servlet.SecurityAutoConfiguration, org.springframework.boot.autoconfigure.security.servlet.SecurityFilterAutoConfiguration, org.springframework.boot.autoconfigure.security.servlet.UserDetailsServiceAutoConfiguration, org.springframework.boot.autoconfigure.security.oauth2.resource.servlet.OAuth2ResourceServerAutoConfiguration, org.springframework.boot.test.autoconfigure.web.servlet.MockMvcSecurityConfiguration, org.springframework.boot.test.autoconfigure.web.servlet.MockMvcWebClientAutoConfiguration, org.springframework.boot.autoconfigure.security.oauth2.client.OAuth2ClientAutoConfiguration, org.springframework.boot.test.autoconfigure.web.reactive.WebTestClientAutoConfiguration]], org.springframework.boot.test.context.filter.ExcludeFilterContextCustomizer@1b8a29df, org.springframework.boot.test.json.DuplicateJsonObjectContextCustomizerFactory$DuplicateJsonObjectContextCustomizer@1ef6d34c, org.springframework.boot.test.mock.mockito.MockitoContextCustomizer@0, org.springframework.boot.test.web.client.TestRestTemplateContextCustomizer@4066c471, org.springframework.boot.test.web.reactor.netty.DisableReactorResourceFactoryGlobalResourcesContextCustomizerFactory$DisableReactorResourceFactoryGlobalResourcesContextCustomizerCustomizer@5e403b4a, org.springframework.boot.test.autoconfigure.OnFailureConditionReportContextCustomizerFactory$OnFailureConditionReportContextCustomizer@2931522b, org.springframework.boot.test.autoconfigure.actuate.observability.ObservabilityContextCustomizerFactory$DisableObservabilityContextCustomizer@1f, org.springframework.boot.test.autoconfigure.properties.PropertyMappingContextCustomizer@4b3fa0b3, org.springframework.boot.test.autoconfigure.web.servlet.WebDriverContextCustomizer@6bf08014, org.springframework.test.context.support.DynamicPropertiesContextCustomizer@0, org.springframework.boot.test.context.SpringBootTestAnnotation@82ba843e], resourceBasePath = "src/main/webapp", contextLoader = org.springframework.boot.test.context.SpringBootContextLoader, parent = null]
	at org.springframework.test.context.cache.DefaultCacheAwareContextLoaderDelegate.loadContext(DefaultCacheAwareContextLoaderDelegate.java:145) ~[spring-test-6.2.12.jar:6.2.12]
	at org.springframework.test.context.support.DefaultTestContext.getApplicationContext(DefaultTestContext.java:130) ~[spring-test-6.2.12.jar:6.2.12]
	at org.springframework.test.context.web.ServletTestExecutionListener.setUpRequestContextIfNecessary(ServletTestExecutionListener.java:200) ~[spring-test-6.2.12.jar:6.2.12]
	at org.springframework.test.context.web.ServletTestExecutionListener.prepareTestInstance(ServletTestExecutionListener.java:139) ~[spring-test-6.2.12.jar:6.2.12]
	at org.springframework.test.context.TestContextManager.prepareTestInstance(TestContextManager.java:260) ~[spring-test-6.2.12.jar:6.2.12]
	at org.springframework.test.context.junit.jupiter.SpringExtension.postProcessTestInstance(SpringExtension.java:159) ~[spring-test-6.2.12.jar:6.2.12]
	at org.junit.jupiter.engine.descriptor.ClassBasedTestDescriptor.lambda$invokeTestInstancePostProcessors$10(ClassBasedTestDescriptor.java:383) ~[junit-jupiter-engine-5.12.2.jar:5.12.2]
	at org.junit.jupiter.engine.descriptor.ClassBasedTestDescriptor.executeAndMaskThrowable(ClassBasedTestDescriptor.java:388) ~[junit-jupiter-engine-5.12.2.jar:5.12.2]
	at org.junit.jupiter.engine.descriptor.ClassBasedTestDescriptor.lambda$invokeTestInstancePostProcessors$11(ClassBasedTestDescriptor.java:382) ~[junit-jupiter-engine-5.12.2.jar:5.12.2]
	at java.base/java.util.stream.ForEachOps$ForEachOp$OfRef.accept(ForEachOps.java:184) ~[na:na]
	at java.base/java.util.stream.ReferencePipeline$3$1.accept(ReferencePipeline.java:197) ~[na:na]
	at java.base/java.util.stream.ReferencePipeline$2$1.accept(ReferencePipeline.java:179) ~[na:na]
	at java.base/java.util.stream.ReferencePipeline$3$1.accept(ReferencePipeline.java:197) ~[na:na]
	at java.base/java.util.ArrayList$ArrayListSpliterator.forEachRemaining(ArrayList.java:1708) ~[na:na]
	at java.base/java.util.stream.AbstractPipeline.copyInto(AbstractPipeline.java:509) ~[na:na]
	at java.base/java.util.stream.AbstractPipeline.wrapAndCopyInto(AbstractPipeline.java:499) ~[na:na]
	at java.base/java.util.stream.ForEachOps$ForEachOp.evaluateSequential(ForEachOps.java:151) ~[na:na]
	at java.base/java.util.stream.ForEachOps$ForEachOp$OfRef.evaluateSequential(ForEachOps.java:174) ~[na:na]
	at java.base/java.util.stream.AbstractPipeline.evaluate(AbstractPipeline.java:234) ~[na:na]
	at java.base/java.util.stream.ReferencePipeline.forEach(ReferencePipeline.java:596) ~[na:na]
	at org.junit.jupiter.engine.descriptor.ClassBasedTestDescriptor.invokeTestInstancePostProcessors(ClassBasedTestDescriptor.java:382) ~[junit-jupiter-engine-5.12.2.jar:5.12.2]
	at org.junit.jupiter.engine.descriptor.ClassBasedTestDescriptor.lambda$instantiateAndPostProcessTestInstance$6(ClassBasedTestDescriptor.java:293) ~[junit-jupiter-engine-5.12.2.jar:5.12.2]
	at org.junit.platform.engine.support.hierarchical.ThrowableCollector.execute(ThrowableCollector.java:73) ~[junit-platform-engine-1.12.2.jar:1.12.2]
	at org.junit.jupiter.engine.descriptor.ClassBasedTestDescriptor.instantiateAndPostProcessTestInstance(ClassBasedTestDescriptor.java:292) ~[junit-jupiter-engine-5.12.2.jar:5.12.2]
	at org.junit.jupiter.engine.descriptor.ClassBasedTestDescriptor.lambda$testInstancesProvider$4(ClassBasedTestDescriptor.java:281) ~[junit-jupiter-engine-5.12.2.jar:5.12.2]
	at java.base/java.util.Optional.orElseGet(Optional.java:364) ~[na:na]
	at org.junit.jupiter.engine.descriptor.ClassBasedTestDescriptor.lambda$testInstancesProvider$5(ClassBasedTestDescriptor.java:280) ~[junit-jupiter-engine-5.12.2.jar:5.12.2]
	at org.junit.jupiter.engine.execution.TestInstancesProvider.getTestInstances(TestInstancesProvider.java:27) ~[junit-jupiter-engine-5.12.2.jar:5.12.2]
	at org.junit.jupiter.engine.descriptor.TestMethodTestDescriptor.lambda$prepare$0(TestMethodTestDescriptor.java:112) ~[junit-jupiter-engine-5.12.2.jar:5.12.2]
	at org.junit.platform.engine.support.hierarchical.ThrowableCollector.execute(ThrowableCollector.java:73) ~[junit-platform-engine-1.12.2.jar:1.12.2]
	at org.junit.jupiter.engine.descriptor.TestMethodTestDescriptor.prepare(TestMethodTestDescriptor.java:111) ~[junit-jupiter-engine-5.12.2.jar:5.12.2]
	at org.junit.jupiter.engine.descriptor.TestMethodTestDescriptor.prepare(TestMethodTestDescriptor.java:69) ~[junit-jupiter-engine-5.12.2.jar:5.12.2]
	at org.junit.platform.engine.support.hierarchical.NodeTestTask.lambda$prepare$2(NodeTestTask.java:128) ~[junit-platform-engine-1.12.2.jar:1.12.2]
	at org.junit.platform.engine.support.hierarchical.ThrowableCollector.execute(ThrowableCollector.java:73) ~[junit-platform-engine-1.12.2.jar:1.12.2]
	at org.junit.platform.engine.support.hierarchical.NodeTestTask.prepare(NodeTestTask.java:128) ~[junit-platform-engine-1.12.2.jar:1.12.2]
	at org.junit.platform.engine.support.hierarchical.NodeTestTask.execute(NodeTestTask.java:95) ~[junit-platform-engine-1.12.2.jar:1.12.2]
	at java.base/java.util.ArrayList.forEach(ArrayList.java:1596) ~[na:na]
	at org.junit.platform.engine.support.hierarchical.SameThreadHierarchicalTestExecutorService.invokeAll(SameThreadHierarchicalTestExecutorService.java:41) ~[junit-platform-engine-1.12.2.jar:1.12.2]
	at org.junit.platform.engine.support.hierarchical.NodeTestTask.lambda$executeRecursively$6(NodeTestTask.java:160) ~[junit-platform-engine-1.12.2.jar:1.12.2]
	at org.junit.platform.engine.support.hierarchical.ThrowableCollector.execute(ThrowableCollector.java:73) ~[junit-platform-engine-1.12.2.jar:1.12.2]
	at org.junit.platform.engine.support.hierarchical.NodeTestTask.lambda$executeRecursively$8(NodeTestTask.java:146) ~[junit-platform-engine-1.12.2.jar:1.12.2]
	at org.junit.platform.engine.support.hierarchical.Node.around(Node.java:137) ~[junit-platform-engine-1.12.2.jar:1.12.2]
	at org.junit.platform.engine.support.hierarchical.NodeTestTask.lambda$executeRecursively$9(NodeTestTask.java:144) ~[junit-platform-engine-1.12.2.jar:1.12.2]
	at org.junit.platform.engine.support.hierarchical.ThrowableCollector.execute(ThrowableCollector.java:73) ~[junit-platform-engine-1.12.2.jar:1.12.2]
	at org.junit.platform.engine.support.hierarchical.NodeTestTask.executeRecursively(NodeTestTask.java:143) ~[junit-platform-engine-1.12.2.jar:1.12.2]
	at org.junit.platform.engine.support.hierarchical.NodeTestTask.execute(NodeTestTask.java:100) ~[junit-platform-engine-1.12.2.jar:1.12.2]
	at java.base/java.util.ArrayList.forEach(ArrayList.java:1596) ~[na:na]
	at org.junit.platform.engine.support.hierarchical.SameThreadHierarchicalTestExecutorService.invokeAll(SameThreadHierarchicalTestExecutorService.java:41) ~[junit-platform-engine-1.12.2.jar:1.12.2]



	at org.junit.platform.engine.support.hierarchical.NodeTestTask.lambda$executeRecursively$6(NodeTestTask.java:160) ~[junit-platform-engine-1.12.2.jar:1.12.2]
	at org.junit.platform.engine.support.hierarchical.ThrowableCollector.execute(ThrowableCollector.java:73) ~[junit-platform-engine-1.12.2.jar:1.12.2]
	at org.junit.platform.engine.support.hierarchical.NodeTestTask.lambda$executeRecursively$8(NodeTestTask.java:146) ~[junit-platform-engine-1.12.2.jar:1.12.2]
	at org.junit.platform.engine.support.hierarchical.Node.around(Node.java:137) ~[junit-platform-engine-1.12.2.jar:1.12.2]
	at org.junit.platform.engine.support.hierarchical.NodeTestTask.lambda$executeRecursively$9(NodeTestTask.java:144) ~[junit-platform-engine-1.12.2.jar:1.12.2]
	at org.junit.platform.engine.support.hierarchical.ThrowableCollector.execute(ThrowableCollector.java:73) ~[junit-platform-engine-1.12.2.jar:1.12.2]
	at org.junit.platform.engine.support.hierarchical.NodeTestTask.executeRecursively(NodeTestTask.java:143) ~[junit-platform-engine-1.12.2.jar:1.12.2]
	at org.junit.platform.engine.support.hierarchical.NodeTestTask.execute(NodeTestTask.java:100) ~[junit-platform-engine-1.12.2.jar:1.12.2]
	at org.junit.platform.engine.support.hierarchical.SameThreadHierarchicalTestExecutorService.submit(SameThreadHierarchicalTestExecutorService.java:35) ~[junit-platform-engine-1.12.2.jar:1.12.2]
	at org.junit.platform.engine.support.hierarchical.HierarchicalTestExecutor.execute(HierarchicalTestExecutor.java:57) ~[junit-platform-engine-1.12.2.jar:1.12.2]
	at org.junit.platform.engine.support.hierarchical.HierarchicalTestEngine.execute(HierarchicalTestEngine.java:54) ~[junit-platform-engine-1.12.2.jar:1.12.2]
	at org.junit.platform.launcher.core.EngineExecutionOrchestrator.execute(EngineExecutionOrchestrator.java:201) ~[junit-platform-launcher-1.12.2.jar:1.12.2]
	at org.junit.platform.launcher.core.EngineExecutionOrchestrator.execute(EngineExecutionOrchestrator.java:170) ~[junit-platform-launcher-1.12.2.jar:1.12.2]
	at org.junit.platform.launcher.core.EngineExecutionOrchestrator.execute(EngineExecutionOrchestrator.java:94) ~[junit-platform-launcher-1.12.2.jar:1.12.2]
	at org.junit.platform.launcher.core.EngineExecutionOrchestrator.lambda$execute$0(EngineExecutionOrchestrator.java:59) ~[junit-platform-launcher-1.12.2.jar:1.12.2]
	at org.junit.platform.launcher.core.EngineExecutionOrchestrator.withInterceptedStreams(EngineExecutionOrchestrator.java:142) ~[junit-platform-launcher-1.12.2.jar:1.12.2]
	at org.junit.platform.launcher.core.EngineExecutionOrchestrator.execute(EngineExecutionOrchestrator.java:58) ~[junit-platform-launcher-1.12.2.jar:1.12.2]
	at org.junit.platform.launcher.core.DefaultLauncher.execute(DefaultLauncher.java:103) ~[junit-platform-launcher-1.12.2.jar:1.12.2]
	at org.junit.platform.launcher.core.DefaultLauncher.execute(DefaultLauncher.java:85) ~[junit-platform-launcher-1.12.2.jar:1.12.2]
	at org.junit.platform.launcher.core.DelegatingLauncher.execute(DelegatingLauncher.java:47) ~[junit-platform-launcher-1.12.2.jar:1.12.2]
	at org.junit.platform.launcher.core.InterceptingLauncher.lambda$execute$1(InterceptingLauncher.java:39) ~[junit-platform-launcher-1.12.2.jar:1.12.2]
	at org.junit.platform.launcher.core.ClasspathAlignmentCheckingLauncherInterceptor.intercept(ClasspathAlignmentCheckingLauncherInterceptor.java:25) ~[junit-platform-launcher-1.12.2.jar:1.12.2]
	at org.junit.platform.launcher.core.InterceptingLauncher.execute(InterceptingLauncher.java:38) ~[junit-platform-launcher-1.12.2.jar:1.12.2]
	at org.junit.platform.launcher.core.DelegatingLauncher.execute(DelegatingLauncher.java:47) ~[junit-platform-launcher-1.12.2.jar:1.12.2]
	at org.apache.maven.surefire.junitplatform.LauncherAdapter.executeWithoutCancellationToken(LauncherAdapter.java:60) ~[surefire-junit-platform-3.5.4.jar:3.5.4]
	at org.apache.maven.surefire.junitplatform.LauncherAdapter.execute(LauncherAdapter.java:52) ~[surefire-junit-platform-3.5.4.jar:3.5.4]
	at org.apache.maven.surefire.junitplatform.JUnitPlatformProvider.execute(JUnitPlatformProvider.java:203) ~[surefire-junit-platform-3.5.4.jar:3.5.4]
	at org.apache.maven.surefire.junitplatform.JUnitPlatformProvider.invokeAllTests(JUnitPlatformProvider.java:168) ~[surefire-junit-platform-3.5.4.jar:3.5.4]
	at org.apache.maven.surefire.junitplatform.JUnitPlatformProvider.invoke(JUnitPlatformProvider.java:136) ~[surefire-junit-platform-3.5.4.jar:3.5.4]
	at org.apache.maven.surefire.booter.ForkedBooter.runSuitesInProcess(ForkedBooter.java:385) ~[surefire-booter-3.5.4.jar:3.5.4]
	at org.apache.maven.surefire.booter.ForkedBooter.execute(ForkedBooter.java:162) ~[surefire-booter-3.5.4.jar:3.5.4]
	at org.apache.maven.surefire.booter.ForkedBooter.run(ForkedBooter.java:507) ~[surefire-booter-3.5.4.jar:3.5.4]
	at org.apache.maven.surefire.booter.ForkedBooter.main(ForkedBooter.java:495) ~[surefire-booter-3.5.4.jar:3.5.4]

2025-11-28T00:24:39.355+07:00  WARN 19572 --- [ldop] [           main] o.s.test.context.TestContextManager      : Caught exception while allowing TestExecutionListener [org.springframework.test.context.web.ServletTestExecutionListener] to prepare test instance [com.example.ldop.controller.ConnectorControllerTest@43294e9b]

java.lang.IllegalStateException: ApplicationContext failure threshold (1) exceeded: skipping repeated attempt to load context for [WebMergedContextConfiguration@6ffbf0ac testClass = com.example.ldop.controller.ConnectorControllerTest, locations = [], classes = [com.example.ldop.LdopApplication], contextInitializerClasses = [], activeProfiles = ["test"], propertySourceDescriptors = [], propertySourceProperties = ["org.springframework.boot.test.context.SpringBootTestContextBootstrapper=true"], contextCustomizers = [[ImportsContextCustomizer@ad5cffa key = [org.springframework.boot.test.autoconfigure.web.servlet.MockMvcWebDriverAutoConfiguration, org.springframework.boot.autoconfigure.security.oauth2.client.servlet.OAuth2ClientWebSecurityAutoConfiguration, org.springframework.boot.test.autoconfigure.web.servlet.MockMvcAutoConfiguration, org.springframework.boot.autoconfigure.security.saml2.Saml2RelyingPartyAutoConfiguration, org.springframework.boot.autoconfigure.security.servlet.SecurityAutoConfiguration, org.springframework.boot.autoconfigure.security.servlet.SecurityFilterAutoConfiguration, org.springframework.boot.autoconfigure.security.servlet.UserDetailsServiceAutoConfiguration, org.springframework.boot.autoconfigure.security.oauth2.resource.servlet.OAuth2ResourceServerAutoConfiguration, org.springframework.boot.test.autoconfigure.web.servlet.MockMvcSecurityConfiguration, org.springframework.boot.test.autoconfigure.web.servlet.MockMvcWebClientAutoConfiguration, org.springframework.boot.autoconfigure.security.oauth2.client.OAuth2ClientAutoConfiguration, org.springframework.boot.test.autoconfigure.web.reactive.WebTestClientAutoConfiguration]], org.springframework.boot.test.context.filter.ExcludeFilterContextCustomizer@1b8a29df, org.springframework.boot.test.json.DuplicateJsonObjectContextCustomizerFactory$DuplicateJsonObjectContextCustomizer@1ef6d34c, org.springframework.boot.test.mock.mockito.MockitoContextCustomizer@0, org.springframework.boot.test.web.client.TestRestTemplateContextCustomizer@4066c471, org.springframework.boot.test.web.reactor.netty.DisableReactorResourceFactoryGlobalResourcesContextCustomizerFactory$DisableReactorResourceFactoryGlobalResourcesContextCustomizerCustomizer@5e403b4a, org.springframework.boot.test.autoconfigure.OnFailureConditionReportContextCustomizerFactory$OnFailureConditionReportContextCustomizer@2931522b, org.springframework.boot.test.autoconfigure.actuate.observability.ObservabilityContextCustomizerFactory$DisableObservabilityContextCustomizer@1f, org.springframework.boot.test.autoconfigure.properties.PropertyMappingContextCustomizer@4b3fa0b3, org.springframework.boot.test.autoconfigure.web.servlet.WebDriverContextCustomizer@6bf08014, org.springframework.test.context.support.DynamicPropertiesContextCustomizer@0, org.springframework.boot.test.context.SpringBootTestAnnotation@82ba843e], resourceBasePath = "src/main/webapp", contextLoader = org.springframework.boot.test.context.SpringBootContextLoader, parent = null]
	at org.springframework.test.context.cache.DefaultCacheAwareContextLoaderDelegate.loadContext(DefaultCacheAwareContextLoaderDelegate.java:145) ~[spring-test-6.2.12.jar:6.2.12]
	at org.springframework.test.context.support.DefaultTestContext.getApplicationContext(DefaultTestContext.java:130) ~[spring-test-6.2.12.jar:6.2.12]
	at org.springframework.test.context.web.ServletTestExecutionListener.setUpRequestContextIfNecessary(ServletTestExecutionListener.java:200) ~[spring-test-6.2.12.jar:6.2.12]
	at org.springframework.test.context.web.ServletTestExecutionListener.prepareTestInstance(ServletTestExecutionListener.java:139) ~[spring-test-6.2.12.jar:6.2.12]
	at org.springframework.test.context.TestContextManager.prepareTestInstance(TestContextManager.java:260) ~[spring-test-6.2.12.jar:6.2.12]
	at org.springframework.test.context.junit.jupiter.SpringExtension.postProcessTestInstance(SpringExtension.java:159) ~[spring-test-6.2.12.jar:6.2.12]
	at org.junit.jupiter.engine.descriptor.ClassBasedTestDescriptor.lambda$invokeTestInstancePostProcessors$10(ClassBasedTestDescriptor.java:383) ~[junit-jupiter-engine-5.12.2.jar:5.12.2]
	at org.junit.jupiter.engine.descriptor.ClassBasedTestDescriptor.executeAndMaskThrowable(ClassBasedTestDescriptor.java:388) ~[junit-jupiter-engine-5.12.2.jar:5.12.2]
	at org.junit.jupiter.engine.descriptor.ClassBasedTestDescriptor.lambda$invokeTestInstancePostProcessors$11(ClassBasedTestDescriptor.java:382) ~[junit-jupiter-engine-5.12.2.jar:5.12.2]
	at java.base/java.util.stream.ForEachOps$ForEachOp$OfRef.accept(ForEachOps.java:184) ~[na:na]
	at java.base/java.util.stream.ReferencePipeline$3$1.accept(ReferencePipeline.java:197) ~[na:na]
	at java.base/java.util.stream.ReferencePipeline$2$1.accept(ReferencePipeline.java:179) ~[na:na]
	at java.base/java.util.stream.ReferencePipeline$3$1.accept(ReferencePipeline.java:197) ~[na:na]
	at java.base/java.util.ArrayList$ArrayListSpliterator.forEachRemaining(ArrayList.java:1708) ~[na:na]
	at java.base/java.util.stream.AbstractPipeline.copyInto(AbstractPipeline.java:509) ~[na:na]
	at java.base/java.util.stream.AbstractPipeline.wrapAndCopyInto(AbstractPipeline.java:499) ~[na:na]
	at java.base/java.util.stream.ForEachOps$ForEachOp.evaluateSequential(ForEachOps.java:151) ~[na:na]
	at java.base/java.util.stream.ForEachOps$ForEachOp$OfRef.evaluateSequential(ForEachOps.java:174) ~[na:na]
	at java.base/java.util.stream.AbstractPipeline.evaluate(AbstractPipeline.java:234) ~[na:na]
	at java.base/java.util.stream.ReferencePipeline.forEach(ReferencePipeline.java:596) ~[na:na]
	at org.junit.jupiter.engine.descriptor.ClassBasedTestDescriptor.invokeTestInstancePostProcessors(ClassBasedTestDescriptor.java:382) ~[junit-jupiter-engine-5.12.2.jar:5.12.2]
	at org.junit.jupiter.engine.descriptor.ClassBasedTestDescriptor.lambda$instantiateAndPostProcessTestInstance$6(ClassBasedTestDescriptor.java:293) ~[junit-jupiter-engine-5.12.2.jar:5.12.2]
	at org.junit.platform.engine.support.hierarchical.ThrowableCollector.execute(ThrowableCollector.java:73) ~[junit-platform-engine-1.12.2.jar:1.12.2]
	at org.junit.jupiter.engine.descriptor.ClassBasedTestDescriptor.instantiateAndPostProcessTestInstance(ClassBasedTestDescriptor.java:292) ~[junit-jupiter-engine-5.12.2.jar:5.12.2]
	at org.junit.jupiter.engine.descriptor.ClassBasedTestDescriptor.lambda$testInstancesProvider$4(ClassBasedTestDescriptor.java:281) ~[junit-jupiter-engine-5.12.2.jar:5.12.2]
	at java.base/java.util.Optional.orElseGet(Optional.java:364) ~[na:na]
	at org.junit.jupiter.engine.descriptor.ClassBasedTestDescriptor.lambda$testInstancesProvider$5(ClassBasedTestDescriptor.java:280) ~[junit-jupiter-engine-5.12.2.jar:5.12.2]
	at org.junit.jupiter.engine.execution.TestInstancesProvider.getTestInstances(TestInstancesProvider.java:27) ~[junit-jupiter-engine-5.12.2.jar:5.12.2]
	at org.junit.jupiter.engine.descriptor.TestMethodTestDescriptor.lambda$prepare$0(TestMethodTestDescriptor.java:112) ~[junit-jupiter-engine-5.12.2.jar:5.12.2]
	at org.junit.platform.engine.support.hierarchical.ThrowableCollector.execute(ThrowableCollector.java:73) ~[junit-platform-engine-1.12.2.jar:1.12.2]
	at org.junit.jupiter.engine.descriptor.TestMethodTestDescriptor.prepare(TestMethodTestDescriptor.java:111) ~[junit-jupiter-engine-5.12.2.jar:5.12.2]
	at org.junit.jupiter.engine.descriptor.TestMethodTestDescriptor.prepare(TestMethodTestDescriptor.java:69) ~[junit-jupiter-engine-5.12.2.jar:5.12.2]
	at org.junit.platform.engine.support.hierarchical.NodeTestTask.lambda$prepare$2(NodeTestTask.java:128) ~[junit-platform-engine-1.12.2.jar:1.12.2]
	at org.junit.platform.engine.support.hierarchical.ThrowableCollector.execute(ThrowableCollector.java:73) ~[junit-platform-engine-1.12.2.jar:1.12.2]
	at org.junit.platform.engine.support.hierarchical.NodeTestTask.prepare(NodeTestTask.java:128) ~[junit-platform-engine-1.12.2.jar:1.12.2]
	at org.junit.platform.engine.support.hierarchical.NodeTestTask.execute(NodeTestTask.java:95) ~[junit-platform-engine-1.12.2.jar:1.12.2]
	at java.base/java.util.ArrayList.forEach(ArrayList.java:1596) ~[na:na]
	at org.junit.platform.engine.support.hierarchical.SameThreadHierarchicalTestExecutorService.invokeAll(SameThreadHierarchicalTestExecutorService.java:41) ~[junit-platform-engine-1.12.2.jar:1.12.2]
	at org.junit.platform.engine.support.hierarchical.NodeTestTask.lambda$executeRecursively$6(NodeTestTask.java:160) ~[junit-platform-engine-1.12.2.jar:1.12.2]
	at org.junit.platform.engine.support.hierarchical.ThrowableCollector.execute(ThrowableCollector.java:73) ~[junit-platform-engine-1.12.2.jar:1.12.2]
	at org.junit.platform.engine.support.hierarchical.NodeTestTask.lambda$executeRecursively$8(NodeTestTask.java:146) ~[junit-platform-engine-1.12.2.jar:1.12.2]
	at org.junit.platform.engine.support.hierarchical.Node.around(Node.java:137) ~[junit-platform-engine-1.12.2.jar:1.12.2]
	at org.junit.platform.engine.support.hierarchical.NodeTestTask.lambda$executeRecursively$9(NodeTestTask.java:144) ~[junit-platform-engine-1.12.2.jar:1.12.2]
	at org.junit.platform.engine.support.hierarchical.ThrowableCollector.execute(ThrowableCollector.java:73) ~[junit-platform-engine-1.12.2.jar:1.12.2]
	at org.junit.platform.engine.support.hierarchical.NodeTestTask.executeRecursively(NodeTestTask.java:143) ~[junit-platform-engine-1.12.2.jar:1.12.2]
	at org.junit.platform.engine.support.hierarchical.NodeTestTask.execute(NodeTestTask.java:100) ~[junit-platform-engine-1.12.2.jar:1.12.2]
	at java.base/java.util.ArrayList.forEach(ArrayList.java:1596) ~[na:na]
	at org.junit.platform.engine.support.hierarchical.SameThreadHierarchicalTestExecutorService.invokeAll(SameThreadHierarchicalTestExecutorService.java:41) ~[junit-platform-engine-1.12.2.jar:1.12.2]
	at org.junit.platform.engine.support.hierarchical.NodeTestTask.lambda$executeRecursively$6(NodeTestTask.java:160) ~[junit-platform-engine-1.12.2.jar:1.12.2]
	at org.junit.platform.engine.support.hierarchical.ThrowableCollector.execute(ThrowableCollector.java:73) ~[junit-platform-engine-1.12.2.jar:1.12.2]
	at org.junit.platform.engine.support.hierarchical.NodeTestTask.lambda$executeRecursively$8(NodeTestTask.java:146) ~[junit-platform-engine-1.12.2.jar:1.12.2]
	at org.junit.platform.engine.support.hierarchical.Node.around(Node.java:137) ~[junit-platform-engine-1.12.2.jar:1.12.2]
	at org.junit.platform.engine.support.hierarchical.NodeTestTask.lambda$executeRecursively$9(NodeTestTask.java:144) ~[junit-platform-engine-1.12.2.jar:1.12.2]
	at org.junit.platform.engine.support.hierarchical.ThrowableCollector.execute(ThrowableCollector.java:73) ~[junit-platform-engine-1.12.2.jar:1.12.2]
	at org.junit.platform.engine.support.hierarchical.NodeTestTask.executeRecursively(NodeTestTask.java:143) ~[junit-platform-engine-1.12.2.jar:1.12.2]
	at org.junit.platform.engine.support.hierarchical.NodeTestTask.execute(NodeTestTask.java:100) ~[junit-platform-engine-1.12.2.jar:1.12.2]
	at org.junit.platform.engine.support.hierarchical.SameThreadHierarchicalTestExecutorService.submit(SameThreadHierarchicalTestExecutorService.java:35) ~[junit-platform-engine-1.12.2.jar:1.12.2]
	at org.junit.platform.engine.support.hierarchical.HierarchicalTestExecutor.execute(HierarchicalTestExecutor.java:57) ~[junit-platform-engine-1.12.2.jar:1.12.2]
	at org.junit.platform.engine.support.hierarchical.HierarchicalTestEngine.execute(HierarchicalTestEngine.java:54) ~[junit-platform-engine-1.12.2.jar:1.12.2]
	at org.junit.platform.launcher.core.EngineExecutionOrchestrator.execute(EngineExecutionOrchestrator.java:201) ~[junit-platform-launcher-1.12.2.jar:1.12.2]
	at org.junit.platform.launcher.core.EngineExecutionOrchestrator.execute(EngineExecutionOrchestrator.java:170) ~[junit-platform-launcher-1.12.2.jar:1.12.2]
	at org.junit.platform.launcher.core.EngineExecutionOrchestrator.execute(EngineExecutionOrchestrator.java:94) ~[junit-platform-launcher-1.12.2.jar:1.12.2]
	at org.junit.platform.launcher.core.EngineExecutionOrchestrator.lambda$execute$0(EngineExecutionOrchestrator.java:59) ~[junit-platform-launcher-1.12.2.jar:1.12.2]
	at org.junit.platform.launcher.core.EngineExecutionOrchestrator.withInterceptedStreams(EngineExecutionOrchestrator.java:142) ~[junit-platform-launcher-1.12.2.jar:1.12.2]
	at org.junit.platform.launcher.core.EngineExecutionOrchestrator.execute(EngineExecutionOrchestrator.java:58) ~[junit-platform-launcher-1.12.2.jar:1.12.2]
	at org.junit.platform.launcher.core.DefaultLauncher.execute(DefaultLauncher.java:103) ~[junit-platform-launcher-1.12.2.jar:1.12.2]
	at org.junit.platform.launcher.core.DefaultLauncher.execute(DefaultLauncher.java:85) ~[junit-platform-launcher-1.12.2.jar:1.12.2]
	at org.junit.platform.launcher.core.DelegatingLauncher.execute(DelegatingLauncher.java:47) ~[junit-platform-launcher-1.12.2.jar:1.12.2]
	at org.junit.platform.launcher.core.InterceptingLauncher.lambda$execute$1(InterceptingLauncher.java:39) ~[junit-platform-launcher-1.12.2.jar:1.12.2]
	at org.junit.platform.launcher.core.ClasspathAlignmentCheckingLauncherInterceptor.intercept(ClasspathAlignmentCheckingLauncherInterceptor.java:25) ~[junit-platform-launcher-1.12.2.jar:1.12.2]
	at org.junit.platform.launcher.core.InterceptingLauncher.execute(InterceptingLauncher.java:38) ~[junit-platform-launcher-1.12.2.jar:1.12.2]
	at org.junit.platform.launcher.core.DelegatingLauncher.execute(DelegatingLauncher.java:47) ~[junit-platform-launcher-1.12.2.jar:1.12.2]
	at org.apache.maven.surefire.junitplatform.LauncherAdapter.executeWithoutCancellationToken(LauncherAdapter.java:60) ~[surefire-junit-platform-3.5.4.jar:3.5.4]
	at org.apache.maven.surefire.junitplatform.LauncherAdapter.execute(LauncherAdapter.java:52) ~[surefire-junit-platform-3.5.4.jar:3.5.4]
	at org.apache.maven.surefire.junitplatform.JUnitPlatformProvider.execute(JUnitPlatformProvider.java:203) ~[surefire-junit-platform-3.5.4.jar:3.5.4]
	at org.apache.maven.surefire.junitplatform.JUnitPlatformProvider.invokeAllTests(JUnitPlatformProvider.java:168) ~[surefire-junit-platform-3.5.4.jar:3.5.4]
	at org.apache.maven.surefire.junitplatform.JUnitPlatformProvider.invoke(JUnitPlatformProvider.java:136) ~[surefire-junit-platform-3.5.4.jar:3.5.4]
	at org.apache.maven.surefire.booter.ForkedBooter.runSuitesInProcess(ForkedBooter.java:385) ~[surefire-booter-3.5.4.jar:3.5.4]
	at org.apache.maven.surefire.booter.ForkedBooter.execute(ForkedBooter.java:162) ~[surefire-booter-3.5.4.jar:3.5.4]
	at org.apache.maven.surefire.booter.ForkedBooter.run(ForkedBooter.java:507) ~[surefire-booter-3.5.4.jar:3.5.4]
	at org.apache.maven.surefire.booter.ForkedBooter.main(ForkedBooter.java:495) ~[surefire-booter-3.5.4.jar:3.5.4]

2025-11-28T00:24:39.365+07:00  WARN 19572 --- [ldop] [           main] o.s.test.context.TestContextManager      : Caught exception while allowing TestExecutionListener [org.springframework.test.context.web.ServletTestExecutionListener] to prepare test instance [com.example.ldop.controller.ConnectorControllerTest@5a78b52b]

java.lang.IllegalStateException: ApplicationContext failure threshold (1) exceeded: skipping repeated attempt to load context for [WebMergedContextConfiguration@6ffbf0ac testClass = com.example.ldop.controller.ConnectorControllerTest, locations = [], classes = [com.example.ldop.LdopApplication], contextInitializerClasses = [], activeProfiles = ["test"], propertySourceDescriptors = [], propertySourceProperties = ["org.springframework.boot.test.context.SpringBootTestContextBootstrapper=true"], contextCustomizers = [[ImportsContextCustomizer@ad5cffa key = [org.springframework.boot.test.autoconfigure.web.servlet.MockMvcWebDriverAutoConfiguration, org.springframework.boot.autoconfigure.security.oauth2.client.servlet.OAuth2ClientWebSecurityAutoConfiguration, org.springframework.boot.test.autoconfigure.web.servlet.MockMvcAutoConfiguration, org.springframework.boot.autoconfigure.security.saml2.Saml2RelyingPartyAutoConfiguration, org.springframework.boot.autoconfigure.security.servlet.SecurityAutoConfiguration, org.springframework.boot.autoconfigure.security.servlet.SecurityFilterAutoConfiguration, org.springframework.boot.autoconfigure.security.servlet.UserDetailsServiceAutoConfiguration, org.springframework.boot.autoconfigure.security.oauth2.resource.servlet.OAuth2ResourceServerAutoConfiguration, org.springframework.boot.test.autoconfigure.web.servlet.MockMvcSecurityConfiguration, org.springframework.boot.test.autoconfigure.web.servlet.MockMvcWebClientAutoConfiguration, org.springframework.boot.autoconfigure.security.oauth2.client.OAuth2ClientAutoConfiguration, org.springframework.boot.test.autoconfigure.web.reactive.WebTestClientAutoConfiguration]], org.springframework.boot.test.context.filter.ExcludeFilterContextCustomizer@1b8a29df, org.springframework.boot.test.json.DuplicateJsonObjectContextCustomizerFactory$DuplicateJsonObjectContextCustomizer@1ef6d34c, org.springframework.boot.test.mock.mockito.MockitoContextCustomizer@0, org.springframework.boot.test.web.client.TestRestTemplateContextCustomizer@4066c471, org.springframework.boot.test.web.reactor.netty.DisableReactorResourceFactoryGlobalResourcesContextCustomizerFactory$DisableReactorResourceFactoryGlobalResourcesContextCustomizerCustomizer@5e403b4a, org.springframework.boot.test.autoconfigure.OnFailureConditionReportContextCustomizerFactory$OnFailureConditionReportContextCustomizer@2931522b, org.springframework.boot.test.autoconfigure.actuate.observability.ObservabilityContextCustomizerFactory$DisableObservabilityContextCustomizer@1f, org.springframework.boot.test.autoconfigure.properties.PropertyMappingContextCustomizer@4b3fa0b3, org.springframework.boot.test.autoconfigure.web.servlet.WebDriverContextCustomizer@6bf08014, org.springframework.test.context.support.DynamicPropertiesContextCustomizer@0, org.springframework.boot.test.context.SpringBootTestAnnotation@82ba843e], resourceBasePath = "src/main/webapp", contextLoader = org.springframework.boot.test.context.SpringBootContextLoader, parent = null]
	at org.springframework.test.context.cache.DefaultCacheAwareContextLoaderDelegate.loadContext(DefaultCacheAwareContextLoaderDelegate.java:145) ~[spring-test-6.2.12.jar:6.2.12]
	at org.springframework.test.context.support.DefaultTestContext.getApplicationContext(DefaultTestContext.java:130) ~[spring-test-6.2.12.jar:6.2.12]
	at org.springframework.test.context.web.ServletTestExecutionListener.setUpRequestContextIfNecessary(ServletTestExecutionListener.java:200) ~[spring-test-6.2.12.jar:6.2.12]
	at org.springframework.test.context.web.ServletTestExecutionListener.prepareTestInstance(ServletTestExecutionListener.java:139) ~[spring-test-6.2.12.jar:6.2.12]
	at org.springframework.test.context.TestContextManager.prepareTestInstance(TestContextManager.java:260) ~[spring-test-6.2.12.jar:6.2.12]
	at org.springframework.test.context.junit.jupiter.SpringExtension.postProcessTestInstance(SpringExtension.java:159) ~[spring-test-6.2.12.jar:6.2.12]
	at org.junit.jupiter.engine.descriptor.ClassBasedTestDescriptor.lambda$invokeTestInstancePostProcessors$10(ClassBasedTestDescriptor.java:383) ~[junit-jupiter-engine-5.12.2.jar:5.12.2]
	at org.junit.jupiter.engine.descriptor.ClassBasedTestDescriptor.executeAndMaskThrowable(ClassBasedTestDescriptor.java:388) ~[junit-jupiter-engine-5.12.2.jar:5.12.2]
	at org.junit.jupiter.engine.descriptor.ClassBasedTestDescriptor.lambda$invokeTestInstancePostProcessors$11(ClassBasedTestDescriptor.java:382) ~[junit-jupiter-engine-5.12.2.jar:5.12.2]
	at java.base/java.util.stream.ForEachOps$ForEachOp$OfRef.accept(ForEachOps.java:184) ~[na:na]
	at java.base/java.util.stream.ReferencePipeline$3$1.accept(ReferencePipeline.java:197) ~[na:na]
	at java.base/java.util.stream.ReferencePipeline$2$1.accept(ReferencePipeline.java:179) ~[na:na]
	at java.base/java.util.stream.ReferencePipeline$3$1.accept(ReferencePipeline.java:197) ~[na:na]
	at java.base/java.util.ArrayList$ArrayListSpliterator.forEachRemaining(ArrayList.java:1708) ~[na:na]
	at java.base/java.util.stream.AbstractPipeline.copyInto(AbstractPipeline.java:509) ~[na:na]
	at java.base/java.util.stream.AbstractPipeline.wrapAndCopyInto(AbstractPipeline.java:499) ~[na:na]
	at java.base/java.util.stream.ForEachOps$ForEachOp.evaluateSequential(ForEachOps.java:151) ~[na:na]
	at java.base/java.util.stream.ForEachOps$ForEachOp$OfRef.evaluateSequential(ForEachOps.java:174) ~[na:na]
	at java.base/java.util.stream.AbstractPipeline.evaluate(AbstractPipeline.java:234) ~[na:na]
	at java.base/java.util.stream.ReferencePipeline.forEach(ReferencePipeline.java:596) ~[na:na]
	at org.junit.jupiter.engine.descriptor.ClassBasedTestDescriptor.invokeTestInstancePostProcessors(ClassBasedTestDescriptor.java:382) ~[junit-jupiter-engine-5.12.2.jar:5.12.2]
	at org.junit.jupiter.engine.descriptor.ClassBasedTestDescriptor.lambda$instantiateAndPostProcessTestInstance$6(ClassBasedTestDescriptor.java:293) ~[junit-jupiter-engine-5.12.2.jar:5.12.2]
	at org.junit.platform.engine.support.hierarchical.ThrowableCollector.execute(ThrowableCollector.java:73) ~[junit-platform-engine-1.12.2.jar:1.12.2]
	at org.junit.jupiter.engine.descriptor.ClassBasedTestDescriptor.instantiateAndPostProcessTestInstance(ClassBasedTestDescriptor.java:292) ~[junit-jupiter-engine-5.12.2.jar:5.12.2]
	at org.junit.jupiter.engine.descriptor.ClassBasedTestDescriptor.lambda$testInstancesProvider$4(ClassBasedTestDescriptor.java:281) ~[junit-jupiter-engine-5.12.2.jar:5.12.2]
	at java.base/java.util.Optional.orElseGet(Optional.java:364) ~[na:na]
	at org.junit.jupiter.engine.descriptor.ClassBasedTestDescriptor.lambda$testInstancesProvider$5(ClassBasedTestDescriptor.java:280) ~[junit-jupiter-engine-5.12.2.jar:5.12.2]
	at org.junit.jupiter.engine.execution.TestInstancesProvider.getTestInstances(TestInstancesProvider.java:27) ~[junit-jupiter-engine-5.12.2.jar:5.12.2]
	at org.junit.jupiter.engine.descriptor.TestMethodTestDescriptor.lambda$prepare$0(TestMethodTestDescriptor.java:112) ~[junit-jupiter-engine-5.12.2.jar:5.12.2]
	at org.junit.platform.engine.support.hierarchical.ThrowableCollector.execute(ThrowableCollector.java:73) ~[junit-platform-engine-1.12.2.jar:1.12.2]
	at org.junit.jupiter.engine.descriptor.TestMethodTestDescriptor.prepare(TestMethodTestDescriptor.java:111) ~[junit-jupiter-engine-5.12.2.jar:5.12.2]
	at org.junit.jupiter.engine.descriptor.TestMethodTestDescriptor.prepare(TestMethodTestDescriptor.java:69) ~[junit-jupiter-engine-5.12.2.jar:5.12.2]
	at org.junit.platform.engine.support.hierarchical.NodeTestTask.lambda$prepare$2(NodeTestTask.java:128) ~[junit-platform-engine-1.12.2.jar:1.12.2]
	at org.junit.platform.engine.support.hierarchical.ThrowableCollector.execute(ThrowableCollector.java:73) ~[junit-platform-engine-1.12.2.jar:1.12.2]
	at org.junit.platform.engine.support.hierarchical.NodeTestTask.prepare(NodeTestTask.java:128) ~[junit-platform-engine-1.12.2.jar:1.12.2]
	at org.junit.platform.engine.support.hierarchical.NodeTestTask.execute(NodeTestTask.java:95) ~[junit-platform-engine-1.12.2.jar:1.12.2]
	at java.base/java.util.ArrayList.forEach(ArrayList.java:1596) ~[na:na]
	at org.junit.platform.engine.support.hierarchical.SameThreadHierarchicalTestExecutorService.invokeAll(SameThreadHierarchicalTestExecutorService.java:41) ~[junit-platform-engine-1.12.2.jar:1.12.2]
	at org.junit.platform.engine.support.hierarchical.NodeTestTask.lambda$executeRecursively$6(NodeTestTask.java:160) ~[junit-platform-engine-1.12.2.jar:1.12.2]
	at org.junit.platform.engine.support.hierarchical.ThrowableCollector.execute(ThrowableCollector.java:73) ~[junit-platform-engine-1.12.2.jar:1.12.2]
	at org.junit.platform.engine.support.hierarchical.NodeTestTask.lambda$executeRecursively$8(NodeTestTask.java:146) ~[junit-platform-engine-1.12.2.jar:1.12.2]
	at org.junit.platform.engine.support.hierarchical.Node.around(Node.java:137) ~[junit-platform-engine-1.12.2.jar:1.12.2]
	at org.junit.platform.engine.support.hierarchical.NodeTestTask.lambda$executeRecursively$9(NodeTestTask.java:144) ~[junit-platform-engine-1.12.2.jar:1.12.2]
	at org.junit.platform.engine.support.hierarchical.ThrowableCollector.execute(ThrowableCollector.java:73) ~[junit-platform-engine-1.12.2.jar:1.12.2]
	at org.junit.platform.engine.support.hierarchical.NodeTestTask.executeRecursively(NodeTestTask.java:143) ~[junit-platform-engine-1.12.2.jar:1.12.2]
	at org.junit.platform.engine.support.hierarchical.NodeTestTask.execute(NodeTestTask.java:100) ~[junit-platform-engine-1.12.2.jar:1.12.2]
	at java.base/java.util.ArrayList.forEach(ArrayList.java:1596) ~[na:na]
	at org.junit.platform.engine.support.hierarchical.SameThreadHierarchicalTestExecutorService.invokeAll(SameThreadHierarchicalTestExecutorService.java:41) ~[junit-platform-engine-1.12.2.jar:1.12.2]
	at org.junit.platform.engine.support.hierarchical.NodeTestTask.lambda$executeRecursively$6(NodeTestTask.java:160) ~[junit-platform-engine-1.12.2.jar:1.12.2]
	at org.junit.platform.engine.support.hierarchical.ThrowableCollector.execute(ThrowableCollector.java:73) ~[junit-platform-engine-1.12.2.jar:1.12.2]
	at org.junit.platform.engine.support.hierarchical.NodeTestTask.lambda$executeRecursively$8(NodeTestTask.java:146) ~[junit-platform-engine-1.12.2.jar:1.12.2]
	at org.junit.platform.engine.support.hierarchical.Node.around(Node.java:137) ~[junit-platform-engine-1.12.2.jar:1.12.2]
	at org.junit.platform.engine.support.hierarchical.NodeTestTask.lambda$executeRecursively$9(NodeTestTask.java:144) ~[junit-platform-engine-1.12.2.jar:1.12.2]
	at org.junit.platform.engine.support.hierarchical.ThrowableCollector.execute(ThrowableCollector.java:73) ~[junit-platform-engine-1.12.2.jar:1.12.2]
	at org.junit.platform.engine.support.hierarchical.NodeTestTask.executeRecursively(NodeTestTask.java:143) ~[junit-platform-engine-1.12.2.jar:1.12.2]
	at org.junit.platform.engine.support.hierarchical.NodeTestTask.execute(NodeTestTask.java:100) ~[junit-platform-engine-1.12.2.jar:1.12.2]
	at org.junit.platform.engine.support.hierarchical.SameThreadHierarchicalTestExecutorService.submit(SameThreadHierarchicalTestExecutorService.java:35) ~[junit-platform-engine-1.12.2.jar:1.12.2]
	at org.junit.platform.engine.support.hierarchical.HierarchicalTestExecutor.execute(HierarchicalTestExecutor.java:57) ~[junit-platform-engine-1.12.2.jar:1.12.2]
	at org.junit.platform.engine.support.hierarchical.HierarchicalTestEngine.execute(HierarchicalTestEngine.java:54) ~[junit-platform-engine-1.12.2.jar:1.12.2]
	at org.junit.platform.launcher.core.EngineExecutionOrchestrator.execute(EngineExecutionOrchestrator.java:201) ~[junit-platform-launcher-1.12.2.jar:1.12.2]
	at org.junit.platform.launcher.core.EngineExecutionOrchestrator.execute(EngineExecutionOrchestrator.java:170) ~[junit-platform-launcher-1.12.2.jar:1.12.2]
	at org.junit.platform.launcher.core.EngineExecutionOrchestrator.execute(EngineExecutionOrchestrator.java:94) ~[junit-platform-launcher-1.12.2.jar:1.12.2]
	at org.junit.platform.launcher.core.EngineExecutionOrchestrator.lambda$execute$0(EngineExecutionOrchestrator.java:59) ~[junit-platform-launcher-1.12.2.jar:1.12.2]
	at org.junit.platform.launcher.core.EngineExecutionOrchestrator.withInterceptedStreams(EngineExecutionOrchestrator.java:142) ~[junit-platform-launcher-1.12.2.jar:1.12.2]
	at org.junit.platform.launcher.core.EngineExecutionOrchestrator.execute(EngineExecutionOrchestrator.java:58) ~[junit-platform-launcher-1.12.2.jar:1.12.2]
	at org.junit.platform.launcher.core.DefaultLauncher.execute(DefaultLauncher.java:103) ~[junit-platform-launcher-1.12.2.jar:1.12.2]
	at org.junit.platform.launcher.core.DefaultLauncher.execute(DefaultLauncher.java:85) ~[junit-platform-launcher-1.12.2.jar:1.12.2]
	at org.junit.platform.launcher.core.DelegatingLauncher.execute(DelegatingLauncher.java:47) ~[junit-platform-launcher-1.12.2.jar:1.12.2]
	at org.junit.platform.launcher.core.InterceptingLauncher.lambda$execute$1(InterceptingLauncher.java:39) ~[junit-platform-launcher-1.12.2.jar:1.12.2]
	at org.junit.platform.launcher.core.ClasspathAlignmentCheckingLauncherInterceptor.intercept(ClasspathAlignmentCheckingLauncherInterceptor.java:25) ~[junit-platform-launcher-1.12.2.jar:1.12.2]
	at org.junit.platform.launcher.core.InterceptingLauncher.execute(InterceptingLauncher.java:38) ~[junit-platform-launcher-1.12.2.jar:1.12.2]
	at org.junit.platform.launcher.core.DelegatingLauncher.execute(DelegatingLauncher.java:47) ~[junit-platform-launcher-1.12.2.jar:1.12.2]
	at org.apache.maven.surefire.junitplatform.LauncherAdapter.executeWithoutCancellationToken(LauncherAdapter.java:60) ~[surefire-junit-platform-3.5.4.jar:3.5.4]
	at org.apache.maven.surefire.junitplatform.LauncherAdapter.execute(LauncherAdapter.java:52) ~[surefire-junit-platform-3.5.4.jar:3.5.4]
	at org.apache.maven.surefire.junitplatform.JUnitPlatformProvider.execute(JUnitPlatformProvider.java:203) ~[surefire-junit-platform-3.5.4.jar:3.5.4]
	at org.apache.maven.surefire.junitplatform.JUnitPlatformProvider.invokeAllTests(JUnitPlatformProvider.java:168) ~[surefire-junit-platform-3.5.4.jar:3.5.4]
	at org.apache.maven.surefire.junitplatform.JUnitPlatformProvider.invoke(JUnitPlatformProvider.java:136) ~[surefire-junit-platform-3.5.4.jar:3.5.4]
	at org.apache.maven.surefire.booter.ForkedBooter.runSuitesInProcess(ForkedBooter.java:385) ~[surefire-booter-3.5.4.jar:3.5.4]
	at org.apache.maven.surefire.booter.ForkedBooter.execute(ForkedBooter.java:162) ~[surefire-booter-3.5.4.jar:3.5.4]
	at org.apache.maven.surefire.booter.ForkedBooter.run(ForkedBooter.java:507) ~[surefire-booter-3.5.4.jar:3.5.4]
	at org.apache.maven.surefire.booter.ForkedBooter.main(ForkedBooter.java:495) ~[surefire-booter-3.5.4.jar:3.5.4]

[ERROR] Tests run: 6, Failures: 0, Errors: 6, Skipped: 0, Time elapsed: 9.414 s <<< FAILURE! -- in com.example.ldop.controller.ConnectorControllerTest
[ERROR] com.example.ldop.controller.ConnectorControllerTest.getConnectors_ShouldRespectTenantIsolation -- Time elapsed: 0.016 s <<< ERROR!
java.lang.IllegalStateException: Failed to load ApplicationContext for [WebMergedContextConfiguration@6ffbf0ac testClass = com.example.ldop.controller.ConnectorControllerTest, locations = [], classes = [com.example.ldop.LdopApplication], contextInitializerClasses = [], activeProfiles = ["test"], propertySourceDescriptors = [], propertySourceProperties = ["org.springframework.boot.test.context.SpringBootTestContextBootstrapper=true"], contextCustomizers = [[ImportsContextCustomizer@ad5cffa key = [org.springframework.boot.test.autoconfigure.web.servlet.MockMvcWebDriverAutoConfiguration, org.springframework.boot.autoconfigure.security.oauth2.client.servlet.OAuth2ClientWebSecurityAutoConfiguration, org.springframework.boot.test.autoconfigure.web.servlet.MockMvcAutoConfiguration, org.springframework.boot.autoconfigure.security.saml2.Saml2RelyingPartyAutoConfiguration, org.springframework.boot.autoconfigure.security.servlet.SecurityAutoConfiguration, org.springframework.boot.autoconfigure.security.servlet.SecurityFilterAutoConfiguration, org.springframework.boot.autoconfigure.security.servlet.UserDetailsServiceAutoConfiguration, org.springframework.boot.autoconfigure.security.oauth2.resource.servlet.OAuth2ResourceServerAutoConfiguration, org.springframework.boot.test.autoconfigure.web.servlet.MockMvcSecurityConfiguration, org.springframework.boot.test.autoconfigure.web.servlet.MockMvcWebClientAutoConfiguration, org.springframework.boot.autoconfigure.security.oauth2.client.OAuth2ClientAutoConfiguration, org.springframework.boot.test.autoconfigure.web.reactive.WebTestClientAutoConfiguration]], org.springframework.boot.test.context.filter.ExcludeFilterContextCustomizer@1b8a29df, org.springframework.boot.test.json.DuplicateJsonObjectContextCustomizerFactory$DuplicateJsonObjectContextCustomizer@1ef6d34c, org.springframework.boot.test.mock.mockito.MockitoContextCustomizer@0, org.springframework.boot.test.web.client.TestRestTemplateContextCustomizer@4066c471, org.springframework.boot.test.web.reactor.netty.DisableReactorResourceFactoryGlobalResourcesContextCustomizerFactory$DisableReactorResourceFactoryGlobalResourcesContextCustomizerCustomizer@5e403b4a, org.springframework.boot.test.autoconfigure.OnFailureConditionReportContextCustomizerFactory$OnFailureConditionReportContextCustomizer@2931522b, org.springframework.boot.test.autoconfigure.actuate.observability.ObservabilityContextCustomizerFactory$DisableObservabilityContextCustomizer@1f, org.springframework.boot.test.autoconfigure.properties.PropertyMappingContextCustomizer@4b3fa0b3, org.springframework.boot.test.autoconfigure.web.servlet.WebDriverContextCustomizer@6bf08014, org.springframework.test.context.support.DynamicPropertiesContextCustomizer@0, org.springframework.boot.test.context.SpringBootTestAnnotation@82ba843e], resourceBasePath = "src/main/webapp", contextLoader = org.springframework.boot.test.context.SpringBootContextLoader, parent = null]
	at org.springframework.test.context.cache.DefaultCacheAwareContextLoaderDelegate.loadContext(DefaultCacheAwareContextLoaderDelegate.java:180)
	at org.springframework.test.context.support.DefaultTestContext.getApplicationContext(DefaultTestContext.java:130)
	at org.springframework.test.context.web.ServletTestExecutionListener.setUpRequestContextIfNecessary(ServletTestExecutionListener.java:200)
	at org.springframework.test.context.web.ServletTestExecutionListener.prepareTestInstance(ServletTestExecutionListener.java:139)
	at org.springframework.test.context.TestContextManager.prepareTestInstance(TestContextManager.java:260)
	at org.springframework.test.context.junit.jupiter.SpringExtension.postProcessTestInstance(SpringExtension.java:159)
	at java.base/java.util.stream.ForEachOps$ForEachOp$OfRef.accept(ForEachOps.java:184)
	at java.base/java.util.stream.ReferencePipeline$3$1.accept(ReferencePipeline.java:197)
	at java.base/java.util.stream.ReferencePipeline$2$1.accept(ReferencePipeline.java:179)
	at java.base/java.util.stream.ReferencePipeline$3$1.accept(ReferencePipeline.java:197)
	at java.base/java.util.ArrayList$ArrayListSpliterator.forEachRemaining(ArrayList.java:1708)
	at java.base/java.util.stream.AbstractPipeline.copyInto(AbstractPipeline.java:509)
	at java.base/java.util.stream.AbstractPipeline.wrapAndCopyInto(AbstractPipeline.java:499)
	at java.base/java.util.stream.ForEachOps$ForEachOp.evaluateSequential(ForEachOps.java:151)
	at java.base/java.util.stream.ForEachOps$ForEachOp$OfRef.evaluateSequential(ForEachOps.java:174)
	at java.base/java.util.stream.AbstractPipeline.evaluate(AbstractPipeline.java:234)
	at java.base/java.util.stream.ReferencePipeline.forEach(ReferencePipeline.java:596)
	at java.base/java.util.Optional.orElseGet(Optional.java:364)
	at java.base/java.util.ArrayList.forEach(ArrayList.java:1596)
	at java.base/java.util.ArrayList.forEach(ArrayList.java:1596)
Caused by: org.springframework.beans.factory.BeanCreationException: Error creating bean with name 'entityManagerFactory' defined in class path resource [org/springframework/boot/autoconfigure/orm/jpa/HibernateJpaConfiguration.class]: Failed to initialize dependency 'liquibase' of LoadTimeWeaverAware bean 'entityManagerFactory': Error creating bean with name 'liquibase' defined in class path resource [org/springframework/boot/autoconfigure/liquibase/LiquibaseAutoConfiguration$LiquibaseConfiguration.class]: liquibase.exception.CommandExecutionException: liquibase.exception.LiquibaseException: liquibase.exception.MigrationFailedException: Migration failed for changeset db/changelog/changes/002-data-endpoint-redesign.yaml::002-migrate-target-resource-data::antigravity:
     Reason: liquibase.exception.DatabaseException: Function "JSONB_BUILD_OBJECT" not found; SQL statement:
-- Case A: target_resource is a simple table name (no spaces)
UPDATE data_endpoints
SET query_config = jsonb_build_object(
    'mode', 'BUILDER',
    'rootTable', target_resource,
    'columns', '[]'::jsonb,
    'filters', '[]'::jsonb,
    'sort', '[]'::jsonb
)
WHERE target_resource NOT LIKE '% %' AND target_resource NOT ILIKE 'SELECT%' [90022-232] [Failed SQL: (90022) -- Case A: target_resource is a simple table name (no spaces)
UPDATE data_endpoints
SET query_config = jsonb_build_object(
    'mode', 'BUILDER',
    'rootTable', target_resource,
    'columns', '[]'::jsonb,
    'filters', '[]'::jsonb,
    'sort', '[]'::jsonb
)
WHERE target_resource NOT LIKE '% %' AND target_resource NOT ILIKE 'SELECT%']
	at org.springframework.beans.factory.support.AbstractBeanFactory.doGetBean(AbstractBeanFactory.java:328)
	at org.springframework.beans.factory.support.AbstractBeanFactory.getBean(AbstractBeanFactory.java:207)
	at org.springframework.context.support.AbstractApplicationContext.finishBeanFactoryInitialization(AbstractApplicationContext.java:973)
	at org.springframework.context.support.AbstractApplicationContext.refresh(AbstractApplicationContext.java:627)
	at org.springframework.boot.SpringApplication.refresh(SpringApplication.java:752)
	at org.springframework.boot.SpringApplication.refreshContext(SpringApplication.java:439)
	at org.springframework.boot.SpringApplication.run(SpringApplication.java:318)
	at org.springframework.boot.test.context.SpringBootContextLoader.lambda$loadContext$3(SpringBootContextLoader.java:144)
	at org.springframework.util.function.ThrowingSupplier.get(ThrowingSupplier.java:58)
	at org.springframework.util.function.ThrowingSupplier.get(ThrowingSupplier.java:46)
	at org.springframework.boot.SpringApplication.withHook(SpringApplication.java:1461)
	at org.springframework.boot.test.context.SpringBootContextLoader$ContextLoaderHook.run(SpringBootContextLoader.java:563)
	at org.springframework.boot.test.context.SpringBootContextLoader.loadContext(SpringBootContextLoader.java:144)
	at org.springframework.boot.test.context.SpringBootContextLoader.loadContext(SpringBootContextLoader.java:110)
	at org.springframework.test.context.cache.DefaultCacheAwareContextLoaderDelegate.loadContextInternal(DefaultCacheAwareContextLoaderDelegate.java:225)
	at org.springframework.test.context.cache.DefaultCacheAwareContextLoaderDelegate.loadContext(DefaultCacheAwareContextLoaderDelegate.java:152)
	... 19 more
Caused by: org.springframework.beans.factory.BeanCreationException: Error creating bean with name 'liquibase' defined in class path resource [org/springframework/boot/autoconfigure/liquibase/LiquibaseAutoConfiguration$LiquibaseConfiguration.class]: liquibase.exception.CommandExecutionException: liquibase.exception.LiquibaseException: liquibase.exception.MigrationFailedException: Migration failed for changeset db/changelog/changes/002-data-endpoint-redesign.yaml::002-migrate-target-resource-data::antigravity:
     Reason: liquibase.exception.DatabaseException: Function "JSONB_BUILD_OBJECT" not found; SQL statement:
-- Case A: target_resource is a simple table name (no spaces)
UPDATE data_endpoints
SET query_config = jsonb_build_object(
    'mode', 'BUILDER',
    'rootTable', target_resource,
    'columns', '[]'::jsonb,
    'filters', '[]'::jsonb,
    'sort', '[]'::jsonb
)
WHERE target_resource NOT LIKE '% %' AND target_resource NOT ILIKE 'SELECT%' [90022-232] [Failed SQL: (90022) -- Case A: target_resource is a simple table name (no spaces)
UPDATE data_endpoints
SET query_config = jsonb_build_object(
    'mode', 'BUILDER',
    'rootTable', target_resource,
    'columns', '[]'::jsonb,
    'filters', '[]'::jsonb,
    'sort', '[]'::jsonb
)
WHERE target_resource NOT LIKE '% %' AND target_resource NOT ILIKE 'SELECT%']
	at org.springframework.beans.factory.support.AbstractAutowireCapableBeanFactory.initializeBean(AbstractAutowireCapableBeanFactory.java:1826)
	at org.springframework.beans.factory.support.AbstractAutowireCapableBeanFactory.doCreateBean(AbstractAutowireCapableBeanFactory.java:607)
	at org.springframework.beans.factory.support.AbstractAutowireCapableBeanFactory.createBean(AbstractAutowireCapableBeanFactory.java:529)
	at org.springframework.beans.factory.support.AbstractBeanFactory.lambda$doGetBean$0(AbstractBeanFactory.java:339)
	at org.springframework.beans.factory.support.DefaultSingletonBeanRegistry.getSingleton(DefaultSingletonBeanRegistry.java:373)
	at org.springframework.beans.factory.support.AbstractBeanFactory.doGetBean(AbstractBeanFactory.java:337)
	at org.springframework.beans.factory.support.AbstractBeanFactory.getBean(AbstractBeanFactory.java:202)
	at org.springframework.beans.factory.support.AbstractBeanFactory.doGetBean(AbstractBeanFactory.java:315)
	... 34 more
Caused by: liquibase.exception.LiquibaseException: liquibase.exception.CommandExecutionException: liquibase.exception.LiquibaseException: liquibase.exception.MigrationFailedException: Migration failed for changeset db/changelog/changes/002-data-endpoint-redesign.yaml::002-migrate-target-resource-data::antigravity:
     Reason: liquibase.exception.DatabaseException: Function "JSONB_BUILD_OBJECT" not found; SQL statement:
-- Case A: target_resource is a simple table name (no spaces)
UPDATE data_endpoints
SET query_config = jsonb_build_object(
    'mode', 'BUILDER',
    'rootTable', target_resource,
    'columns', '[]'::jsonb,
    'filters', '[]'::jsonb,
    'sort', '[]'::jsonb
)
WHERE target_resource NOT LIKE '% %' AND target_resource NOT ILIKE 'SELECT%' [90022-232] [Failed SQL: (90022) -- Case A: target_resource is a simple table name (no spaces)
UPDATE data_endpoints
SET query_config = jsonb_build_object(
    'mode', 'BUILDER',
    'rootTable', target_resource,
    'columns', '[]'::jsonb,
    'filters', '[]'::jsonb,
    'sort', '[]'::jsonb
)
WHERE target_resource NOT LIKE '% %' AND target_resource NOT ILIKE 'SELECT%']
	at liquibase.integration.spring.SpringLiquibase.afterPropertiesSet(SpringLiquibase.java:288)
	at org.springframework.beans.factory.support.AbstractAutowireCapableBeanFactory.invokeInitMethods(AbstractAutowireCapableBeanFactory.java:1873)
	at org.springframework.beans.factory.support.AbstractAutowireCapableBeanFactory.initializeBean(AbstractAutowireCapableBeanFactory.java:1822)
	... 41 more
Caused by: liquibase.exception.CommandExecutionException: liquibase.exception.LiquibaseException: liquibase.exception.MigrationFailedException: Migration failed for changeset db/changelog/changes/002-data-endpoint-redesign.yaml::002-migrate-target-resource-data::antigravity:
     Reason: liquibase.exception.DatabaseException: Function "JSONB_BUILD_OBJECT" not found; SQL statement:
-- Case A: target_resource is a simple table name (no spaces)
UPDATE data_endpoints
SET query_config = jsonb_build_object(
    'mode', 'BUILDER',
    'rootTable', target_resource,
    'columns', '[]'::jsonb,
    'filters', '[]'::jsonb,
    'sort', '[]'::jsonb
)
WHERE target_resource NOT LIKE '% %' AND target_resource NOT ILIKE 'SELECT%' [90022-232] [Failed SQL: (90022) -- Case A: target_resource is a simple table name (no spaces)
UPDATE data_endpoints
SET query_config = jsonb_build_object(
    'mode', 'BUILDER',
    'rootTable', target_resource,
    'columns', '[]'::jsonb,
    'filters', '[]'::jsonb,
    'sort', '[]'::jsonb
)
WHERE target_resource NOT LIKE '% %' AND target_resource NOT ILIKE 'SELECT%']
	at liquibase.command.CommandScope.lambda$execute$6(CommandScope.java:300)
	at liquibase.Scope.child(Scope.java:210)
	at liquibase.Scope.child(Scope.java:186)
	at liquibase.command.CommandScope.execute(CommandScope.java:241)
	at liquibase.Liquibase.lambda$update$0(Liquibase.java:216)
	at liquibase.Scope.lambda$child$0(Scope.java:201)
	at liquibase.Scope.child(Scope.java:210)
	at liquibase.Scope.child(Scope.java:200)
	at liquibase.Scope.child(Scope.java:179)
	at liquibase.Liquibase.runInScope(Liquibase.java:1333)
	at liquibase.Liquibase.update(Liquibase.java:205)
	at liquibase.Liquibase.update(Liquibase.java:188)
	at liquibase.integration.spring.SpringLiquibase.performUpdate(SpringLiquibase.java:326)
	at liquibase.integration.spring.SpringLiquibase.lambda$afterPropertiesSet$0(SpringLiquibase.java:278)
	at liquibase.Scope.lambda$child$0(Scope.java:201)
	at liquibase.Scope.child(Scope.java:210)
	at liquibase.Scope.child(Scope.java:200)
	at liquibase.Scope.child(Scope.java:179)
	at liquibase.integration.spring.SpringLiquibase.afterPropertiesSet(SpringLiquibase.java:271)
	... 43 more
Caused by: liquibase.exception.LiquibaseException: liquibase.exception.MigrationFailedException: Migration failed for changeset db/changelog/changes/002-data-endpoint-redesign.yaml::002-migrate-target-resource-data::antigravity:
     Reason: liquibase.exception.DatabaseException: Function "JSONB_BUILD_OBJECT" not found; SQL statement:
-- Case A: target_resource is a simple table name (no spaces)
UPDATE data_endpoints
SET query_config = jsonb_build_object(
    'mode', 'BUILDER',
    'rootTable', target_resource,
    'columns', '[]'::jsonb,
    'filters', '[]'::jsonb,
    'sort', '[]'::jsonb
)
WHERE target_resource NOT LIKE '% %' AND target_resource NOT ILIKE 'SELECT%' [90022-232] [Failed SQL: (90022) -- Case A: target_resource is a simple table name (no spaces)
UPDATE data_endpoints
SET query_config = jsonb_build_object(
    'mode', 'BUILDER',
    'rootTable', target_resource,
    'columns', '[]'::jsonb,
    'filters', '[]'::jsonb,
    'sort', '[]'::jsonb
)
WHERE target_resource NOT LIKE '% %' AND target_resource NOT ILIKE 'SELECT%']
	at liquibase.changelog.ChangeLogIterator.run(ChangeLogIterator.java:155)
	at liquibase.command.core.AbstractUpdateCommandStep.lambda$run$0(AbstractUpdateCommandStep.java:114)
	at liquibase.Scope.lambda$child$0(Scope.java:201)
	at liquibase.Scope.child(Scope.java:210)
	at liquibase.Scope.child(Scope.java:200)
	at liquibase.Scope.child(Scope.java:179)
	at liquibase.command.core.AbstractUpdateCommandStep.run(AbstractUpdateCommandStep.java:112)
	at liquibase.command.core.UpdateCommandStep.run(UpdateCommandStep.java:100)
	at liquibase.command.CommandScope.lambda$execute$6(CommandScope.java:253)
	... 61 more
Caused by: liquibase.exception.MigrationFailedException: Migration failed for changeset db/changelog/changes/002-data-endpoint-redesign.yaml::002-migrate-target-resource-data::antigravity:
     Reason: liquibase.exception.DatabaseException: Function "JSONB_BUILD_OBJECT" not found; SQL statement:
-- Case A: target_resource is a simple table name (no spaces)
UPDATE data_endpoints
SET query_config = jsonb_build_object(
    'mode', 'BUILDER',
    'rootTable', target_resource,
    'columns', '[]'::jsonb,
    'filters', '[]'::jsonb,
    'sort', '[]'::jsonb
)
WHERE target_resource NOT LIKE '% %' AND target_resource NOT ILIKE 'SELECT%' [90022-232] [Failed SQL: (90022) -- Case A: target_resource is a simple table name (no spaces)
UPDATE data_endpoints
SET query_config = jsonb_build_object(
    'mode', 'BUILDER',
    'rootTable', target_resource,
    'columns', '[]'::jsonb,
    'filters', '[]'::jsonb,
    'sort', '[]'::jsonb
)
WHERE target_resource NOT LIKE '% %' AND target_resource NOT ILIKE 'SELECT%']
	at liquibase.changelog.ChangeSet.execute(ChangeSet.java:840)
	at liquibase.changelog.visitor.UpdateVisitor.executeAcceptedChange(UpdateVisitor.java:126)
	at liquibase.changelog.visitor.UpdateVisitor.visit(UpdateVisitor.java:70)
	at liquibase.changelog.ChangeLogIterator.lambda$run$0(ChangeLogIterator.java:133)
	at liquibase.Scope.lambda$child$0(Scope.java:201)
	at liquibase.Scope.child(Scope.java:210)
	at liquibase.Scope.child(Scope.java:200)
	at liquibase.Scope.child(Scope.java:179)
	at liquibase.changelog.ChangeLogIterator.lambda$run$1(ChangeLogIterator.java:122)
	at liquibase.Scope.lambda$child$0(Scope.java:201)
	at liquibase.Scope.child(Scope.java:210)
	at liquibase.Scope.child(Scope.java:200)
	at liquibase.Scope.child(Scope.java:179)
	at liquibase.Scope.child(Scope.java:267)
	at liquibase.Scope.child(Scope.java:271)
	at liquibase.changelog.ChangeLogIterator.run(ChangeLogIterator.java:91)
	... 69 more
Caused by: liquibase.exception.DatabaseException: Function "JSONB_BUILD_OBJECT" not found; SQL statement:
-- Case A: target_resource is a simple table name (no spaces)
UPDATE data_endpoints
SET query_config = jsonb_build_object(
    'mode', 'BUILDER',
    'rootTable', target_resource,
    'columns', '[]'::jsonb,
    'filters', '[]'::jsonb,
    'sort', '[]'::jsonb
)
WHERE target_resource NOT LIKE '% %' AND target_resource NOT ILIKE 'SELECT%' [90022-232] [Failed SQL: (90022) -- Case A: target_resource is a simple table name (no spaces)
UPDATE data_endpoints
SET query_config = jsonb_build_object(
    'mode', 'BUILDER',
    'rootTable', target_resource,
    'columns', '[]'::jsonb,
    'filters', '[]'::jsonb,
    'sort', '[]'::jsonb
)
WHERE target_resource NOT LIKE '% %' AND target_resource NOT ILIKE 'SELECT%']
	at liquibase.executor.jvm.JdbcExecutor$ExecuteStatementCallback.doInStatement(JdbcExecutor.java:497)
	at liquibase.executor.jvm.JdbcExecutor.execute(JdbcExecutor.java:83)
	at liquibase.executor.jvm.JdbcExecutor.execute(JdbcExecutor.java:185)
	at liquibase.executor.AbstractExecutor.execute(AbstractExecutor.java:141)
	at liquibase.database.AbstractJdbcDatabase.executeStatements(AbstractJdbcDatabase.java:1189)
	at liquibase.changelog.ChangeSet.execute(ChangeSet.java:790)
	... 84 more
Caused by: org.h2.jdbc.JdbcSQLSyntaxErrorException: Function "JSONB_BUILD_OBJECT" not found; SQL statement:
-- Case A: target_resource is a simple table name (no spaces)
UPDATE data_endpoints
SET query_config = jsonb_build_object(
    'mode', 'BUILDER',
    'rootTable', target_resource,
    'columns', '[]'::jsonb,
    'filters', '[]'::jsonb,
    'sort', '[]'::jsonb
)
WHERE target_resource NOT LIKE '% %' AND target_resource NOT ILIKE 'SELECT%' [90022-232]
	at org.h2.message.DbException.getJdbcSQLException(DbException.java:644)
	at org.h2.message.DbException.getJdbcSQLException(DbException.java:489)
	at org.h2.message.DbException.get(DbException.java:223)
	at org.h2.message.DbException.get(DbException.java:199)
	at org.h2.command.Parser.readFunction(Parser.java:3772)
	at org.h2.command.Parser.readTermWithIdentifier(Parser.java:5142)
	at org.h2.command.Parser.readTerm(Parser.java:4828)
	at org.h2.command.Parser.readFactor(Parser.java:3323)
	at org.h2.command.Parser.readSum(Parser.java:3310)
	at org.h2.command.Parser.readConcat(Parser.java:3275)
	at org.h2.command.Parser.readCondition(Parser.java:3065)
	at org.h2.command.Parser.readExpression(Parser.java:2985)
	at org.h2.command.Parser.readExpressionOrDefault(Parser.java:2971)
	at org.h2.command.Parser.readUpdateSetClause(Parser.java:1054)
	at org.h2.command.Parser.parseUpdate(Parser.java:1003)
	at org.h2.command.Parser.parsePrepared(Parser.java:744)
	at org.h2.command.Parser.parse(Parser.java:581)
	at org.h2.command.Parser.parse(Parser.java:556)
	at org.h2.command.Parser.prepareCommand(Parser.java:484)
	at org.h2.engine.SessionLocal.prepareLocal(SessionLocal.java:645)
	at org.h2.engine.SessionLocal.prepareCommand(SessionLocal.java:561)
	at org.h2.jdbc.JdbcConnection.prepareCommand(JdbcConnection.java:1164)
	at org.h2.jdbc.JdbcStatement.executeInternal(JdbcStatement.java:245)
	at org.h2.jdbc.JdbcStatement.execute(JdbcStatement.java:231)
	at com.zaxxer.hikari.pool.ProxyStatement.execute(ProxyStatement.java:95)
	at com.zaxxer.hikari.pool.HikariProxyStatement.execute(HikariProxyStatement.java)
	at liquibase.executor.jvm.JdbcExecutor$ExecuteStatementCallback.doInStatement(JdbcExecutor.java:491)
	... 89 more

[ERROR] com.example.ldop.controller.ConnectorControllerTest.createConnector_ShouldSucceedAndDefaultToInit -- Time elapsed: 0.001 s <<< ERROR!
java.lang.IllegalStateException: ApplicationContext failure threshold (1) exceeded: skipping repeated attempt to load context for [WebMergedContextConfiguration@6ffbf0ac testClass = com.example.ldop.controller.ConnectorControllerTest, locations = [], classes = [com.example.ldop.LdopApplication], contextInitializerClasses = [], activeProfiles = ["test"], propertySourceDescriptors = [], propertySourceProperties = ["org.springframework.boot.test.context.SpringBootTestContextBootstrapper=true"], contextCustomizers = [[ImportsContextCustomizer@ad5cffa key = [org.springframework.boot.test.autoconfigure.web.servlet.MockMvcWebDriverAutoConfiguration, org.springframework.boot.autoconfigure.security.oauth2.client.servlet.OAuth2ClientWebSecurityAutoConfiguration, org.springframework.boot.test.autoconfigure.web.servlet.MockMvcAutoConfiguration, org.springframework.boot.autoconfigure.security.saml2.Saml2RelyingPartyAutoConfiguration, org.springframework.boot.autoconfigure.security.servlet.SecurityAutoConfiguration, org.springframework.boot.autoconfigure.security.servlet.SecurityFilterAutoConfiguration, org.springframework.boot.autoconfigure.security.servlet.UserDetailsServiceAutoConfiguration, org.springframework.boot.autoconfigure.security.oauth2.resource.servlet.OAuth2ResourceServerAutoConfiguration, org.springframework.boot.test.autoconfigure.web.servlet.MockMvcSecurityConfiguration, org.springframework.boot.test.autoconfigure.web.servlet.MockMvcWebClientAutoConfiguration, org.springframework.boot.autoconfigure.security.oauth2.client.OAuth2ClientAutoConfiguration, org.springframework.boot.test.autoconfigure.web.reactive.WebTestClientAutoConfiguration]], org.springframework.boot.test.context.filter.ExcludeFilterContextCustomizer@1b8a29df, org.springframework.boot.test.json.DuplicateJsonObjectContextCustomizerFactory$DuplicateJsonObjectContextCustomizer@1ef6d34c, org.springframework.boot.test.mock.mockito.MockitoContextCustomizer@0, org.springframework.boot.test.web.client.TestRestTemplateContextCustomizer@4066c471, org.springframework.boot.test.web.reactor.netty.DisableReactorResourceFactoryGlobalResourcesContextCustomizerFactory$DisableReactorResourceFactoryGlobalResourcesContextCustomizerCustomizer@5e403b4a, org.springframework.boot.test.autoconfigure.OnFailureConditionReportContextCustomizerFactory$OnFailureConditionReportContextCustomizer@2931522b, org.springframework.boot.test.autoconfigure.actuate.observability.ObservabilityContextCustomizerFactory$DisableObservabilityContextCustomizer@1f, org.springframework.boot.test.autoconfigure.properties.PropertyMappingContextCustomizer@4b3fa0b3, org.springframework.boot.test.autoconfigure.web.servlet.WebDriverContextCustomizer@6bf08014, org.springframework.test.context.support.DynamicPropertiesContextCustomizer@0, org.springframework.boot.test.context.SpringBootTestAnnotation@82ba843e], resourceBasePath = "src/main/webapp", contextLoader = org.springframework.boot.test.context.SpringBootContextLoader, parent = null]
	at org.springframework.test.context.cache.DefaultCacheAwareContextLoaderDelegate.loadContext(DefaultCacheAwareContextLoaderDelegate.java:145)
	at org.springframework.test.context.support.DefaultTestContext.getApplicationContext(DefaultTestContext.java:130)
	at org.springframework.test.context.web.ServletTestExecutionListener.setUpRequestContextIfNecessary(ServletTestExecutionListener.java:200)
	at org.springframework.test.context.web.ServletTestExecutionListener.prepareTestInstance(ServletTestExecutionListener.java:139)
	at org.springframework.test.context.TestContextManager.prepareTestInstance(TestContextManager.java:260)
	at org.springframework.test.context.junit.jupiter.SpringExtension.postProcessTestInstance(SpringExtension.java:159)
	at java.base/java.util.stream.ForEachOps$ForEachOp$OfRef.accept(ForEachOps.java:184)
	at java.base/java.util.stream.ReferencePipeline$3$1.accept(ReferencePipeline.java:197)
	at java.base/java.util.stream.ReferencePipeline$2$1.accept(ReferencePipeline.java:179)
	at java.base/java.util.stream.ReferencePipeline$3$1.accept(ReferencePipeline.java:197)
	at java.base/java.util.ArrayList$ArrayListSpliterator.forEachRemaining(ArrayList.java:1708)
	at java.base/java.util.stream.AbstractPipeline.copyInto(AbstractPipeline.java:509)
	at java.base/java.util.stream.AbstractPipeline.wrapAndCopyInto(AbstractPipeline.java:499)
	at java.base/java.util.stream.ForEachOps$ForEachOp.evaluateSequential(ForEachOps.java:151)
	at java.base/java.util.stream.ForEachOps$ForEachOp$OfRef.evaluateSequential(ForEachOps.java:174)
	at java.base/java.util.stream.AbstractPipeline.evaluate(AbstractPipeline.java:234)
	at java.base/java.util.stream.ReferencePipeline.forEach(ReferencePipeline.java:596)
	at java.base/java.util.Optional.orElseGet(Optional.java:364)
	at java.base/java.util.ArrayList.forEach(ArrayList.java:1596)
	at java.base/java.util.ArrayList.forEach(ArrayList.java:1596)

[ERROR] com.example.ldop.controller.ConnectorControllerTest.createConnectorWithMetadata_ShouldPersistRegisteredTables -- Time elapsed: 0.002 s <<< ERROR!
java.lang.IllegalStateException: ApplicationContext failure threshold (1) exceeded: skipping repeated attempt to load context for [WebMergedContextConfiguration@6ffbf0ac testClass = com.example.ldop.controller.ConnectorControllerTest, locations = [], classes = [com.example.ldop.LdopApplication], contextInitializerClasses = [], activeProfiles = ["test"], propertySourceDescriptors = [], propertySourceProperties = ["org.springframework.boot.test.context.SpringBootTestContextBootstrapper=true"], contextCustomizers = [[ImportsContextCustomizer@ad5cffa key = [org.springframework.boot.test.autoconfigure.web.servlet.MockMvcWebDriverAutoConfiguration, org.springframework.boot.autoconfigure.security.oauth2.client.servlet.OAuth2ClientWebSecurityAutoConfiguration, org.springframework.boot.test.autoconfigure.web.servlet.MockMvcAutoConfiguration, org.springframework.boot.autoconfigure.security.saml2.Saml2RelyingPartyAutoConfiguration, org.springframework.boot.autoconfigure.security.servlet.SecurityAutoConfiguration, org.springframework.boot.autoconfigure.security.servlet.SecurityFilterAutoConfiguration, org.springframework.boot.autoconfigure.security.servlet.UserDetailsServiceAutoConfiguration, org.springframework.boot.autoconfigure.security.oauth2.resource.servlet.OAuth2ResourceServerAutoConfiguration, org.springframework.boot.test.autoconfigure.web.servlet.MockMvcSecurityConfiguration, org.springframework.boot.test.autoconfigure.web.servlet.MockMvcWebClientAutoConfiguration, org.springframework.boot.autoconfigure.security.oauth2.client.OAuth2ClientAutoConfiguration, org.springframework.boot.test.autoconfigure.web.reactive.WebTestClientAutoConfiguration]], org.springframework.boot.test.context.filter.ExcludeFilterContextCustomizer@1b8a29df, org.springframework.boot.test.json.DuplicateJsonObjectContextCustomizerFactory$DuplicateJsonObjectContextCustomizer@1ef6d34c, org.springframework.boot.test.mock.mockito.MockitoContextCustomizer@0, org.springframework.boot.test.web.client.TestRestTemplateContextCustomizer@4066c471, org.springframework.boot.test.web.reactor.netty.DisableReactorResourceFactoryGlobalResourcesContextCustomizerFactory$DisableReactorResourceFactoryGlobalResourcesContextCustomizerCustomizer@5e403b4a, org.springframework.boot.test.autoconfigure.OnFailureConditionReportContextCustomizerFactory$OnFailureConditionReportContextCustomizer@2931522b, org.springframework.boot.test.autoconfigure.actuate.observability.ObservabilityContextCustomizerFactory$DisableObservabilityContextCustomizer@1f, org.springframework.boot.test.autoconfigure.properties.PropertyMappingContextCustomizer@4b3fa0b3, org.springframework.boot.test.autoconfigure.web.servlet.WebDriverContextCustomizer@6bf08014, org.springframework.test.context.support.DynamicPropertiesContextCustomizer@0, org.springframework.boot.test.context.SpringBootTestAnnotation@82ba843e], resourceBasePath = "src/main/webapp", contextLoader = org.springframework.boot.test.context.SpringBootContextLoader, parent = null]
	at org.springframework.test.context.cache.DefaultCacheAwareContextLoaderDelegate.loadContext(DefaultCacheAwareContextLoaderDelegate.java:145)
	at org.springframework.test.context.support.DefaultTestContext.getApplicationContext(DefaultTestContext.java:130)
	at org.springframework.test.context.web.ServletTestExecutionListener.setUpRequestContextIfNecessary(ServletTestExecutionListener.java:200)
	at org.springframework.test.context.web.ServletTestExecutionListener.prepareTestInstance(ServletTestExecutionListener.java:139)
	at org.springframework.test.context.TestContextManager.prepareTestInstance(TestContextManager.java:260)
	at org.springframework.test.context.junit.jupiter.SpringExtension.postProcessTestInstance(SpringExtension.java:159)
	at java.base/java.util.stream.ForEachOps$ForEachOp$OfRef.accept(ForEachOps.java:184)
	at java.base/java.util.stream.ReferencePipeline$3$1.accept(ReferencePipeline.java:197)
	at java.base/java.util.stream.ReferencePipeline$2$1.accept(ReferencePipeline.java:179)
	at java.base/java.util.stream.ReferencePipeline$3$1.accept(ReferencePipeline.java:197)
	at java.base/java.util.ArrayList$ArrayListSpliterator.forEachRemaining(ArrayList.java:1708)
	at java.base/java.util.stream.AbstractPipeline.copyInto(AbstractPipeline.java:509)
	at java.base/java.util.stream.AbstractPipeline.wrapAndCopyInto(AbstractPipeline.java:499)
	at java.base/java.util.stream.ForEachOps$ForEachOp.evaluateSequential(ForEachOps.java:151)
	at java.base/java.util.stream.ForEachOps$ForEachOp$OfRef.evaluateSequential(ForEachOps.java:174)
	at java.base/java.util.stream.AbstractPipeline.evaluate(AbstractPipeline.java:234)
	at java.base/java.util.stream.ReferencePipeline.forEach(ReferencePipeline.java:596)
	at java.base/java.util.Optional.orElseGet(Optional.java:364)
	at java.base/java.util.ArrayList.forEach(ArrayList.java:1596)
	at java.base/java.util.ArrayList.forEach(ArrayList.java:1596)

[ERROR] com.example.ldop.controller.ConnectorControllerTest.missingTenantHeader_ShouldReturn400 -- Time elapsed: 0 s <<< ERROR!
java.lang.IllegalStateException: ApplicationContext failure threshold (1) exceeded: skipping repeated attempt to load context for [WebMergedContextConfiguration@6ffbf0ac testClass = com.example.ldop.controller.ConnectorControllerTest, locations = [], classes = [com.example.ldop.LdopApplication], contextInitializerClasses = [], activeProfiles = ["test"], propertySourceDescriptors = [], propertySourceProperties = ["org.springframework.boot.test.context.SpringBootTestContextBootstrapper=true"], contextCustomizers = [[ImportsContextCustomizer@ad5cffa key = [org.springframework.boot.test.autoconfigure.web.servlet.MockMvcWebDriverAutoConfiguration, org.springframework.boot.autoconfigure.security.oauth2.client.servlet.OAuth2ClientWebSecurityAutoConfiguration, org.springframework.boot.test.autoconfigure.web.servlet.MockMvcAutoConfiguration, org.springframework.boot.autoconfigure.security.saml2.Saml2RelyingPartyAutoConfiguration, org.springframework.boot.autoconfigure.security.servlet.SecurityAutoConfiguration, org.springframework.boot.autoconfigure.security.servlet.SecurityFilterAutoConfiguration, org.springframework.boot.autoconfigure.security.servlet.UserDetailsServiceAutoConfiguration, org.springframework.boot.autoconfigure.security.oauth2.resource.servlet.OAuth2ResourceServerAutoConfiguration, org.springframework.boot.test.autoconfigure.web.servlet.MockMvcSecurityConfiguration, org.springframework.boot.test.autoconfigure.web.servlet.MockMvcWebClientAutoConfiguration, org.springframework.boot.autoconfigure.security.oauth2.client.OAuth2ClientAutoConfiguration, org.springframework.boot.test.autoconfigure.web.reactive.WebTestClientAutoConfiguration]], org.springframework.boot.test.context.filter.ExcludeFilterContextCustomizer@1b8a29df, org.springframework.boot.test.json.DuplicateJsonObjectContextCustomizerFactory$DuplicateJsonObjectContextCustomizer@1ef6d34c, org.springframework.boot.test.mock.mockito.MockitoContextCustomizer@0, org.springframework.boot.test.web.client.TestRestTemplateContextCustomizer@4066c471, org.springframework.boot.test.web.reactor.netty.DisableReactorResourceFactoryGlobalResourcesContextCustomizerFactory$DisableReactorResourceFactoryGlobalResourcesContextCustomizerCustomizer@5e403b4a, org.springframework.boot.test.autoconfigure.OnFailureConditionReportContextCustomizerFactory$OnFailureConditionReportContextCustomizer@2931522b, org.springframework.boot.test.autoconfigure.actuate.observability.ObservabilityContextCustomizerFactory$DisableObservabilityContextCustomizer@1f, org.springframework.boot.test.autoconfigure.properties.PropertyMappingContextCustomizer@4b3fa0b3, org.springframework.boot.test.autoconfigure.web.servlet.WebDriverContextCustomizer@6bf08014, org.springframework.test.context.support.DynamicPropertiesContextCustomizer@0, org.springframework.boot.test.context.SpringBootTestAnnotation@82ba843e], resourceBasePath = "src/main/webapp", contextLoader = org.springframework.boot.test.context.SpringBootContextLoader, parent = null]
	at org.springframework.test.context.cache.DefaultCacheAwareContextLoaderDelegate.loadContext(DefaultCacheAwareContextLoaderDelegate.java:145)
	at org.springframework.test.context.support.DefaultTestContext.getApplicationContext(DefaultTestContext.java:130)
	at org.springframework.test.context.web.ServletTestExecutionListener.setUpRequestContextIfNecessary(ServletTestExecutionListener.java:200)
	at org.springframework.test.context.web.ServletTestExecutionListener.prepareTestInstance(ServletTestExecutionListener.java:139)
	at org.springframework.test.context.TestContextManager.prepareTestInstance(TestContextManager.java:260)
	at org.springframework.test.context.junit.jupiter.SpringExtension.postProcessTestInstance(SpringExtension.java:159)
	at java.base/java.util.stream.ForEachOps$ForEachOp$OfRef.accept(ForEachOps.java:184)
	at java.base/java.util.stream.ReferencePipeline$3$1.accept(ReferencePipeline.java:197)
	at java.base/java.util.stream.ReferencePipeline$2$1.accept(ReferencePipeline.java:179)
	at java.base/java.util.stream.ReferencePipeline$3$1.accept(ReferencePipeline.java:197)
	at java.base/java.util.ArrayList$ArrayListSpliterator.forEachRemaining(ArrayList.java:1708)
	at java.base/java.util.stream.AbstractPipeline.copyInto(AbstractPipeline.java:509)
	at java.base/java.util.stream.AbstractPipeline.wrapAndCopyInto(AbstractPipeline.java:499)
	at java.base/java.util.stream.ForEachOps$ForEachOp.evaluateSequential(ForEachOps.java:151)
	at java.base/java.util.stream.ForEachOps$ForEachOp$OfRef.evaluateSequential(ForEachOps.java:174)
	at java.base/java.util.stream.AbstractPipeline.evaluate(AbstractPipeline.java:234)
	at java.base/java.util.stream.ReferencePipeline.forEach(ReferencePipeline.java:596)
	at java.base/java.util.Optional.orElseGet(Optional.java:364)
	at java.base/java.util.ArrayList.forEach(ArrayList.java:1596)
	at java.base/java.util.ArrayList.forEach(ArrayList.java:1596)

[ERROR] com.example.ldop.controller.ConnectorControllerTest.updateConnector_ShouldUpdateRegisteredTables -- Time elapsed: 0.003 s <<< ERROR!
java.lang.IllegalStateException: ApplicationContext failure threshold (1) exceeded: skipping repeated attempt to load context for [WebMergedContextConfiguration@6ffbf0ac testClass = com.example.ldop.controller.ConnectorControllerTest, locations = [], classes = [com.example.ldop.LdopApplication], contextInitializerClasses = [], activeProfiles = ["test"], propertySourceDescriptors = [], propertySourceProperties = ["org.springframework.boot.test.context.SpringBootTestContextBootstrapper=true"], contextCustomizers = [[ImportsContextCustomizer@ad5cffa key = [org.springframework.boot.test.autoconfigure.web.servlet.MockMvcWebDriverAutoConfiguration, org.springframework.boot.autoconfigure.security.oauth2.client.servlet.OAuth2ClientWebSecurityAutoConfiguration, org.springframework.boot.test.autoconfigure.web.servlet.MockMvcAutoConfiguration, org.springframework.boot.autoconfigure.security.saml2.Saml2RelyingPartyAutoConfiguration, org.springframework.boot.autoconfigure.security.servlet.SecurityAutoConfiguration, org.springframework.boot.autoconfigure.security.servlet.SecurityFilterAutoConfiguration, org.springframework.boot.autoconfigure.security.servlet.UserDetailsServiceAutoConfiguration, org.springframework.boot.autoconfigure.security.oauth2.resource.servlet.OAuth2ResourceServerAutoConfiguration, org.springframework.boot.test.autoconfigure.web.servlet.MockMvcSecurityConfiguration, org.springframework.boot.test.autoconfigure.web.servlet.MockMvcWebClientAutoConfiguration, org.springframework.boot.autoconfigure.security.oauth2.client.OAuth2ClientAutoConfiguration, org.springframework.boot.test.autoconfigure.web.reactive.WebTestClientAutoConfiguration]], org.springframework.boot.test.context.filter.ExcludeFilterContextCustomizer@1b8a29df, org.springframework.boot.test.json.DuplicateJsonObjectContextCustomizerFactory$DuplicateJsonObjectContextCustomizer@1ef6d34c, org.springframework.boot.test.mock.mockito.MockitoContextCustomizer@0, org.springframework.boot.test.web.client.TestRestTemplateContextCustomizer@4066c471, org.springframework.boot.test.web.reactor.netty.DisableReactorResourceFactoryGlobalResourcesContextCustomizerFactory$DisableReactorResourceFactoryGlobalResourcesContextCustomizerCustomizer@5e403b4a, org.springframework.boot.test.autoconfigure.OnFailureConditionReportContextCustomizerFactory$OnFailureConditionReportContextCustomizer@2931522b, org.springframework.boot.test.autoconfigure.actuate.observability.ObservabilityContextCustomizerFactory$DisableObservabilityContextCustomizer@1f, org.springframework.boot.test.autoconfigure.properties.PropertyMappingContextCustomizer@4b3fa0b3, org.springframework.boot.test.autoconfigure.web.servlet.WebDriverContextCustomizer@6bf08014, org.springframework.test.context.support.DynamicPropertiesContextCustomizer@0, org.springframework.boot.test.context.SpringBootTestAnnotation@82ba843e], resourceBasePath = "src/main/webapp", contextLoader = org.springframework.boot.test.context.SpringBootContextLoader, parent = null]
	at org.springframework.test.context.cache.DefaultCacheAwareContextLoaderDelegate.loadContext(DefaultCacheAwareContextLoaderDelegate.java:145)
	at org.springframework.test.context.support.DefaultTestContext.getApplicationContext(DefaultTestContext.java:130)
	at org.springframework.test.context.web.ServletTestExecutionListener.setUpRequestContextIfNecessary(ServletTestExecutionListener.java:200)
	at org.springframework.test.context.web.ServletTestExecutionListener.prepareTestInstance(ServletTestExecutionListener.java:139)
	at org.springframework.test.context.TestContextManager.prepareTestInstance(TestContextManager.java:260)
	at org.springframework.test.context.junit.jupiter.SpringExtension.postProcessTestInstance(SpringExtension.java:159)
	at java.base/java.util.stream.ForEachOps$ForEachOp$OfRef.accept(ForEachOps.java:184)
	at java.base/java.util.stream.ReferencePipeline$3$1.accept(ReferencePipeline.java:197)
	at java.base/java.util.stream.ReferencePipeline$2$1.accept(ReferencePipeline.java:179)
	at java.base/java.util.stream.ReferencePipeline$3$1.accept(ReferencePipeline.java:197)
	at java.base/java.util.ArrayList$ArrayListSpliterator.forEachRemaining(ArrayList.java:1708)
	at java.base/java.util.stream.AbstractPipeline.copyInto(AbstractPipeline.java:509)
	at java.base/java.util.stream.AbstractPipeline.wrapAndCopyInto(AbstractPipeline.java:499)
	at java.base/java.util.stream.ForEachOps$ForEachOp.evaluateSequential(ForEachOps.java:151)
	at java.base/java.util.stream.ForEachOps$ForEachOp$OfRef.evaluateSequential(ForEachOps.java:174)
	at java.base/java.util.stream.AbstractPipeline.evaluate(AbstractPipeline.java:234)
	at java.base/java.util.stream.ReferencePipeline.forEach(ReferencePipeline.java:596)
	at java.base/java.util.Optional.orElseGet(Optional.java:364)
	at java.base/java.util.ArrayList.forEach(ArrayList.java:1596)
	at java.base/java.util.ArrayList.forEach(ArrayList.java:1596)

[ERROR] com.example.ldop.controller.ConnectorControllerTest.approveConnector_ShouldUpdateStatus -- Time elapsed: 0 s <<< ERROR!
java.lang.IllegalStateException: ApplicationContext failure threshold (1) exceeded: skipping repeated attempt to load context for [WebMergedContextConfiguration@6ffbf0ac testClass = com.example.ldop.controller.ConnectorControllerTest, locations = [], classes = [com.example.ldop.LdopApplication], contextInitializerClasses = [], activeProfiles = ["test"], propertySourceDescriptors = [], propertySourceProperties = ["org.springframework.boot.test.context.SpringBootTestContextBootstrapper=true"], contextCustomizers = [[ImportsContextCustomizer@ad5cffa key = [org.springframework.boot.test.autoconfigure.web.servlet.MockMvcWebDriverAutoConfiguration, org.springframework.boot.autoconfigure.security.oauth2.client.servlet.OAuth2ClientWebSecurityAutoConfiguration, org.springframework.boot.test.autoconfigure.web.servlet.MockMvcAutoConfiguration, org.springframework.boot.autoconfigure.security.saml2.Saml2RelyingPartyAutoConfiguration, org.springframework.boot.autoconfigure.security.servlet.SecurityAutoConfiguration, org.springframework.boot.autoconfigure.security.servlet.SecurityFilterAutoConfiguration, org.springframework.boot.autoconfigure.security.servlet.UserDetailsServiceAutoConfiguration, org.springframework.boot.autoconfigure.security.oauth2.resource.servlet.OAuth2ResourceServerAutoConfiguration, org.springframework.boot.test.autoconfigure.web.servlet.MockMvcSecurityConfiguration, org.springframework.boot.test.autoconfigure.web.servlet.MockMvcWebClientAutoConfiguration, org.springframework.boot.autoconfigure.security.oauth2.client.OAuth2ClientAutoConfiguration, org.springframework.boot.test.autoconfigure.web.reactive.WebTestClientAutoConfiguration]], org.springframework.boot.test.context.filter.ExcludeFilterContextCustomizer@1b8a29df, org.springframework.boot.test.json.DuplicateJsonObjectContextCustomizerFactory$DuplicateJsonObjectContextCustomizer@1ef6d34c, org.springframework.boot.test.mock.mockito.MockitoContextCustomizer@0, org.springframework.boot.test.web.client.TestRestTemplateContextCustomizer@4066c471, org.springframework.boot.test.web.reactor.netty.DisableReactorResourceFactoryGlobalResourcesContextCustomizerFactory$DisableReactorResourceFactoryGlobalResourcesContextCustomizerCustomizer@5e403b4a, org.springframework.boot.test.autoconfigure.OnFailureConditionReportContextCustomizerFactory$OnFailureConditionReportContextCustomizer@2931522b, org.springframework.boot.test.autoconfigure.actuate.observability.ObservabilityContextCustomizerFactory$DisableObservabilityContextCustomizer@1f, org.springframework.boot.test.autoconfigure.properties.PropertyMappingContextCustomizer@4b3fa0b3, org.springframework.boot.test.autoconfigure.web.servlet.WebDriverContextCustomizer@6bf08014, org.springframework.test.context.support.DynamicPropertiesContextCustomizer@0, org.springframework.boot.test.context.SpringBootTestAnnotation@82ba843e], resourceBasePath = "src/main/webapp", contextLoader = org.springframework.boot.test.context.SpringBootContextLoader, parent = null]
	at org.springframework.test.context.cache.DefaultCacheAwareContextLoaderDelegate.loadContext(DefaultCacheAwareContextLoaderDelegate.java:145)
	at org.springframework.test.context.support.DefaultTestContext.getApplicationContext(DefaultTestContext.java:130)
	at org.springframework.test.context.web.ServletTestExecutionListener.setUpRequestContextIfNecessary(ServletTestExecutionListener.java:200)
	at org.springframework.test.context.web.ServletTestExecutionListener.prepareTestInstance(ServletTestExecutionListener.java:139)
	at org.springframework.test.context.TestContextManager.prepareTestInstance(TestContextManager.java:260)
	at org.springframework.test.context.junit.jupiter.SpringExtension.postProcessTestInstance(SpringExtension.java:159)
	at java.base/java.util.stream.ForEachOps$ForEachOp$OfRef.accept(ForEachOps.java:184)
	at java.base/java.util.stream.ReferencePipeline$3$1.accept(ReferencePipeline.java:197)
	at java.base/java.util.stream.ReferencePipeline$2$1.accept(ReferencePipeline.java:179)
	at java.base/java.util.stream.ReferencePipeline$3$1.accept(ReferencePipeline.java:197)
	at java.base/java.util.ArrayList$ArrayListSpliterator.forEachRemaining(ArrayList.java:1708)
	at java.base/java.util.stream.AbstractPipeline.copyInto(AbstractPipeline.java:509)
	at java.base/java.util.stream.AbstractPipeline.wrapAndCopyInto(AbstractPipeline.java:499)
	at java.base/java.util.stream.ForEachOps$ForEachOp.evaluateSequential(ForEachOps.java:151)
	at java.base/java.util.stream.ForEachOps$ForEachOp$OfRef.evaluateSequential(ForEachOps.java:174)
	at java.base/java.util.stream.AbstractPipeline.evaluate(AbstractPipeline.java:234)
	at java.base/java.util.stream.ReferencePipeline.forEach(ReferencePipeline.java:596)
	at java.base/java.util.Optional.orElseGet(Optional.java:364)
	at java.base/java.util.ArrayList.forEach(ArrayList.java:1596)
	at java.base/java.util.ArrayList.forEach(ArrayList.java:1596)

[INFO] Running com.example.ldop.dto.MetadataSerializationTest
[INFO] Tests run: 1, Failures: 0, Errors: 0, Skipped: 0, Time elapsed: 0.431 s -- in com.example.ldop.dto.MetadataSerializationTest
[INFO] Running com.example.ldop.service.ConnectorServiceIntegrationTest
2025-11-28T00:24:39.824+07:00  INFO 19572 --- [ldop] [           main] t.c.s.AnnotationConfigContextLoaderUtils : Could not detect default configuration classes for test class [com.example.ldop.service.ConnectorServiceIntegrationTest]: ConnectorServiceIntegrationTest does not declare any static, non-private, non-final, nested classes annotated with @Configuration.
2025-11-28T00:24:39.861+07:00  INFO 19572 --- [ldop] [           main] .b.t.c.SpringBootTestContextBootstrapper : Found @SpringBootConfiguration com.example.ldop.LdopApplication for test class com.example.ldop.service.ConnectorServiceIntegrationTest

  .   ____          _            __ _ _
 /\\ / ___'_ __ _ _(_)_ __  __ _ \ \ \ \
( ( )\___ | '_ | '_| | '_ \/ _` | \ \ \ \
 \\/  ___)| |_)| | | | | || (_| |  ) ) ) )
  '  |____| .__|_| |_|_| |_\__, | / / / /
 =========|_|==============|___/=/_/_/_/

 :: Spring Boot ::                (v3.5.7)

2025-11-28T00:24:39.924+07:00  INFO 19572 --- [ldop] [           main] c.e.l.s.ConnectorServiceIntegrationTest  : Starting ConnectorServiceIntegrationTest using Java 21.0.7 with PID 19572 (started by TungNS in D:\projects\ldop-demo\backend)
2025-11-28T00:24:39.925+07:00  INFO 19572 --- [ldop] [           main] c.e.l.s.ConnectorServiceIntegrationTest  : The following 1 profile is active: "default"
2025-11-28T00:24:40.618+07:00  INFO 19572 --- [ldop] [           main] .s.d.r.c.RepositoryConfigurationDelegate : Bootstrapping Spring Data JPA repositories in DEFAULT mode.
2025-11-28T00:24:40.659+07:00  INFO 19572 --- [ldop] [           main] .s.d.r.c.RepositoryConfigurationDelegate : Finished Spring Data repository scanning in 40 ms. Found 2 JPA repository interfaces.
2025-11-28T00:24:40.917+07:00  INFO 19572 --- [ldop] [           main] com.zaxxer.hikari.HikariDataSource       : HikariPool-2 - Starting...
2025-11-28T00:24:41.387+07:00  INFO 19572 --- [ldop] [           main] com.zaxxer.hikari.pool.HikariPool        : HikariPool-2 - Added connection org.postgresql.jdbc.PgConnection@729a9c3d
2025-11-28T00:24:41.388+07:00  INFO 19572 --- [ldop] [           main] com.zaxxer.hikari.HikariDataSource       : HikariPool-2 - Start completed.
2025-11-28T00:24:41.434+07:00  INFO 19572 --- [ldop] [           main] liquibase.database                       : Set default schema name to public
2025-11-28T00:24:41.548+07:00  INFO 19572 --- [ldop] [           main] liquibase.changelog                      : Reading from public.databasechangelog
2025-11-28T00:24:41.625+07:00  INFO 19572 --- [ldop] [           main] liquibase.lockservice                    : Successfully acquired change log lock
2025-11-28T00:24:41.626+07:00  INFO 19572 --- [ldop] [           main] liquibase.command                        : Using deploymentId: 4264275003
2025-11-28T00:24:41.629+07:00  INFO 19572 --- [ldop] [           main] liquibase.changelog                      : Reading from public.databasechangelog
2025-11-28T00:24:41.653+07:00  INFO 19572 --- [ldop] [           main] liquibase.ui                             : Running Changeset: db/changelog/changes/001-initial-schema.yaml::001-create-connectors-table::antigravity
2025-11-28T00:24:41.671+07:00 ERROR 19572 --- [ldop] [           main] liquibase.changelog                      : ChangeSet db/changelog/changes/001-initial-schema.yaml::001-create-connectors-table::antigravity encountered an exception.

liquibase.exception.DatabaseException: ERROR: relation "connectors" already exists [Failed SQL: (0) CREATE TABLE public.connectors (id UUID DEFAULT gen_random_uuid() NOT NULL, name VARCHAR(255) NOT NULL, type VARCHAR(50) NOT NULL, config JSONB NOT NULL, registered_tables JSONB, is_active BOOLEAN DEFAULT TRUE, tenant_id VARCHAR(255) NOT NULL, status VARCHAR(20) DEFAULT 'INIT' NOT NULL, created_at TIMESTAMP WITHOUT TIME ZONE DEFAULT NOW(), CONSTRAINT connectors_pkey PRIMARY KEY (id))]
	at liquibase.executor.jvm.JdbcExecutor$ExecuteStatementCallback.doInStatement(JdbcExecutor.java:497) ~[liquibase-core-4.31.1.jar:na]
	at liquibase.executor.jvm.JdbcExecutor.execute(JdbcExecutor.java:83) ~[liquibase-core-4.31.1.jar:na]
	at liquibase.executor.jvm.JdbcExecutor.execute(JdbcExecutor.java:185) ~[liquibase-core-4.31.1.jar:na]
	at liquibase.executor.AbstractExecutor.execute(AbstractExecutor.java:141) ~[liquibase-core-4.31.1.jar:na]
	at liquibase.database.AbstractJdbcDatabase.executeStatements(AbstractJdbcDatabase.java:1189) ~[liquibase-core-4.31.1.jar:na]
	at liquibase.changelog.ChangeSet.execute(ChangeSet.java:790) ~[liquibase-core-4.31.1.jar:na]
	at liquibase.changelog.visitor.UpdateVisitor.executeAcceptedChange(UpdateVisitor.java:126) ~[liquibase-core-4.31.1.jar:na]
	at liquibase.changelog.visitor.UpdateVisitor.visit(UpdateVisitor.java:70) ~[liquibase-core-4.31.1.jar:na]
	at liquibase.changelog.ChangeLogIterator.lambda$run$0(ChangeLogIterator.java:133) ~[liquibase-core-4.31.1.jar:na]
	at liquibase.Scope.lambda$child$0(Scope.java:201) ~[liquibase-core-4.31.1.jar:na]
	at liquibase.Scope.child(Scope.java:210) ~[liquibase-core-4.31.1.jar:na]
	at liquibase.Scope.child(Scope.java:200) ~[liquibase-core-4.31.1.jar:na]
	at liquibase.Scope.child(Scope.java:179) ~[liquibase-core-4.31.1.jar:na]
	at liquibase.changelog.ChangeLogIterator.lambda$run$1(ChangeLogIterator.java:122) ~[liquibase-core-4.31.1.jar:na]
	at liquibase.Scope.lambda$child$0(Scope.java:201) ~[liquibase-core-4.31.1.jar:na]
	at liquibase.Scope.child(Scope.java:210) ~[liquibase-core-4.31.1.jar:na]
	at liquibase.Scope.child(Scope.java:200) ~[liquibase-core-4.31.1.jar:na]
	at liquibase.Scope.child(Scope.java:179) ~[liquibase-core-4.31.1.jar:na]
	at liquibase.Scope.child(Scope.java:267) ~[liquibase-core-4.31.1.jar:na]
	at liquibase.Scope.child(Scope.java:271) ~[liquibase-core-4.31.1.jar:na]
	at liquibase.changelog.ChangeLogIterator.run(ChangeLogIterator.java:91) ~[liquibase-core-4.31.1.jar:na]
	at liquibase.command.core.AbstractUpdateCommandStep.lambda$run$0(AbstractUpdateCommandStep.java:114) ~[liquibase-core-4.31.1.jar:na]
	at liquibase.Scope.lambda$child$0(Scope.java:201) ~[liquibase-core-4.31.1.jar:na]
	at liquibase.Scope.child(Scope.java:210) ~[liquibase-core-4.31.1.jar:na]
	at liquibase.Scope.child(Scope.java:200) ~[liquibase-core-4.31.1.jar:na]
	at liquibase.Scope.child(Scope.java:179) ~[liquibase-core-4.31.1.jar:na]
	at liquibase.command.core.AbstractUpdateCommandStep.run(AbstractUpdateCommandStep.java:112) ~[liquibase-core-4.31.1.jar:na]
	at liquibase.command.core.UpdateCommandStep.run(UpdateCommandStep.java:100) ~[liquibase-core-4.31.1.jar:na]
	at liquibase.command.CommandScope.lambda$execute$6(CommandScope.java:253) ~[liquibase-core-4.31.1.jar:na]
	at liquibase.Scope.child(Scope.java:210) ~[liquibase-core-4.31.1.jar:na]
	at liquibase.Scope.child(Scope.java:186) ~[liquibase-core-4.31.1.jar:na]
	at liquibase.command.CommandScope.execute(CommandScope.java:241) ~[liquibase-core-4.31.1.jar:na]
	at liquibase.Liquibase.lambda$update$0(Liquibase.java:216) ~[liquibase-core-4.31.1.jar:na]
	at liquibase.Scope.lambda$child$0(Scope.java:201) ~[liquibase-core-4.31.1.jar:na]
	at liquibase.Scope.child(Scope.java:210) ~[liquibase-core-4.31.1.jar:na]
	at liquibase.Scope.child(Scope.java:200) ~[liquibase-core-4.31.1.jar:na]
	at liquibase.Scope.child(Scope.java:179) ~[liquibase-core-4.31.1.jar:na]
	at liquibase.Liquibase.runInScope(Liquibase.java:1333) ~[liquibase-core-4.31.1.jar:na]
	at liquibase.Liquibase.update(Liquibase.java:205) ~[liquibase-core-4.31.1.jar:na]
	at liquibase.Liquibase.update(Liquibase.java:188) ~[liquibase-core-4.31.1.jar:na]
	at liquibase.integration.spring.SpringLiquibase.performUpdate(SpringLiquibase.java:326) ~[liquibase-core-4.31.1.jar:na]
	at liquibase.integration.spring.SpringLiquibase.lambda$afterPropertiesSet$0(SpringLiquibase.java:278) ~[liquibase-core-4.31.1.jar:na]
	at liquibase.Scope.lambda$child$0(Scope.java:201) ~[liquibase-core-4.31.1.jar:na]
	at liquibase.Scope.child(Scope.java:210) ~[liquibase-core-4.31.1.jar:na]
	at liquibase.Scope.child(Scope.java:200) ~[liquibase-core-4.31.1.jar:na]
	at liquibase.Scope.child(Scope.java:179) ~[liquibase-core-4.31.1.jar:na]
	at liquibase.integration.spring.SpringLiquibase.afterPropertiesSet(SpringLiquibase.java:271) ~[liquibase-core-4.31.1.jar:na]
	at org.springframework.beans.factory.support.AbstractAutowireCapableBeanFactory.invokeInitMethods(AbstractAutowireCapableBeanFactory.java:1873) ~[spring-beans-6.2.12.jar:6.2.12]
	at org.springframework.beans.factory.support.AbstractAutowireCapableBeanFactory.initializeBean(AbstractAutowireCapableBeanFactory.java:1822) ~[spring-beans-6.2.12.jar:6.2.12]
	at org.springframework.beans.factory.support.AbstractAutowireCapableBeanFactory.doCreateBean(AbstractAutowireCapableBeanFactory.java:607) ~[spring-beans-6.2.12.jar:6.2.12]
	at org.springframework.beans.factory.support.AbstractAutowireCapableBeanFactory.createBean(AbstractAutowireCapableBeanFactory.java:529) ~[spring-beans-6.2.12.jar:6.2.12]
	at org.springframework.beans.factory.support.AbstractBeanFactory.lambda$doGetBean$0(AbstractBeanFactory.java:339) ~[spring-beans-6.2.12.jar:6.2.12]
	at org.springframework.beans.factory.support.DefaultSingletonBeanRegistry.getSingleton(DefaultSingletonBeanRegistry.java:373) ~[spring-beans-6.2.12.jar:6.2.12]
	at org.springframework.beans.factory.support.AbstractBeanFactory.doGetBean(AbstractBeanFactory.java:337) ~[spring-beans-6.2.12.jar:6.2.12]
	at org.springframework.beans.factory.support.AbstractBeanFactory.getBean(AbstractBeanFactory.java:202) ~[spring-beans-6.2.12.jar:6.2.12]
	at org.springframework.beans.factory.support.AbstractBeanFactory.doGetBean(AbstractBeanFactory.java:315) ~[spring-beans-6.2.12.jar:6.2.12]
	at org.springframework.beans.factory.support.AbstractBeanFactory.getBean(AbstractBeanFactory.java:207) ~[spring-beans-6.2.12.jar:6.2.12]
	at org.springframework.context.support.AbstractApplicationContext.finishBeanFactoryInitialization(AbstractApplicationContext.java:973) ~[spring-context-6.2.12.jar:6.2.12]
	at org.springframework.context.support.AbstractApplicationContext.refresh(AbstractApplicationContext.java:627) ~[spring-context-6.2.12.jar:6.2.12]
	at org.springframework.boot.SpringApplication.refresh(SpringApplication.java:752) ~[spring-boot-3.5.7.jar:3.5.7]
	at org.springframework.boot.SpringApplication.refreshContext(SpringApplication.java:439) ~[spring-boot-3.5.7.jar:3.5.7]
	at org.springframework.boot.SpringApplication.run(SpringApplication.java:318) ~[spring-boot-3.5.7.jar:3.5.7]
	at org.springframework.boot.test.context.SpringBootContextLoader.lambda$loadContext$3(SpringBootContextLoader.java:144) ~[spring-boot-test-3.5.7.jar:3.5.7]
	at org.springframework.util.function.ThrowingSupplier.get(ThrowingSupplier.java:58) ~[spring-core-6.2.12.jar:6.2.12]
	at org.springframework.util.function.ThrowingSupplier.get(ThrowingSupplier.java:46) ~[spring-core-6.2.12.jar:6.2.12]
	at org.springframework.boot.SpringApplication.withHook(SpringApplication.java:1461) ~[spring-boot-3.5.7.jar:3.5.7]
	at org.springframework.boot.test.context.SpringBootContextLoader$ContextLoaderHook.run(SpringBootContextLoader.java:563) ~[spring-boot-test-3.5.7.jar:3.5.7]
	at org.springframework.boot.test.context.SpringBootContextLoader.loadContext(SpringBootContextLoader.java:144) ~[spring-boot-test-3.5.7.jar:3.5.7]
	at org.springframework.boot.test.context.SpringBootContextLoader.loadContext(SpringBootContextLoader.java:110) ~[spring-boot-test-3.5.7.jar:3.5.7]
	at org.springframework.test.context.cache.DefaultCacheAwareContextLoaderDelegate.loadContextInternal(DefaultCacheAwareContextLoaderDelegate.java:225) ~[spring-test-6.2.12.jar:6.2.12]
	at org.springframework.test.context.cache.DefaultCacheAwareContextLoaderDelegate.loadContext(DefaultCacheAwareContextLoaderDelegate.java:152) ~[spring-test-6.2.12.jar:6.2.12]
	at org.springframework.test.context.support.DefaultTestContext.getApplicationContext(DefaultTestContext.java:130) ~[spring-test-6.2.12.jar:6.2.12]
	at org.springframework.test.context.web.ServletTestExecutionListener.setUpRequestContextIfNecessary(ServletTestExecutionListener.java:200) ~[spring-test-6.2.12.jar:6.2.12]
	at org.springframework.test.context.web.ServletTestExecutionListener.prepareTestInstance(ServletTestExecutionListener.java:139) ~[spring-test-6.2.12.jar:6.2.12]
	at org.springframework.test.context.TestContextManager.prepareTestInstance(TestContextManager.java:260) ~[spring-test-6.2.12.jar:6.2.12]
	at org.springframework.test.context.junit.jupiter.SpringExtension.postProcessTestInstance(SpringExtension.java:159) ~[spring-test-6.2.12.jar:6.2.12]
	at org.junit.jupiter.engine.descriptor.ClassBasedTestDescriptor.lambda$invokeTestInstancePostProcessors$10(ClassBasedTestDescriptor.java:383) ~[junit-jupiter-engine-5.12.2.jar:5.12.2]
	at org.junit.jupiter.engine.descriptor.ClassBasedTestDescriptor.executeAndMaskThrowable(ClassBasedTestDescriptor.java:388) ~[junit-jupiter-engine-5.12.2.jar:5.12.2]
	at org.junit.jupiter.engine.descriptor.ClassBasedTestDescriptor.lambda$invokeTestInstancePostProcessors$11(ClassBasedTestDescriptor.java:382) ~[junit-jupiter-engine-5.12.2.jar:5.12.2]
	at java.base/java.util.stream.ForEachOps$ForEachOp$OfRef.accept(ForEachOps.java:184) ~[na:na]
	at java.base/java.util.stream.ReferencePipeline$3$1.accept(ReferencePipeline.java:197) ~[na:na]
	at java.base/java.util.stream.ReferencePipeline$2$1.accept(ReferencePipeline.java:179) ~[na:na]
	at java.base/java.util.stream.ReferencePipeline$3$1.accept(ReferencePipeline.java:197) ~[na:na]
	at java.base/java.util.ArrayList$ArrayListSpliterator.forEachRemaining(ArrayList.java:1708) ~[na:na]
	at java.base/java.util.stream.AbstractPipeline.copyInto(AbstractPipeline.java:509) ~[na:na]
	at java.base/java.util.stream.AbstractPipeline.wrapAndCopyInto(AbstractPipeline.java:499) ~[na:na]
	at java.base/java.util.stream.ForEachOps$ForEachOp.evaluateSequential(ForEachOps.java:151) ~[na:na]
	at java.base/java.util.stream.ForEachOps$ForEachOp$OfRef.evaluateSequential(ForEachOps.java:174) ~[na:na]
	at java.base/java.util.stream.AbstractPipeline.evaluate(AbstractPipeline.java:234) ~[na:na]
	at java.base/java.util.stream.ReferencePipeline.forEach(ReferencePipeline.java:596) ~[na:na]
	at org.junit.jupiter.engine.descriptor.ClassBasedTestDescriptor.invokeTestInstancePostProcessors(ClassBasedTestDescriptor.java:382) ~[junit-jupiter-engine-5.12.2.jar:5.12.2]
	at org.junit.jupiter.engine.descriptor.ClassBasedTestDescriptor.lambda$instantiateAndPostProcessTestInstance$6(ClassBasedTestDescriptor.java:293) ~[junit-jupiter-engine-5.12.2.jar:5.12.2]
	at org.junit.platform.engine.support.hierarchical.ThrowableCollector.execute(ThrowableCollector.java:73) ~[junit-platform-engine-1.12.2.jar:1.12.2]
	at org.junit.jupiter.engine.descriptor.ClassBasedTestDescriptor.instantiateAndPostProcessTestInstance(ClassBasedTestDescriptor.java:292) ~[junit-jupiter-engine-5.12.2.jar:5.12.2]
	at org.junit.jupiter.engine.descriptor.ClassBasedTestDescriptor.lambda$testInstancesProvider$4(ClassBasedTestDescriptor.java:281) ~[junit-jupiter-engine-5.12.2.jar:5.12.2]
	at java.base/java.util.Optional.orElseGet(Optional.java:364) ~[na:na]
	at org.junit.jupiter.engine.descriptor.ClassBasedTestDescriptor.lambda$testInstancesProvider$5(ClassBasedTestDescriptor.java:280) ~[junit-jupiter-engine-5.12.2.jar:5.12.2]
	at org.junit.jupiter.engine.execution.TestInstancesProvider.getTestInstances(TestInstancesProvider.java:27) ~[junit-jupiter-engine-5.12.2.jar:5.12.2]
	at org.junit.jupiter.engine.descriptor.TestMethodTestDescriptor.lambda$prepare$0(TestMethodTestDescriptor.java:112) ~[junit-jupiter-engine-5.12.2.jar:5.12.2]
	at org.junit.platform.engine.support.hierarchical.ThrowableCollector.execute(ThrowableCollector.java:73) ~[junit-platform-engine-1.12.2.jar:1.12.2]
	at org.junit.jupiter.engine.descriptor.TestMethodTestDescriptor.prepare(TestMethodTestDescriptor.java:111) ~[junit-jupiter-engine-5.12.2.jar:5.12.2]
	at org.junit.jupiter.engine.descriptor.TestMethodTestDescriptor.prepare(TestMethodTestDescriptor.java:69) ~[junit-jupiter-engine-5.12.2.jar:5.12.2]
	at org.junit.platform.engine.support.hierarchical.NodeTestTask.lambda$prepare$2(NodeTestTask.java:128) ~[junit-platform-engine-1.12.2.jar:1.12.2]
	at org.junit.platform.engine.support.hierarchical.ThrowableCollector.execute(ThrowableCollector.java:73) ~[junit-platform-engine-1.12.2.jar:1.12.2]
	at org.junit.platform.engine.support.hierarchical.NodeTestTask.prepare(NodeTestTask.java:128) ~[junit-platform-engine-1.12.2.jar:1.12.2]
	at org.junit.platform.engine.support.hierarchical.NodeTestTask.execute(NodeTestTask.java:95) ~[junit-platform-engine-1.12.2.jar:1.12.2]
	at java.base/java.util.ArrayList.forEach(ArrayList.java:1596) ~[na:na]
	at org.junit.platform.engine.support.hierarchical.SameThreadHierarchicalTestExecutorService.invokeAll(SameThreadHierarchicalTestExecutorService.java:41) ~[junit-platform-engine-1.12.2.jar:1.12.2]
	at org.junit.platform.engine.support.hierarchical.NodeTestTask.lambda$executeRecursively$6(NodeTestTask.java:160) ~[junit-platform-engine-1.12.2.jar:1.12.2]
	at org.junit.platform.engine.support.hierarchical.ThrowableCollector.execute(ThrowableCollector.java:73) ~[junit-platform-engine-1.12.2.jar:1.12.2]
	at org.junit.platform.engine.support.hierarchical.NodeTestTask.lambda$executeRecursively$8(NodeTestTask.java:146) ~[junit-platform-engine-1.12.2.jar:1.12.2]
	at org.junit.platform.engine.support.hierarchical.Node.around(Node.java:137) ~[junit-platform-engine-1.12.2.jar:1.12.2]
	at org.junit.platform.engine.support.hierarchical.NodeTestTask.lambda$executeRecursively$9(NodeTestTask.java:144) ~[junit-platform-engine-1.12.2.jar:1.12.2]
	at org.junit.platform.engine.support.hierarchical.ThrowableCollector.execute(ThrowableCollector.java:73) ~[junit-platform-engine-1.12.2.jar:1.12.2]
	at org.junit.platform.engine.support.hierarchical.NodeTestTask.executeRecursively(NodeTestTask.java:143) ~[junit-platform-engine-1.12.2.jar:1.12.2]
	at org.junit.platform.engine.support.hierarchical.NodeTestTask.execute(NodeTestTask.java:100) ~[junit-platform-engine-1.12.2.jar:1.12.2]
	at java.base/java.util.ArrayList.forEach(ArrayList.java:1596) ~[na:na]
	at org.junit.platform.engine.support.hierarchical.SameThreadHierarchicalTestExecutorService.invokeAll(SameThreadHierarchicalTestExecutorService.java:41) ~[junit-platform-engine-1.12.2.jar:1.12.2]
	at org.junit.platform.engine.support.hierarchical.NodeTestTask.lambda$executeRecursively$6(NodeTestTask.java:160) ~[junit-platform-engine-1.12.2.jar:1.12.2]
	at org.junit.platform.engine.support.hierarchical.ThrowableCollector.execute(ThrowableCollector.java:73) ~[junit-platform-engine-1.12.2.jar:1.12.2]
	at org.junit.platform.engine.support.hierarchical.NodeTestTask.lambda$executeRecursively$8(NodeTestTask.java:146) ~[junit-platform-engine-1.12.2.jar:1.12.2]
	at org.junit.platform.engine.support.hierarchical.Node.around(Node.java:137) ~[junit-platform-engine-1.12.2.jar:1.12.2]
	at org.junit.platform.engine.support.hierarchical.NodeTestTask.lambda$executeRecursively$9(NodeTestTask.java:144) ~[junit-platform-engine-1.12.2.jar:1.12.2]
	at org.junit.platform.engine.support.hierarchical.ThrowableCollector.execute(ThrowableCollector.java:73) ~[junit-platform-engine-1.12.2.jar:1.12.2]
	at org.junit.platform.engine.support.hierarchical.NodeTestTask.executeRecursively(NodeTestTask.java:143) ~[junit-platform-engine-1.12.2.jar:1.12.2]
	at org.junit.platform.engine.support.hierarchical.NodeTestTask.execute(NodeTestTask.java:100) ~[junit-platform-engine-1.12.2.jar:1.12.2]
	at org.junit.platform.engine.support.hierarchical.SameThreadHierarchicalTestExecutorService.submit(SameThreadHierarchicalTestExecutorService.java:35) ~[junit-platform-engine-1.12.2.jar:1.12.2]
	at org.junit.platform.engine.support.hierarchical.HierarchicalTestExecutor.execute(HierarchicalTestExecutor.java:57) ~[junit-platform-engine-1.12.2.jar:1.12.2]
	at org.junit.platform.engine.support.hierarchical.HierarchicalTestEngine.execute(HierarchicalTestEngine.java:54) ~[junit-platform-engine-1.12.2.jar:1.12.2]
	at org.junit.platform.launcher.core.EngineExecutionOrchestrator.execute(EngineExecutionOrchestrator.java:201) ~[junit-platform-launcher-1.12.2.jar:1.12.2]
	at org.junit.platform.launcher.core.EngineExecutionOrchestrator.execute(EngineExecutionOrchestrator.java:170) ~[junit-platform-launcher-1.12.2.jar:1.12.2]
	at org.junit.platform.launcher.core.EngineExecutionOrchestrator.execute(EngineExecutionOrchestrator.java:94) ~[junit-platform-launcher-1.12.2.jar:1.12.2]
	at org.junit.platform.launcher.core.EngineExecutionOrchestrator.lambda$execute$0(EngineExecutionOrchestrator.java:59) ~[junit-platform-launcher-1.12.2.jar:1.12.2]
	at org.junit.platform.launcher.core.EngineExecutionOrchestrator.withInterceptedStreams(EngineExecutionOrchestrator.java:142) ~[junit-platform-launcher-1.12.2.jar:1.12.2]
	at org.junit.platform.launcher.core.EngineExecutionOrchestrator.execute(EngineExecutionOrchestrator.java:58) ~[junit-platform-launcher-1.12.2.jar:1.12.2]
	at org.junit.platform.launcher.core.DefaultLauncher.execute(DefaultLauncher.java:103) ~[junit-platform-launcher-1.12.2.jar:1.12.2]
	at org.junit.platform.launcher.core.DefaultLauncher.execute(DefaultLauncher.java:85) ~[junit-platform-launcher-1.12.2.jar:1.12.2]
	at org.junit.platform.launcher.core.DelegatingLauncher.execute(DelegatingLauncher.java:47) ~[junit-platform-launcher-1.12.2.jar:1.12.2]
	at org.junit.platform.launcher.core.InterceptingLauncher.lambda$execute$1(InterceptingLauncher.java:39) ~[junit-platform-launcher-1.12.2.jar:1.12.2]
	at org.junit.platform.launcher.core.ClasspathAlignmentCheckingLauncherInterceptor.intercept(ClasspathAlignmentCheckingLauncherInterceptor.java:25) ~[junit-platform-launcher-1.12.2.jar:1.12.2]
	at org.junit.platform.launcher.core.InterceptingLauncher.execute(InterceptingLauncher.java:38) ~[junit-platform-launcher-1.12.2.jar:1.12.2]
	at org.junit.platform.launcher.core.DelegatingLauncher.execute(DelegatingLauncher.java:47) ~[junit-platform-launcher-1.12.2.jar:1.12.2]
	at org.apache.maven.surefire.junitplatform.LauncherAdapter.executeWithoutCancellationToken(LauncherAdapter.java:60) ~[surefire-junit-platform-3.5.4.jar:3.5.4]
	at org.apache.maven.surefire.junitplatform.LauncherAdapter.execute(LauncherAdapter.java:52) ~[surefire-junit-platform-3.5.4.jar:3.5.4]
	at org.apache.maven.surefire.junitplatform.JUnitPlatformProvider.execute(JUnitPlatformProvider.java:203) ~[surefire-junit-platform-3.5.4.jar:3.5.4]
	at org.apache.maven.surefire.junitplatform.JUnitPlatformProvider.invokeAllTests(JUnitPlatformProvider.java:168) ~[surefire-junit-platform-3.5.4.jar:3.5.4]
	at org.apache.maven.surefire.junitplatform.JUnitPlatformProvider.invoke(JUnitPlatformProvider.java:136) ~[surefire-junit-platform-3.5.4.jar:3.5.4]
	at org.apache.maven.surefire.booter.ForkedBooter.runSuitesInProcess(ForkedBooter.java:385) ~[surefire-booter-3.5.4.jar:3.5.4]
	at org.apache.maven.surefire.booter.ForkedBooter.execute(ForkedBooter.java:162) ~[surefire-booter-3.5.4.jar:3.5.4]
	at org.apache.maven.surefire.booter.ForkedBooter.run(ForkedBooter.java:507) ~[surefire-booter-3.5.4.jar:3.5.4]
	at org.apache.maven.surefire.booter.ForkedBooter.main(ForkedBooter.java:495) ~[surefire-booter-3.5.4.jar:3.5.4]
Caused by: org.postgresql.util.PSQLException: ERROR: relation "connectors" already exists
	at org.postgresql.core.v3.QueryExecutorImpl.receiveErrorResponse(QueryExecutorImpl.java:2736) ~[postgresql-42.7.8.jar:42.7.8]
	at org.postgresql.core.v3.QueryExecutorImpl.processResults(QueryExecutorImpl.java:2421) ~[postgresql-42.7.8.jar:42.7.8]
	at org.postgresql.core.v3.QueryExecutorImpl.execute(QueryExecutorImpl.java:372) ~[postgresql-42.7.8.jar:42.7.8]
	at org.postgresql.jdbc.PgStatement.executeInternal(PgStatement.java:525) ~[postgresql-42.7.8.jar:42.7.8]
	at org.postgresql.jdbc.PgStatement.execute(PgStatement.java:435) ~[postgresql-42.7.8.jar:42.7.8]
	at org.postgresql.jdbc.PgStatement.executeWithFlags(PgStatement.java:357) ~[postgresql-42.7.8.jar:42.7.8]
	at org.postgresql.jdbc.PgStatement.executeCachedSql(PgStatement.java:342) ~[postgresql-42.7.8.jar:42.7.8]
	at org.postgresql.jdbc.PgStatement.executeWithFlags(PgStatement.java:318) ~[postgresql-42.7.8.jar:42.7.8]
	at org.postgresql.jdbc.PgStatement.execute(PgStatement.java:313) ~[postgresql-42.7.8.jar:42.7.8]
	at com.zaxxer.hikari.pool.ProxyStatement.execute(ProxyStatement.java:95) ~[HikariCP-6.3.3.jar:na]
	at com.zaxxer.hikari.pool.HikariProxyStatement.execute(HikariProxyStatement.java) ~[HikariCP-6.3.3.jar:na]
	at liquibase.executor.jvm.JdbcExecutor$ExecuteStatementCallback.doInStatement(JdbcExecutor.java:491) ~[liquibase-core-4.31.1.jar:na]
	... 150 common frames omitted

2025-11-28T00:24:41.679+07:00  INFO 19572 --- [ldop] [           main] liquibase.util                           : UPDATE SUMMARY
2025-11-28T00:24:41.679+07:00  INFO 19572 --- [ldop] [           main] liquibase.util                           : Run:                          0
2025-11-28T00:24:41.679+07:00  INFO 19572 --- [ldop] [           main] liquibase.util                           : Previously run:               0
2025-11-28T00:24:41.679+07:00  INFO 19572 --- [ldop] [           main] liquibase.util                           : Filtered out:                 0
2025-11-28T00:24:41.679+07:00  INFO 19572 --- [ldop] [           main] liquibase.util                           : -------------------------------
2025-11-28T00:24:41.679+07:00  INFO 19572 --- [ldop] [           main] liquibase.util                           : Total change sets:            5
2025-11-28T00:24:41.680+07:00  INFO 19572 --- [ldop] [           main] liquibase.util                           : Update summary generated
2025-11-28T00:24:41.680+07:00  INFO 19572 --- [ldop] [           main] liquibase.command                        : Update command encountered an exception.
2025-11-28T00:24:41.687+07:00  INFO 19572 --- [ldop] [           main] liquibase.lockservice                    : Successfully released change log lock
2025-11-28T00:24:41.689+07:00  INFO 19572 --- [ldop] [           main] liquibase.command                        : Logging exception.
2025-11-28T00:24:41.690+07:00  INFO 19572 --- [ldop] [           main] liquibase.ui                             : ERROR: Exception Details
2025-11-28T00:24:41.690+07:00  INFO 19572 --- [ldop] [           main] liquibase.ui                             : ERROR: Exception Primary Class:  PSQLException
2025-11-28T00:24:41.690+07:00  INFO 19572 --- [ldop] [           main] liquibase.ui                             : ERROR: Exception Primary Reason:  ERROR: relation "connectors" already exists
2025-11-28T00:24:41.690+07:00  INFO 19572 --- [ldop] [           main] liquibase.ui                             : ERROR: Exception Primary Source:  PostgreSQL 16.10 (Debian 16.10-1.pgdg13+1)
2025-11-28T00:24:41.691+07:00  INFO 19572 --- [ldop] [           main] liquibase.command                        : Command execution complete
2025-11-28T00:24:41.694+07:00  WARN 19572 --- [ldop] [           main] o.s.w.c.s.GenericWebApplicationContext   : Exception encountered during context initialization - cancelling refresh attempt: org.springframework.beans.factory.BeanCreationException: Error creating bean with name 'entityManagerFactory' defined in class path resource [org/springframework/boot/autoconfigure/orm/jpa/HibernateJpaConfiguration.class]: Failed to initialize dependency 'liquibase' of LoadTimeWeaverAware bean 'entityManagerFactory': Error creating bean with name 'liquibase' defined in class path resource [org/springframework/boot/autoconfigure/liquibase/LiquibaseAutoConfiguration$LiquibaseConfiguration.class]: liquibase.exception.CommandExecutionException: liquibase.exception.LiquibaseException: liquibase.exception.MigrationFailedException: Migration failed for changeset db/changelog/changes/001-initial-schema.yaml::001-create-connectors-table::antigravity:
     Reason: liquibase.exception.DatabaseException: ERROR: relation "connectors" already exists [Failed SQL: (0) CREATE TABLE public.connectors (id UUID DEFAULT gen_random_uuid() NOT NULL, name VARCHAR(255) NOT NULL, type VARCHAR(50) NOT NULL, config JSONB NOT NULL, registered_tables JSONB, is_active BOOLEAN DEFAULT TRUE, tenant_id VARCHAR(255) NOT NULL, status VARCHAR(20) DEFAULT 'INIT' NOT NULL, created_at TIMESTAMP WITHOUT TIME ZONE DEFAULT NOW(), CONSTRAINT connectors_pkey PRIMARY KEY (id))]
2025-11-28T00:24:41.694+07:00  INFO 19572 --- [ldop] [           main] com.zaxxer.hikari.HikariDataSource       : HikariPool-2 - Shutdown initiated...
2025-11-28T00:24:41.722+07:00  INFO 19572 --- [ldop] [           main] com.zaxxer.hikari.HikariDataSource       : HikariPool-2 - Shutdown completed.



============================
CONDITIONS EVALUATION REPORT
============================


Positive matches:
-----------------

   AopAutoConfiguration 
matched:
      - @ConditionalOnBoolean
Property 
(spring.aop.auto=true) 
matched (OnPropertyCondition)

   AopAutoConfiguration.Aspec
tJAutoProxyingConfiguration 
matched:
      - @ConditionalOnClass 
found required class 
'org.aspectj.weaver.Advice' 
(OnClassCondition)

   AopAutoConfiguration.Aspec
tJAutoProxyingConfiguration.C
glibAutoProxyConfiguration 
matched:
      - @ConditionalOnBoolean
Property (spring.aop.proxy-ta
rget-class=true) matched 
(OnPropertyCondition)

   ApplicationAvailabilityAut
oConfiguration#applicationAva
ilability matched:
      - 
@ConditionalOnMissingBean 
(types: org.springframework.b
oot.availability.ApplicationA
vailability; SearchStrategy: 
all) did not find any beans 
(OnBeanCondition)

   
DataSourceAutoConfiguration 
matched:
      - @ConditionalOnClass 
found required classes 
'javax.sql.DataSource', 'org.
springframework.jdbc.datasour
ce.embedded.EmbeddedDatabaseT
ype' (OnClassCondition)
      - 
@ConditionalOnMissingBean 
(types: ?; SearchStrategy: 
all) did not find any beans 
(OnBeanCondition)

   DataSourceAutoConfiguratio
n.PooledDataSourceConfigurati
on matched:
      - AnyNestedCondition 1 
matched 1 did not; 
NestedCondition on DataSource
AutoConfiguration.PooledDataS
ourceCondition.PooledDataSour
ceAvailable PooledDataSource 
found supported DataSource; 
NestedCondition on DataSource
AutoConfiguration.PooledDataS
ourceCondition.ExplicitType 
@ConditionalOnProperty 
(spring.datasource.type) did 
not find property 
'spring.datasource.type' (Dat
aSourceAutoConfiguration.Pool
edDataSourceCondition)
      - 
@ConditionalOnMissingBean 
(types: javax.sql.DataSource,
javax.sql.XADataSource; 
SearchStrategy: all) did not 
find any beans 
(OnBeanCondition)

   DataSourceAutoConfiguratio
n.PooledDataSourceConfigurati
on#jdbcConnectionDetails 
matched:
      - 
@ConditionalOnMissingBean 
(types: org.springframework.b
oot.autoconfigure.jdbc.JdbcCo
nnectionDetails; 
SearchStrategy: all) did not 
find any beans 
(OnBeanCondition)

   DataSourceConfiguration.Hi
kari matched:
      - @ConditionalOnClass 
found required class 'com.zax
xer.hikari.HikariDataSource' 
(OnClassCondition)
      - 
@ConditionalOnProperty (sprin
g.datasource.type=com.zaxxer.
hikari.HikariDataSource) 
matched (OnPropertyCondition)
      - 
@ConditionalOnMissingBean 
(types: 
javax.sql.DataSource; 
SearchStrategy: all) did not 
find any beans 
(OnBeanCondition)

   DataSourceInitializationCo
nfiguration matched:
      - @ConditionalOnClass 
found required class 'org.spr
ingframework.jdbc.datasource.
init.DatabasePopulator' 
(OnClassCondition)
      - @ConditionalOnSingleC
andidate (types: 
javax.sql.DataSource; 
SearchStrategy: all) found a 
single bean 'dataSource'; 
@ConditionalOnMissingBean 
(types: org.springframework.b
oot.autoconfigure.sql.init.Sq
lDataSourceScriptDatabaseInit
ializer,org.springframework.b
oot.autoconfigure.sql.init.Sq
lR2dbcScriptDatabaseInitializ
er; SearchStrategy: all) did 
not find any beans 
(OnBeanCondition)

   DataSourcePoolMetadataProv
idersConfiguration.HikariPool
DataSourceMetadataProviderCon
figuration matched:
      - @ConditionalOnClass 
found required class 'com.zax
xer.hikari.HikariDataSource' 
(OnClassCondition)

   DataSourceTransactionManag
erAutoConfiguration matched:
      - @ConditionalOnClass 
found required classes 
'javax.sql.DataSource', 'org.
springframework.jdbc.core.Jdb
cTemplate', 'org.springframew
ork.transaction.TransactionMa
nager' (OnClassCondition)

   DataSourceTransactionManag
erAutoConfiguration.JdbcTrans
actionManagerConfiguration 
matched:
      - @ConditionalOnSingleC
andidate (types: 
javax.sql.DataSource; 
SearchStrategy: all) found a 
single bean 'dataSource' 
(OnBeanCondition)

   DispatcherServletAutoConfi
guration matched:
      - @ConditionalOnClass 
found required class 'org.spr
ingframework.web.servlet.Disp
atcherServlet' 
(OnClassCondition)
      - found 'session' 
scope 
(OnWebApplicationCondition)

   DispatcherServletAutoConfi
guration.DispatcherServletCon
figuration matched:
      - @ConditionalOnClass 
found required class 'jakarta
.servlet.ServletRegistration'
 (OnClassCondition)
      - Default 
DispatcherServlet did not 
find dispatcher servlet 
beans (DispatcherServletAutoC
onfiguration.DefaultDispatche
rServletCondition)

   DispatcherServletAutoConfi
guration.DispatcherServletReg
istrationConfiguration 
matched:
      - @ConditionalOnClass 
found required class 'jakarta
.servlet.ServletRegistration'
 (OnClassCondition)
      - DispatcherServlet 
Registration did not find 
servlet registration bean (Di
spatcherServletAutoConfigurat
ion.DispatcherServletRegistra
tionCondition)

   DispatcherServletAutoConfi
guration.DispatcherServletReg
istrationConfiguration#dispat
cherServletRegistration 
matched:
      - @ConditionalOnBean 
(names: dispatcherServlet 
types: org.springframework.we
b.servlet.DispatcherServlet; 
SearchStrategy: all) found 
bean 'dispatcherServlet' 
(OnBeanCondition)

   ErrorMvcAutoConfiguration 
matched:
      - @ConditionalOnClass 
found required classes 
'jakarta.servlet.Servlet', 'o
rg.springframework.web.servle
t.DispatcherServlet' 
(OnClassCondition)
      - found 'session' 
scope 
(OnWebApplicationCondition)

   ErrorMvcAutoConfiguration#
basicErrorController matched:
      - 
@ConditionalOnMissingBean 
(types: org.springframework.b
oot.web.servlet.error.ErrorCo
ntroller; SearchStrategy: 
current) did not find any 
beans (OnBeanCondition)

   ErrorMvcAutoConfiguration#
errorAttributes matched:
      - 
@ConditionalOnMissingBean 
(types: org.springframework.b
oot.web.servlet.error.ErrorAt
tributes; SearchStrategy: 
current) did not find any 
beans (OnBeanCondition)

   ErrorMvcAutoConfiguration.
DefaultErrorViewResolverConfi
guration#conventionErrorViewR
esolver matched:
      - @ConditionalOnBean 
(types: org.springframework.w
eb.servlet.DispatcherServlet;
 SearchStrategy: all) found 
bean 'dispatcherServlet'; 
@ConditionalOnMissingBean 
(types: org.springframework.b
oot.autoconfigure.web.servlet
.error.ErrorViewResolver; 
SearchStrategy: all) did not 
find any beans 
(OnBeanCondition)

   ErrorMvcAutoConfiguration.
WhitelabelErrorViewConfigurat
ion matched:
      - @ConditionalOnBoolean
Property (server.error.whitel
abel.enabled=true) matched 
(OnPropertyCondition)
      - ErrorTemplate 
Missing did not find error 
template view (ErrorMvcAutoCo
nfiguration.ErrorTemplateMiss
ingCondition)

   ErrorMvcAutoConfiguration.
WhitelabelErrorViewConfigurat
ion#beanNameViewResolver 
matched:
      - 
@ConditionalOnMissingBean 
(types: org.springframework.w
eb.servlet.view.BeanNameViewR
esolver; SearchStrategy: 
all) did not find any beans 
(OnBeanCondition)

   ErrorMvcAutoConfiguration.
WhitelabelErrorViewConfigurat
ion#defaultErrorView matched:
      - 
@ConditionalOnMissingBean 
(names: error; 
SearchStrategy: all) did not 
find any beans 
(OnBeanCondition)

   GenericCacheConfiguration 
matched:
      - Cache org.springframe
work.boot.autoconfigure.cache
.GenericCacheConfiguration 
automatic cache type 
(CacheCondition)

   HibernateJpaAutoConfigurat
ion matched:
      - @ConditionalOnClass 
found required classes 'org.s
pringframework.orm.jpa.LocalC
ontainerEntityManagerFactoryB
ean', 'jakarta.persistence.En
tityManager', 'org.hibernate.
engine.spi.SessionImplementor
' (OnClassCondition)

   HibernateJpaConfiguration 
matched:
      - @ConditionalOnSingleC
andidate (types: 
javax.sql.DataSource; 
SearchStrategy: all) found a 
single bean 'dataSource' 
(OnBeanCondition)

   
HttpClientAutoConfiguration 
matched:
      - @ConditionalOnClass 
found required class 'org.spr
ingframework.http.client.Clie
ntHttpRequestFactory' 
(OnClassCondition)
      - NoneNestedConditions 
0 matched 1 did not; 
NestedCondition on NotReactiv
eWebApplicationCondition.Reac
tiveWebApplication did not 
find reactive web 
application classes (NotReact
iveWebApplicationCondition)

   HttpClientAutoConfiguratio
n#clientHttpRequestFactoryBui
lder matched:
      - 
@ConditionalOnMissingBean 
(types: org.springframework.b
oot.http.client.ClientHttpReq
uestFactoryBuilder<?>; 
SearchStrategy: all) did not 
find any beans 
(OnBeanCondition)

   HttpClientAutoConfiguratio
n#clientHttpRequestFactorySet
tings matched:
      - 
@ConditionalOnMissingBean 
(types: org.springframework.b
oot.http.client.ClientHttpReq
uestFactorySettings; 
SearchStrategy: all) did not 
find any beans 
(OnBeanCondition)

   HttpEncodingAutoConfigurat
ion matched:
      - @ConditionalOnClass 
found required class 'org.spr
ingframework.web.filter.Chara
cterEncodingFilter' 
(OnClassCondition)
      - found 'session' 
scope 
(OnWebApplicationCondition)
      - @ConditionalOnBoolean
Property (server.servlet.enco
ding.enabled=true) matched 
(OnPropertyCondition)

   HttpEncodingAutoConfigurat
ion#characterEncodingFilter 
matched:
      - 
@ConditionalOnMissingBean 
(types: org.springframework.w
eb.filter.CharacterEncodingFi
lter; SearchStrategy: all) 
did not find any beans 
(OnBeanCondition)

   HttpMessageConvertersAutoC
onfiguration matched:
      - @ConditionalOnClass 
found required class 'org.spr
ingframework.http.converter.H
ttpMessageConverter' 
(OnClassCondition)
      - NoneNestedConditions 
0 matched 1 did not; 
NestedCondition on HttpMessag
eConvertersAutoConfiguration.
NotReactiveWebApplicationCond
ition.ReactiveWebApplication 
did not find reactive web 
application classes (HttpMess
ageConvertersAutoConfiguratio
n.NotReactiveWebApplicationCo
ndition)

   HttpMessageConvertersAutoC
onfiguration#messageConverter
s matched:
      - 
@ConditionalOnMissingBean 
(types: org.springframework.b
oot.autoconfigure.http.HttpMe
ssageConverters; 
SearchStrategy: all) did not 
find any beans 
(OnBeanCondition)

   HttpMessageConvertersAutoC
onfiguration.StringHttpMessag
eConverterConfiguration 
matched:
      - @ConditionalOnClass 
found required class 'org.spr
ingframework.http.converter.S
tringHttpMessageConverter' 
(OnClassCondition)

   HttpMessageConvertersAutoC
onfiguration.StringHttpMessag
eConverterConfiguration#strin
gHttpMessageConverter 
matched:
      - 
@ConditionalOnMissingBean 
(types: org.springframework.h
ttp.converter.StringHttpMessa
geConverter; SearchStrategy: 
all) did not find any beans 
(OnBeanCondition)

   JacksonAutoConfiguration 
matched:
      - @ConditionalOnClass 
found required class 'com.fas
terxml.jackson.databind.Objec
tMapper' (OnClassCondition)

   JacksonAutoConfiguration.J
ackson2ObjectMapperBuilderCus
tomizerConfiguration matched:
      - @ConditionalOnClass 
found required class 'org.spr
ingframework.http.converter.j
son.Jackson2ObjectMapperBuild
er' (OnClassCondition)

   JacksonAutoConfiguration.J
acksonObjectMapperBuilderConf
iguration matched:
      - @ConditionalOnClass 
found required class 'org.spr
ingframework.http.converter.j
son.Jackson2ObjectMapperBuild
er' (OnClassCondition)

   JacksonAutoConfiguration.J
acksonObjectMapperBuilderConf
iguration#jacksonObjectMapper
Builder matched:
      - 
@ConditionalOnMissingBean 
(types: org.springframework.h
ttp.converter.json.Jackson2Ob
jectMapperBuilder; 
SearchStrategy: all) did not 
find any beans 
(OnBeanCondition)

   JacksonAutoConfiguration.J
acksonObjectMapperConfigurati
on matched:
      - @ConditionalOnClass 
found required class 'org.spr
ingframework.http.converter.j
son.Jackson2ObjectMapperBuild
er' (OnClassCondition)

   JacksonAutoConfiguration.J
acksonObjectMapperConfigurati
on#jacksonObjectMapper 
matched:
      - 
@ConditionalOnMissingBean 
(types: com.fasterxml.jackson
.databind.ObjectMapper; 
SearchStrategy: all) did not 
find any beans 
(OnBeanCondition)

   JacksonAutoConfiguration.P
arameterNamesModuleConfigurat
ion matched:
      - @ConditionalOnClass 
found required class 'com.fas
terxml.jackson.module.paramna
mes.ParameterNamesModule' 
(OnClassCondition)

   JacksonAutoConfiguration.P
arameterNamesModuleConfigurat
ion#parameterNamesModule 
matched:
      - 
@ConditionalOnMissingBean 
(types: com.fasterxml.jackson
.module.paramnames.ParameterN
amesModule; SearchStrategy: 
all) did not find any beans 
(OnBeanCondition)

   JacksonHttpMessageConverte
rsConfiguration.MappingJackso
n2HttpMessageConverterConfigu
ration matched:
      - @ConditionalOnClass 
found required class 'com.fas
terxml.jackson.databind.Objec
tMapper' (OnClassCondition)
      - @ConditionalOnPreferr
edJsonMapper JACKSON no 
property was configured and 
Jackson is the default (OnPre
ferredJsonMapperCondition)
      - @ConditionalOnBean 
(types: com.fasterxml.jackson
.databind.ObjectMapper; 
SearchStrategy: all) found 
bean 'jacksonObjectMapper' 
(OnBeanCondition)

   JacksonHttpMessageConverte
rsConfiguration.MappingJackso
n2HttpMessageConverterConfigu
ration#mappingJackson2HttpMes
sageConverter matched:
      - 
@ConditionalOnMissingBean 
(types: org.springframework.h
ttp.converter.json.MappingJac
kson2HttpMessageConverter 
ignored: ?; SearchStrategy: 
all) did not find any beans 
(OnBeanCondition)

   
JdbcClientAutoConfiguration 
matched:
      - @ConditionalOnSingleC
andidate (types: org.springfr
amework.jdbc.core.namedparam.
NamedParameterJdbcTemplate; 
SearchStrategy: all) found a 
single bean 'namedParameterJd
bcTemplate'; 
@ConditionalOnMissingBean 
(types: org.springframework.j
dbc.core.simple.JdbcClient; 
SearchStrategy: all) did not 
find any beans 
(OnBeanCondition)

   JdbcTemplateAutoConfigurat
ion matched:
      - @ConditionalOnClass 
found required classes 
'javax.sql.DataSource', 'org.
springframework.jdbc.core.Jdb
cTemplate' (OnClassCondition)
      - @ConditionalOnSingleC
andidate (types: 
javax.sql.DataSource; 
SearchStrategy: all) found a 
single bean 'dataSource' 
(OnBeanCondition)

   JdbcTemplateConfiguration 
matched:
      - 
@ConditionalOnMissingBean 
(types: org.springframework.j
dbc.core.JdbcOperations; 
SearchStrategy: all) did not 
find any beans 
(OnBeanCondition)

   JpaBaseConfiguration#entit
yManagerFactory matched:
      - 
@ConditionalOnMissingBean 
(types: org.springframework.o
rm.jpa.LocalContainerEntityMa
nagerFactoryBean,jakarta.pers
istence.EntityManagerFactory;
 SearchStrategy: all) did 
not find any beans 
(OnBeanCondition)

   JpaBaseConfiguration#entit
yManagerFactoryBuilder 
matched:
      - 
@ConditionalOnMissingBean 
(types: org.springframework.b
oot.orm.jpa.EntityManagerFact
oryBuilder; SearchStrategy: 
all) did not find any beans 
(OnBeanCondition)

   JpaBaseConfiguration#jpaVe
ndorAdapter matched:
      - 
@ConditionalOnMissingBean 
(types: org.springframework.o
rm.jpa.JpaVendorAdapter; 
SearchStrategy: all) did not 
find any beans 
(OnBeanCondition)

   JpaBaseConfiguration#trans
actionManager matched:
      - 
@ConditionalOnMissingBean 
(types: org.springframework.t
ransaction.TransactionManager
; SearchStrategy: all) did 
not find any beans 
(OnBeanCondition)

   JpaBaseConfiguration.JpaWe
bConfiguration matched:
      - @ConditionalOnClass 
found required class 'org.spr
ingframework.web.servlet.conf
ig.annotation.WebMvcConfigure
r' (OnClassCondition)
      - found 'session' 
scope 
(OnWebApplicationCondition)
      - @ConditionalOnBoolean
Property (spring.jpa.open-in-
view=true) matched 
(OnPropertyCondition)
      - 
@ConditionalOnMissingBean 
(types: org.springframework.o
rm.jpa.support.OpenEntityMana
gerInViewInterceptor,org.spri
ngframework.orm.jpa.support.O
penEntityManagerInViewFilter;
 SearchStrategy: all) did 
not find any beans 
(OnBeanCondition)

   JpaBaseConfiguration.Persi
stenceManagedTypesConfigurati
on matched:
      - 
@ConditionalOnMissingBean 
(types: org.springframework.o
rm.jpa.LocalContainerEntityMa
nagerFactoryBean,jakarta.pers
istence.EntityManagerFactory;
 SearchStrategy: all) did 
not find any beans 
(OnBeanCondition)

   JpaBaseConfiguration.Persi
stenceManagedTypesConfigurati
on#persistenceManagedTypes 
matched:
      - 
@ConditionalOnMissingBean 
(types: org.springframework.o
rm.jpa.persistenceunit.Persis
tenceManagedTypes; 
SearchStrategy: all) did not 
find any beans 
(OnBeanCondition)

   JpaRepositoriesAutoConfigu
ration matched:
      - @ConditionalOnClass 
found required class 'org.spr
ingframework.data.jpa.reposit
ory.JpaRepository' 
(OnClassCondition)
      - @ConditionalOnBoolean
Property (spring.data.jpa.rep
ositories.enabled=true) 
matched (OnPropertyCondition)
      - @ConditionalOnBean 
(types: 
javax.sql.DataSource; 
SearchStrategy: all) found 
bean 'dataSource'; 
@ConditionalOnMissingBean 
(types: org.springframework.d
ata.jpa.repository.support.Jp
aRepositoryFactoryBean,org.sp
ringframework.data.jpa.reposi
tory.config.JpaRepositoryConf
igExtension; SearchStrategy: 
all) did not find any beans 
(OnBeanCondition)

   JtaAutoConfiguration 
matched:
      - @ConditionalOnClass 
found required class 'jakarta
.transaction.Transaction' 
(OnClassCondition)
      - @ConditionalOnBoolean
Property 
(spring.jta.enabled=true) 
matched (OnPropertyCondition)

   LifecycleAutoConfiguration
#defaultLifecycleProcessor 
matched:
      - 
@ConditionalOnMissingBean 
(names: lifecycleProcessor; 
SearchStrategy: current) did 
not find any beans 
(OnBeanCondition)

   
LiquibaseAutoConfiguration 
matched:
      - @ConditionalOnClass 
found required classes 'liqui
base.integration.spring.Sprin
gLiquibase', 'liquibase.chang
e.DatabaseChange' 
(OnClassCondition)
      - @ConditionalOnBoolean
Property (spring.liquibase.en
abled=true) matched 
(OnPropertyCondition)
      - AnyNestedCondition 2 
matched 1 did not; 
NestedCondition on LiquibaseA
utoConfiguration.LiquibaseDat
aSourceCondition.LiquibaseUrl
Condition 
@ConditionalOnProperty 
(spring.liquibase.url) did 
not find property 
'spring.liquibase.url'; 
NestedCondition on LiquibaseA
utoConfiguration.LiquibaseDat
aSourceCondition.JdbcConnecti
onDetailsCondition 
@ConditionalOnBean (types: or
g.springframework.boot.autoco
nfigure.jdbc.JdbcConnectionDe
tails; SearchStrategy: all) 
found bean 
'jdbcConnectionDetails'; 
NestedCondition on LiquibaseA
utoConfiguration.LiquibaseDat
aSourceCondition.DataSourceBe
anCondition 
@ConditionalOnBean (types: 
javax.sql.DataSource; 
SearchStrategy: all) found 
bean 'dataSource' (LiquibaseA
utoConfiguration.LiquibaseDat
aSourceCondition)

   LiquibaseAutoConfiguration
.CustomizerConfiguration 
matched:
      - @ConditionalOnClass 
found required class 'liquiba
se.integration.spring.Customi
zer' (OnClassCondition)

   LiquibaseAutoConfiguration
.LiquibaseConfiguration 
matched:
      - @ConditionalOnClass 
found required class 'org.spr
ingframework.jdbc.core.Connec
tionCallback' 
(OnClassCondition)
      - 
@ConditionalOnMissingBean 
(types: liquibase.integration
.spring.SpringLiquibase; 
SearchStrategy: all) did not 
find any beans 
(OnBeanCondition)

   LiquibaseAutoConfiguration
.LiquibaseConfiguration#liqui
baseConnectionDetails 
matched:
      - 
@ConditionalOnMissingBean 
(types: org.springframework.b
oot.autoconfigure.liquibase.L
iquibaseConnectionDetails; 
SearchStrategy: all) did not 
find any beans 
(OnBeanCondition)

   
MultipartAutoConfiguration 
matched:
      - @ConditionalOnClass 
found required classes 
'jakarta.servlet.Servlet', 'o
rg.springframework.web.multip
art.support.StandardServletMu
ltipartResolver', 'jakarta.se
rvlet.MultipartConfigElement'
 (OnClassCondition)
      - found 'session' 
scope 
(OnWebApplicationCondition)
      - @ConditionalOnBoolean
Property (spring.servlet.mult
ipart.enabled=true) matched 
(OnPropertyCondition)

   MultipartAutoConfiguration
#multipartConfigElement 
matched:
      - 
@ConditionalOnMissingBean 
(types: jakarta.servlet.Multi
partConfigElement; 
SearchStrategy: all) did not 
find any beans 
(OnBeanCondition)

   MultipartAutoConfiguration
#multipartResolver matched:
      - 
@ConditionalOnMissingBean 
(types: org.springframework.w
eb.multipart.MultipartResolve
r; SearchStrategy: all) did 
not find any beans 
(OnBeanCondition)

   NamedParameterJdbcTemplate
Configuration matched:
      - @ConditionalOnSingleC
andidate (types: org.springfr
amework.jdbc.core.JdbcTemplat
e; SearchStrategy: all) 
found a single bean 
'jdbcTemplate'; 
@ConditionalOnMissingBean 
(types: org.springframework.j
dbc.core.namedparam.NamedPara
meterJdbcOperations; 
SearchStrategy: all) did not 
find any beans 
(OnBeanCondition)

   NoOpCacheConfiguration 
matched:
      - Cache org.springframe
work.boot.autoconfigure.cache
.NoOpCacheConfiguration 
automatic cache type 
(CacheCondition)

   PersistenceExceptionTransl
ationAutoConfiguration 
matched:
      - @ConditionalOnClass 
found required class 'org.spr
ingframework.dao.annotation.P
ersistenceExceptionTranslatio
nPostProcessor' 
(OnClassCondition)

   PersistenceExceptionTransl
ationAutoConfiguration#persis
tenceExceptionTranslationPost
Processor matched:
      - @ConditionalOnBoolean
Property (spring.dao.exceptio
ntranslation.enabled=true) 
matched (OnPropertyCondition)
      - 
@ConditionalOnMissingBean 
(types: org.springframework.d
ao.annotation.PersistenceExce
ptionTranslationPostProcessor
; SearchStrategy: all) did 
not find any beans 
(OnBeanCondition)

   PropertyPlaceholderAutoCon
figuration#propertySourcesPla
ceholderConfigurer matched:
      - 
@ConditionalOnMissingBean 
(types: org.springframework.c
ontext.support.PropertySource
sPlaceholderConfigurer; 
SearchStrategy: current) did 
not find any beans 
(OnBeanCondition)

   
RestClientAutoConfiguration 
matched:
      - @ConditionalOnClass 
found required class 'org.spr
ingframework.web.client.RestC
lient' (OnClassCondition)
      - AnyNestedCondition 2 
matched 0 did not; 
NestedCondition on NotReactiv
eWebApplicationOrVirtualThrea
dsExecutorEnabledCondition.Vi
rtualThreadsExecutorEnabled 
found matching nested 
conditions 
@ConditionalOnThreading 
found VIRTUAL, 
@ConditionalOnBean (names: 
applicationTaskExecutor; 
SearchStrategy: all) found 
bean 
'applicationTaskExecutor'; 
NestedCondition on NotReactiv
eWebApplicationOrVirtualThrea
dsExecutorEnabledCondition.No
tReactiveWebApplication 
NoneNestedConditions 0 
matched 1 did not; 
NestedCondition on NotReactiv
eWebApplicationCondition.Reac
tiveWebApplication did not 
find reactive web 
application classes (NotReact
iveWebApplicationOrVirtualThr
eadsExecutorEnabledCondition)

   RestClientAutoConfiguratio
n#httpMessageConvertersRestCl
ientCustomizer matched:
      - 
@ConditionalOnMissingBean 
(types: org.springframework.b
oot.autoconfigure.web.client.
HttpMessageConvertersRestClie
ntCustomizer; 
SearchStrategy: all) did not 
find any beans 
(OnBeanCondition)

   RestClientAutoConfiguratio
n#restClientBuilder matched:
      - 
@ConditionalOnMissingBean 
(types: org.springframework.w
eb.client.RestClient$Builder;
 SearchStrategy: all) did 
not find any beans 
(OnBeanCondition)

   RestClientAutoConfiguratio
n#restClientBuilderConfigurer
 matched:
      - 
@ConditionalOnMissingBean 
(types: org.springframework.b
oot.autoconfigure.web.client.
RestClientBuilderConfigurer; 
SearchStrategy: all) did not 
find any beans 
(OnBeanCondition)

   RestClientAutoConfiguratio
n#restClientSsl matched:
      - @ConditionalOnBean 
(types: org.springframework.b
oot.ssl.SslBundles; 
SearchStrategy: all) found 
bean 'sslBundleRegistry'; 
@ConditionalOnMissingBean 
(types: org.springframework.b
oot.autoconfigure.web.client.
RestClientSsl; 
SearchStrategy: all) did not 
find any beans 
(OnBeanCondition)

   RestTemplateAutoConfigurat
ion matched:
      - @ConditionalOnClass 
found required class 'org.spr
ingframework.web.client.RestT
emplate' (OnClassCondition)
      - NoneNestedConditions 
0 matched 1 did not; 
NestedCondition on NotReactiv
eWebApplicationCondition.Reac
tiveWebApplication did not 
find reactive web 
application classes (NotReact
iveWebApplicationCondition)

   RestTemplateAutoConfigurat
ion#restTemplateBuilder 
matched:
      - 
@ConditionalOnMissingBean 
(types: org.springframework.b
oot.web.client.RestTemplateBu
ilder; SearchStrategy: all) 
did not find any beans 
(OnBeanCondition)

   ServletWebServerFactoryAut
oConfiguration matched:
      - @ConditionalOnClass 
found required class 'jakarta
.servlet.ServletRequest' 
(OnClassCondition)
      - found 'session' 
scope 
(OnWebApplicationCondition)

   ServletWebServerFactoryAut
oConfiguration.TomcatConfigur
ation matched:
      - @ConditionalOnClass 
found required class 'org.apa
che.catalina.startup.Tomcat' 
(OnClassCondition)

   ServletWebServerFactoryCon
figuration.EmbeddedTomcat 
matched:
      - @ConditionalOnClass 
found required classes 
'jakarta.servlet.Servlet', 'o
rg.apache.catalina.startup.To
mcat', 'org.apache.coyote.Upg
radeProtocol' 
(OnClassCondition)
      - 
@ConditionalOnMissingBean 
(types: org.springframework.b
oot.web.servlet.server.Servle
tWebServerFactory; 
SearchStrategy: current) did 
not find any beans 
(OnBeanCondition)

   SimpleCacheConfiguration 
matched:
      - Cache org.springframe
work.boot.autoconfigure.cache
.SimpleCacheConfiguration 
automatic cache type 
(CacheCondition)

   SpringDataWebAutoConfigura
tion matched:
      - @ConditionalOnClass 
found required classes 'org.s
pringframework.data.web.Pagea
bleHandlerMethodArgumentResol
ver', 'org.springframework.we
b.servlet.config.annotation.W
ebMvcConfigurer' 
(OnClassCondition)
      - found 'session' 
scope 
(OnWebApplicationCondition)
      - 
@ConditionalOnMissingBean 
(types: org.springframework.d
ata.web.PageableHandlerMethod
ArgumentResolver; 
SearchStrategy: all) did not 
find any beans 
(OnBeanCondition)

   SpringDataWebAutoConfigura
tion#pageableCustomizer 
matched:
      - 
@ConditionalOnMissingBean 
(types: org.springframework.d
ata.web.config.PageableHandle
rMethodArgumentResolverCustom
izer; SearchStrategy: all) 
did not find any beans 
(OnBeanCondition)

   SpringDataWebAutoConfigura
tion#sortCustomizer matched:
      - 
@ConditionalOnMissingBean 
(types: org.springframework.d
ata.web.config.SortHandlerMet
hodArgumentResolverCustomizer
; SearchStrategy: all) did 
not find any beans 
(OnBeanCondition)

   SpringDataWebAutoConfigura
tion#springDataWebSettings 
matched:
      - 
@ConditionalOnMissingBean 
(types: org.springframework.d
ata.web.config.SpringDataWebS
ettings; SearchStrategy: 
all) did not find any beans 
(OnBeanCondition)

   SpringDocConfigProperties 
matched:
      - 
@ConditionalOnProperty 
(springdoc.api-docs.enabled) 
matched (OnPropertyCondition)
      - @ConditionalOnBean 
(types: org.springdoc.core.co
nfiguration.SpringDocConfigur
ation; SearchStrategy: all) 
found bean 'org.springdoc.cor
e.configuration.SpringDocConf
iguration' (OnBeanCondition)

   SpringDocConfiguration 
matched:
      - 
@ConditionalOnWebApplication 
(required) found 'session' 
scope 
(OnWebApplicationCondition)
      - 
@ConditionalOnProperty 
(springdoc.api-docs.enabled) 
matched (OnPropertyCondition)

   SpringDocConfiguration#fil
eSupportConverter matched:
      - 
@ConditionalOnMissingBean 
(types: org.springdoc.core.co
nverters.FileSupportConverter
; SearchStrategy: all) did 
not find any beans 
(OnBeanCondition)

   SpringDocConfiguration#ope
nAPIBuilder matched:
      - 
@ConditionalOnMissingBean 
(types: org.springdoc.core.se
rvice.OpenAPIService; 
SearchStrategy: all) did not 
find any beans 
(OnBeanCondition)

   SpringDocConfiguration#ope
rationBuilder matched:
      - 
@ConditionalOnMissingBean 
(types: org.springdoc.core.se
rvice.OperationService; 
SearchStrategy: all) did not 
find any beans 
(OnBeanCondition)

   SpringDocConfiguration#par
ameterBuilder matched:
      - 
@ConditionalOnMissingBean 
(types: org.springdoc.core.se
rvice.GenericParameterService
; SearchStrategy: all) did 
not find any beans 
(OnBeanCondition)

   SpringDocConfiguration#pol
ymorphicModelConverter 
matched:
      - 
@ConditionalOnProperty (sprin
gdoc.model-converters.polymor
phic-converter.enabled) 
matched (OnPropertyCondition)
      - 
@ConditionalOnMissingBean 
(types: org.springdoc.core.co
nverters.PolymorphicModelConv
erter; SearchStrategy: all) 
did not find any beans 
(OnBeanCondition)

   SpringDocConfiguration#req
uestBodyBuilder matched:
      - 
@ConditionalOnMissingBean 
(types: org.springdoc.core.se
rvice.RequestBodyService; 
SearchStrategy: all) did not 
find any beans 
(OnBeanCondition)

   SpringDocConfiguration#res
ponseSupportConverter 
matched:
      - 
@ConditionalOnMissingBean 
(types: org.springdoc.core.co
nverters.ResponseSupportConve
rter; SearchStrategy: all) 
did not find any beans 
(OnBeanCondition)

   SpringDocConfiguration#sch
emaPropertyDeprecatingConvert
er matched:
      - 
@ConditionalOnProperty (sprin
gdoc.model-converters.depreca
ting-converter.enabled) 
matched (OnPropertyCondition)
      - 
@ConditionalOnMissingBean 
(types: org.springdoc.core.co
nverters.SchemaPropertyDeprec
atingConverter; 
SearchStrategy: all) did not 
find any beans 
(OnBeanCondition)

   SpringDocConfiguration#sec
urityParser matched:
      - 
@ConditionalOnMissingBean 
(types: org.springdoc.core.se
rvice.SecurityService; 
SearchStrategy: all) did not 
find any beans 
(OnBeanCondition)

   SpringDocConfiguration#spr
ingDocCustomizers matched:
      - 
@ConditionalOnMissingBean 
(types: org.springdoc.core.cu
stomizers.SpringDocCustomizer
s; SearchStrategy: all) did 
not find any beans 
(OnBeanCondition)

   SpringDocConfiguration#spr
ingDocProviders matched:
      - 
@ConditionalOnMissingBean 
(types: org.springdoc.core.pr
oviders.SpringDocProviders; 
SearchStrategy: all) did not 
find any beans 
(OnBeanCondition)

   SpringDocConfiguration#spr
ingdocObjectMapperProvider 
matched:
      - 
@ConditionalOnMissingBean 
(types: org.springdoc.core.pr
oviders.ObjectMapperProvider;
 SearchStrategy: all) did 
not find any beans 
(OnBeanCondition)

   SpringDocConfiguration.Que
rydslProvider matched:
      - @ConditionalOnClass 
found required class 'org.spr
ingframework.data.querydsl.bi
nding.QuerydslBindingsFactory
' (OnClassCondition)

   SpringDocConfiguration.Que
rydslProvider#queryDslQueryds
lPredicateOperationCustomizer
 matched:
      - 
@ConditionalOnMissingBean 
(types: org.springdoc.core.cu
stomizers.QuerydslPredicateOp
erationCustomizer; 
SearchStrategy: all) did not 
find any beans 
(OnBeanCondition)

   SpringDocConfiguration.Spr
ingDocSpringDataWebProperties
Provider matched:
      - @ConditionalOnClass 
found required class 'org.spr
ingframework.boot.autoconfigu
re.data.web.SpringDataWebProp
erties' (OnClassCondition)

   SpringDocConfiguration.Spr
ingDocSpringDataWebProperties
Provider#springDataWebPropert
iesProvider matched:
      - 
@ConditionalOnMissingBean 
(types: org.springdoc.core.pr
oviders.SpringDataWebProperti
esProvider; SearchStrategy: 
all) did not find any beans 
(OnBeanCondition)

   SpringDocConfiguration.Web
ConversionServiceConfiguratio
n matched:
      - @ConditionalOnClass 
found required class 'org.spr
ingframework.boot.autoconfigu
re.web.format.WebConversionSe
rvice' (OnClassCondition)

   SpringDocPageableConfigura
tion matched:
      - @ConditionalOnClass 
found required class 'org.spr
ingframework.data.domain.Page
able' (OnClassCondition)
      - 
@ConditionalOnWebApplication 
(required) found 'session' 
scope 
(OnWebApplicationCondition)
      - 
@ConditionalOnProperty 
(springdoc.api-docs.enabled) 
matched (OnPropertyCondition)
      - @ConditionalOnBean 
(types: org.springdoc.core.co
nfiguration.SpringDocConfigur
ation; SearchStrategy: all) 
found bean 'org.springdoc.cor
e.configuration.SpringDocConf
iguration' (OnBeanCondition)

   SpringDocPageableConfigura
tion#delegatingMethodParamete
rCustomizer matched:
      - 
@ConditionalOnMissingBean 
(types: org.springdoc.core.cu
stomizers.DelegatingMethodPar
ameterCustomizer; 
SearchStrategy: all) did not 
find any beans 
(OnBeanCondition)

   SpringDocPageableConfigura
tion#pageableOpenAPIConverter
 matched:
      - 
@ConditionalOnProperty (sprin
gdoc.model-converters.pageabl
e-converter.enabled) matched 
(OnPropertyCondition)
      - 
@ConditionalOnMissingBean 
(types: org.springdoc.core.co
nverters.PageableOpenAPIConve
rter; SearchStrategy: all) 
did not find any beans 
(OnBeanCondition)

   
SpringDocSortConfiguration 
matched:
      - @ConditionalOnClass 
found required class 'org.spr
ingframework.data.domain.Sort
' (OnClassCondition)
      - 
@ConditionalOnWebApplication 
(required) found 'session' 
scope 
(OnWebApplicationCondition)
      - 
@ConditionalOnProperty 
(springdoc.api-docs.enabled) 
matched (OnPropertyCondition)
      - @ConditionalOnBean 
(types: org.springdoc.core.co
nfiguration.SpringDocConfigur
ation; SearchStrategy: all) 
found bean 'org.springdoc.cor
e.configuration.SpringDocConf
iguration' (OnBeanCondition)

   SpringDocSortConfiguration
#sortOpenAPIConverter 
matched:
      - 
@ConditionalOnProperty (sprin
gdoc.sort-converter.enabled) 
matched (OnPropertyCondition)
      - 
@ConditionalOnMissingBean 
(types: org.springdoc.core.co
nverters.SortOpenAPIConverter
; SearchStrategy: all) did 
not find any beans 
(OnBeanCondition)

   SpringDocUIConfiguration 
matched:
      - 
@ConditionalOnWebApplication 
(required) found 'session' 
scope 
(OnWebApplicationCondition)
      - @ConditionalOnBean 
(types: org.springdoc.core.co
nfiguration.SpringDocConfigur
ation; SearchStrategy: all) 
found bean 'org.springdoc.cor
e.configuration.SpringDocConf
iguration' (OnBeanCondition)

   
SpringDocWebMvcConfiguration 
matched:
      - found 'session' 
scope 
(OnWebApplicationCondition)
      - 
@ConditionalOnProperty 
(springdoc.api-docs.enabled) 
matched (OnPropertyCondition)
      - @ConditionalOnBean 
(types: org.springdoc.core.co
nfiguration.SpringDocConfigur
ation; SearchStrategy: all) 
found bean 'org.springdoc.cor
e.configuration.SpringDocConf
iguration' (OnBeanCondition)

   SpringDocWebMvcConfigurati
on#openApiResource matched:
      - 
@ConditionalOnExpression (#{(
${springdoc.use-management-po
rt:false} == false ) and ${sp
ringdoc.enable-default-api-do
cs:true}}) resulted in true 
(OnExpressionCondition)
      - 
@ConditionalOnMissingBean 
(types: org.springdoc.webmvc.
api.OpenApiWebMvcResource; 
SearchStrategy: all) did not 
find any beans 
(OnBeanCondition)

   SpringDocWebMvcConfigurati
on#requestBuilder matched:
      - 
@ConditionalOnMissingBean 
(types: org.springdoc.webmvc.
core.service.RequestService; 
SearchStrategy: all) did not 
find any beans 
(OnBeanCondition)

   SpringDocWebMvcConfigurati
on#responseBuilder matched:
      - 
@ConditionalOnMissingBean 
(types: org.springdoc.core.se
rvice.GenericResponseService;
 SearchStrategy: all) did 
not find any beans 
(OnBeanCondition)

   SpringDocWebMvcConfigurati
on#springWebProvider matched:
      - 
@ConditionalOnMissingBean 
(types: org.springdoc.core.pr
oviders.SpringWebProvider; 
SearchStrategy: all) did not 
find any beans 
(OnBeanCondition)

   SpringDocWebMvcConfigurati
on.SpringDocWebMvcRouterConfi
guration matched:
      - @ConditionalOnClass 
found required class 'org.spr
ingframework.web.servlet.func
tion.RouterFunction' 
(OnClassCondition)

   SpringDocWebMvcConfigurati
on.SpringDocWebMvcRouterConfi
guration#routerFunctionProvid
er matched:
      - 
@ConditionalOnMissingBean 
(types: org.springdoc.webmvc.
core.providers.RouterFunction
WebMvcProvider; 
SearchStrategy: all) did not 
find any beans 
(OnBeanCondition)

   SqlInitializationAutoConfi
guration matched:
      - @ConditionalOnBoolean
Property (spring.sql.init.ena
bled=true) matched 
(OnPropertyCondition)
      - NoneNestedConditions 
0 matched 1 did not; 
NestedCondition on SqlInitial
izationAutoConfiguration.SqlI
nitializationModeCondition.Mo
deIsNever 
@ConditionalOnProperty 
(spring.sql.init.mode=never) 
did not find property 
'spring.sql.init.mode' (SqlIn
itializationAutoConfiguration
.SqlInitializationModeConditi
on)

   SslAutoConfiguration#sslBu
ndleRegistry matched:
      - 
@ConditionalOnMissingBean 
(types: org.springframework.b
oot.ssl.SslBundleRegistry,org
.springframework.boot.ssl.Ssl
Bundles; SearchStrategy: 
all) did not find any beans 
(OnBeanCondition)

   SwaggerConfig matched:
      - found 'session' 
scope 
(OnWebApplicationCondition)
      - 
@ConditionalOnProperty (sprin
gdoc.swagger-ui.enabled) 
matched (OnPropertyCondition)
      - @ConditionalOnBean 
(types: org.springdoc.core.co
nfiguration.SpringDocConfigur
ation; SearchStrategy: all) 
found bean 'org.springdoc.cor
e.configuration.SpringDocConf
iguration' (OnBeanCondition)

   SwaggerConfig#indexPageTra
nsformer matched:
      - 
@ConditionalOnMissingBean 
(types: org.springdoc.webmvc.
ui.SwaggerIndexTransformer; 
SearchStrategy: all) did not 
find any beans 
(OnBeanCondition)

   SwaggerConfig#swaggerConfi
gResource matched:
      - 
@ConditionalOnProperty (sprin
gdoc.use-management-port=fals
e) matched 
(OnPropertyCondition)
      - 
@ConditionalOnMissingBean 
(types: org.springdoc.webmvc.
ui.SwaggerConfigResource; 
SearchStrategy: all) did not 
find any beans 
(OnBeanCondition)

   SwaggerConfig#swaggerResou
rceResolver matched:
      - 
@ConditionalOnMissingBean 
(types: org.springdoc.webmvc.
ui.SwaggerResourceResolver; 
SearchStrategy: all) did not 
find any beans 
(OnBeanCondition)

   SwaggerConfig#swaggerWebMv
cConfigurer matched:
      - 
@ConditionalOnMissingBean 
(types: org.springdoc.webmvc.
ui.SwaggerWebMvcConfigurer; 
SearchStrategy: all) did not 
find any beans 
(OnBeanCondition)

   
SwaggerConfig#swaggerWelcome 
matched:
      - 
@ConditionalOnProperty (sprin
gdoc.use-management-port=fals
e) matched 
(OnPropertyCondition)
      - 
@ConditionalOnMissingBean 
(types: org.springdoc.webmvc.
ui.SwaggerWelcomeWebMvc; 
SearchStrategy: all) did not 
find any beans 
(OnBeanCondition)

   SwaggerUiConfigParameters 
matched:
      - 
@ConditionalOnProperty (sprin
gdoc.swagger-ui.enabled) 
matched (OnPropertyCondition)
      - @ConditionalOnBean 
(types: org.springdoc.core.co
nfiguration.SpringDocConfigur
ation; SearchStrategy: all) 
found bean 'org.springdoc.cor
e.configuration.SpringDocConf
iguration' (OnBeanCondition)

   SwaggerUiConfigProperties 
matched:
      - 
@ConditionalOnProperty (sprin
gdoc.swagger-ui.enabled) 
matched (OnPropertyCondition)
      - @ConditionalOnBean 
(types: org.springdoc.core.co
nfiguration.SpringDocConfigur
ation; SearchStrategy: all) 
found bean 'org.springdoc.cor
e.configuration.SpringDocConf
iguration' (OnBeanCondition)

   SwaggerUiOAuthProperties 
matched:
      - 
@ConditionalOnProperty (sprin
gdoc.swagger-ui.enabled) 
matched (OnPropertyCondition)
      - @ConditionalOnBean 
(types: org.springdoc.core.co
nfiguration.SpringDocConfigur
ation; SearchStrategy: all) 
found bean 'org.springdoc.cor
e.configuration.SpringDocConf
iguration' (OnBeanCondition)

   TaskExecutionAutoConfigura
tion matched:
      - @ConditionalOnClass 
found required class 'org.spr
ingframework.scheduling.concu
rrent.ThreadPoolTaskExecutor'
 (OnClassCondition)

   TaskExecutorConfigurations
.AsyncConfigurerConfiguration
 matched:
      - 
@ConditionalOnMissingBean 
(types: org.springframework.s
cheduling.annotation.AsyncCon
figurer; SearchStrategy: 
all) did not find any beans 
(OnBeanCondition)

   TaskExecutorConfigurations
.AsyncConfigurerConfiguration
#applicationTaskExecutorAsync
Configurer matched:
      - 
@ConditionalOnMissingBean 
(types: org.springframework.s
cheduling.annotation.AsyncCon
figurer; SearchStrategy: 
all) did not find any beans 
(OnBeanCondition)

   TaskExecutorConfigurations
.SimpleAsyncTaskExecutorBuild
erConfiguration#simpleAsyncTa
skExecutorBuilderVirtualThrea
ds matched:
      - 
@ConditionalOnMissingBean 
(types: org.springframework.b
oot.task.SimpleAsyncTaskExecu
torBuilder; SearchStrategy: 
all) did not find any beans 
(OnBeanCondition)
      - 
@ConditionalOnThreading 
found VIRTUAL 
(OnThreadingCondition)

   TaskExecutorConfigurations
.TaskExecutorConfiguration 
matched:
      - AnyNestedCondition 1 
matched 1 did not; 
NestedCondition on TaskExecut
orConfigurations.OnExecutorCo
ndition.ModelCondition 
@ConditionalOnProperty (sprin
g.task.execution.mode=force) 
did not find property 'spring
.task.execution.mode'; 
NestedCondition on TaskExecut
orConfigurations.OnExecutorCo
ndition.ExecutorBeanCondition
 @ConditionalOnMissingBean 
(types: java.util.concurrent.
Executor; SearchStrategy: 
all) did not find any beans (
TaskExecutorConfigurations.On
ExecutorCondition)

   TaskExecutorConfigurations
.TaskExecutorConfiguration#ap
plicationTaskExecutorVirtualT
hreads matched:
      - 
@ConditionalOnThreading 
found VIRTUAL 
(OnThreadingCondition)

   TaskExecutorConfigurations
.ThreadPoolTaskExecutorBuilde
rConfiguration#threadPoolTask
ExecutorBuilder matched:
      - 
@ConditionalOnMissingBean 
(types: org.springframework.b
oot.task.ThreadPoolTaskExecut
orBuilder; SearchStrategy: 
all) did not find any beans 
(OnBeanCondition)

   TaskSchedulingAutoConfigur
ation matched:
      - @ConditionalOnClass 
found required class 'org.spr
ingframework.scheduling.concu
rrent.ThreadPoolTaskScheduler
' (OnClassCondition)

   TaskSchedulingConfiguratio
ns.SimpleAsyncTaskSchedulerBu
ilderConfiguration#simpleAsyn
cTaskSchedulerBuilderVirtualT
hreads matched:
      - 
@ConditionalOnMissingBean 
(types: org.springframework.b
oot.task.SimpleAsyncTaskSched
ulerBuilder; SearchStrategy: 
all) did not find any beans 
(OnBeanCondition)
      - 
@ConditionalOnThreading 
found VIRTUAL 
(OnThreadingCondition)

   TaskSchedulingConfiguratio
ns.ThreadPoolTaskSchedulerBui
lderConfiguration#threadPoolT
askSchedulerBuilder matched:
      - 
@ConditionalOnMissingBean 
(types: org.springframework.b
oot.task.ThreadPoolTaskSchedu
lerBuilder; SearchStrategy: 
all) did not find any beans 
(OnBeanCondition)

   
TransactionAutoConfiguration 
matched:
      - @ConditionalOnClass 
found required class 'org.spr
ingframework.transaction.Plat
formTransactionManager' 
(OnClassCondition)

   TransactionAutoConfigurati
on.EnableTransactionManagemen
tConfiguration matched:
      - @ConditionalOnBean 
(types: org.springframework.t
ransaction.TransactionManager
; SearchStrategy: all) found 
bean 'transactionManager'; 
@ConditionalOnMissingBean 
(types: org.springframework.t
ransaction.annotation.Abstrac
tTransactionManagementConfigu
ration; SearchStrategy: all) 
did not find any beans 
(OnBeanCondition)

   TransactionAutoConfigurati
on.EnableTransactionManagemen
tConfiguration.CglibAutoProxy
Configuration matched:
      - @ConditionalOnBoolean
Property (spring.aop.proxy-ta
rget-class=true) matched 
(OnPropertyCondition)

   TransactionAutoConfigurati
on.TransactionTemplateConfigu
ration matched:
      - @ConditionalOnSingleC
andidate (types: org.springfr
amework.transaction.PlatformT
ransactionManager; 
SearchStrategy: all) found a 
single bean 
'transactionManager' 
(OnBeanCondition)

   TransactionAutoConfigurati
on.TransactionTemplateConfigu
ration#transactionTemplate 
matched:
      - 
@ConditionalOnMissingBean 
(types: org.springframework.t
ransaction.support.Transactio
nOperations; SearchStrategy: 
all) did not find any beans 
(OnBeanCondition)

   TransactionManagerCustomiz
ationAutoConfiguration 
matched:
      - @ConditionalOnClass 
found required class 'org.spr
ingframework.transaction.Plat
formTransactionManager' 
(OnClassCondition)

   TransactionManagerCustomiz
ationAutoConfiguration#platfo
rmTransactionManagerCustomize
rs matched:
      - 
@ConditionalOnMissingBean 
(types: org.springframework.b
oot.autoconfigure.transaction
.TransactionManagerCustomizer
s; SearchStrategy: all) did 
not find any beans 
(OnBeanCondition)

   
ValidationAutoConfiguration 
matched:
      - @ConditionalOnClass 
found required class 'jakarta
.validation.executable.Execut
ableValidator' 
(OnClassCondition)
      - 
@ConditionalOnResource found 
location classpath:META-INF/s
ervices/jakarta.validation.sp
i.ValidationProvider 
(OnResourceCondition)

   ValidationAutoConfiguratio
n#defaultValidator matched:
      - 
@ConditionalOnMissingBean 
(types: jakarta.validation.Va
lidator; SearchStrategy: 
all) did not find any beans 
(OnBeanCondition)

   ValidationAutoConfiguratio
n#methodValidationPostProcess
or matched:
      - 
@ConditionalOnMissingBean 
(types: org.springframework.v
alidation.beanvalidation.Meth
odValidationPostProcessor; 
SearchStrategy: current) did 
not find any beans 
(OnBeanCondition)

   WebMvcAutoConfiguration 
matched:
      - @ConditionalOnClass 
found required classes 
'jakarta.servlet.Servlet', 'o
rg.springframework.web.servle
t.DispatcherServlet', 'org.sp
ringframework.web.servlet.con
fig.annotation.WebMvcConfigur
er' (OnClassCondition)
      - found 'session' 
scope 
(OnWebApplicationCondition)
      - 
@ConditionalOnMissingBean 
(types: org.springframework.w
eb.servlet.config.annotation.
WebMvcConfigurationSupport; 
SearchStrategy: all) did not 
find any beans 
(OnBeanCondition)

   WebMvcAutoConfiguration#fo
rmContentFilter matched:
      - @ConditionalOnBoolean
Property (spring.mvc.formcont
ent.filter.enabled=true) 
matched (OnPropertyCondition)
      - 
@ConditionalOnMissingBean 
(types: org.springframework.w
eb.filter.FormContentFilter; 
SearchStrategy: all) did not 
find any beans 
(OnBeanCondition)

   WebMvcAutoConfiguration.En
ableWebMvcConfiguration#flash
MapManager matched:
      - 
@ConditionalOnMissingBean 
(names: flashMapManager; 
SearchStrategy: all) did not 
find any beans 
(OnBeanCondition)

   WebMvcAutoConfiguration.En
ableWebMvcConfiguration#local
eResolver matched:
      - 
@ConditionalOnMissingBean 
(names: localeResolver; 
SearchStrategy: all) did not 
find any beans 
(OnBeanCondition)

   WebMvcAutoConfiguration.En
ableWebMvcConfiguration#theme
Resolver matched:
      - 
@ConditionalOnMissingBean 
(names: themeResolver; 
SearchStrategy: all) did not 
find any beans 
(OnBeanCondition)

   WebMvcAutoConfiguration.En
ableWebMvcConfiguration#viewN
ameTranslator matched:
      - 
@ConditionalOnMissingBean 
(names: viewNameTranslator; 
SearchStrategy: all) did not 
find any beans 
(OnBeanCondition)

   WebMvcAutoConfiguration.We
bMvcAutoConfigurationAdapter#
defaultViewResolver matched:
      - 
@ConditionalOnMissingBean 
(types: org.springframework.w
eb.servlet.view.InternalResou
rceViewResolver; 
SearchStrategy: all) did not 
find any beans 
(OnBeanCondition)

   WebMvcAutoConfiguration.We
bMvcAutoConfigurationAdapter#
requestContextFilter matched:
      - 
@ConditionalOnMissingBean 
(types: org.springframework.w
eb.context.request.RequestCon
textListener,org.springframew
ork.web.filter.RequestContext
Filter; SearchStrategy: all) 
did not find any beans 
(OnBeanCondition)

   WebMvcAutoConfiguration.We
bMvcAutoConfigurationAdapter#
viewResolver matched:
      - @ConditionalOnBean 
(types: org.springframework.w
eb.servlet.ViewResolver; 
SearchStrategy: all) found 
beans 'defaultViewResolver', 
'beanNameViewResolver', 
'mvcViewResolver'; 
@ConditionalOnMissingBean 
(names: viewResolver types: o
rg.springframework.web.servle
t.view.ContentNegotiatingView
Resolver; SearchStrategy: 
all) did not find any beans 
(OnBeanCondition)

   WebSocketServletAutoConfig
uration matched:
      - @ConditionalOnClass 
found required classes 
'jakarta.servlet.Servlet', 'j
akarta.websocket.server.Serve
rContainer' 
(OnClassCondition)
      - found 'session' 
scope 
(OnWebApplicationCondition)

   WebSocketServletAutoConfig
uration.TomcatWebSocketConfig
uration matched:
      - @ConditionalOnClass 
found required classes 'org.a
pache.catalina.startup.Tomcat
', 'org.apache.tomcat.websock
et.server.WsSci' 
(OnClassCondition)

   WebSocketServletAutoConfig
uration.TomcatWebSocketConfig
uration#websocketServletWebSe
rverCustomizer matched:
      - 
@ConditionalOnMissingBean 
(names: websocketServletWebSe
rverCustomizer; 
SearchStrategy: all) did not 
find any beans 
(OnBeanCondition)


Negative matches:
-----------------

   ActiveMQAutoConfiguration:
      Did not match:
         - 
@ConditionalOnClass did not 
find required class 'jakarta.
jms.ConnectionFactory' 
(OnClassCondition)

   AopAutoConfiguration.Aspec
tJAutoProxyingConfiguration.J
dkDynamicAutoProxyConfigurati
on:
      Did not match:
         - @ConditionalOnBool
eanProperty (spring.aop.proxy
-target-class=false) did not 
find property 'spring.aop.pro
xy-target-class' 
(OnPropertyCondition)

   AopAutoConfiguration.Class
ProxyingConfiguration:
      Did not match:
         - 
@ConditionalOnMissingClass 
found unwanted class 
'org.aspectj.weaver.Advice' 
(OnClassCondition)

   ArtemisAutoConfiguration:
      Did not match:
         - 
@ConditionalOnClass did not 
find required class 'jakarta.
jms.ConnectionFactory' 
(OnClassCondition)

   BatchAutoConfiguration:
      Did not match:
         - 
@ConditionalOnClass did not 
find required class 'org.spri
ngframework.batch.core.launch
.JobLauncher' 
(OnClassCondition)

   Cache2kCacheConfiguration:
      Did not match:
         - 
@ConditionalOnClass did not 
find required class 
'org.cache2k.Cache2kBuilder' 
(OnClassCondition)

   CacheAutoConfiguration:
      Did not match:
         - 
@ConditionalOnBean (types: or
g.springframework.cache.inter
ceptor.CacheAspectSupport; 
SearchStrategy: all) did not 
find any beans of type org.sp
ringframework.cache.intercept
or.CacheAspectSupport 
(OnBeanCondition)
      Matched:
         - 
@ConditionalOnClass found 
required class 'org.springfra
mework.cache.CacheManager' 
(OnClassCondition)

   CacheAutoConfiguration.Cac
heManagerEntityManagerFactory
DependsOnPostProcessor:
      Did not match:
         - Ancestor org.sprin
gframework.boot.autoconfigure
.cache.CacheAutoConfiguration
 did not match (ConditionEval
uationReport.AncestorsMatched
Condition)
      Matched:
         - 
@ConditionalOnClass found 
required class 'org.springfra
mework.orm.jpa.LocalContainer
EntityManagerFactoryBean' 
(OnClassCondition)

   
CaffeineCacheConfiguration:
      Did not match:
         - 
@ConditionalOnClass did not 
find required class 'org.spri
ngframework.cache.caffeine.Ca
ffeineCacheManager' 
(OnClassCondition)

   
CassandraAutoConfiguration:
      Did not match:
         - 
@ConditionalOnClass did not 
find required class 'com.data
stax.oss.driver.api.core.CqlS
ession' (OnClassCondition)

   CassandraDataAutoConfigura
tion:
      Did not match:
         - 
@ConditionalOnClass did not 
find required class 'com.data
stax.oss.driver.api.core.CqlS
ession' (OnClassCondition)

   CassandraReactiveDataAutoC
onfiguration:
      Did not match:
         - 
@ConditionalOnClass did not 
find required class 'com.data
stax.oss.driver.api.core.CqlS
ession' (OnClassCondition)

   CassandraReactiveRepositor
iesAutoConfiguration:
      Did not match:
         - 
@ConditionalOnClass did not 
find required class 'org.spri
ngframework.data.cassandra.Re
activeSession' 
(OnClassCondition)

   CassandraRepositoriesAutoC
onfiguration:
      Did not match:
         - 
@ConditionalOnClass did not 
find required class 'com.data
stax.oss.driver.api.core.CqlS
ession' (OnClassCondition)

   org.springframework.boot.a
utoconfigure.http.client.reac
tive.ClientHttpConnectorAutoC
onfiguration:
      Did not match:
         - 
@ConditionalOnClass did not 
find required class 'reactor.
core.publisher.Mono' 
(OnClassCondition)

   org.springframework.boot.a
utoconfigure.web.reactive.fun
ction.client.ClientHttpConnec
torAutoConfiguration:
      Did not match:
         - 
@ConditionalOnClass did not 
find required class 'org.spri
ngframework.web.reactive.func
tion.client.WebClient' 
(OnClassCondition)

   CodecsAutoConfiguration:
      Did not match:
         - 
@ConditionalOnClass did not 
find required class 'org.spri
ngframework.web.reactive.func
tion.client.WebClient' 
(OnClassCondition)

   
CouchbaseAutoConfiguration:
      Did not match:
         - 
@ConditionalOnClass did not 
find required class 'com.couc
hbase.client.java.Cluster' 
(OnClassCondition)

   
CouchbaseCacheConfiguration:
      Did not match:
         - 
@ConditionalOnClass did not 
find required class 'com.couc
hbase.client.java.Cluster' 
(OnClassCondition)

   CouchbaseDataAutoConfigura
tion:
      Did not match:
         - 
@ConditionalOnClass did not 
find required class 'com.couc
hbase.client.java.Bucket' 
(OnClassCondition)

   CouchbaseReactiveDataAutoC
onfiguration:
      Did not match:
         - 
@ConditionalOnClass did not 
find required class 'com.couc
hbase.client.java.Cluster' 
(OnClassCondition)

   CouchbaseReactiveRepositor
iesAutoConfiguration:
      Did not match:
         - 
@ConditionalOnClass did not 
find required class 'com.couc
hbase.client.java.Cluster' 
(OnClassCondition)

   CouchbaseRepositoriesAutoC
onfiguration:
      Did not match:
         - 
@ConditionalOnClass did not 
find required class 'com.couc
hbase.client.java.Bucket' 
(OnClassCondition)

   DataSourceAutoConfiguratio
n.EmbeddedDatabaseConfigurati
on:
      Did not match:
         - 
EmbeddedDataSource 
spring.datasource.url is set 
(DataSourceAutoConfiguration.
EmbeddedDatabaseCondition)

   DataSourceCheckpointRestor
eConfiguration:
      Did not match:
         - 
@ConditionalOnClass did not 
find required class 
'org.crac.Resource' 
(OnClassCondition)

   DataSourceConfiguration.Db
cp2:
      Did not match:
         - 
@ConditionalOnClass did not 
find required class 'org.apac
he.commons.dbcp2.BasicDataSou
rce' (OnClassCondition)

   DataSourceConfiguration.Ge
neric:
      Did not match:
         - 
@ConditionalOnProperty 
(spring.datasource.type) did 
not find property 
'spring.datasource.type' 
(OnPropertyCondition)

   DataSourceConfiguration.Or
acleUcp:
      Did not match:
         - 
@ConditionalOnClass did not 
find required classes 'oracle
.ucp.jdbc.PoolDataSourceImpl'
, 'oracle.jdbc.OracleConnecti
on' (OnClassCondition)

   DataSourceConfiguration.To
mcat:
      Did not match:
         - 
@ConditionalOnClass did not 
find required class 'org.apac
he.tomcat.jdbc.pool.DataSourc
e' (OnClassCondition)

   
DataSourceJmxConfiguration:
      Did not match:
         - @ConditionalOnBool
eanProperty 
(spring.jmx.enabled=true) 
found different value in 
property 
'spring.jmx.enabled' 
(OnPropertyCondition)

   DataSourcePoolMetadataProv
idersConfiguration.CommonsDbc
p2PoolDataSourceMetadataProvi
derConfiguration:
      Did not match:
         - 
@ConditionalOnClass did not 
find required class 'org.apac
he.commons.dbcp2.BasicDataSou
rce' (OnClassCondition)

   DataSourcePoolMetadataProv
idersConfiguration.OracleUcpP
oolDataSourceMetadataProvider
Configuration:
      Did not match:
         - 
@ConditionalOnClass did not 
find required classes 'oracle
.ucp.jdbc.PoolDataSource', 'o
racle.jdbc.OracleConnection' 
(OnClassCondition)

   DataSourcePoolMetadataProv
idersConfiguration.TomcatData
SourcePoolMetadataProviderCon
figuration:
      Did not match:
         - 
@ConditionalOnClass did not 
find required class 'org.apac
he.tomcat.jdbc.pool.DataSourc
e' (OnClassCondition)

   DataSourceTransactionManag
erAutoConfiguration.JdbcTrans
actionManagerConfiguration#tr
ansactionManager:
      Did not match:
         - 
@ConditionalOnMissingBean 
(types: org.springframework.t
ransaction.TransactionManager
; SearchStrategy: all) found 
beans of type 'org.springfram
ework.transaction.Transaction
Manager' transactionManager 
(OnBeanCondition)

   DispatcherServletAutoConfi
guration.DispatcherServletCon
figuration#multipartResolver:
      Did not match:
         - 
@ConditionalOnBean (types: or
g.springframework.web.multipa
rt.MultipartResolver; 
SearchStrategy: all) did not 
find any beans of type org.sp
ringframework.web.multipart.M
ultipartResolver 
(OnBeanCondition)

   ElasticsearchClientAutoCon
figuration:
      Did not match:
         - 
@ConditionalOnClass did not 
find required class 'co.elast
ic.clients.elasticsearch.Elas
ticsearchClient' 
(OnClassCondition)

   ElasticsearchDataAutoConfi
guration:
      Did not match:
         - 
@ConditionalOnClass did not 
find required class 'org.spri
ngframework.data.elasticsearc
h.client.elc.ElasticsearchTem
plate' (OnClassCondition)

   ElasticsearchRepositoriesA
utoConfiguration:
      Did not match:
         - 
@ConditionalOnClass did not 
find required class 'org.spri
ngframework.data.elasticsearc
h.repository.ElasticsearchRep
ository' (OnClassCondition)

   ElasticsearchRestClientAut
oConfiguration:
      Did not match:
         - 
@ConditionalOnClass did not 
find required class 'org.elas
ticsearch.client.RestClientBu
ilder' (OnClassCondition)

   EmbeddedLdapAutoConfigurat
ion:
      Did not match:
         - 
@ConditionalOnClass did not 
find required class 'com.unbo
undid.ldap.listener.InMemoryD
irectoryServer' 
(OnClassCondition)

   EmbeddedWebServerFactoryCu
stomizerAutoConfiguration:
      Did not match:
         - Application is 
deployed as a WAR file. 
(OnWarDeploymentCondition)
      Matched:
         - 
@ConditionalOnWebApplication 
(required) found 'session' 
scope 
(OnWebApplicationCondition)

   ErrorWebFluxAutoConfigurat
ion:
      Did not match:
         - 
@ConditionalOnClass did not 
find required class 'org.spri
ngframework.web.reactive.conf
ig.WebFluxConfigurer' 
(OnClassCondition)

   FlywayAutoConfiguration:
      Did not match:
         - 
@ConditionalOnClass did not 
find required class 
'org.flywaydb.core.Flyway' 
(OnClassCondition)

   
FreeMarkerAutoConfiguration:
      Did not match:
         - 
@ConditionalOnClass did not 
find required class 'freemark
er.template.Configuration' 
(OnClassCondition)

   GraphQlAutoConfiguration:
      Did not match:
         - 
@ConditionalOnClass did not 
find required class 
'graphql.GraphQL' 
(OnClassCondition)

   GraphQlQueryByExampleAutoC
onfiguration:
      Did not match:
         - 
@ConditionalOnClass did not 
find required class 
'graphql.GraphQL' 
(OnClassCondition)

   GraphQlQuerydslAutoConfigu
ration:
      Did not match:
         - 
@ConditionalOnClass did not 
find required class 
'com.querydsl.core.Query' 
(OnClassCondition)

   GraphQlRSocketAutoConfigur
ation:
      Did not match:
         - 
@ConditionalOnClass did not 
find required class 
'graphql.GraphQL' 
(OnClassCondition)

   GraphQlReactiveQueryByExam
pleAutoConfiguration:
      Did not match:
         - 
@ConditionalOnClass did not 
find required class 
'graphql.GraphQL' 
(OnClassCondition)

   GraphQlReactiveQuerydslAut
oConfiguration:
      Did not match:
         - 
@ConditionalOnClass did not 
find required class 
'com.querydsl.core.Query' 
(OnClassCondition)

   GraphQlWebFluxAutoConfigur
ation:
      Did not match:
         - 
@ConditionalOnClass did not 
find required class 
'graphql.GraphQL' 
(OnClassCondition)

   GraphQlWebFluxSecurityAuto
Configuration:
      Did not match:
         - 
@ConditionalOnClass did not 
find required class 
'graphql.GraphQL' 
(OnClassCondition)

   GraphQlWebMvcAutoConfigura
tion:
      Did not match:
         - 
@ConditionalOnClass did not 
find required class 
'graphql.GraphQL' 
(OnClassCondition)

   GraphQlWebMvcSecurityAutoC
onfiguration:
      Did not match:
         - 
@ConditionalOnClass did not 
find required class 
'graphql.GraphQL' 
(OnClassCondition)

   GroovyTemplateAutoConfigur
ation:
      Did not match:
         - 
@ConditionalOnClass did not 
find required class 'groovy.t
ext.markup.MarkupTemplateEngi
ne' (OnClassCondition)

   GsonAutoConfiguration:
      Did not match:
         - 
@ConditionalOnClass did not 
find required class 
'com.google.gson.Gson' 
(OnClassCondition)

   GsonHttpMessageConvertersC
onfiguration:
      Did not match:
         - 
@ConditionalOnClass did not 
find required class 
'com.google.gson.Gson' 
(OnClassCondition)

   
H2ConsoleAutoConfiguration:
      Did not match:
         - @ConditionalOnBool
eanProperty (spring.h2.consol
e.enabled=true) did not find 
property 
'spring.h2.console.enabled' 
(OnPropertyCondition)
      Matched:
         - 
@ConditionalOnClass found 
required class 'org.h2.server
.web.JakartaWebServlet' 
(OnClassCondition)
         - found 'session' 
scope 
(OnWebApplicationCondition)

   
HazelcastAutoConfiguration:
      Did not match:
         - 
@ConditionalOnClass did not 
find required class 'com.haze
lcast.core.HazelcastInstance'
 (OnClassCondition)

   
HazelcastCacheConfiguration:
      Did not match:
         - 
@ConditionalOnClass did not 
find required class 'com.haze
lcast.core.HazelcastInstance'
 (OnClassCondition)

   HazelcastJpaDependencyAuto
Configuration:
      Did not match:
         - 
@ConditionalOnClass did not 
find required class 'com.haze
lcast.core.HazelcastInstance'
 (OnClassCondition)

   
HttpHandlerAutoConfiguration:
      Did not match:
         - 
@ConditionalOnClass did not 
find required class 'org.spri
ngframework.web.reactive.Disp
atcherHandler' 
(OnClassCondition)

   
HypermediaAutoConfiguration:
      Did not match:
         - 
@ConditionalOnClass did not 
find required class 'org.spri
ngframework.hateoas.EntityMod
el' (OnClassCondition)

   
InfinispanCacheConfiguration:
      Did not match:
         - 
@ConditionalOnClass did not 
find required class 'org.infi
nispan.spring.embedded.provid
er.SpringEmbeddedCacheManager
' (OnClassCondition)

   
IntegrationAutoConfiguration:
      Did not match:
         - 
@ConditionalOnClass did not 
find required class 'org.spri
ngframework.integration.confi
g.EnableIntegration' 
(OnClassCondition)

   JCacheCacheConfiguration:
      Did not match:
         - 
@ConditionalOnClass did not 
find required class 
'javax.cache.Caching' 
(OnClassCondition)

   JacksonHttpMessageConverte
rsConfiguration.MappingJackso
n2XmlHttpMessageConverterConf
iguration:
      Did not match:
         - 
@ConditionalOnClass did not 
find required class 'com.fast
erxml.jackson.dataformat.xml.
XmlMapper' (OnClassCondition)

   JdbcRepositoriesAutoConfig
uration:
      Did not match:
         - 
@ConditionalOnClass did not 
find required class 'org.spri
ngframework.data.jdbc.reposit
ory.config.AbstractJdbcConfig
uration' (OnClassCondition)

   JerseyAutoConfiguration:
      Did not match:
         - 
@ConditionalOnClass did not 
find required class 'org.glas
sfish.jersey.server.spring.Sp
ringComponentProvider' 
(OnClassCondition)

   JmsAutoConfiguration:
      Did not match:
         - 
@ConditionalOnClass did not 
find required class 
'jakarta.jms.Message' 
(OnClassCondition)

   JmxAutoConfiguration:
      Did not match:
         - @ConditionalOnBool
eanProperty 
(spring.jmx.enabled=true) 
found different value in 
property 
'spring.jmx.enabled' 
(OnPropertyCondition)
      Matched:
         - 
@ConditionalOnClass found 
required class 'org.springfra
mework.jmx.export.MBeanExport
er' (OnClassCondition)

   JndiConnectionFactoryAutoC
onfiguration:
      Did not match:
         - 
@ConditionalOnClass did not 
find required class 'org.spri
ngframework.jms.core.JmsTempl
ate' (OnClassCondition)

   JndiDataSourceAutoConfigur
ation:
      Did not match:
         - 
@ConditionalOnProperty (sprin
g.datasource.jndi-name) did 
not find property 'spring.dat
asource.jndi-name' 
(OnPropertyCondition)
      Matched:
         - 
@ConditionalOnClass found 
required classes 
'javax.sql.DataSource', 'org.
springframework.jdbc.datasour
ce.embedded.EmbeddedDatabaseT
ype' (OnClassCondition)

   JndiJtaConfiguration:
      Did not match:
         - 
@ConditionalOnJndi JNDI 
environment is not available 
(OnJndiCondition)
      Matched:
         - 
@ConditionalOnClass found 
required class 'org.springfra
mework.transaction.jta.JtaTra
nsactionManager' 
(OnClassCondition)

   JooqAutoConfiguration:
      Did not match:
         - 
@ConditionalOnClass did not 
find required class 
'org.jooq.DSLContext' 
(OnClassCondition)

   JpaRepositoriesAutoConfigu
ration#entityManagerFactoryBo
otstrapExecutorCustomizer:
      Did not match:
         - 
AnyNestedCondition 0 matched 
2 did not; NestedCondition 
on JpaRepositoriesAutoConfigu
ration.BootstrapExecutorCondi
tion.LazyBootstrapMode 
@ConditionalOnProperty (sprin
g.data.jpa.repositories.boots
trap-mode=lazy) did not find 
property 'spring.data.jpa.rep
ositories.bootstrap-mode'; 
NestedCondition on JpaReposit
oriesAutoConfiguration.Bootst
rapExecutorCondition.Deferred
BootstrapMode 
@ConditionalOnProperty (sprin
g.data.jpa.repositories.boots
trap-mode=deferred) did not 
find property 'spring.data.jp
a.repositories.bootstrap-mode
' (JpaRepositoriesAutoConfigu
ration.BootstrapExecutorCondi
tion)

   JsonbAutoConfiguration:
      Did not match:
         - 
@ConditionalOnClass did not 
find required class 
'jakarta.json.bind.Jsonb' 
(OnClassCondition)

   JsonbHttpMessageConverters
Configuration:
      Did not match:
         - 
@ConditionalOnClass did not 
find required class 
'jakarta.json.bind.Jsonb' 
(OnClassCondition)

   KafkaAutoConfiguration:
      Did not match:
         - 
@ConditionalOnClass did not 
find required class 'org.spri
ngframework.kafka.core.KafkaT
emplate' (OnClassCondition)

   LdapAutoConfiguration:
      Did not match:
         - 
@ConditionalOnClass did not 
find required class 'org.spri
ngframework.ldap.core.Context
Source' (OnClassCondition)

   LdapRepositoriesAutoConfig
uration:
      Did not match:
         - 
@ConditionalOnClass did not 
find required class 'org.spri
ngframework.data.ldap.reposit
ory.LdapRepository' 
(OnClassCondition)

   LiquibaseAutoConfiguration
.CustomizerConfiguration#spri
ngLiquibaseCustomizer:
      Did not match:
         - 
@ConditionalOnBean (types: li
quibase.integration.spring.Cu
stomizer; SearchStrategy: 
all) did not find any beans 
of type liquibase.integration
.spring.Customizer 
(OnBeanCondition)

   
MailSenderAutoConfiguration:
      Did not match:
         - 
@ConditionalOnClass did not 
find required class 'jakarta.
mail.internet.MimeMessage' 
(OnClassCondition)

   MailSenderValidatorAutoCon
figuration:
      Did not match:
         - @ConditionalOnSing
leCandidate did not find 
required type 'org.springfram
ework.mail.javamail.JavaMailS
enderImpl' (OnBeanCondition)

   MessageSourceAutoConfigura
tion:
      Did not match:
         - ResourceBundle 
did not find bundle with 
basename messages (MessageSou
rceAutoConfiguration.Resource
BundleCondition)

   MongoAutoConfiguration:
      Did not match:
         - 
@ConditionalOnClass did not 
find required class 'com.mong
odb.client.MongoClient' 
(OnClassCondition)

   
MongoDataAutoConfiguration:
      Did not match:
         - 
@ConditionalOnClass did not 
find required class 'com.mong
odb.client.MongoClient' 
(OnClassCondition)

   MongoReactiveAutoConfigura
tion:
      Did not match:
         - 
@ConditionalOnClass did not 
find required class 'com.mong
odb.reactivestreams.client.Mo
ngoClient' (OnClassCondition)

   MongoReactiveDataAutoConfi
guration:
      Did not match:
         - 
@ConditionalOnClass did not 
find required class 'com.mong
odb.reactivestreams.client.Mo
ngoClient' (OnClassCondition)

   MongoReactiveRepositoriesA
utoConfiguration:
      Did not match:
         - 
@ConditionalOnClass did not 
find required class 'com.mong
odb.reactivestreams.client.Mo
ngoClient' (OnClassCondition)

   MongoRepositoriesAutoConfi
guration:
      Did not match:
         - 
@ConditionalOnClass did not 
find required class 'com.mong
odb.client.MongoClient' 
(OnClassCondition)

   MultipleOpenApiSupportConf
iguration:
      Did not match:
         - 
AnyNestedCondition 0 matched 
2 did not; NestedCondition 
on MultipleOpenApiSupportCond
ition.OnActuatorDifferentPort
 @ConditionalOnProperty 
(springdoc.show-actuator) 
did not find property 
'springdoc.show-actuator'; 
NestedCondition on MultipleOp
enApiSupportCondition.OnMulti
pleOpenApiSupportCondition 
AnyNestedCondition 0 matched 
2 did not; NestedCondition 
on MultipleOpenApiGroupsCondi
tion.OnGroupConfigProperty 
@ConditionalOnProperty (sprin
gdoc.group-configs[0].group) 
did not find property 'spring
doc.group-configs[0].group'; 
NestedCondition on MultipleOp
enApiGroupsCondition.OnGroupe
dOpenApiBean 
@ConditionalOnBean (types: or
g.springdoc.core.models.Group
edOpenApi; SearchStrategy: 
all) did not find any beans 
of type org.springdoc.core.mo
dels.GroupedOpenApi (Multiple
OpenApiSupportCondition)
      Matched:
         - found 'session' 
scope 
(OnWebApplicationCondition)
         - 
@ConditionalOnProperty 
(springdoc.api-docs.enabled) 
matched (OnPropertyCondition)

   MultipleOpenApiSupportConf
iguration.SpringDocWebMvcActu
atorDifferentConfiguration:
      Did not match:
         - 
@ConditionalOnClass did not 
find required class 'org.spri
ngframework.boot.actuate.endp
oint.web.servlet.WebMvcEndpoi
ntHandlerMapping' 
(OnClassCondition)
         - Ancestor org.sprin
gdoc.webmvc.core.configuratio
n.MultipleOpenApiSupportConfi
guration did not match (Condi
tionEvaluationReport.Ancestor
sMatchedCondition)

   MustacheAutoConfiguration:
      Did not match:
         - 
@ConditionalOnClass did not 
find required class 'com.sams
kivert.mustache.Mustache' 
(OnClassCondition)

   Neo4jAutoConfiguration:
      Did not match:
         - 
@ConditionalOnClass did not 
find required class 
'org.neo4j.driver.Driver' 
(OnClassCondition)

   
Neo4jDataAutoConfiguration:
      Did not match:
         - 
@ConditionalOnClass did not 
find required class 
'org.neo4j.driver.Driver' 
(OnClassCondition)

   Neo4jReactiveDataAutoConfi
guration:
      Did not match:
         - 
@ConditionalOnClass did not 
find required class 
'org.neo4j.driver.Driver' 
(OnClassCondition)

   Neo4jReactiveRepositoriesA
utoConfiguration:
      Did not match:
         - 
@ConditionalOnClass did not 
find required class 
'org.neo4j.driver.Driver' 
(OnClassCondition)

   Neo4jRepositoriesAutoConfi
guration:
      Did not match:
         - 
@ConditionalOnClass did not 
find required class 
'org.neo4j.driver.Driver' 
(OnClassCondition)

   NettyAutoConfiguration:
      Did not match:
         - 
@ConditionalOnClass did not 
find required class 
'io.netty.util.NettyRuntime' 
(OnClassCondition)

   OAuth2AuthorizationServerA
utoConfiguration:
      Did not match:
         - 
@ConditionalOnClass did not 
find required class 'org.spri
ngframework.security.oauth2.s
erver.authorization.OAuth2Aut
horization' 
(OnClassCondition)

   OAuth2AuthorizationServerJ
wtAutoConfiguration:
      Did not match:
         - 
@ConditionalOnClass did not 
find required class 'com.nimb
usds.jose.jwk.source.JWKSourc
e' (OnClassCondition)

   OAuth2ClientAutoConfigurat
ion:
      Did not match:
         - 
@ConditionalOnClass did not 
find required class 'org.spri
ngframework.security.oauth2.c
lient.registration.ClientRegi
stration' (OnClassCondition)

   OAuth2ClientWebSecurityAut
oConfiguration:
      Did not match:
         - 
@ConditionalOnClass did not 
find required class 'org.spri
ngframework.security.config.a
nnotation.web.configuration.E
nableWebSecurity' 
(OnClassCondition)

   OAuth2ResourceServerAutoCo
nfiguration:
      Did not match:
         - 
@ConditionalOnClass did not 
find required class 'org.spri
ngframework.security.oauth2.s
erver.resource.authentication
.BearerTokenAuthenticationTok
en' (OnClassCondition)

   ProjectInfoAutoConfigurati
on#buildProperties:
      Did not match:
         - 
@ConditionalOnResource did 
not find resource '${spring.i
nfo.build.location:classpath:
META-INF/build-info.propertie
s}' (OnResourceCondition)

   ProjectInfoAutoConfigurati
on#gitProperties:
      Did not match:
         - GitResource did 
not find git info at 
classpath:git.properties (Pro
jectInfoAutoConfiguration.Git
ResourceAvailableCondition)

   PulsarAutoConfiguration:
      Did not match:
         - 
@ConditionalOnClass did not 
find required class 'org.apac
he.pulsar.client.api.PulsarCl
ient' (OnClassCondition)

   PulsarReactiveAutoConfigur
ation:
      Did not match:
         - 
@ConditionalOnClass did not 
find required class 'org.apac
he.pulsar.client.api.PulsarCl
ient' (OnClassCondition)

   QuartzAutoConfiguration:
      Did not match:
         - 
@ConditionalOnClass did not 
find required class 
'org.quartz.Scheduler' 
(OnClassCondition)

   R2dbcAutoConfiguration:
      Did not match:
         - 
@ConditionalOnClass did not 
find required class 'io.r2dbc
.spi.ConnectionFactory' 
(OnClassCondition)

   
R2dbcDataAutoConfiguration:
      Did not match:
         - 
@ConditionalOnClass did not 
find required class 'org.spri
ngframework.data.r2dbc.core.R
2dbcEntityTemplate' 
(OnClassCondition)

   R2dbcInitializationConfigu
ration:
      Did not match:
         - 
@ConditionalOnClass did not 
find required classes 'io.r2d
bc.spi.ConnectionFactory', 'o
rg.springframework.r2dbc.conn
ection.init.DatabasePopulator
' (OnClassCondition)

   
R2dbcProxyAutoConfiguration:
      Did not match:
         - 
@ConditionalOnClass did not 
find required class 'io.r2dbc
.proxy.ProxyConnectionFactory
' (OnClassCondition)

   R2dbcRepositoriesAutoConfi
guration:
      Did not match:
         - 
@ConditionalOnClass did not 
find required class 'io.r2dbc
.spi.ConnectionFactory' 
(OnClassCondition)

   R2dbcTransactionManagerAut
oConfiguration:
      Did not match:
         - 
@ConditionalOnClass did not 
find required class 'org.spri
ngframework.r2dbc.connection.
R2dbcTransactionManager' 
(OnClassCondition)

   RSocketGraphQlClientAutoCo
nfiguration:
      Did not match:
         - 
@ConditionalOnClass did not 
find required class 
'graphql.GraphQL' 
(OnClassCondition)

   RSocketMessagingAutoConfig
uration:
      Did not match:
         - 
@ConditionalOnClass did not 
find required class 
'io.rsocket.RSocket' 
(OnClassCondition)

   RSocketRequesterAutoConfig
uration:
      Did not match:
         - 
@ConditionalOnClass did not 
find required class 
'io.rsocket.RSocket' 
(OnClassCondition)

   RSocketSecurityAutoConfigu
ration:
      Did not match:
         - 
@ConditionalOnClass did not 
find required class 'org.spri
ngframework.security.rsocket.
core.SecuritySocketAcceptorIn
terceptor' (OnClassCondition)

   RSocketServerAutoConfigura
tion:
      Did not match:
         - 
@ConditionalOnClass did not 
find required class 'io.rsock
et.core.RSocketServer' 
(OnClassCondition)

   RSocketStrategiesAutoConfi
guration:
      Did not match:
         - 
@ConditionalOnClass did not 
find required class 'io.netty
.buffer.PooledByteBufAllocato
r' (OnClassCondition)

   RabbitAutoConfiguration:
      Did not match:
         - 
@ConditionalOnClass did not 
find required class 'com.rabb
itmq.client.Channel' 
(OnClassCondition)

   ReactiveElasticsearchClien
tAutoConfiguration:
      Did not match:
         - 
@ConditionalOnClass did not 
find required class 'co.elast
ic.clients.transport.Elastics
earchTransport' 
(OnClassCondition)

   ReactiveElasticsearchRepos
itoriesAutoConfiguration:
      Did not match:
         - 
@ConditionalOnClass did not 
find required class 'reactor.
core.publisher.Mono' 
(OnClassCondition)

   ReactiveMultipartAutoConfi
guration:
      Did not match:
         - 
@ConditionalOnClass did not 
find required class 'org.spri
ngframework.web.reactive.conf
ig.WebFluxConfigurer' 
(OnClassCondition)

   ReactiveOAuth2ClientAutoCo
nfiguration:
      Did not match:
         - 
@ConditionalOnClass did not 
find required class 'reactor.
core.publisher.Flux' 
(OnClassCondition)

   ReactiveOAuth2ClientWebSec
urityAutoConfiguration:
      Did not match:
         - 
@ConditionalOnClass did not 
find required class 'reactor.
core.publisher.Flux' 
(OnClassCondition)

   ReactiveOAuth2ResourceServ
erAutoConfiguration:
      Did not match:
         - 
@ConditionalOnClass did not 
find required class 'org.spri
ngframework.security.config.a
nnotation.web.reactive.Enable
WebFluxSecurity' 
(OnClassCondition)

   ReactiveSecurityAutoConfig
uration:
      Did not match:
         - 
@ConditionalOnClass did not 
find required class 'reactor.
core.publisher.Flux' 
(OnClassCondition)

   ReactiveUserDetailsService
AutoConfiguration:
      Did not match:
         - 
@ConditionalOnClass did not 
find required class 'org.spri
ngframework.security.authenti
cation.ReactiveAuthentication
Manager' (OnClassCondition)

   ReactiveWebServerFactoryAu
toConfiguration:
      Did not match:
         - 
@ConditionalOnWebApplication 
did not find reactive web 
application classes 
(OnWebApplicationCondition)

   ReactorAutoConfiguration:
      Did not match:
         - 
@ConditionalOnClass did not 
find required class 'reactor.
core.publisher.Hooks' 
(OnClassCondition)

   RedisAutoConfiguration:
      Did not match:
         - 
@ConditionalOnClass did not 
find required class 'org.spri
ngframework.data.redis.core.R
edisOperations' 
(OnClassCondition)

   RedisCacheConfiguration:
      Did not match:
         - 
@ConditionalOnClass did not 
find required class 'org.spri
ngframework.data.redis.connec
tion.RedisConnectionFactory' 
(OnClassCondition)

   RedisReactiveAutoConfigura
tion:
      Did not match:
         - 
@ConditionalOnClass did not 
find required class 'reactor.
core.publisher.Flux' 
(OnClassCondition)

   RedisRepositoriesAutoConfi
guration:
      Did not match:
         - 
@ConditionalOnClass did not 
find required class 'org.spri
ngframework.data.redis.reposi
tory.configuration.EnableRedi
sRepositories' 
(OnClassCondition)

   RepositoryRestMvcAutoConfi
guration:
      Did not match:
         - 
@ConditionalOnClass did not 
find required class 'org.spri
ngframework.data.rest.webmvc.
config.RepositoryRestMvcConfi
guration' (OnClassCondition)

   Saml2RelyingPartyAutoConfi
guration:
      Did not match:
         - 
@ConditionalOnClass did not 
find required class 'org.spri
ngframework.security.saml2.pr
ovider.service.registration.R
elyingPartyRegistrationReposi
tory' (OnClassCondition)

   SecurityAutoConfiguration:
      Did not match:
         - 
@ConditionalOnClass did not 
find required class 'org.spri
ngframework.security.authenti
cation.DefaultAuthenticationE
ventPublisher' 
(OnClassCondition)

   SecurityFilterAutoConfigur
ation:
      Did not match:
         - 
@ConditionalOnClass did not 
find required class 'org.spri
ngframework.security.config.h
ttp.SessionCreationPolicy' 
(OnClassCondition)

   SendGridAutoConfiguration:
      Did not match:
         - 
@ConditionalOnClass did not 
find required class 
'com.sendgrid.SendGrid' 
(OnClassCondition)

   ServletWebServerFactoryAut
oConfiguration.ForwardedHeade
rFilterConfiguration:
      Did not match:
         - 
@ConditionalOnProperty (serve
r.forward-headers-strategy=fr
amework) did not find 
property 'server.forward-head
ers-strategy' 
(OnPropertyCondition)

   ServletWebServerFactoryCon
figuration.EmbeddedJetty:
      Did not match:
         - 
@ConditionalOnClass did not 
find required classes 'org.ec
lipse.jetty.server.Server', '
org.eclipse.jetty.util.Loader
', 'org.eclipse.jetty.ee10.we
bapp.WebAppContext' 
(OnClassCondition)

   ServletWebServerFactoryCon
figuration.EmbeddedUndertow:
      Did not match:
         - 
@ConditionalOnClass did not 
find required classes 
'io.undertow.Undertow', 
'org.xnio.SslClientAuthMode' 
(OnClassCondition)

   SessionAutoConfiguration:
      Did not match:
         - 
@ConditionalOnClass did not 
find required class 'org.spri
ngframework.session.Session' 
(OnClassCondition)

   SpringApplicationAdminJmxA
utoConfiguration:
      Did not match:
         - @ConditionalOnBool
eanProperty (spring.applicati
on.admin.enabled=true) did 
not find property 'spring.app
lication.admin.enabled' 
(OnPropertyCondition)

   SpringDocConfiguration#pro
pertiesResolverForSchema:
      Did not match:
         - 
@ConditionalOnProperty (sprin
gdoc.api-docs.resolve-schema-
properties) did not find 
property 'springdoc.api-docs.
resolve-schema-properties' 
(OnPropertyCondition)

   SpringDocConfiguration#pro
pertyCustomizingConverter:
      Did not match:
         - 
@ConditionalOnBean (types: or
g.springdoc.core.customizers.
PropertyCustomizer; 
SearchStrategy: all) did not 
find any beans of type org.sp
ringdoc.core.customizers.Prop
ertyCustomizer 
(OnBeanCondition)

   SpringDocConfiguration#spr
ingdocBeanFactoryPostProcesso
r:
      Did not match:
         - 
AnyNestedCondition 0 matched 
2 did not; NestedCondition 
on CacheOrGroupedOpenApiCondi
tion.OnCacheDisabled found 
non-matching nested 
conditions 
@ConditionalOnProperty 
(springdoc.cache.disabled) 
did not find property 
'springdoc.cache.disabled'; 
NestedCondition on CacheOrGro
upedOpenApiCondition.OnMultip
leOpenApiSupportCondition 
AnyNestedCondition 0 matched 
2 did not; NestedCondition 
on MultipleOpenApiSupportCond
ition.OnActuatorDifferentPort
 @ConditionalOnProperty 
(springdoc.show-actuator) 
did not find property 
'springdoc.show-actuator'; 
NestedCondition on MultipleOp
enApiSupportCondition.OnMulti
pleOpenApiSupportCondition 
AnyNestedCondition 0 matched 
2 did not; NestedCondition 
on MultipleOpenApiGroupsCondi
tion.OnGroupConfigProperty 
@ConditionalOnProperty (sprin
gdoc.group-configs[0].group) 
did not find property 'spring
doc.group-configs[0].group'; 
NestedCondition on MultipleOp
enApiGroupsCondition.OnGroupe
dOpenApiBean 
@ConditionalOnBean (types: or
g.springdoc.core.models.Group
edOpenApi; SearchStrategy: 
all) did not find any beans 
of type org.springdoc.core.mo
dels.GroupedOpenApi (CacheOrG
roupedOpenApiCondition)
      Matched:
         - 
@ConditionalOnClass found 
required class 'org.springfra
mework.boot.context.propertie
s.bind.BindResult' 
(OnClassCondition)

   SpringDocConfiguration#spr
ingdocBeanFactoryPostProcesso
r2:
      Did not match:
         - 
@ConditionalOnMissingClass 
found unwanted class 'org.spr
ingframework.boot.context.pro
perties.bind.BindResult' 
(OnClassCondition)

   SpringDocConfiguration.Spr
ingDocActuatorConfiguration:
      Did not match:
         - 
@ConditionalOnClass did not 
find required class 'org.spri
ngframework.boot.actuate.auto
configure.endpoint.web.WebEnd
pointProperties' 
(OnClassCondition)

   SpringDocConfiguration.Spr
ingDocRepositoryRestConfigura
tion:
      Did not match:
         - 
@ConditionalOnClass did not 
find required class 'org.spri
ngframework.data.rest.core.co
nfig.RepositoryRestConfigurat
ion' (OnClassCondition)

   SpringDocConfiguration.Spr
ingDocWebFluxSupportConfigura
tion:
      Did not match:
         - 
@ConditionalOnClass did not 
find required class 'reactor.
core.publisher.Flux' 
(OnClassCondition)

   SpringDocDataRestConfigura
tion:
      Did not match:
         - 
@ConditionalOnClass did not 
find required class 'org.spri
ngframework.data.rest.core.co
nfig.RepositoryRestConfigurat
ion' (OnClassCondition)

   SpringDocFunctionCatalogCo
nfiguration:
      Did not match:
         - 
@ConditionalOnClass did not 
find required class 'org.spri
ngframework.cloud.function.we
b.function.FunctionEndpointIn
itializer' (OnClassCondition)

   
SpringDocGroovyConfiguration:
      Did not match:
         - 
@ConditionalOnClass did not 
find required class 
'groovy.lang.MetaClass' 
(OnClassCondition)

   SpringDocHateoasConfigurat
ion:
      Did not match:
         - 
@ConditionalOnClass did not 
find required class 'org.spri
ngframework.hateoas.server.Li
nkRelationProvider' 
(OnClassCondition)

   SpringDocJacksonKotlinModu
leConfiguration:
      Did not match:
         - 
@ConditionalOnClass did not 
find required class 'com.fast
erxml.jackson.module.kotlin.K
otlinModule' 
(OnClassCondition)

   SpringDocJavadocConfigurat
ion:
      Did not match:
         - 
@ConditionalOnClass did not 
find required class 'com.gith
ub.therapi.runtimejavadoc.Com
mentFormatter' 
(OnClassCondition)

   
SpringDocKotlinConfiguration:
      Did not match:
         - 
@ConditionalOnClass did not 
find required class 'kotlin.c
oroutines.Continuation' 
(OnClassCondition)

   SpringDocKotlinxConfigurat
ion:
      Did not match:
         - 
@ConditionalOnClass did not 
find required class 'kotlinx.
coroutines.flow.Flow' 
(OnClassCondition)

   SpringDocSecurityConfigura
tion:
      Did not match:
         - 
@ConditionalOnClass did not 
find required class 'org.spri
ngframework.security.web.Secu
rityFilterChain' 
(OnClassCondition)

   SpringDocSortConfiguration
#delegatingMethodParameterCus
tomizer:
      Did not match:
         - 
@ConditionalOnMissingBean 
(types: org.springdoc.core.cu
stomizers.DelegatingMethodPar
ameterCustomizer; 
SearchStrategy: all) found 
beans of type 'org.springdoc.
core.customizers.DelegatingMe
thodParameterCustomizer' dele
gatingMethodParameterCustomiz
er (OnBeanCondition)

   SpringDocWebMvcConfigurati
on.SpringDocWebMvcActuatorCon
figuration:
      Did not match:
         - 
@ConditionalOnClass did not 
find required class 'org.spri
ngframework.boot.actuate.endp
oint.web.servlet.WebMvcEndpoi
ntHandlerMapping' 
(OnClassCondition)

   SwaggerConfig#springWebPro
vider:
      Did not match:
         - 
@ConditionalOnMissingBean 
(types: org.springdoc.core.pr
oviders.SpringWebProvider; 
SearchStrategy: all) found 
beans of type 'org.springdoc.
core.providers.SpringWebProvi
der' springWebProvider 
(OnBeanCondition)

   SwaggerConfig#swaggerUiCon
figParameters:
      Did not match:
         - 
@ConditionalOnMissingBean 
(types: org.springdoc.core.pr
operties.SwaggerUiConfigParam
eters; SearchStrategy: all) 
found beans of type 'org.spri
ngdoc.core.properties.Swagger
UiConfigParameters' org.sprin
gdoc.core.properties.SwaggerU
iConfigParameters 
(OnBeanCondition)

   
SwaggerConfig#swaggerUiHome:
      Did not match:
         - 
@ConditionalOnProperty (sprin
gdoc.swagger-ui.use-root-path
=true) did not find property 
'springdoc.swagger-ui.use-roo
t-path' (OnPropertyCondition)

   SwaggerConfig.SwaggerActua
torWelcomeConfiguration:
      Did not match:
         - 
@ConditionalOnClass did not 
find required class 'org.spri
ngframework.boot.actuate.endp
oint.web.servlet.WebMvcEndpoi
ntHandlerMapping' 
(OnClassCondition)

   TaskExecutorConfigurations
.SimpleAsyncTaskExecutorBuild
erConfiguration#simpleAsyncTa
skExecutorBuilder:
      Did not match:
         - 
@ConditionalOnThreading did 
not find PLATFORM 
(OnThreadingCondition)
      Matched:
         - 
@ConditionalOnMissingBean 
(types: org.springframework.b
oot.task.SimpleAsyncTaskExecu
torBuilder; SearchStrategy: 
all) did not find any beans 
(OnBeanCondition)

   TaskExecutorConfigurations
.TaskExecutorConfiguration#ap
plicationTaskExecutor:
      Did not match:
         - 
@ConditionalOnThreading did 
not find PLATFORM 
(OnThreadingCondition)

   TaskSchedulingAutoConfigur
ation#scheduledBeanLazyInitia
lizationExcludeFilter:
      Did not match:
         - 
@ConditionalOnBean (names: or
g.springframework.context.ann
otation.internalScheduledAnno
tationProcessor; 
SearchStrategy: all) did not 
find any beans named org.spri
ngframework.context.annotatio
n.internalScheduledAnnotation
Processor (OnBeanCondition)

   TaskSchedulingConfiguratio
ns.SimpleAsyncTaskSchedulerBu
ilderConfiguration#simpleAsyn
cTaskSchedulerBuilder:
      Did not match:
         - 
@ConditionalOnThreading did 
not find PLATFORM 
(OnThreadingCondition)
      Matched:
         - 
@ConditionalOnMissingBean 
(types: org.springframework.b
oot.task.SimpleAsyncTaskSched
ulerBuilder; SearchStrategy: 
all) did not find any beans 
(OnBeanCondition)

   TaskSchedulingConfiguratio
ns.TaskSchedulerConfiguration
:
      Did not match:
         - 
@ConditionalOnBean (names: or
g.springframework.context.ann
otation.internalScheduledAnno
tationProcessor; 
SearchStrategy: all) did not 
find any beans named org.spri
ngframework.context.annotatio
n.internalScheduledAnnotation
Processor (OnBeanCondition)

   
ThymeleafAutoConfiguration:
      Did not match:
         - 
@ConditionalOnClass did not 
find required class 'org.thym
eleaf.spring6.SpringTemplateE
ngine' (OnClassCondition)

   TransactionAutoConfigurati
on#transactionalOperator:
      Did not match:
         - @ConditionalOnSing
leCandidate (types: org.sprin
gframework.transaction.Reacti
veTransactionManager; 
SearchStrategy: all) did not 
find any beans 
(OnBeanCondition)

   TransactionAutoConfigurati
on.AspectJTransactionManageme
ntConfiguration:
      Did not match:
2025-11-28T00:24:41.732+07:00  INFO 19572 --- [ldop] [           main] .s.b.a.l.ConditionEvaluationReportLogger : 

Error starting ApplicationContext. To display the condition evaluation report re-run your application with 'debug' enabled.
2025-11-28T00:24:41.735+07:00 ERROR 19572 --- [ldop] [           main] o.s.boot.SpringApplication               : Application run failed

org.springframework.beans.factory.BeanCreationException: Error creating bean with name 'entityManagerFactory' defined in class path resource [org/springframework/boot/autoconfigure/orm/jpa/HibernateJpaConfiguration.class]: Failed to initialize dependency 'liquibase' of LoadTimeWeaverAware bean 'entityManagerFactory': Error creating bean with name 'liquibase' defined in class path resource [org/springframework/boot/autoconfigure/liquibase/LiquibaseAutoConfiguration$LiquibaseConfiguration.class]: liquibase.exception.CommandExecutionException: liquibase.exception.LiquibaseException: liquibase.exception.MigrationFailedException: Migration failed for changeset db/changelog/changes/001-initial-schema.yaml::001-create-connectors-table::antigravity:
     Reason: liquibase.exception.DatabaseException: ERROR: relation "connectors" already exists [Failed SQL: (0) CREATE TABLE public.connectors (id UUID DEFAULT gen_random_uuid() NOT NULL, name VARCHAR(255) NOT NULL, type VARCHAR(50) NOT NULL, config JSONB NOT NULL, registered_tables JSONB, is_active BOOLEAN DEFAULT TRUE, tenant_id VARCHAR(255) NOT NULL, status VARCHAR(20) DEFAULT 'INIT' NOT NULL, created_at TIMESTAMP WITHOUT TIME ZONE DEFAULT NOW(), CONSTRAINT connectors_pkey PRIMARY KEY (id))]
	at org.springframework.beans.factory.support.AbstractBeanFactory.doGetBean(AbstractBeanFactory.java:328) ~[spring-beans-6.2.12.jar:6.2.12]
	at org.springframework.beans.factory.support.AbstractBeanFactory.getBean(AbstractBeanFactory.java:207) ~[spring-beans-6.2.12.jar:6.2.12]
	at org.springframework.context.support.AbstractApplicationContext.finishBeanFactoryInitialization(AbstractApplicationContext.java:973) ~[spring-context-6.2.12.jar:6.2.12]
	at org.springframework.context.support.AbstractApplicationContext.refresh(AbstractApplicationContext.java:627) ~[spring-context-6.2.12.jar:6.2.12]
	at org.springframework.boot.SpringApplication.refresh(SpringApplication.java:752) ~[spring-boot-3.5.7.jar:3.5.7]
	at org.springframework.boot.SpringApplication.refreshContext(SpringApplication.java:439) ~[spring-boot-3.5.7.jar:3.5.7]
	at org.springframework.boot.SpringApplication.run(SpringApplication.java:318) ~[spring-boot-3.5.7.jar:3.5.7]
	at org.springframework.boot.test.context.SpringBootContextLoader.lambda$loadContext$3(SpringBootContextLoader.java:144) ~[spring-boot-test-3.5.7.jar:3.5.7]
	at org.springframework.util.function.ThrowingSupplier.get(ThrowingSupplier.java:58) ~[spring-core-6.2.12.jar:6.2.12]
	at org.springframework.util.function.ThrowingSupplier.get(ThrowingSupplier.java:46) ~[spring-core-6.2.12.jar:6.2.12]
	at org.springframework.boot.SpringApplication.withHook(SpringApplication.java:1461) ~[spring-boot-3.5.7.jar:3.5.7]
	at org.springframework.boot.test.context.SpringBootContextLoader$ContextLoaderHook.run(SpringBootContextLoader.java:563) ~[spring-boot-test-3.5.7.jar:3.5.7]
	at org.springframework.boot.test.context.SpringBootContextLoader.loadContext(SpringBootContextLoader.java:144) ~[spring-boot-test-3.5.7.jar:3.5.7]
	at org.springframework.boot.test.context.SpringBootContextLoader.loadContext(SpringBootContextLoader.java:110) ~[spring-boot-test-3.5.7.jar:3.5.7]
	at org.springframework.test.context.cache.DefaultCacheAwareContextLoaderDelegate.loadContextInternal(DefaultCacheAwareContextLoaderDelegate.java:225) ~[spring-test-6.2.12.jar:6.2.12]
	at org.springframework.test.context.cache.DefaultCacheAwareContextLoaderDelegate.loadContext(DefaultCacheAwareContextLoaderDelegate.java:152) ~[spring-test-6.2.12.jar:6.2.12]
	at org.springframework.test.context.support.DefaultTestContext.getApplicationContext(DefaultTestContext.java:130) ~[spring-test-6.2.12.jar:6.2.12]
	at org.springframework.test.context.web.ServletTestExecutionListener.setUpRequestContextIfNecessary(ServletTestExecutionListener.java:200) ~[spring-test-6.2.12.jar:6.2.12]
	at org.springframework.test.context.web.ServletTestExecutionListener.prepareTestInstance(ServletTestExecutionListener.java:139) ~[spring-test-6.2.12.jar:6.2.12]
	at org.springframework.test.context.TestContextManager.prepareTestInstance(TestContextManager.java:260) ~[spring-test-6.2.12.jar:6.2.12]
	at org.springframework.test.context.junit.jupiter.SpringExtension.postProcessTestInstance(SpringExtension.java:159) ~[spring-test-6.2.12.jar:6.2.12]
	at org.junit.jupiter.engine.descriptor.ClassBasedTestDescriptor.lambda$invokeTestInstancePostProcessors$10(ClassBasedTestDescriptor.java:383) ~[junit-jupiter-engine-5.12.2.jar:5.12.2]
	at org.junit.jupiter.engine.descriptor.ClassBasedTestDescriptor.executeAndMaskThrowable(ClassBasedTestDescriptor.java:388) ~[junit-jupiter-engine-5.12.2.jar:5.12.2]
	at org.junit.jupiter.engine.descriptor.ClassBasedTestDescriptor.lambda$invokeTestInstancePostProcessors$11(ClassBasedTestDescriptor.java:382) ~[junit-jupiter-engine-5.12.2.jar:5.12.2]
	at java.base/java.util.stream.ForEachOps$ForEachOp$OfRef.accept(ForEachOps.java:184) ~[na:na]
	at java.base/java.util.stream.ReferencePipeline$3$1.accept(ReferencePipeline.java:197) ~[na:na]
	at java.base/java.util.stream.ReferencePipeline$2$1.accept(ReferencePipeline.java:179) ~[na:na]
	at java.base/java.util.stream.ReferencePipeline$3$1.accept(ReferencePipeline.java:197) ~[na:na]
	at java.base/java.util.ArrayList$ArrayListSpliterator.forEachRemaining(ArrayList.java:1708) ~[na:na]
	at java.base/java.util.stream.AbstractPipeline.copyInto(AbstractPipeline.java:509) ~[na:na]
	at java.base/java.util.stream.AbstractPipeline.wrapAndCopyInto(AbstractPipeline.java:499) ~[na:na]
	at java.base/java.util.stream.ForEachOps$ForEachOp.evaluateSequential(ForEachOps.java:151) ~[na:na]
	at java.base/java.util.stream.ForEachOps$ForEachOp$OfRef.evaluateSequential(ForEachOps.java:174) ~[na:na]
	at java.base/java.util.stream.AbstractPipeline.evaluate(AbstractPipeline.java:234) ~[na:na]
	at java.base/java.util.stream.ReferencePipeline.forEach(ReferencePipeline.java:596) ~[na:na]
	at org.junit.jupiter.engine.descriptor.ClassBasedTestDescriptor.invokeTestInstancePostProcessors(ClassBasedTestDescriptor.java:382) ~[junit-jupiter-engine-5.12.2.jar:5.12.2]
	at org.junit.jupiter.engine.descriptor.ClassBasedTestDescriptor.lambda$instantiateAndPostProcessTestInstance$6(ClassBasedTestDescriptor.java:293) ~[junit-jupiter-engine-5.12.2.jar:5.12.2]
	at org.junit.platform.engine.support.hierarchical.ThrowableCollector.execute(ThrowableCollector.java:73) ~[junit-platform-engine-1.12.2.jar:1.12.2]
	at org.junit.jupiter.engine.descriptor.ClassBasedTestDescriptor.instantiateAndPostProcessTestInstance(ClassBasedTestDescriptor.java:292) ~[junit-jupiter-engine-5.12.2.jar:5.12.2]
	at org.junit.jupiter.engine.descriptor.ClassBasedTestDescriptor.lambda$testInstancesProvider$4(ClassBasedTestDescriptor.java:281) ~[junit-jupiter-engine-5.12.2.jar:5.12.2]
	at java.base/java.util.Optional.orElseGet(Optional.java:364) ~[na:na]
	at org.junit.jupiter.engine.descriptor.ClassBasedTestDescriptor.lambda$testInstancesProvider$5(ClassBasedTestDescriptor.java:280) ~[junit-jupiter-engine-5.12.2.jar:5.12.2]
	at org.junit.jupiter.engine.execution.TestInstancesProvider.getTestInstances(TestInstancesProvider.java:27) ~[junit-jupiter-engine-5.12.2.jar:5.12.2]
	at org.junit.jupiter.engine.descriptor.TestMethodTestDescriptor.lambda$prepare$0(TestMethodTestDescriptor.java:112) ~[junit-jupiter-engine-5.12.2.jar:5.12.2]
	at org.junit.platform.engine.support.hierarchical.ThrowableCollector.execute(ThrowableCollector.java:73) ~[junit-platform-engine-1.12.2.jar:1.12.2]
	at org.junit.jupiter.engine.descriptor.TestMethodTestDescriptor.prepare(TestMethodTestDescriptor.java:111) ~[junit-jupiter-engine-5.12.2.jar:5.12.2]
	at org.junit.jupiter.engine.descriptor.TestMethodTestDescriptor.prepare(TestMethodTestDescriptor.java:69) ~[junit-jupiter-engine-5.12.2.jar:5.12.2]
	at org.junit.platform.engine.support.hierarchical.NodeTestTask.lambda$prepare$2(NodeTestTask.java:128) ~[junit-platform-engine-1.12.2.jar:1.12.2]
	at org.junit.platform.engine.support.hierarchical.ThrowableCollector.execute(ThrowableCollector.java:73) ~[junit-platform-engine-1.12.2.jar:1.12.2]
	at org.junit.platform.engine.support.hierarchical.NodeTestTask.prepare(NodeTestTask.java:128) ~[junit-platform-engine-1.12.2.jar:1.12.2]
	at org.junit.platform.engine.support.hierarchical.NodeTestTask.execute(NodeTestTask.java:95) ~[junit-platform-engine-1.12.2.jar:1.12.2]
	at java.base/java.util.ArrayList.forEach(ArrayList.java:1596) ~[na:na]
	at org.junit.platform.engine.support.hierarchical.SameThreadHierarchicalTestExecutorService.invokeAll(SameThreadHierarchicalTestExecutorService.java:41) ~[junit-platform-engine-1.12.2.jar:1.12.2]
	at org.junit.platform.engine.support.hierarchical.NodeTestTask.lambda$executeRecursively$6(NodeTestTask.java:160) ~[junit-platform-engine-1.12.2.jar:1.12.2]
	at org.junit.platform.engine.support.hierarchical.ThrowableCollector.execute(ThrowableCollector.java:73) ~[junit-platform-engine-1.12.2.jar:1.12.2]
	at org.junit.platform.engine.support.hierarchical.NodeTestTask.lambda$executeRecursively$8(NodeTestTask.java:146) ~[junit-platform-engine-1.12.2.jar:1.12.2]
	at org.junit.platform.engine.support.hierarchical.Node.around(Node.java:137) ~[junit-platform-engine-1.12.2.jar:1.12.2]
	at org.junit.platform.engine.support.hierarchical.NodeTestTask.lambda$executeRecursively$9(NodeTestTask.java:144) ~[junit-platform-engine-1.12.2.jar:1.12.2]
	at org.junit.platform.engine.support.hierarchical.ThrowableCollector.execute(ThrowableCollector.java:73) ~[junit-platform-engine-1.12.2.jar:1.12.2]
	at org.junit.platform.engine.support.hierarchical.NodeTestTask.executeRecursively(NodeTestTask.java:143) ~[junit-platform-engine-1.12.2.jar:1.12.2]
	at org.junit.platform.engine.support.hierarchical.NodeTestTask.execute(NodeTestTask.java:100) ~[junit-platform-engine-1.12.2.jar:1.12.2]
	at java.base/java.util.ArrayList.forEach(ArrayList.java:1596) ~[na:na]
	at org.junit.platform.engine.support.hierarchical.SameThreadHierarchicalTestExecutorService.invokeAll(SameThreadHierarchicalTestExecutorService.java:41) ~[junit-platform-engine-1.12.2.jar:1.12.2]
	at org.junit.platform.engine.support.hierarchical.NodeTestTask.lambda$executeRecursively$6(NodeTestTask.java:160) ~[junit-platform-engine-1.12.2.jar:1.12.2]
	at org.junit.platform.engine.support.hierarchical.ThrowableCollector.execute(ThrowableCollector.java:73) ~[junit-platform-engine-1.12.2.jar:1.12.2]
	at org.junit.platform.engine.support.hierarchical.NodeTestTask.lambda$executeRecursively$8(NodeTestTask.java:146) ~[junit-platform-engine-1.12.2.jar:1.12.2]
	at org.junit.platform.engine.support.hierarchical.Node.around(Node.java:137) ~[junit-platform-engine-1.12.2.jar:1.12.2]
	at org.junit.platform.engine.support.hierarchical.NodeTestTask.lambda$executeRecursively$9(NodeTestTask.java:144) ~[junit-platform-engine-1.12.2.jar:1.12.2]
	at org.junit.platform.engine.support.hierarchical.ThrowableCollector.execute(ThrowableCollector.java:73) ~[junit-platform-engine-1.12.2.jar:1.12.2]
	at org.junit.platform.engine.support.hierarchical.NodeTestTask.executeRecursively(NodeTestTask.java:143) ~[junit-platform-engine-1.12.2.jar:1.12.2]
	at org.junit.platform.engine.support.hierarchical.NodeTestTask.execute(NodeTestTask.java:100) ~[junit-platform-engine-1.12.2.jar:1.12.2]
	at org.junit.platform.engine.support.hierarchical.SameThreadHierarchicalTestExecutorService.submit(SameThreadHierarchicalTestExecutorService.java:35) ~[junit-platform-engine-1.12.2.jar:1.12.2]
	at org.junit.platform.engine.support.hierarchical.HierarchicalTestExecutor.execute(HierarchicalTestExecutor.java:57) ~[junit-platform-engine-1.12.2.jar:1.12.2]
	at org.junit.platform.engine.support.hierarchical.HierarchicalTestEngine.execute(HierarchicalTestEngine.java:54) ~[junit-platform-engine-1.12.2.jar:1.12.2]
	at org.junit.platform.launcher.core.EngineExecutionOrchestrator.execute(EngineExecutionOrchestrator.java:201) ~[junit-platform-launcher-1.12.2.jar:1.12.2]
	at org.junit.platform.launcher.core.EngineExecutionOrchestrator.execute(EngineExecutionOrchestrator.java:170) ~[junit-platform-launcher-1.12.2.jar:1.12.2]
	at org.junit.platform.launcher.core.EngineExecutionOrchestrator.execute(EngineExecutionOrchestrator.java:94) ~[junit-platform-launcher-1.12.2.jar:1.12.2]
	at org.junit.platform.launcher.core.EngineExecutionOrchestrator.lambda$execute$0(EngineExecutionOrchestrator.java:59) ~[junit-platform-launcher-1.12.2.jar:1.12.2]
	at org.junit.platform.launcher.core.EngineExecutionOrchestrator.withInterceptedStreams(EngineExecutionOrchestrator.java:142) ~[junit-platform-launcher-1.12.2.jar:1.12.2]
	at org.junit.platform.launcher.core.EngineExecutionOrchestrator.execute(EngineExecutionOrchestrator.java:58) ~[junit-platform-launcher-1.12.2.jar:1.12.2]
	at org.junit.platform.launcher.core.DefaultLauncher.execute(DefaultLauncher.java:103) ~[junit-platform-launcher-1.12.2.jar:1.12.2]
	at org.junit.platform.launcher.core.DefaultLauncher.execute(DefaultLauncher.java:85) ~[junit-platform-launcher-1.12.2.jar:1.12.2]
	at org.junit.platform.launcher.core.DelegatingLauncher.execute(DelegatingLauncher.java:47) ~[junit-platform-launcher-1.12.2.jar:1.12.2]
	at org.junit.platform.launcher.core.InterceptingLauncher.lambda$execute$1(InterceptingLauncher.java:39) ~[junit-platform-launcher-1.12.2.jar:1.12.2]
	at org.junit.platform.launcher.core.ClasspathAlignmentCheckingLauncherInterceptor.intercept(ClasspathAlignmentCheckingLauncherInterceptor.java:25) ~[junit-platform-launcher-1.12.2.jar:1.12.2]
	at org.junit.platform.launcher.core.InterceptingLauncher.execute(InterceptingLauncher.java:38) ~[junit-platform-launcher-1.12.2.jar:1.12.2]
	at org.junit.platform.launcher.core.DelegatingLauncher.execute(DelegatingLauncher.java:47) ~[junit-platform-launcher-1.12.2.jar:1.12.2]
	at org.apache.maven.surefire.junitplatform.LauncherAdapter.executeWithoutCancellationToken(LauncherAdapter.java:60) ~[surefire-junit-platform-3.5.4.jar:3.5.4]
	at org.apache.maven.surefire.junitplatform.LauncherAdapter.execute(LauncherAdapter.java:52) ~[surefire-junit-platform-3.5.4.jar:3.5.4]
	at org.apache.maven.surefire.junitplatform.JUnitPlatformProvider.execute(JUnitPlatformProvider.java:203) ~[surefire-junit-platform-3.5.4.jar:3.5.4]
	at org.apache.maven.surefire.junitplatform.JUnitPlatformProvider.invokeAllTests(JUnitPlatformProvider.java:168) ~[surefire-junit-platform-3.5.4.jar:3.5.4]
	at org.apache.maven.surefire.junitplatform.JUnitPlatformProvider.invoke(JUnitPlatformProvider.java:136) ~[surefire-junit-platform-3.5.4.jar:3.5.4]
	at org.apache.maven.surefire.booter.ForkedBooter.runSuitesInProcess(ForkedBooter.java:385) ~[surefire-booter-3.5.4.jar:3.5.4]
	at org.apache.maven.surefire.booter.ForkedBooter.execute(ForkedBooter.java:162) ~[surefire-booter-3.5.4.jar:3.5.4]
	at org.apache.maven.surefire.booter.ForkedBooter.run(ForkedBooter.java:507) ~[surefire-booter-3.5.4.jar:3.5.4]
	at org.apache.maven.surefire.booter.ForkedBooter.main(ForkedBooter.java:495) ~[surefire-booter-3.5.4.jar:3.5.4]
Caused by: org.springframework.beans.factory.BeanCreationException: Error creating bean with name 'liquibase' defined in class path resource [org/springframework/boot/autoconfigure/liquibase/LiquibaseAutoConfiguration$LiquibaseConfiguration.class]: liquibase.exception.CommandExecutionException: liquibase.exception.LiquibaseException: liquibase.exception.MigrationFailedException: Migration failed for changeset db/changelog/changes/001-initial-schema.yaml::001-create-connectors-table::antigravity:
     Reason: liquibase.exception.DatabaseException: ERROR: relation "connectors" already exists [Failed SQL: (0) CREATE TABLE public.connectors (id UUID DEFAULT gen_random_uuid() NOT NULL, name VARCHAR(255) NOT NULL, type VARCHAR(50) NOT NULL, config JSONB NOT NULL, registered_tables JSONB, is_active BOOLEAN DEFAULT TRUE, tenant_id VARCHAR(255) NOT NULL, status VARCHAR(20) DEFAULT 'INIT' NOT NULL, created_at TIMESTAMP WITHOUT TIME ZONE DEFAULT NOW(), CONSTRAINT connectors_pkey PRIMARY KEY (id))]
	at org.springframework.beans.factory.support.AbstractAutowireCapableBeanFactory.initializeBean(AbstractAutowireCapableBeanFactory.java:1826) ~[spring-beans-6.2.12.jar:6.2.12]
	at org.springframework.beans.factory.support.AbstractAutowireCapableBeanFactory.doCreateBean(AbstractAutowireCapableBeanFactory.java:607) ~[spring-beans-6.2.12.jar:6.2.12]
	at org.springframework.beans.factory.support.AbstractAutowireCapableBeanFactory.createBean(AbstractAutowireCapableBeanFactory.java:529) ~[spring-beans-6.2.12.jar:6.2.12]
	at org.springframework.beans.factory.support.AbstractBeanFactory.lambda$doGetBean$0(AbstractBeanFactory.java:339) ~[spring-beans-6.2.12.jar:6.2.12]
	at org.springframework.beans.factory.support.DefaultSingletonBeanRegistry.getSingleton(DefaultSingletonBeanRegistry.java:373) ~[spring-beans-6.2.12.jar:6.2.12]
	at org.springframework.beans.factory.support.AbstractBeanFactory.doGetBean(AbstractBeanFactory.java:337) ~[spring-beans-6.2.12.jar:6.2.12]
	at org.springframework.beans.factory.support.AbstractBeanFactory.getBean(AbstractBeanFactory.java:202) ~[spring-beans-6.2.12.jar:6.2.12]
	at org.springframework.beans.factory.support.AbstractBeanFactory.doGetBean(AbstractBeanFactory.java:315) ~[spring-beans-6.2.12.jar:6.2.12]
	... 95 common frames omitted
Caused by: liquibase.exception.LiquibaseException: liquibase.exception.CommandExecutionException: liquibase.exception.LiquibaseException: liquibase.exception.MigrationFailedException: Migration failed for changeset db/changelog/changes/001-initial-schema.yaml::001-create-connectors-table::antigravity:
         - 
@ConditionalOnBean (types: or
g.springframework.transaction
.aspectj.AbstractTransactionA
spect; SearchStrategy: all) 
did not find any beans of 
type org.springframework.tran
saction.aspectj.AbstractTrans
actionAspect 
(OnBeanCondition)

   TransactionAutoConfigurati
on.EnableTransactionManagemen
tConfiguration.JdkDynamicAuto
ProxyConfiguration:
      Did not match:
         - @ConditionalOnBool
eanProperty (spring.aop.proxy
-target-class=false) did not 
find property 'spring.aop.pro
xy-target-class' 
(OnPropertyCondition)

   UserDetailsServiceAutoConf
iguration:
      Did not match:
         - 
@ConditionalOnClass did not 
find required class 'org.spri
ngframework.security.authenti
cation.AuthenticationManager'
 (OnClassCondition)

   
WebClientAutoConfiguration:
      Did not match:
         - 
@ConditionalOnClass did not 
find required class 'org.spri
ngframework.web.reactive.func
tion.client.WebClient' 
(OnClassCondition)

   WebFluxAutoConfiguration:
      Did not match:
         - 
@ConditionalOnClass did not 
find required class 'org.spri
ngframework.web.reactive.conf
ig.WebFluxConfigurer' 
(OnClassCondition)

   WebMvcAutoConfiguration#hi
ddenHttpMethodFilter:
      Did not match:
         - @ConditionalOnBool
eanProperty (spring.mvc.hidde
nmethod.filter.enabled=true) 
did not find property 'spring
.mvc.hiddenmethod.filter.enab
led' (OnPropertyCondition)

   WebMvcAutoConfiguration.Pr
oblemDetailsErrorHandlingConf
iguration:
      Did not match:
         - @ConditionalOnBool
eanProperty (spring.mvc.probl
emdetails.enabled=true) did 
not find property 'spring.mvc
.problemdetails.enabled' 
(OnPropertyCondition)

   WebMvcAutoConfiguration.Re
sourceChainCustomizerConfigur
ation:
      Did not match:
         - @ConditionalOnEnab
ledResourceChain did not 
find class org.webjars.WebJar
VersionLocator (OnEnabledReso
urceChainCondition)

   WebMvcAutoConfiguration.We
bMvcAutoConfigurationAdapter#
beanNameViewResolver:
      Did not match:
         - 
@ConditionalOnMissingBean 
(types: org.springframework.w
eb.servlet.view.BeanNameViewR
esolver; SearchStrategy: 
all) found beans of type 'org
.springframework.web.servlet.
view.BeanNameViewResolver' 
beanNameViewResolver 
(OnBeanCondition)

   WebServiceTemplateAutoConf
iguration:
      Did not match:
         - 
@ConditionalOnClass did not 
find required class 'org.spri
ngframework.oxm.Marshaller' 
(OnClassCondition)

   
WebServicesAutoConfiguration:
      Did not match:
         - 
@ConditionalOnClass did not 
find required class 'org.spri
ngframework.ws.transport.http
.MessageDispatcherServlet' 
(OnClassCondition)

   WebSessionIdResolverAutoCo
nfiguration:
      Did not match:
         - 
@ConditionalOnClass did not 
find required class 'reactor.
core.publisher.Mono' 
(OnClassCondition)

   WebSocketMessagingAutoConf
iguration:
      Did not match:
         - 
@ConditionalOnClass did not 
find required class 'org.spri
ngframework.web.socket.config
.annotation.WebSocketMessageB
rokerConfigurer' 
(OnClassCondition)

   WebSocketReactiveAutoConfi
guration:
      Did not match:
         - 
@ConditionalOnWebApplication 
did not find reactive web 
application classes 
(OnWebApplicationCondition)

   WebSocketServletAutoConfig
uration.JettyWebSocketConfigu
ration:
      Did not match:
         - 
@ConditionalOnClass did not 
find required class 'org.ecli
pse.jetty.ee10.websocket.jaka
rta.server.config.JakartaWebS
ocketServletContainerInitiali
zer' (OnClassCondition)

   WebSocketServletAutoConfig
uration.UndertowWebSocketConf
iguration:
      Did not match:
         - 
@ConditionalOnClass did not 
find required class 'io.under
tow.websockets.jsr.Bootstrap'
 (OnClassCondition)

   XADataSourceAutoConfigurat
ion:
      Did not match:
         - 
@ConditionalOnBean (types: or
g.springframework.boot.jdbc.X
ADataSourceWrapper; 
SearchStrategy: all) did not 
find any beans of type org.sp
ringframework.boot.jdbc.XADat
aSourceWrapper 
(OnBeanCondition)
      Matched:
         - 
@ConditionalOnClass found 
required classes 
'javax.sql.DataSource', 'jaka
rta.transaction.TransactionMa
nager', 'org.springframework.
jdbc.datasource.embedded.Embe
ddedDatabaseType' 
(OnClassCondition)


Exclusions:
-----------

    None


Unconditional classes:
----------------------

    org.springframework.boot.
autoconfigure.context.Configu
rationPropertiesAutoConfigura
tion

    org.springframework.boot.
autoconfigure.ssl.SslAutoConf
iguration

    org.springframework.boot.
autoconfigure.context.Propert
yPlaceholderAutoConfiguration

    org.springframework.boot.
autoconfigure.context.Lifecyc
leAutoConfiguration

    org.springdoc.core.config
uration.SpringDocSpecProperti
esConfiguration

    org.springframework.boot.
autoconfigure.availability.Ap
plicationAvailabilityAutoConf
iguration

    org.springframework.boot.
autoconfigure.info.ProjectInf
oAutoConfiguration



     Reason: liquibase.exception.DatabaseException: ERROR: relation "connectors" already exists [Failed SQL: (0) CREATE TABLE public.connectors (id UUID DEFAULT gen_random_uuid() NOT NULL, name VARCHAR(255) NOT NULL, type VARCHAR(50) NOT NULL, config JSONB NOT NULL, registered_tables JSONB, is_active BOOLEAN DEFAULT TRUE, tenant_id VARCHAR(255) NOT NULL, status VARCHAR(20) DEFAULT 'INIT' NOT NULL, created_at TIMESTAMP WITHOUT TIME ZONE DEFAULT NOW(), CONSTRAINT connectors_pkey PRIMARY KEY (id))]
	at liquibase.integration.spring.SpringLiquibase.afterPropertiesSet(SpringLiquibase.java:288) ~[liquibase-core-4.31.1.jar:na]
	at org.springframework.beans.factory.support.AbstractAutowireCapableBeanFactory.invokeInitMethods(AbstractAutowireCapableBeanFactory.java:1873) ~[spring-beans-6.2.12.jar:6.2.12]
	at org.springframework.beans.factory.support.AbstractAutowireCapableBeanFactory.initializeBean(AbstractAutowireCapableBeanFactory.java:1822) ~[spring-beans-6.2.12.jar:6.2.12]
	... 102 common frames omitted
Caused by: liquibase.exception.CommandExecutionException: liquibase.exception.LiquibaseException: liquibase.exception.MigrationFailedException: Migration failed for changeset db/changelog/changes/001-initial-schema.yaml::001-create-connectors-table::antigravity:
     Reason: liquibase.exception.DatabaseException: ERROR: relation "connectors" already exists [Failed SQL: (0) CREATE TABLE public.connectors (id UUID DEFAULT gen_random_uuid() NOT NULL, name VARCHAR(255) NOT NULL, type VARCHAR(50) NOT NULL, config JSONB NOT NULL, registered_tables JSONB, is_active BOOLEAN DEFAULT TRUE, tenant_id VARCHAR(255) NOT NULL, status VARCHAR(20) DEFAULT 'INIT' NOT NULL, created_at TIMESTAMP WITHOUT TIME ZONE DEFAULT NOW(), CONSTRAINT connectors_pkey PRIMARY KEY (id))]
	at liquibase.command.CommandScope.lambda$execute$6(CommandScope.java:300) ~[liquibase-core-4.31.1.jar:na]
	at liquibase.Scope.child(Scope.java:210) ~[liquibase-core-4.31.1.jar:na]
	at liquibase.Scope.child(Scope.java:186) ~[liquibase-core-4.31.1.jar:na]
	at liquibase.command.CommandScope.execute(CommandScope.java:241) ~[liquibase-core-4.31.1.jar:na]
	at liquibase.Liquibase.lambda$update$0(Liquibase.java:216) ~[liquibase-core-4.31.1.jar:na]
	at liquibase.Scope.lambda$child$0(Scope.java:201) ~[liquibase-core-4.31.1.jar:na]
	at liquibase.Scope.child(Scope.java:210) ~[liquibase-core-4.31.1.jar:na]
	at liquibase.Scope.child(Scope.java:200) ~[liquibase-core-4.31.1.jar:na]
	at liquibase.Scope.child(Scope.java:179) ~[liquibase-core-4.31.1.jar:na]
	at liquibase.Liquibase.runInScope(Liquibase.java:1333) ~[liquibase-core-4.31.1.jar:na]
	at liquibase.Liquibase.update(Liquibase.java:205) ~[liquibase-core-4.31.1.jar:na]
	at liquibase.Liquibase.update(Liquibase.java:188) ~[liquibase-core-4.31.1.jar:na]
	at liquibase.integration.spring.SpringLiquibase.performUpdate(SpringLiquibase.java:326) ~[liquibase-core-4.31.1.jar:na]
	at liquibase.integration.spring.SpringLiquibase.lambda$afterPropertiesSet$0(SpringLiquibase.java:278) ~[liquibase-core-4.31.1.jar:na]
	at liquibase.Scope.lambda$child$0(Scope.java:201) ~[liquibase-core-4.31.1.jar:na]
	at liquibase.Scope.child(Scope.java:210) ~[liquibase-core-4.31.1.jar:na]
	at liquibase.Scope.child(Scope.java:200) ~[liquibase-core-4.31.1.jar:na]
	at liquibase.Scope.child(Scope.java:179) ~[liquibase-core-4.31.1.jar:na]
	at liquibase.integration.spring.SpringLiquibase.afterPropertiesSet(SpringLiquibase.java:271) ~[liquibase-core-4.31.1.jar:na]
	... 104 common frames omitted
Caused by: liquibase.exception.LiquibaseException: liquibase.exception.MigrationFailedException: Migration failed for changeset db/changelog/changes/001-initial-schema.yaml::001-create-connectors-table::antigravity:
     Reason: liquibase.exception.DatabaseException: ERROR: relation "connectors" already exists [Failed SQL: (0) CREATE TABLE public.connectors (id UUID DEFAULT gen_random_uuid() NOT NULL, name VARCHAR(255) NOT NULL, type VARCHAR(50) NOT NULL, config JSONB NOT NULL, registered_tables JSONB, is_active BOOLEAN DEFAULT TRUE, tenant_id VARCHAR(255) NOT NULL, status VARCHAR(20) DEFAULT 'INIT' NOT NULL, created_at TIMESTAMP WITHOUT TIME ZONE DEFAULT NOW(), CONSTRAINT connectors_pkey PRIMARY KEY (id))]
	at liquibase.changelog.ChangeLogIterator.run(ChangeLogIterator.java:155) ~[liquibase-core-4.31.1.jar:na]
	at liquibase.command.core.AbstractUpdateCommandStep.lambda$run$0(AbstractUpdateCommandStep.java:114) ~[liquibase-core-4.31.1.jar:na]
	at liquibase.Scope.lambda$child$0(Scope.java:201) ~[liquibase-core-4.31.1.jar:na]
	at liquibase.Scope.child(Scope.java:210) ~[liquibase-core-4.31.1.jar:na]
	at liquibase.Scope.child(Scope.java:200) ~[liquibase-core-4.31.1.jar:na]
	at liquibase.Scope.child(Scope.java:179) ~[liquibase-core-4.31.1.jar:na]
	at liquibase.command.core.AbstractUpdateCommandStep.run(AbstractUpdateCommandStep.java:112) ~[liquibase-core-4.31.1.jar:na]
	at liquibase.command.core.UpdateCommandStep.run(UpdateCommandStep.java:100) ~[liquibase-core-4.31.1.jar:na]
	at liquibase.command.CommandScope.lambda$execute$6(CommandScope.java:253) ~[liquibase-core-4.31.1.jar:na]
	... 122 common frames omitted
Caused by: liquibase.exception.MigrationFailedException: Migration failed for changeset db/changelog/changes/001-initial-schema.yaml::001-create-connectors-table::antigravity:
     Reason: liquibase.exception.DatabaseException: ERROR: relation "connectors" already exists [Failed SQL: (0) CREATE TABLE public.connectors (id UUID DEFAULT gen_random_uuid() NOT NULL, name VARCHAR(255) NOT NULL, type VARCHAR(50) NOT NULL, config JSONB NOT NULL, registered_tables JSONB, is_active BOOLEAN DEFAULT TRUE, tenant_id VARCHAR(255) NOT NULL, status VARCHAR(20) DEFAULT 'INIT' NOT NULL, created_at TIMESTAMP WITHOUT TIME ZONE DEFAULT NOW(), CONSTRAINT connectors_pkey PRIMARY KEY (id))]
	at liquibase.changelog.ChangeSet.execute(ChangeSet.java:840) ~[liquibase-core-4.31.1.jar:na]
	at liquibase.changelog.visitor.UpdateVisitor.executeAcceptedChange(UpdateVisitor.java:126) ~[liquibase-core-4.31.1.jar:na]
	at liquibase.changelog.visitor.UpdateVisitor.visit(UpdateVisitor.java:70) ~[liquibase-core-4.31.1.jar:na]
	at liquibase.changelog.ChangeLogIterator.lambda$run$0(ChangeLogIterator.java:133) ~[liquibase-core-4.31.1.jar:na]
	at liquibase.Scope.lambda$child$0(Scope.java:201) ~[liquibase-core-4.31.1.jar:na]
	at liquibase.Scope.child(Scope.java:210) ~[liquibase-core-4.31.1.jar:na]
	at liquibase.Scope.child(Scope.java:200) ~[liquibase-core-4.31.1.jar:na]
	at liquibase.Scope.child(Scope.java:179) ~[liquibase-core-4.31.1.jar:na]
	at liquibase.changelog.ChangeLogIterator.lambda$run$1(ChangeLogIterator.java:122) ~[liquibase-core-4.31.1.jar:na]
	at liquibase.Scope.lambda$child$0(Scope.java:201) ~[liquibase-core-4.31.1.jar:na]
	at liquibase.Scope.child(Scope.java:210) ~[liquibase-core-4.31.1.jar:na]
	at liquibase.Scope.child(Scope.java:200) ~[liquibase-core-4.31.1.jar:na]
	at liquibase.Scope.child(Scope.java:179) ~[liquibase-core-4.31.1.jar:na]
	at liquibase.Scope.child(Scope.java:267) ~[liquibase-core-4.31.1.jar:na]
	at liquibase.Scope.child(Scope.java:271) ~[liquibase-core-4.31.1.jar:na]
	at liquibase.changelog.ChangeLogIterator.run(ChangeLogIterator.java:91) ~[liquibase-core-4.31.1.jar:na]
	... 130 common frames omitted
Caused by: liquibase.exception.DatabaseException: ERROR: relation "connectors" already exists [Failed SQL: (0) CREATE TABLE public.connectors (id UUID DEFAULT gen_random_uuid() NOT NULL, name VARCHAR(255) NOT NULL, type VARCHAR(50) NOT NULL, config JSONB NOT NULL, registered_tables JSONB, is_active BOOLEAN DEFAULT TRUE, tenant_id VARCHAR(255) NOT NULL, status VARCHAR(20) DEFAULT 'INIT' NOT NULL, created_at TIMESTAMP WITHOUT TIME ZONE DEFAULT NOW(), CONSTRAINT connectors_pkey PRIMARY KEY (id))]
	at liquibase.executor.jvm.JdbcExecutor$ExecuteStatementCallback.doInStatement(JdbcExecutor.java:497) ~[liquibase-core-4.31.1.jar:na]
	at liquibase.executor.jvm.JdbcExecutor.execute(JdbcExecutor.java:83) ~[liquibase-core-4.31.1.jar:na]
	at liquibase.executor.jvm.JdbcExecutor.execute(JdbcExecutor.java:185) ~[liquibase-core-4.31.1.jar:na]
	at liquibase.executor.AbstractExecutor.execute(AbstractExecutor.java:141) ~[liquibase-core-4.31.1.jar:na]
	at liquibase.database.AbstractJdbcDatabase.executeStatements(AbstractJdbcDatabase.java:1189) ~[liquibase-core-4.31.1.jar:na]
	at liquibase.changelog.ChangeSet.execute(ChangeSet.java:790) ~[liquibase-core-4.31.1.jar:na]
	... 145 common frames omitted
Caused by: org.postgresql.util.PSQLException: ERROR: relation "connectors" already exists
	at org.postgresql.core.v3.QueryExecutorImpl.receiveErrorResponse(QueryExecutorImpl.java:2736) ~[postgresql-42.7.8.jar:42.7.8]
	at org.postgresql.core.v3.QueryExecutorImpl.processResults(QueryExecutorImpl.java:2421) ~[postgresql-42.7.8.jar:42.7.8]
	at org.postgresql.core.v3.QueryExecutorImpl.execute(QueryExecutorImpl.java:372) ~[postgresql-42.7.8.jar:42.7.8]
	at org.postgresql.jdbc.PgStatement.executeInternal(PgStatement.java:525) ~[postgresql-42.7.8.jar:42.7.8]
	at org.postgresql.jdbc.PgStatement.execute(PgStatement.java:435) ~[postgresql-42.7.8.jar:42.7.8]
	at org.postgresql.jdbc.PgStatement.executeWithFlags(PgStatement.java:357) ~[postgresql-42.7.8.jar:42.7.8]
	at org.postgresql.jdbc.PgStatement.executeCachedSql(PgStatement.java:342) ~[postgresql-42.7.8.jar:42.7.8]
	at org.postgresql.jdbc.PgStatement.executeWithFlags(PgStatement.java:318) ~[postgresql-42.7.8.jar:42.7.8]
	at org.postgresql.jdbc.PgStatement.execute(PgStatement.java:313) ~[postgresql-42.7.8.jar:42.7.8]
	at com.zaxxer.hikari.pool.ProxyStatement.execute(ProxyStatement.java:95) ~[HikariCP-6.3.3.jar:na]
	at com.zaxxer.hikari.pool.HikariProxyStatement.execute(HikariProxyStatement.java) ~[HikariCP-6.3.3.jar:na]
	at liquibase.executor.jvm.JdbcExecutor$ExecuteStatementCallback.doInStatement(JdbcExecutor.java:491) ~[liquibase-core-4.31.1.jar:na]
	... 150 common frames omitted

2025-11-28T00:24:41.740+07:00  WARN 19572 --- [ldop] [           main] o.s.test.context.TestContextManager      : Caught exception while allowing TestExecutionListener [org.springframework.test.context.web.ServletTestExecutionListener] to prepare test instance [com.example.ldop.service.ConnectorServiceIntegrationTest@5ac7550a]

java.lang.IllegalStateException: Failed to load ApplicationContext for [WebMergedContextConfiguration@6cd6698b testClass = com.example.ldop.service.ConnectorServiceIntegrationTest, locations = [], classes = [com.example.ldop.LdopApplication], contextInitializerClasses = [], activeProfiles = ["default"], propertySourceDescriptors = [], propertySourceProperties = ["org.springframework.boot.test.context.SpringBootTestContextBootstrapper=true"], contextCustomizers = [org.springframework.boot.test.context.filter.ExcludeFilterContextCustomizer@1b8a29df, org.springframework.boot.test.json.DuplicateJsonObjectContextCustomizerFactory$DuplicateJsonObjectContextCustomizer@1ef6d34c, org.springframework.boot.test.mock.mockito.MockitoContextCustomizer@0, org.springframework.boot.test.web.client.TestRestTemplateContextCustomizer@4066c471, org.springframework.boot.test.web.reactor.netty.DisableReactorResourceFactoryGlobalResourcesContextCustomizerFactory$DisableReactorResourceFactoryGlobalResourcesContextCustomizerCustomizer@5e403b4a, org.springframework.boot.test.autoconfigure.OnFailureConditionReportContextCustomizerFactory$OnFailureConditionReportContextCustomizer@2931522b, org.springframework.boot.test.autoconfigure.actuate.observability.ObservabilityContextCustomizerFactory$DisableObservabilityContextCustomizer@1f, org.springframework.boot.test.autoconfigure.properties.PropertyMappingContextCustomizer@0, org.springframework.boot.test.autoconfigure.web.servlet.WebDriverContextCustomizer@6bf08014, org.springframework.test.context.support.DynamicPropertiesContextCustomizer@0, org.springframework.boot.test.context.SpringBootTestAnnotation@82ba843e], resourceBasePath = "src/main/webapp", contextLoader = org.springframework.boot.test.context.SpringBootContextLoader, parent = null]
	at org.springframework.test.context.cache.DefaultCacheAwareContextLoaderDelegate.loadContext(DefaultCacheAwareContextLoaderDelegate.java:180) ~[spring-test-6.2.12.jar:6.2.12]
	at org.springframework.test.context.support.DefaultTestContext.getApplicationContext(DefaultTestContext.java:130) ~[spring-test-6.2.12.jar:6.2.12]
	at org.springframework.test.context.web.ServletTestExecutionListener.setUpRequestContextIfNecessary(ServletTestExecutionListener.java:200) ~[spring-test-6.2.12.jar:6.2.12]
	at org.springframework.test.context.web.ServletTestExecutionListener.prepareTestInstance(ServletTestExecutionListener.java:139) ~[spring-test-6.2.12.jar:6.2.12]
	at org.springframework.test.context.TestContextManager.prepareTestInstance(TestContextManager.java:260) ~[spring-test-6.2.12.jar:6.2.12]
	at org.springframework.test.context.junit.jupiter.SpringExtension.postProcessTestInstance(SpringExtension.java:159) ~[spring-test-6.2.12.jar:6.2.12]
	at org.junit.jupiter.engine.descriptor.ClassBasedTestDescriptor.lambda$invokeTestInstancePostProcessors$10(ClassBasedTestDescriptor.java:383) ~[junit-jupiter-engine-5.12.2.jar:5.12.2]
	at org.junit.jupiter.engine.descriptor.ClassBasedTestDescriptor.executeAndMaskThrowable(ClassBasedTestDescriptor.java:388) ~[junit-jupiter-engine-5.12.2.jar:5.12.2]
	at org.junit.jupiter.engine.descriptor.ClassBasedTestDescriptor.lambda$invokeTestInstancePostProcessors$11(ClassBasedTestDescriptor.java:382) ~[junit-jupiter-engine-5.12.2.jar:5.12.2]
	at java.base/java.util.stream.ForEachOps$ForEachOp$OfRef.accept(ForEachOps.java:184) ~[na:na]
	at java.base/java.util.stream.ReferencePipeline$3$1.accept(ReferencePipeline.java:197) ~[na:na]
	at java.base/java.util.stream.ReferencePipeline$2$1.accept(ReferencePipeline.java:179) ~[na:na]
	at java.base/java.util.stream.ReferencePipeline$3$1.accept(ReferencePipeline.java:197) ~[na:na]
	at java.base/java.util.ArrayList$ArrayListSpliterator.forEachRemaining(ArrayList.java:1708) ~[na:na]
	at java.base/java.util.stream.AbstractPipeline.copyInto(AbstractPipeline.java:509) ~[na:na]
	at java.base/java.util.stream.AbstractPipeline.wrapAndCopyInto(AbstractPipeline.java:499) ~[na:na]
	at java.base/java.util.stream.ForEachOps$ForEachOp.evaluateSequential(ForEachOps.java:151) ~[na:na]
	at java.base/java.util.stream.ForEachOps$ForEachOp$OfRef.evaluateSequential(ForEachOps.java:174) ~[na:na]
	at java.base/java.util.stream.AbstractPipeline.evaluate(AbstractPipeline.java:234) ~[na:na]
	at java.base/java.util.stream.ReferencePipeline.forEach(ReferencePipeline.java:596) ~[na:na]
	at org.junit.jupiter.engine.descriptor.ClassBasedTestDescriptor.invokeTestInstancePostProcessors(ClassBasedTestDescriptor.java:382) ~[junit-jupiter-engine-5.12.2.jar:5.12.2]
	at org.junit.jupiter.engine.descriptor.ClassBasedTestDescriptor.lambda$instantiateAndPostProcessTestInstance$6(ClassBasedTestDescriptor.java:293) ~[junit-jupiter-engine-5.12.2.jar:5.12.2]
	at org.junit.platform.engine.support.hierarchical.ThrowableCollector.execute(ThrowableCollector.java:73) ~[junit-platform-engine-1.12.2.jar:1.12.2]
	at org.junit.jupiter.engine.descriptor.ClassBasedTestDescriptor.instantiateAndPostProcessTestInstance(ClassBasedTestDescriptor.java:292) ~[junit-jupiter-engine-5.12.2.jar:5.12.2]
	at org.junit.jupiter.engine.descriptor.ClassBasedTestDescriptor.lambda$testInstancesProvider$4(ClassBasedTestDescriptor.java:281) ~[junit-jupiter-engine-5.12.2.jar:5.12.2]
	at java.base/java.util.Optional.orElseGet(Optional.java:364) ~[na:na]
	at org.junit.jupiter.engine.descriptor.ClassBasedTestDescriptor.lambda$testInstancesProvider$5(ClassBasedTestDescriptor.java:280) ~[junit-jupiter-engine-5.12.2.jar:5.12.2]
	at org.junit.jupiter.engine.execution.TestInstancesProvider.getTestInstances(TestInstancesProvider.java:27) ~[junit-jupiter-engine-5.12.2.jar:5.12.2]
	at org.junit.jupiter.engine.descriptor.TestMethodTestDescriptor.lambda$prepare$0(TestMethodTestDescriptor.java:112) ~[junit-jupiter-engine-5.12.2.jar:5.12.2]
	at org.junit.platform.engine.support.hierarchical.ThrowableCollector.execute(ThrowableCollector.java:73) ~[junit-platform-engine-1.12.2.jar:1.12.2]
	at org.junit.jupiter.engine.descriptor.TestMethodTestDescriptor.prepare(TestMethodTestDescriptor.java:111) ~[junit-jupiter-engine-5.12.2.jar:5.12.2]
	at org.junit.jupiter.engine.descriptor.TestMethodTestDescriptor.prepare(TestMethodTestDescriptor.java:69) ~[junit-jupiter-engine-5.12.2.jar:5.12.2]
	at org.junit.platform.engine.support.hierarchical.NodeTestTask.lambda$prepare$2(NodeTestTask.java:128) ~[junit-platform-engine-1.12.2.jar:1.12.2]
	at org.junit.platform.engine.support.hierarchical.ThrowableCollector.execute(ThrowableCollector.java:73) ~[junit-platform-engine-1.12.2.jar:1.12.2]
	at org.junit.platform.engine.support.hierarchical.NodeTestTask.prepare(NodeTestTask.java:128) ~[junit-platform-engine-1.12.2.jar:1.12.2]
	at org.junit.platform.engine.support.hierarchical.NodeTestTask.execute(NodeTestTask.java:95) ~[junit-platform-engine-1.12.2.jar:1.12.2]
	at java.base/java.util.ArrayList.forEach(ArrayList.java:1596) ~[na:na]
	at org.junit.platform.engine.support.hierarchical.SameThreadHierarchicalTestExecutorService.invokeAll(SameThreadHierarchicalTestExecutorService.java:41) ~[junit-platform-engine-1.12.2.jar:1.12.2]
	at org.junit.platform.engine.support.hierarchical.NodeTestTask.lambda$executeRecursively$6(NodeTestTask.java:160) ~[junit-platform-engine-1.12.2.jar:1.12.2]
	at org.junit.platform.engine.support.hierarchical.ThrowableCollector.execute(ThrowableCollector.java:73) ~[junit-platform-engine-1.12.2.jar:1.12.2]
	at org.junit.platform.engine.support.hierarchical.NodeTestTask.lambda$executeRecursively$8(NodeTestTask.java:146) ~[junit-platform-engine-1.12.2.jar:1.12.2]
	at org.junit.platform.engine.support.hierarchical.Node.around(Node.java:137) ~[junit-platform-engine-1.12.2.jar:1.12.2]
	at org.junit.platform.engine.support.hierarchical.NodeTestTask.lambda$executeRecursively$9(NodeTestTask.java:144) ~[junit-platform-engine-1.12.2.jar:1.12.2]
	at org.junit.platform.engine.support.hierarchical.ThrowableCollector.execute(ThrowableCollector.java:73) ~[junit-platform-engine-1.12.2.jar:1.12.2]
	at org.junit.platform.engine.support.hierarchical.NodeTestTask.executeRecursively(NodeTestTask.java:143) ~[junit-platform-engine-1.12.2.jar:1.12.2]
	at org.junit.platform.engine.support.hierarchical.NodeTestTask.execute(NodeTestTask.java:100) ~[junit-platform-engine-1.12.2.jar:1.12.2]
	at java.base/java.util.ArrayList.forEach(ArrayList.java:1596) ~[na:na]
	at org.junit.platform.engine.support.hierarchical.SameThreadHierarchicalTestExecutorService.invokeAll(SameThreadHierarchicalTestExecutorService.java:41) ~[junit-platform-engine-1.12.2.jar:1.12.2]
	at org.junit.platform.engine.support.hierarchical.NodeTestTask.lambda$executeRecursively$6(NodeTestTask.java:160) ~[junit-platform-engine-1.12.2.jar:1.12.2]
	at org.junit.platform.engine.support.hierarchical.ThrowableCollector.execute(ThrowableCollector.java:73) ~[junit-platform-engine-1.12.2.jar:1.12.2]
	at org.junit.platform.engine.support.hierarchical.NodeTestTask.lambda$executeRecursively$8(NodeTestTask.java:146) ~[junit-platform-engine-1.12.2.jar:1.12.2]
	at org.junit.platform.engine.support.hierarchical.Node.around(Node.java:137) ~[junit-platform-engine-1.12.2.jar:1.12.2]
	at org.junit.platform.engine.support.hierarchical.NodeTestTask.lambda$executeRecursively$9(NodeTestTask.java:144) ~[junit-platform-engine-1.12.2.jar:1.12.2]
	at org.junit.platform.engine.support.hierarchical.ThrowableCollector.execute(ThrowableCollector.java:73) ~[junit-platform-engine-1.12.2.jar:1.12.2]
	at org.junit.platform.engine.support.hierarchical.NodeTestTask.executeRecursively(NodeTestTask.java:143) ~[junit-platform-engine-1.12.2.jar:1.12.2]
	at org.junit.platform.engine.support.hierarchical.NodeTestTask.execute(NodeTestTask.java:100) ~[junit-platform-engine-1.12.2.jar:1.12.2]
	at org.junit.platform.engine.support.hierarchical.SameThreadHierarchicalTestExecutorService.submit(SameThreadHierarchicalTestExecutorService.java:35) ~[junit-platform-engine-1.12.2.jar:1.12.2]
	at org.junit.platform.engine.support.hierarchical.HierarchicalTestExecutor.execute(HierarchicalTestExecutor.java:57) ~[junit-platform-engine-1.12.2.jar:1.12.2]
	at org.junit.platform.engine.support.hierarchical.HierarchicalTestEngine.execute(HierarchicalTestEngine.java:54) ~[junit-platform-engine-1.12.2.jar:1.12.2]
	at org.junit.platform.launcher.core.EngineExecutionOrchestrator.execute(EngineExecutionOrchestrator.java:201) ~[junit-platform-launcher-1.12.2.jar:1.12.2]
	at org.junit.platform.launcher.core.EngineExecutionOrchestrator.execute(EngineExecutionOrchestrator.java:170) ~[junit-platform-launcher-1.12.2.jar:1.12.2]
	at org.junit.platform.launcher.core.EngineExecutionOrchestrator.execute(EngineExecutionOrchestrator.java:94) ~[junit-platform-launcher-1.12.2.jar:1.12.2]
	at org.junit.platform.launcher.core.EngineExecutionOrchestrator.lambda$execute$0(EngineExecutionOrchestrator.java:59) ~[junit-platform-launcher-1.12.2.jar:1.12.2]
	at org.junit.platform.launcher.core.EngineExecutionOrchestrator.withInterceptedStreams(EngineExecutionOrchestrator.java:142) ~[junit-platform-launcher-1.12.2.jar:1.12.2]
	at org.junit.platform.launcher.core.EngineExecutionOrchestrator.execute(EngineExecutionOrchestrator.java:58) ~[junit-platform-launcher-1.12.2.jar:1.12.2]
	at org.junit.platform.launcher.core.DefaultLauncher.execute(DefaultLauncher.java:103) ~[junit-platform-launcher-1.12.2.jar:1.12.2]
	at org.junit.platform.launcher.core.DefaultLauncher.execute(DefaultLauncher.java:85) ~[junit-platform-launcher-1.12.2.jar:1.12.2]
	at org.junit.platform.launcher.core.DelegatingLauncher.execute(DelegatingLauncher.java:47) ~[junit-platform-launcher-1.12.2.jar:1.12.2]
	at org.junit.platform.launcher.core.InterceptingLauncher.lambda$execute$1(InterceptingLauncher.java:39) ~[junit-platform-launcher-1.12.2.jar:1.12.2]
	at org.junit.platform.launcher.core.ClasspathAlignmentCheckingLauncherInterceptor.intercept(ClasspathAlignmentCheckingLauncherInterceptor.java:25) ~[junit-platform-launcher-1.12.2.jar:1.12.2]
	at org.junit.platform.launcher.core.InterceptingLauncher.execute(InterceptingLauncher.java:38) ~[junit-platform-launcher-1.12.2.jar:1.12.2]
	at org.junit.platform.launcher.core.DelegatingLauncher.execute(DelegatingLauncher.java:47) ~[junit-platform-launcher-1.12.2.jar:1.12.2]
	at org.apache.maven.surefire.junitplatform.LauncherAdapter.executeWithoutCancellationToken(LauncherAdapter.java:60) ~[surefire-junit-platform-3.5.4.jar:3.5.4]
	at org.apache.maven.surefire.junitplatform.LauncherAdapter.execute(LauncherAdapter.java:52) ~[surefire-junit-platform-3.5.4.jar:3.5.4]
	at org.apache.maven.surefire.junitplatform.JUnitPlatformProvider.execute(JUnitPlatformProvider.java:203) ~[surefire-junit-platform-3.5.4.jar:3.5.4]
	at org.apache.maven.surefire.junitplatform.JUnitPlatformProvider.invokeAllTests(JUnitPlatformProvider.java:168) ~[surefire-junit-platform-3.5.4.jar:3.5.4]
	at org.apache.maven.surefire.junitplatform.JUnitPlatformProvider.invoke(JUnitPlatformProvider.java:136) ~[surefire-junit-platform-3.5.4.jar:3.5.4]
	at org.apache.maven.surefire.booter.ForkedBooter.runSuitesInProcess(ForkedBooter.java:385) ~[surefire-booter-3.5.4.jar:3.5.4]
	at org.apache.maven.surefire.booter.ForkedBooter.execute(ForkedBooter.java:162) ~[surefire-booter-3.5.4.jar:3.5.4]
	at org.apache.maven.surefire.booter.ForkedBooter.run(ForkedBooter.java:507) ~[surefire-booter-3.5.4.jar:3.5.4]
	at org.apache.maven.surefire.booter.ForkedBooter.main(ForkedBooter.java:495) ~[surefire-booter-3.5.4.jar:3.5.4]
Caused by: org.springframework.beans.factory.BeanCreationException: Error creating bean with name 'entityManagerFactory' defined in class path resource [org/springframework/boot/autoconfigure/orm/jpa/HibernateJpaConfiguration.class]: Failed to initialize dependency 'liquibase' of LoadTimeWeaverAware bean 'entityManagerFactory': Error creating bean with name 'liquibase' defined in class path resource [org/springframework/boot/autoconfigure/liquibase/LiquibaseAutoConfiguration$LiquibaseConfiguration.class]: liquibase.exception.CommandExecutionException: liquibase.exception.LiquibaseException: liquibase.exception.MigrationFailedException: Migration failed for changeset db/changelog/changes/001-initial-schema.yaml::001-create-connectors-table::antigravity:
     Reason: liquibase.exception.DatabaseException: ERROR: relation "connectors" already exists [Failed SQL: (0) CREATE TABLE public.connectors (id UUID DEFAULT gen_random_uuid() NOT NULL, name VARCHAR(255) NOT NULL, type VARCHAR(50) NOT NULL, config JSONB NOT NULL, registered_tables JSONB, is_active BOOLEAN DEFAULT TRUE, tenant_id VARCHAR(255) NOT NULL, status VARCHAR(20) DEFAULT 'INIT' NOT NULL, created_at TIMESTAMP WITHOUT TIME ZONE DEFAULT NOW(), CONSTRAINT connectors_pkey PRIMARY KEY (id))]
	at org.springframework.beans.factory.support.AbstractBeanFactory.doGetBean(AbstractBeanFactory.java:328) ~[spring-beans-6.2.12.jar:6.2.12]
	at org.springframework.beans.factory.support.AbstractBeanFactory.getBean(AbstractBeanFactory.java:207) ~[spring-beans-6.2.12.jar:6.2.12]
	at org.springframework.context.support.AbstractApplicationContext.finishBeanFactoryInitialization(AbstractApplicationContext.java:973) ~[spring-context-6.2.12.jar:6.2.12]
	at org.springframework.context.support.AbstractApplicationContext.refresh(AbstractApplicationContext.java:627) ~[spring-context-6.2.12.jar:6.2.12]
	at org.springframework.boot.SpringApplication.refresh(SpringApplication.java:752) ~[spring-boot-3.5.7.jar:3.5.7]
	at org.springframework.boot.SpringApplication.refreshContext(SpringApplication.java:439) ~[spring-boot-3.5.7.jar:3.5.7]
	at org.springframework.boot.SpringApplication.run(SpringApplication.java:318) ~[spring-boot-3.5.7.jar:3.5.7]
	at org.springframework.boot.test.context.SpringBootContextLoader.lambda$loadContext$3(SpringBootContextLoader.java:144) ~[spring-boot-test-3.5.7.jar:3.5.7]
	at org.springframework.util.function.ThrowingSupplier.get(ThrowingSupplier.java:58) ~[spring-core-6.2.12.jar:6.2.12]
	at org.springframework.util.function.ThrowingSupplier.get(ThrowingSupplier.java:46) ~[spring-core-6.2.12.jar:6.2.12]
	at org.springframework.boot.SpringApplication.withHook(SpringApplication.java:1461) ~[spring-boot-3.5.7.jar:3.5.7]
	at org.springframework.boot.test.context.SpringBootContextLoader$ContextLoaderHook.run(SpringBootContextLoader.java:563) ~[spring-boot-test-3.5.7.jar:3.5.7]
	at org.springframework.boot.test.context.SpringBootContextLoader.loadContext(SpringBootContextLoader.java:144) ~[spring-boot-test-3.5.7.jar:3.5.7]
	at org.springframework.boot.test.context.SpringBootContextLoader.loadContext(SpringBootContextLoader.java:110) ~[spring-boot-test-3.5.7.jar:3.5.7]
	at org.springframework.test.context.cache.DefaultCacheAwareContextLoaderDelegate.loadContextInternal(DefaultCacheAwareContextLoaderDelegate.java:225) ~[spring-test-6.2.12.jar:6.2.12]
	at org.springframework.test.context.cache.DefaultCacheAwareContextLoaderDelegate.loadContext(DefaultCacheAwareContextLoaderDelegate.java:152) ~[spring-test-6.2.12.jar:6.2.12]
	... 80 common frames omitted
Caused by: org.springframework.beans.factory.BeanCreationException: Error creating bean with name 'liquibase' defined in class path resource [org/springframework/boot/autoconfigure/liquibase/LiquibaseAutoConfiguration$LiquibaseConfiguration.class]: liquibase.exception.CommandExecutionException: liquibase.exception.LiquibaseException: liquibase.exception.MigrationFailedException: Migration failed for changeset db/changelog/changes/001-initial-schema.yaml::001-create-connectors-table::antigravity:
     Reason: liquibase.exception.DatabaseException: ERROR: relation "connectors" already exists [Failed SQL: (0) CREATE TABLE public.connectors (id UUID DEFAULT gen_random_uuid() NOT NULL, name VARCHAR(255) NOT NULL, type VARCHAR(50) NOT NULL, config JSONB NOT NULL, registered_tables JSONB, is_active BOOLEAN DEFAULT TRUE, tenant_id VARCHAR(255) NOT NULL, status VARCHAR(20) DEFAULT 'INIT' NOT NULL, created_at TIMESTAMP WITHOUT TIME ZONE DEFAULT NOW(), CONSTRAINT connectors_pkey PRIMARY KEY (id))]
	at org.springframework.beans.factory.support.AbstractAutowireCapableBeanFactory.initializeBean(AbstractAutowireCapableBeanFactory.java:1826) ~[spring-beans-6.2.12.jar:6.2.12]
	at org.springframework.beans.factory.support.AbstractAutowireCapableBeanFactory.doCreateBean(AbstractAutowireCapableBeanFactory.java:607) ~[spring-beans-6.2.12.jar:6.2.12]
	at org.springframework.beans.factory.support.AbstractAutowireCapableBeanFactory.createBean(AbstractAutowireCapableBeanFactory.java:529) ~[spring-beans-6.2.12.jar:6.2.12]
	at org.springframework.beans.factory.support.AbstractBeanFactory.lambda$doGetBean$0(AbstractBeanFactory.java:339) ~[spring-beans-6.2.12.jar:6.2.12]
	at org.springframework.beans.factory.support.DefaultSingletonBeanRegistry.getSingleton(DefaultSingletonBeanRegistry.java:373) ~[spring-beans-6.2.12.jar:6.2.12]
	at org.springframework.beans.factory.support.AbstractBeanFactory.doGetBean(AbstractBeanFactory.java:337) ~[spring-beans-6.2.12.jar:6.2.12]
	at org.springframework.beans.factory.support.AbstractBeanFactory.getBean(AbstractBeanFactory.java:202) ~[spring-beans-6.2.12.jar:6.2.12]
	at org.springframework.beans.factory.support.AbstractBeanFactory.doGetBean(AbstractBeanFactory.java:315) ~[spring-beans-6.2.12.jar:6.2.12]
	... 95 common frames omitted
Caused by: liquibase.exception.LiquibaseException: liquibase.exception.CommandExecutionException: liquibase.exception.LiquibaseException: liquibase.exception.MigrationFailedException: Migration failed for changeset db/changelog/changes/001-initial-schema.yaml::001-create-connectors-table::antigravity:
     Reason: liquibase.exception.DatabaseException: ERROR: relation "connectors" already exists [Failed SQL: (0) CREATE TABLE public.connectors (id UUID DEFAULT gen_random_uuid() NOT NULL, name VARCHAR(255) NOT NULL, type VARCHAR(50) NOT NULL, config JSONB NOT NULL, registered_tables JSONB, is_active BOOLEAN DEFAULT TRUE, tenant_id VARCHAR(255) NOT NULL, status VARCHAR(20) DEFAULT 'INIT' NOT NULL, created_at TIMESTAMP WITHOUT TIME ZONE DEFAULT NOW(), CONSTRAINT connectors_pkey PRIMARY KEY (id))]
	at liquibase.integration.spring.SpringLiquibase.afterPropertiesSet(SpringLiquibase.java:288) ~[liquibase-core-4.31.1.jar:na]
	at org.springframework.beans.factory.support.AbstractAutowireCapableBeanFactory.invokeInitMethods(AbstractAutowireCapableBeanFactory.java:1873) ~[spring-beans-6.2.12.jar:6.2.12]
	at org.springframework.beans.factory.support.AbstractAutowireCapableBeanFactory.initializeBean(AbstractAutowireCapableBeanFactory.java:1822) ~[spring-beans-6.2.12.jar:6.2.12]
	... 102 common frames omitted
Caused by: liquibase.exception.CommandExecutionException: liquibase.exception.LiquibaseException: liquibase.exception.MigrationFailedException: Migration failed for changeset db/changelog/changes/001-initial-schema.yaml::001-create-connectors-table::antigravity:
     Reason: liquibase.exception.DatabaseException: ERROR: relation "connectors" already exists [Failed SQL: (0) CREATE TABLE public.connectors (id UUID DEFAULT gen_random_uuid() NOT NULL, name VARCHAR(255) NOT NULL, type VARCHAR(50) NOT NULL, config JSONB NOT NULL, registered_tables JSONB, is_active BOOLEAN DEFAULT TRUE, tenant_id VARCHAR(255) NOT NULL, status VARCHAR(20) DEFAULT 'INIT' NOT NULL, created_at TIMESTAMP WITHOUT TIME ZONE DEFAULT NOW(), CONSTRAINT connectors_pkey PRIMARY KEY (id))]
	at liquibase.command.CommandScope.lambda$execute$6(CommandScope.java:300) ~[liquibase-core-4.31.1.jar:na]
	at liquibase.Scope.child(Scope.java:210) ~[liquibase-core-4.31.1.jar:na]
	at liquibase.Scope.child(Scope.java:186) ~[liquibase-core-4.31.1.jar:na]
	at liquibase.command.CommandScope.execute(CommandScope.java:241) ~[liquibase-core-4.31.1.jar:na]
	at liquibase.Liquibase.lambda$update$0(Liquibase.java:216) ~[liquibase-core-4.31.1.jar:na]
	at liquibase.Scope.lambda$child$0(Scope.java:201) ~[liquibase-core-4.31.1.jar:na]
	at liquibase.Scope.child(Scope.java:210) ~[liquibase-core-4.31.1.jar:na]
	at liquibase.Scope.child(Scope.java:200) ~[liquibase-core-4.31.1.jar:na]
	at liquibase.Scope.child(Scope.java:179) ~[liquibase-core-4.31.1.jar:na]
	at liquibase.Liquibase.runInScope(Liquibase.java:1333) ~[liquibase-core-4.31.1.jar:na]
	at liquibase.Liquibase.update(Liquibase.java:205) ~[liquibase-core-4.31.1.jar:na]
	at liquibase.Liquibase.update(Liquibase.java:188) ~[liquibase-core-4.31.1.jar:na]
	at liquibase.integration.spring.SpringLiquibase.performUpdate(SpringLiquibase.java:326) ~[liquibase-core-4.31.1.jar:na]
	at liquibase.integration.spring.SpringLiquibase.lambda$afterPropertiesSet$0(SpringLiquibase.java:278) ~[liquibase-core-4.31.1.jar:na]
	at liquibase.Scope.lambda$child$0(Scope.java:201) ~[liquibase-core-4.31.1.jar:na]
	at liquibase.Scope.child(Scope.java:210) ~[liquibase-core-4.31.1.jar:na]
	at liquibase.Scope.child(Scope.java:200) ~[liquibase-core-4.31.1.jar:na]
	at liquibase.Scope.child(Scope.java:179) ~[liquibase-core-4.31.1.jar:na]
	at liquibase.integration.spring.SpringLiquibase.afterPropertiesSet(SpringLiquibase.java:271) ~[liquibase-core-4.31.1.jar:na]
	... 104 common frames omitted
Caused by: liquibase.exception.LiquibaseException: liquibase.exception.MigrationFailedException: Migration failed for changeset db/changelog/changes/001-initial-schema.yaml::001-create-connectors-table::antigravity:
     Reason: liquibase.exception.DatabaseException: ERROR: relation "connectors" already exists [Failed SQL: (0) CREATE TABLE public.connectors (id UUID DEFAULT gen_random_uuid() NOT NULL, name VARCHAR(255) NOT NULL, type VARCHAR(50) NOT NULL, config JSONB NOT NULL, registered_tables JSONB, is_active BOOLEAN DEFAULT TRUE, tenant_id VARCHAR(255) NOT NULL, status VARCHAR(20) DEFAULT 'INIT' NOT NULL, created_at TIMESTAMP WITHOUT TIME ZONE DEFAULT NOW(), CONSTRAINT connectors_pkey PRIMARY KEY (id))]
	at liquibase.changelog.ChangeLogIterator.run(ChangeLogIterator.java:155) ~[liquibase-core-4.31.1.jar:na]
	at liquibase.command.core.AbstractUpdateCommandStep.lambda$run$0(AbstractUpdateCommandStep.java:114) ~[liquibase-core-4.31.1.jar:na]
	at liquibase.Scope.lambda$child$0(Scope.java:201) ~[liquibase-core-4.31.1.jar:na]
	at liquibase.Scope.child(Scope.java:210) ~[liquibase-core-4.31.1.jar:na]
	at liquibase.Scope.child(Scope.java:200) ~[liquibase-core-4.31.1.jar:na]
	at liquibase.Scope.child(Scope.java:179) ~[liquibase-core-4.31.1.jar:na]
	at liquibase.command.core.AbstractUpdateCommandStep.run(AbstractUpdateCommandStep.java:112) ~[liquibase-core-4.31.1.jar:na]
	at liquibase.command.core.UpdateCommandStep.run(UpdateCommandStep.java:100) ~[liquibase-core-4.31.1.jar:na]
	at liquibase.command.CommandScope.lambda$execute$6(CommandScope.java:253) ~[liquibase-core-4.31.1.jar:na]
	... 122 common frames omitted
Caused by: liquibase.exception.MigrationFailedException: Migration failed for changeset db/changelog/changes/001-initial-schema.yaml::001-create-connectors-table::antigravity:
     Reason: liquibase.exception.DatabaseException: ERROR: relation "connectors" already exists [Failed SQL: (0) CREATE TABLE public.connectors (id UUID DEFAULT gen_random_uuid() NOT NULL, name VARCHAR(255) NOT NULL, type VARCHAR(50) NOT NULL, config JSONB NOT NULL, registered_tables JSONB, is_active BOOLEAN DEFAULT TRUE, tenant_id VARCHAR(255) NOT NULL, status VARCHAR(20) DEFAULT 'INIT' NOT NULL, created_at TIMESTAMP WITHOUT TIME ZONE DEFAULT NOW(), CONSTRAINT connectors_pkey PRIMARY KEY (id))]
	at liquibase.changelog.ChangeSet.execute(ChangeSet.java:840) ~[liquibase-core-4.31.1.jar:na]
	at liquibase.changelog.visitor.UpdateVisitor.executeAcceptedChange(UpdateVisitor.java:126) ~[liquibase-core-4.31.1.jar:na]
	at liquibase.changelog.visitor.UpdateVisitor.visit(UpdateVisitor.java:70) ~[liquibase-core-4.31.1.jar:na]
	at liquibase.changelog.ChangeLogIterator.lambda$run$0(ChangeLogIterator.java:133) ~[liquibase-core-4.31.1.jar:na]
	at liquibase.Scope.lambda$child$0(Scope.java:201) ~[liquibase-core-4.31.1.jar:na]
	at liquibase.Scope.child(Scope.java:210) ~[liquibase-core-4.31.1.jar:na]
	at liquibase.Scope.child(Scope.java:200) ~[liquibase-core-4.31.1.jar:na]
	at liquibase.Scope.child(Scope.java:179) ~[liquibase-core-4.31.1.jar:na]
	at liquibase.changelog.ChangeLogIterator.lambda$run$1(ChangeLogIterator.java:122) ~[liquibase-core-4.31.1.jar:na]
	at liquibase.Scope.lambda$child$0(Scope.java:201) ~[liquibase-core-4.31.1.jar:na]
	at liquibase.Scope.child(Scope.java:210) ~[liquibase-core-4.31.1.jar:na]
	at liquibase.Scope.child(Scope.java:200) ~[liquibase-core-4.31.1.jar:na]
	at liquibase.Scope.child(Scope.java:179) ~[liquibase-core-4.31.1.jar:na]
	at liquibase.Scope.child(Scope.java:267) ~[liquibase-core-4.31.1.jar:na]
	at liquibase.Scope.child(Scope.java:271) ~[liquibase-core-4.31.1.jar:na]
	at liquibase.changelog.ChangeLogIterator.run(ChangeLogIterator.java:91) ~[liquibase-core-4.31.1.jar:na]
	... 130 common frames omitted
Caused by: liquibase.exception.DatabaseException: ERROR: relation "connectors" already exists [Failed SQL: (0) CREATE TABLE public.connectors (id UUID DEFAULT gen_random_uuid() NOT NULL, name VARCHAR(255) NOT NULL, type VARCHAR(50) NOT NULL, config JSONB NOT NULL, registered_tables JSONB, is_active BOOLEAN DEFAULT TRUE, tenant_id VARCHAR(255) NOT NULL, status VARCHAR(20) DEFAULT 'INIT' NOT NULL, created_at TIMESTAMP WITHOUT TIME ZONE DEFAULT NOW(), CONSTRAINT connectors_pkey PRIMARY KEY (id))]
	at liquibase.executor.jvm.JdbcExecutor$ExecuteStatementCallback.doInStatement(JdbcExecutor.java:497) ~[liquibase-core-4.31.1.jar:na]
	at liquibase.executor.jvm.JdbcExecutor.execute(JdbcExecutor.java:83) ~[liquibase-core-4.31.1.jar:na]
	at liquibase.executor.jvm.JdbcExecutor.execute(JdbcExecutor.java:185) ~[liquibase-core-4.31.1.jar:na]
	at liquibase.executor.AbstractExecutor.execute(AbstractExecutor.java:141) ~[liquibase-core-4.31.1.jar:na]
	at liquibase.database.AbstractJdbcDatabase.executeStatements(AbstractJdbcDatabase.java:1189) ~[liquibase-core-4.31.1.jar:na]
	at liquibase.changelog.ChangeSet.execute(ChangeSet.java:790) ~[liquibase-core-4.31.1.jar:na]
	... 145 common frames omitted
Caused by: org.postgresql.util.PSQLException: ERROR: relation "connectors" already exists
	at org.postgresql.core.v3.QueryExecutorImpl.receiveErrorResponse(QueryExecutorImpl.java:2736) ~[postgresql-42.7.8.jar:42.7.8]
	at org.postgresql.core.v3.QueryExecutorImpl.processResults(QueryExecutorImpl.java:2421) ~[postgresql-42.7.8.jar:42.7.8]
	at org.postgresql.core.v3.QueryExecutorImpl.execute(QueryExecutorImpl.java:372) ~[postgresql-42.7.8.jar:42.7.8]
	at org.postgresql.jdbc.PgStatement.executeInternal(PgStatement.java:525) ~[postgresql-42.7.8.jar:42.7.8]
	at org.postgresql.jdbc.PgStatement.execute(PgStatement.java:435) ~[postgresql-42.7.8.jar:42.7.8]
	at org.postgresql.jdbc.PgStatement.executeWithFlags(PgStatement.java:357) ~[postgresql-42.7.8.jar:42.7.8]
	at org.postgresql.jdbc.PgStatement.executeCachedSql(PgStatement.java:342) ~[postgresql-42.7.8.jar:42.7.8]
	at org.postgresql.jdbc.PgStatement.executeWithFlags(PgStatement.java:318) ~[postgresql-42.7.8.jar:42.7.8]
	at org.postgresql.jdbc.PgStatement.execute(PgStatement.java:313) ~[postgresql-42.7.8.jar:42.7.8]
	at com.zaxxer.hikari.pool.ProxyStatement.execute(ProxyStatement.java:95) ~[HikariCP-6.3.3.jar:na]
	at com.zaxxer.hikari.pool.HikariProxyStatement.execute(HikariProxyStatement.java) ~[HikariCP-6.3.3.jar:na]
	at liquibase.executor.jvm.JdbcExecutor$ExecuteStatementCallback.doInStatement(JdbcExecutor.java:491) ~[liquibase-core-4.31.1.jar:na]
	... 150 common frames omitted

2025-11-28T00:24:41.750+07:00  WARN 19572 --- [ldop] [           main] o.s.test.context.TestContextManager      : Caught exception while allowing TestExecutionListener [org.springframework.test.context.web.ServletTestExecutionListener] to prepare test instance [com.example.ldop.service.ConnectorServiceIntegrationTest@2114eb1a]

java.lang.IllegalStateException: ApplicationContext failure threshold (1) exceeded: skipping repeated attempt to load context for [WebMergedContextConfiguration@6cd6698b testClass = com.example.ldop.service.ConnectorServiceIntegrationTest, locations = [], classes = [com.example.ldop.LdopApplication], contextInitializerClasses = [], activeProfiles = ["default"], propertySourceDescriptors = [], propertySourceProperties = ["org.springframework.boot.test.context.SpringBootTestContextBootstrapper=true"], contextCustomizers = [org.springframework.boot.test.context.filter.ExcludeFilterContextCustomizer@1b8a29df, org.springframework.boot.test.json.DuplicateJsonObjectContextCustomizerFactory$DuplicateJsonObjectContextCustomizer@1ef6d34c, org.springframework.boot.test.mock.mockito.MockitoContextCustomizer@0, org.springframework.boot.test.web.client.TestRestTemplateContextCustomizer@4066c471, org.springframework.boot.test.web.reactor.netty.DisableReactorResourceFactoryGlobalResourcesContextCustomizerFactory$DisableReactorResourceFactoryGlobalResourcesContextCustomizerCustomizer@5e403b4a, org.springframework.boot.test.autoconfigure.OnFailureConditionReportContextCustomizerFactory$OnFailureConditionReportContextCustomizer@2931522b, org.springframework.boot.test.autoconfigure.actuate.observability.ObservabilityContextCustomizerFactory$DisableObservabilityContextCustomizer@1f, org.springframework.boot.test.autoconfigure.properties.PropertyMappingContextCustomizer@0, org.springframework.boot.test.autoconfigure.web.servlet.WebDriverContextCustomizer@6bf08014, org.springframework.test.context.support.DynamicPropertiesContextCustomizer@0, org.springframework.boot.test.context.SpringBootTestAnnotation@82ba843e], resourceBasePath = "src/main/webapp", contextLoader = org.springframework.boot.test.context.SpringBootContextLoader, parent = null]
	at org.springframework.test.context.cache.DefaultCacheAwareContextLoaderDelegate.loadContext(DefaultCacheAwareContextLoaderDelegate.java:145) ~[spring-test-6.2.12.jar:6.2.12]
	at org.springframework.test.context.support.DefaultTestContext.getApplicationContext(DefaultTestContext.java:130) ~[spring-test-6.2.12.jar:6.2.12]
	at org.springframework.test.context.web.ServletTestExecutionListener.setUpRequestContextIfNecessary(ServletTestExecutionListener.java:200) ~[spring-test-6.2.12.jar:6.2.12]
	at org.springframework.test.context.web.ServletTestExecutionListener.prepareTestInstance(ServletTestExecutionListener.java:139) ~[spring-test-6.2.12.jar:6.2.12]
	at org.springframework.test.context.TestContextManager.prepareTestInstance(TestContextManager.java:260) ~[spring-test-6.2.12.jar:6.2.12]
	at org.springframework.test.context.junit.jupiter.SpringExtension.postProcessTestInstance(SpringExtension.java:159) ~[spring-test-6.2.12.jar:6.2.12]
	at org.junit.jupiter.engine.descriptor.ClassBasedTestDescriptor.lambda$invokeTestInstancePostProcessors$10(ClassBasedTestDescriptor.java:383) ~[junit-jupiter-engine-5.12.2.jar:5.12.2]
	at org.junit.jupiter.engine.descriptor.ClassBasedTestDescriptor.executeAndMaskThrowable(ClassBasedTestDescriptor.java:388) ~[junit-jupiter-engine-5.12.2.jar:5.12.2]
	at org.junit.jupiter.engine.descriptor.ClassBasedTestDescriptor.lambda$invokeTestInstancePostProcessors$11(ClassBasedTestDescriptor.java:382) ~[junit-jupiter-engine-5.12.2.jar:5.12.2]
	at java.base/java.util.stream.ForEachOps$ForEachOp$OfRef.accept(ForEachOps.java:184) ~[na:na]
	at java.base/java.util.stream.ReferencePipeline$3$1.accept(ReferencePipeline.java:197) ~[na:na]
	at java.base/java.util.stream.ReferencePipeline$2$1.accept(ReferencePipeline.java:179) ~[na:na]
	at java.base/java.util.stream.ReferencePipeline$3$1.accept(ReferencePipeline.java:197) ~[na:na]
	at java.base/java.util.ArrayList$ArrayListSpliterator.forEachRemaining(ArrayList.java:1708) ~[na:na]
	at java.base/java.util.stream.AbstractPipeline.copyInto(AbstractPipeline.java:509) ~[na:na]
	at java.base/java.util.stream.AbstractPipeline.wrapAndCopyInto(AbstractPipeline.java:499) ~[na:na]
	at java.base/java.util.stream.ForEachOps$ForEachOp.evaluateSequential(ForEachOps.java:151) ~[na:na]
	at java.base/java.util.stream.ForEachOps$ForEachOp$OfRef.evaluateSequential(ForEachOps.java:174) ~[na:na]
	at java.base/java.util.stream.AbstractPipeline.evaluate(AbstractPipeline.java:234) ~[na:na]
	at java.base/java.util.stream.ReferencePipeline.forEach(ReferencePipeline.java:596) ~[na:na]
	at org.junit.jupiter.engine.descriptor.ClassBasedTestDescriptor.invokeTestInstancePostProcessors(ClassBasedTestDescriptor.java:382) ~[junit-jupiter-engine-5.12.2.jar:5.12.2]
	at org.junit.jupiter.engine.descriptor.ClassBasedTestDescriptor.lambda$instantiateAndPostProcessTestInstance$6(ClassBasedTestDescriptor.java:293) ~[junit-jupiter-engine-5.12.2.jar:5.12.2]
	at org.junit.platform.engine.support.hierarchical.ThrowableCollector.execute(ThrowableCollector.java:73) ~[junit-platform-engine-1.12.2.jar:1.12.2]
	at org.junit.jupiter.engine.descriptor.ClassBasedTestDescriptor.instantiateAndPostProcessTestInstance(ClassBasedTestDescriptor.java:292) ~[junit-jupiter-engine-5.12.2.jar:5.12.2]
	at org.junit.jupiter.engine.descriptor.ClassBasedTestDescriptor.lambda$testInstancesProvider$4(ClassBasedTestDescriptor.java:281) ~[junit-jupiter-engine-5.12.2.jar:5.12.2]
	at java.base/java.util.Optional.orElseGet(Optional.java:364) ~[na:na]
	at org.junit.jupiter.engine.descriptor.ClassBasedTestDescriptor.lambda$testInstancesProvider$5(ClassBasedTestDescriptor.java:280) ~[junit-jupiter-engine-5.12.2.jar:5.12.2]
	at org.junit.jupiter.engine.execution.TestInstancesProvider.getTestInstances(TestInstancesProvider.java:27) ~[junit-jupiter-engine-5.12.2.jar:5.12.2]
	at org.junit.jupiter.engine.descriptor.TestMethodTestDescriptor.lambda$prepare$0(TestMethodTestDescriptor.java:112) ~[junit-jupiter-engine-5.12.2.jar:5.12.2]
	at org.junit.platform.engine.support.hierarchical.ThrowableCollector.execute(ThrowableCollector.java:73) ~[junit-platform-engine-1.12.2.jar:1.12.2]
	at org.junit.jupiter.engine.descriptor.TestMethodTestDescriptor.prepare(TestMethodTestDescriptor.java:111) ~[junit-jupiter-engine-5.12.2.jar:5.12.2]
	at org.junit.jupiter.engine.descriptor.TestMethodTestDescriptor.prepare(TestMethodTestDescriptor.java:69) ~[junit-jupiter-engine-5.12.2.jar:5.12.2]
	at org.junit.platform.engine.support.hierarchical.NodeTestTask.lambda$prepare$2(NodeTestTask.java:128) ~[junit-platform-engine-1.12.2.jar:1.12.2]
	at org.junit.platform.engine.support.hierarchical.ThrowableCollector.execute(ThrowableCollector.java:73) ~[junit-platform-engine-1.12.2.jar:1.12.2]
	at org.junit.platform.engine.support.hierarchical.NodeTestTask.prepare(NodeTestTask.java:128) ~[junit-platform-engine-1.12.2.jar:1.12.2]
	at org.junit.platform.engine.support.hierarchical.NodeTestTask.execute(NodeTestTask.java:95) ~[junit-platform-engine-1.12.2.jar:1.12.2]
	at java.base/java.util.ArrayList.forEach(ArrayList.java:1596) ~[na:na]
	at org.junit.platform.engine.support.hierarchical.SameThreadHierarchicalTestExecutorService.invokeAll(SameThreadHierarchicalTestExecutorService.java:41) ~[junit-platform-engine-1.12.2.jar:1.12.2]
	at org.junit.platform.engine.support.hierarchical.NodeTestTask.lambda$executeRecursively$6(NodeTestTask.java:160) ~[junit-platform-engine-1.12.2.jar:1.12.2]
	at org.junit.platform.engine.support.hierarchical.ThrowableCollector.execute(ThrowableCollector.java:73) ~[junit-platform-engine-1.12.2.jar:1.12.2]
	at org.junit.platform.engine.support.hierarchical.NodeTestTask.lambda$executeRecursively$8(NodeTestTask.java:146) ~[junit-platform-engine-1.12.2.jar:1.12.2]
	at org.junit.platform.engine.support.hierarchical.Node.around(Node.java:137) ~[junit-platform-engine-1.12.2.jar:1.12.2]
	at org.junit.platform.engine.support.hierarchical.NodeTestTask.lambda$executeRecursively$9(NodeTestTask.java:144) ~[junit-platform-engine-1.12.2.jar:1.12.2]
	at org.junit.platform.engine.support.hierarchical.ThrowableCollector.execute(ThrowableCollector.java:73) ~[junit-platform-engine-1.12.2.jar:1.12.2]
	at org.junit.platform.engine.support.hierarchical.NodeTestTask.executeRecursively(NodeTestTask.java:143) ~[junit-platform-engine-1.12.2.jar:1.12.2]
	at org.junit.platform.engine.support.hierarchical.NodeTestTask.execute(NodeTestTask.java:100) ~[junit-platform-engine-1.12.2.jar:1.12.2]
	at java.base/java.util.ArrayList.forEach(ArrayList.java:1596) ~[na:na]
	at org.junit.platform.engine.support.hierarchical.SameThreadHierarchicalTestExecutorService.invokeAll(SameThreadHierarchicalTestExecutorService.java:41) ~[junit-platform-engine-1.12.2.jar:1.12.2]
	at org.junit.platform.engine.support.hierarchical.NodeTestTask.lambda$executeRecursively$6(NodeTestTask.java:160) ~[junit-platform-engine-1.12.2.jar:1.12.2]
	at org.junit.platform.engine.support.hierarchical.ThrowableCollector.execute(ThrowableCollector.java:73) ~[junit-platform-engine-1.12.2.jar:1.12.2]
	at org.junit.platform.engine.support.hierarchical.NodeTestTask.lambda$executeRecursively$8(NodeTestTask.java:146) ~[junit-platform-engine-1.12.2.jar:1.12.2]
	at org.junit.platform.engine.support.hierarchical.Node.around(Node.java:137) ~[junit-platform-engine-1.12.2.jar:1.12.2]
	at org.junit.platform.engine.support.hierarchical.NodeTestTask.lambda$executeRecursively$9(NodeTestTask.java:144) ~[junit-platform-engine-1.12.2.jar:1.12.2]
	at org.junit.platform.engine.support.hierarchical.ThrowableCollector.execute(ThrowableCollector.java:73) ~[junit-platform-engine-1.12.2.jar:1.12.2]
	at org.junit.platform.engine.support.hierarchical.NodeTestTask.executeRecursively(NodeTestTask.java:143) ~[junit-platform-engine-1.12.2.jar:1.12.2]
	at org.junit.platform.engine.support.hierarchical.NodeTestTask.execute(NodeTestTask.java:100) ~[junit-platform-engine-1.12.2.jar:1.12.2]
	at org.junit.platform.engine.support.hierarchical.SameThreadHierarchicalTestExecutorService.submit(SameThreadHierarchicalTestExecutorService.java:35) ~[junit-platform-engine-1.12.2.jar:1.12.2]
	at org.junit.platform.engine.support.hierarchical.HierarchicalTestExecutor.execute(HierarchicalTestExecutor.java:57) ~[junit-platform-engine-1.12.2.jar:1.12.2]
	at org.junit.platform.engine.support.hierarchical.HierarchicalTestEngine.execute(HierarchicalTestEngine.java:54) ~[junit-platform-engine-1.12.2.jar:1.12.2]
	at org.junit.platform.launcher.core.EngineExecutionOrchestrator.execute(EngineExecutionOrchestrator.java:201) ~[junit-platform-launcher-1.12.2.jar:1.12.2]
	at org.junit.platform.launcher.core.EngineExecutionOrchestrator.execute(EngineExecutionOrchestrator.java:170) ~[junit-platform-launcher-1.12.2.jar:1.12.2]
	at org.junit.platform.launcher.core.EngineExecutionOrchestrator.execute(EngineExecutionOrchestrator.java:94) ~[junit-platform-launcher-1.12.2.jar:1.12.2]
	at org.junit.platform.launcher.core.EngineExecutionOrchestrator.lambda$execute$0(EngineExecutionOrchestrator.java:59) ~[junit-platform-launcher-1.12.2.jar:1.12.2]
	at org.junit.platform.launcher.core.EngineExecutionOrchestrator.withInterceptedStreams(EngineExecutionOrchestrator.java:142) ~[junit-platform-launcher-1.12.2.jar:1.12.2]
	at org.junit.platform.launcher.core.EngineExecutionOrchestrator.execute(EngineExecutionOrchestrator.java:58) ~[junit-platform-launcher-1.12.2.jar:1.12.2]
	at org.junit.platform.launcher.core.DefaultLauncher.execute(DefaultLauncher.java:103) ~[junit-platform-launcher-1.12.2.jar:1.12.2]
	at org.junit.platform.launcher.core.DefaultLauncher.execute(DefaultLauncher.java:85) ~[junit-platform-launcher-1.12.2.jar:1.12.2]
	at org.junit.platform.launcher.core.DelegatingLauncher.execute(DelegatingLauncher.java:47) ~[junit-platform-launcher-1.12.2.jar:1.12.2]
	at org.junit.platform.launcher.core.InterceptingLauncher.lambda$execute$1(InterceptingLauncher.java:39) ~[junit-platform-launcher-1.12.2.jar:1.12.2]
	at org.junit.platform.launcher.core.ClasspathAlignmentCheckingLauncherInterceptor.intercept(ClasspathAlignmentCheckingLauncherInterceptor.java:25) ~[junit-platform-launcher-1.12.2.jar:1.12.2]
	at org.junit.platform.launcher.core.InterceptingLauncher.execute(InterceptingLauncher.java:38) ~[junit-platform-launcher-1.12.2.jar:1.12.2]
	at org.junit.platform.launcher.core.DelegatingLauncher.execute(DelegatingLauncher.java:47) ~[junit-platform-launcher-1.12.2.jar:1.12.2]
	at org.apache.maven.surefire.junitplatform.LauncherAdapter.executeWithoutCancellationToken(LauncherAdapter.java:60) ~[surefire-junit-platform-3.5.4.jar:3.5.4]
	at org.apache.maven.surefire.junitplatform.LauncherAdapter.execute(LauncherAdapter.java:52) ~[surefire-junit-platform-3.5.4.jar:3.5.4]
	at org.apache.maven.surefire.junitplatform.JUnitPlatformProvider.execute(JUnitPlatformProvider.java:203) ~[surefire-junit-platform-3.5.4.jar:3.5.4]
	at org.apache.maven.surefire.junitplatform.JUnitPlatformProvider.invokeAllTests(JUnitPlatformProvider.java:168) ~[surefire-junit-platform-3.5.4.jar:3.5.4]
	at org.apache.maven.surefire.junitplatform.JUnitPlatformProvider.invoke(JUnitPlatformProvider.java:136) ~[surefire-junit-platform-3.5.4.jar:3.5.4]
	at org.apache.maven.surefire.booter.ForkedBooter.runSuitesInProcess(ForkedBooter.java:385) ~[surefire-booter-3.5.4.jar:3.5.4]
	at org.apache.maven.surefire.booter.ForkedBooter.execute(ForkedBooter.java:162) ~[surefire-booter-3.5.4.jar:3.5.4]
	at org.apache.maven.surefire.booter.ForkedBooter.run(ForkedBooter.java:507) ~[surefire-booter-3.5.4.jar:3.5.4]
	at org.apache.maven.surefire.booter.ForkedBooter.main(ForkedBooter.java:495) ~[surefire-booter-3.5.4.jar:3.5.4]

2025-11-28T00:24:41.756+07:00  WARN 19572 --- [ldop] [           main] o.s.test.context.TestContextManager      : Caught exception while allowing TestExecutionListener [org.springframework.test.context.web.ServletTestExecutionListener] to prepare test instance [com.example.ldop.service.ConnectorServiceIntegrationTest@1e5e3147]

java.lang.IllegalStateException: ApplicationContext failure threshold (1) exceeded: skipping repeated attempt to load context for [WebMergedContextConfiguration@6cd6698b testClass = com.example.ldop.service.ConnectorServiceIntegrationTest, locations = [], classes = [com.example.ldop.LdopApplication], contextInitializerClasses = [], activeProfiles = ["default"], propertySourceDescriptors = [], propertySourceProperties = ["org.springframework.boot.test.context.SpringBootTestContextBootstrapper=true"], contextCustomizers = [org.springframework.boot.test.context.filter.ExcludeFilterContextCustomizer@1b8a29df, org.springframework.boot.test.json.DuplicateJsonObjectContextCustomizerFactory$DuplicateJsonObjectContextCustomizer@1ef6d34c, org.springframework.boot.test.mock.mockito.MockitoContextCustomizer@0, org.springframework.boot.test.web.client.TestRestTemplateContextCustomizer@4066c471, org.springframework.boot.test.web.reactor.netty.DisableReactorResourceFactoryGlobalResourcesContextCustomizerFactory$DisableReactorResourceFactoryGlobalResourcesContextCustomizerCustomizer@5e403b4a, org.springframework.boot.test.autoconfigure.OnFailureConditionReportContextCustomizerFactory$OnFailureConditionReportContextCustomizer@2931522b, org.springframework.boot.test.autoconfigure.actuate.observability.ObservabilityContextCustomizerFactory$DisableObservabilityContextCustomizer@1f, org.springframework.boot.test.autoconfigure.properties.PropertyMappingContextCustomizer@0, org.springframework.boot.test.autoconfigure.web.servlet.WebDriverContextCustomizer@6bf08014, org.springframework.test.context.support.DynamicPropertiesContextCustomizer@0, org.springframework.boot.test.context.SpringBootTestAnnotation@82ba843e], resourceBasePath = "src/main/webapp", contextLoader = org.springframework.boot.test.context.SpringBootContextLoader, parent = null]
	at org.springframework.test.context.cache.DefaultCacheAwareContextLoaderDelegate.loadContext(DefaultCacheAwareContextLoaderDelegate.java:145) ~[spring-test-6.2.12.jar:6.2.12]
	at org.springframework.test.context.support.DefaultTestContext.getApplicationContext(DefaultTestContext.java:130) ~[spring-test-6.2.12.jar:6.2.12]
	at org.springframework.test.context.web.ServletTestExecutionListener.setUpRequestContextIfNecessary(ServletTestExecutionListener.java:200) ~[spring-test-6.2.12.jar:6.2.12]
	at org.springframework.test.context.web.ServletTestExecutionListener.prepareTestInstance(ServletTestExecutionListener.java:139) ~[spring-test-6.2.12.jar:6.2.12]
	at org.springframework.test.context.TestContextManager.prepareTestInstance(TestContextManager.java:260) ~[spring-test-6.2.12.jar:6.2.12]
	at org.springframework.test.context.junit.jupiter.SpringExtension.postProcessTestInstance(SpringExtension.java:159) ~[spring-test-6.2.12.jar:6.2.12]
	at org.junit.jupiter.engine.descriptor.ClassBasedTestDescriptor.lambda$invokeTestInstancePostProcessors$10(ClassBasedTestDescriptor.java:383) ~[junit-jupiter-engine-5.12.2.jar:5.12.2]
	at org.junit.jupiter.engine.descriptor.ClassBasedTestDescriptor.executeAndMaskThrowable(ClassBasedTestDescriptor.java:388) ~[junit-jupiter-engine-5.12.2.jar:5.12.2]
	at org.junit.jupiter.engine.descriptor.ClassBasedTestDescriptor.lambda$invokeTestInstancePostProcessors$11(ClassBasedTestDescriptor.java:382) ~[junit-jupiter-engine-5.12.2.jar:5.12.2]
	at java.base/java.util.stream.ForEachOps$ForEachOp$OfRef.accept(ForEachOps.java:184) ~[na:na]
	at java.base/java.util.stream.ReferencePipeline$3$1.accept(ReferencePipeline.java:197) ~[na:na]
	at java.base/java.util.stream.ReferencePipeline$2$1.accept(ReferencePipeline.java:179) ~[na:na]
	at java.base/java.util.stream.ReferencePipeline$3$1.accept(ReferencePipeline.java:197) ~[na:na]
	at java.base/java.util.ArrayList$ArrayListSpliterator.forEachRemaining(ArrayList.java:1708) ~[na:na]
	at java.base/java.util.stream.AbstractPipeline.copyInto(AbstractPipeline.java:509) ~[na:na]
	at java.base/java.util.stream.AbstractPipeline.wrapAndCopyInto(AbstractPipeline.java:499) ~[na:na]
	at java.base/java.util.stream.ForEachOps$ForEachOp.evaluateSequential(ForEachOps.java:151) ~[na:na]
	at java.base/java.util.stream.ForEachOps$ForEachOp$OfRef.evaluateSequential(ForEachOps.java:174) ~[na:na]
	at java.base/java.util.stream.AbstractPipeline.evaluate(AbstractPipeline.java:234) ~[na:na]
	at java.base/java.util.stream.ReferencePipeline.forEach(ReferencePipeline.java:596) ~[na:na]
	at org.junit.jupiter.engine.descriptor.ClassBasedTestDescriptor.invokeTestInstancePostProcessors(ClassBasedTestDescriptor.java:382) ~[junit-jupiter-engine-5.12.2.jar:5.12.2]
	at org.junit.jupiter.engine.descriptor.ClassBasedTestDescriptor.lambda$instantiateAndPostProcessTestInstance$6(ClassBasedTestDescriptor.java:293) ~[junit-jupiter-engine-5.12.2.jar:5.12.2]
	at org.junit.platform.engine.support.hierarchical.ThrowableCollector.execute(ThrowableCollector.java:73) ~[junit-platform-engine-1.12.2.jar:1.12.2]
	at org.junit.jupiter.engine.descriptor.ClassBasedTestDescriptor.instantiateAndPostProcessTestInstance(ClassBasedTestDescriptor.java:292) ~[junit-jupiter-engine-5.12.2.jar:5.12.2]
	at org.junit.jupiter.engine.descriptor.ClassBasedTestDescriptor.lambda$testInstancesProvider$4(ClassBasedTestDescriptor.java:281) ~[junit-jupiter-engine-5.12.2.jar:5.12.2]
	at java.base/java.util.Optional.orElseGet(Optional.java:364) ~[na:na]
	at org.junit.jupiter.engine.descriptor.ClassBasedTestDescriptor.lambda$testInstancesProvider$5(ClassBasedTestDescriptor.java:280) ~[junit-jupiter-engine-5.12.2.jar:5.12.2]
	at org.junit.jupiter.engine.execution.TestInstancesProvider.getTestInstances(TestInstancesProvider.java:27) ~[junit-jupiter-engine-5.12.2.jar:5.12.2]
	at org.junit.jupiter.engine.descriptor.TestMethodTestDescriptor.lambda$prepare$0(TestMethodTestDescriptor.java:112) ~[junit-jupiter-engine-5.12.2.jar:5.12.2]
	at org.junit.platform.engine.support.hierarchical.ThrowableCollector.execute(ThrowableCollector.java:73) ~[junit-platform-engine-1.12.2.jar:1.12.2]
	at org.junit.jupiter.engine.descriptor.TestMethodTestDescriptor.prepare(TestMethodTestDescriptor.java:111) ~[junit-jupiter-engine-5.12.2.jar:5.12.2]
	at org.junit.jupiter.engine.descriptor.TestMethodTestDescriptor.prepare(TestMethodTestDescriptor.java:69) ~[junit-jupiter-engine-5.12.2.jar:5.12.2]
	at org.junit.platform.engine.support.hierarchical.NodeTestTask.lambda$prepare$2(NodeTestTask.java:128) ~[junit-platform-engine-1.12.2.jar:1.12.2]
	at org.junit.platform.engine.support.hierarchical.ThrowableCollector.execute(ThrowableCollector.java:73) ~[junit-platform-engine-1.12.2.jar:1.12.2]
	at org.junit.platform.engine.support.hierarchical.NodeTestTask.prepare(NodeTestTask.java:128) ~[junit-platform-engine-1.12.2.jar:1.12.2]
	at org.junit.platform.engine.support.hierarchical.NodeTestTask.execute(NodeTestTask.java:95) ~[junit-platform-engine-1.12.2.jar:1.12.2]
	at java.base/java.util.ArrayList.forEach(ArrayList.java:1596) ~[na:na]
	at org.junit.platform.engine.support.hierarchical.SameThreadHierarchicalTestExecutorService.invokeAll(SameThreadHierarchicalTestExecutorService.java:41) ~[junit-platform-engine-1.12.2.jar:1.12.2]
	at org.junit.platform.engine.support.hierarchical.NodeTestTask.lambda$executeRecursively$6(NodeTestTask.java:160) ~[junit-platform-engine-1.12.2.jar:1.12.2]
	at org.junit.platform.engine.support.hierarchical.ThrowableCollector.execute(ThrowableCollector.java:73) ~[junit-platform-engine-1.12.2.jar:1.12.2]
	at org.junit.platform.engine.support.hierarchical.NodeTestTask.lambda$executeRecursively$8(NodeTestTask.java:146) ~[junit-platform-engine-1.12.2.jar:1.12.2]
	at org.junit.platform.engine.support.hierarchical.Node.around(Node.java:137) ~[junit-platform-engine-1.12.2.jar:1.12.2]
	at org.junit.platform.engine.support.hierarchical.NodeTestTask.lambda$executeRecursively$9(NodeTestTask.java:144) ~[junit-platform-engine-1.12.2.jar:1.12.2]
	at org.junit.platform.engine.support.hierarchical.ThrowableCollector.execute(ThrowableCollector.java:73) ~[junit-platform-engine-1.12.2.jar:1.12.2]
	at org.junit.platform.engine.support.hierarchical.NodeTestTask.executeRecursively(NodeTestTask.java:143) ~[junit-platform-engine-1.12.2.jar:1.12.2]
	at org.junit.platform.engine.support.hierarchical.NodeTestTask.execute(NodeTestTask.java:100) ~[junit-platform-engine-1.12.2.jar:1.12.2]
	at java.base/java.util.ArrayList.forEach(ArrayList.java:1596) ~[na:na]
	at org.junit.platform.engine.support.hierarchical.SameThreadHierarchicalTestExecutorService.invokeAll(SameThreadHierarchicalTestExecutorService.java:41) ~[junit-platform-engine-1.12.2.jar:1.12.2]
	at org.junit.platform.engine.support.hierarchical.NodeTestTask.lambda$executeRecursively$6(NodeTestTask.java:160) ~[junit-platform-engine-1.12.2.jar:1.12.2]
	at org.junit.platform.engine.support.hierarchical.ThrowableCollector.execute(ThrowableCollector.java:73) ~[junit-platform-engine-1.12.2.jar:1.12.2]
	at org.junit.platform.engine.support.hierarchical.NodeTestTask.lambda$executeRecursively$8(NodeTestTask.java:146) ~[junit-platform-engine-1.12.2.jar:1.12.2]
	at org.junit.platform.engine.support.hierarchical.Node.around(Node.java:137) ~[junit-platform-engine-1.12.2.jar:1.12.2]
	at org.junit.platform.engine.support.hierarchical.NodeTestTask.lambda$executeRecursively$9(NodeTestTask.java:144) ~[junit-platform-engine-1.12.2.jar:1.12.2]
	at org.junit.platform.engine.support.hierarchical.ThrowableCollector.execute(ThrowableCollector.java:73) ~[junit-platform-engine-1.12.2.jar:1.12.2]
	at org.junit.platform.engine.support.hierarchical.NodeTestTask.executeRecursively(NodeTestTask.java:143) ~[junit-platform-engine-1.12.2.jar:1.12.2]
	at org.junit.platform.engine.support.hierarchical.NodeTestTask.execute(NodeTestTask.java:100) ~[junit-platform-engine-1.12.2.jar:1.12.2]
	at org.junit.platform.engine.support.hierarchical.SameThreadHierarchicalTestExecutorService.submit(SameThreadHierarchicalTestExecutorService.java:35) ~[junit-platform-engine-1.12.2.jar:1.12.2]
	at org.junit.platform.engine.support.hierarchical.HierarchicalTestExecutor.execute(HierarchicalTestExecutor.java:57) ~[junit-platform-engine-1.12.2.jar:1.12.2]
	at org.junit.platform.engine.support.hierarchical.HierarchicalTestEngine.execute(HierarchicalTestEngine.java:54) ~[junit-platform-engine-1.12.2.jar:1.12.2]
	at org.junit.platform.launcher.core.EngineExecutionOrchestrator.execute(EngineExecutionOrchestrator.java:201) ~[junit-platform-launcher-1.12.2.jar:1.12.2]
	at org.junit.platform.launcher.core.EngineExecutionOrchestrator.execute(EngineExecutionOrchestrator.java:170) ~[junit-platform-launcher-1.12.2.jar:1.12.2]
	at org.junit.platform.launcher.core.EngineExecutionOrchestrator.execute(EngineExecutionOrchestrator.java:94) ~[junit-platform-launcher-1.12.2.jar:1.12.2]
	at org.junit.platform.launcher.core.EngineExecutionOrchestrator.lambda$execute$0(EngineExecutionOrchestrator.java:59) ~[junit-platform-launcher-1.12.2.jar:1.12.2]
	at org.junit.platform.launcher.core.EngineExecutionOrchestrator.withInterceptedStreams(EngineExecutionOrchestrator.java:142) ~[junit-platform-launcher-1.12.2.jar:1.12.2]
	at org.junit.platform.launcher.core.EngineExecutionOrchestrator.execute(EngineExecutionOrchestrator.java:58) ~[junit-platform-launcher-1.12.2.jar:1.12.2]
	at org.junit.platform.launcher.core.DefaultLauncher.execute(DefaultLauncher.java:103) ~[junit-platform-launcher-1.12.2.jar:1.12.2]
	at org.junit.platform.launcher.core.DefaultLauncher.execute(DefaultLauncher.java:85) ~[junit-platform-launcher-1.12.2.jar:1.12.2]
	at org.junit.platform.launcher.core.DelegatingLauncher.execute(DelegatingLauncher.java:47) ~[junit-platform-launcher-1.12.2.jar:1.12.2]
	at org.junit.platform.launcher.core.InterceptingLauncher.lambda$execute$1(InterceptingLauncher.java:39) ~[junit-platform-launcher-1.12.2.jar:1.12.2]
	at org.junit.platform.launcher.core.ClasspathAlignmentCheckingLauncherInterceptor.intercept(ClasspathAlignmentCheckingLauncherInterceptor.java:25) ~[junit-platform-launcher-1.12.2.jar:1.12.2]
	at org.junit.platform.launcher.core.InterceptingLauncher.execute(InterceptingLauncher.java:38) ~[junit-platform-launcher-1.12.2.jar:1.12.2]
	at org.junit.platform.launcher.core.DelegatingLauncher.execute(DelegatingLauncher.java:47) ~[junit-platform-launcher-1.12.2.jar:1.12.2]
	at org.apache.maven.surefire.junitplatform.LauncherAdapter.executeWithoutCancellationToken(LauncherAdapter.java:60) ~[surefire-junit-platform-3.5.4.jar:3.5.4]
	at org.apache.maven.surefire.junitplatform.LauncherAdapter.execute(LauncherAdapter.java:52) ~[surefire-junit-platform-3.5.4.jar:3.5.4]
	at org.apache.maven.surefire.junitplatform.JUnitPlatformProvider.execute(JUnitPlatformProvider.java:203) ~[surefire-junit-platform-3.5.4.jar:3.5.4]
	at org.apache.maven.surefire.junitplatform.JUnitPlatformProvider.invokeAllTests(JUnitPlatformProvider.java:168) ~[surefire-junit-platform-3.5.4.jar:3.5.4]
	at org.apache.maven.surefire.junitplatform.JUnitPlatformProvider.invoke(JUnitPlatformProvider.java:136) ~[surefire-junit-platform-3.5.4.jar:3.5.4]
	at org.apache.maven.surefire.booter.ForkedBooter.runSuitesInProcess(ForkedBooter.java:385) ~[surefire-booter-3.5.4.jar:3.5.4]
	at org.apache.maven.surefire.booter.ForkedBooter.execute(ForkedBooter.java:162) ~[surefire-booter-3.5.4.jar:3.5.4]
	at org.apache.maven.surefire.booter.ForkedBooter.run(ForkedBooter.java:507) ~[surefire-booter-3.5.4.jar:3.5.4]
	at org.apache.maven.surefire.booter.ForkedBooter.main(ForkedBooter.java:495) ~[surefire-booter-3.5.4.jar:3.5.4]

[ERROR] Tests run: 3, Failures: 0, Errors: 3, Skipped: 0, Time elapsed: 1.940 s <<< FAILURE! -- in com.example.ldop.service.ConnectorServiceIntegrationTest
[ERROR] com.example.ldop.service.ConnectorServiceIntegrationTest.testConnectionAndFetchTables_ShouldReturnMetadata -- Time elapsed: 0.001 s <<< ERROR!
java.lang.IllegalStateException: Failed to load ApplicationContext for [WebMergedContextConfiguration@6cd6698b testClass = com.example.ldop.service.ConnectorServiceIntegrationTest, locations = [], classes = [com.example.ldop.LdopApplication], contextInitializerClasses = [], activeProfiles = ["default"], propertySourceDescriptors = [], propertySourceProperties = ["org.springframework.boot.test.context.SpringBootTestContextBootstrapper=true"], contextCustomizers = [org.springframework.boot.test.context.filter.ExcludeFilterContextCustomizer@1b8a29df, org.springframework.boot.test.json.DuplicateJsonObjectContextCustomizerFactory$DuplicateJsonObjectContextCustomizer@1ef6d34c, org.springframework.boot.test.mock.mockito.MockitoContextCustomizer@0, org.springframework.boot.test.web.client.TestRestTemplateContextCustomizer@4066c471, org.springframework.boot.test.web.reactor.netty.DisableReactorResourceFactoryGlobalResourcesContextCustomizerFactory$DisableReactorResourceFactoryGlobalResourcesContextCustomizerCustomizer@5e403b4a, org.springframework.boot.test.autoconfigure.OnFailureConditionReportContextCustomizerFactory$OnFailureConditionReportContextCustomizer@2931522b, org.springframework.boot.test.autoconfigure.actuate.observability.ObservabilityContextCustomizerFactory$DisableObservabilityContextCustomizer@1f, org.springframework.boot.test.autoconfigure.properties.PropertyMappingContextCustomizer@0, org.springframework.boot.test.autoconfigure.web.servlet.WebDriverContextCustomizer@6bf08014, org.springframework.test.context.support.DynamicPropertiesContextCustomizer@0, org.springframework.boot.test.context.SpringBootTestAnnotation@82ba843e], resourceBasePath = "src/main/webapp", contextLoader = org.springframework.boot.test.context.SpringBootContextLoader, parent = null]
	at org.springframework.test.context.cache.DefaultCacheAwareContextLoaderDelegate.loadContext(DefaultCacheAwareContextLoaderDelegate.java:180)
	at org.springframework.test.context.support.DefaultTestContext.getApplicationContext(DefaultTestContext.java:130)
	at org.springframework.test.context.web.ServletTestExecutionListener.setUpRequestContextIfNecessary(ServletTestExecutionListener.java:200)
	at org.springframework.test.context.web.ServletTestExecutionListener.prepareTestInstance(ServletTestExecutionListener.java:139)
	at org.springframework.test.context.TestContextManager.prepareTestInstance(TestContextManager.java:260)
	at org.springframework.test.context.junit.jupiter.SpringExtension.postProcessTestInstance(SpringExtension.java:159)
	at java.base/java.util.stream.ForEachOps$ForEachOp$OfRef.accept(ForEachOps.java:184)
	at java.base/java.util.stream.ReferencePipeline$3$1.accept(ReferencePipeline.java:197)
	at java.base/java.util.stream.ReferencePipeline$2$1.accept(ReferencePipeline.java:179)
	at java.base/java.util.stream.ReferencePipeline$3$1.accept(ReferencePipeline.java:197)
	at java.base/java.util.ArrayList$ArrayListSpliterator.forEachRemaining(ArrayList.java:1708)
	at java.base/java.util.stream.AbstractPipeline.copyInto(AbstractPipeline.java:509)
	at java.base/java.util.stream.AbstractPipeline.wrapAndCopyInto(AbstractPipeline.java:499)
	at java.base/java.util.stream.ForEachOps$ForEachOp.evaluateSequential(ForEachOps.java:151)
	at java.base/java.util.stream.ForEachOps$ForEachOp$OfRef.evaluateSequential(ForEachOps.java:174)
	at java.base/java.util.stream.AbstractPipeline.evaluate(AbstractPipeline.java:234)
	at java.base/java.util.stream.ReferencePipeline.forEach(ReferencePipeline.java:596)
	at java.base/java.util.Optional.orElseGet(Optional.java:364)
	at java.base/java.util.ArrayList.forEach(ArrayList.java:1596)
	at java.base/java.util.ArrayList.forEach(ArrayList.java:1596)
Caused by: org.springframework.beans.factory.BeanCreationException: Error creating bean with name 'entityManagerFactory' defined in class path resource [org/springframework/boot/autoconfigure/orm/jpa/HibernateJpaConfiguration.class]: Failed to initialize dependency 'liquibase' of LoadTimeWeaverAware bean 'entityManagerFactory': Error creating bean with name 'liquibase' defined in class path resource [org/springframework/boot/autoconfigure/liquibase/LiquibaseAutoConfiguration$LiquibaseConfiguration.class]: liquibase.exception.CommandExecutionException: liquibase.exception.LiquibaseException: liquibase.exception.MigrationFailedException: Migration failed for changeset db/changelog/changes/001-initial-schema.yaml::001-create-connectors-table::antigravity:
     Reason: liquibase.exception.DatabaseException: ERROR: relation "connectors" already exists [Failed SQL: (0) CREATE TABLE public.connectors (id UUID DEFAULT gen_random_uuid() NOT NULL, name VARCHAR(255) NOT NULL, type VARCHAR(50) NOT NULL, config JSONB NOT NULL, registered_tables JSONB, is_active BOOLEAN DEFAULT TRUE, tenant_id VARCHAR(255) NOT NULL, status VARCHAR(20) DEFAULT 'INIT' NOT NULL, created_at TIMESTAMP WITHOUT TIME ZONE DEFAULT NOW(), CONSTRAINT connectors_pkey PRIMARY KEY (id))]
	at org.springframework.beans.factory.support.AbstractBeanFactory.doGetBean(AbstractBeanFactory.java:328)
	at org.springframework.beans.factory.support.AbstractBeanFactory.getBean(AbstractBeanFactory.java:207)
	at org.springframework.context.support.AbstractApplicationContext.finishBeanFactoryInitialization(AbstractApplicationContext.java:973)
	at org.springframework.context.support.AbstractApplicationContext.refresh(AbstractApplicationContext.java:627)
	at org.springframework.boot.SpringApplication.refresh(SpringApplication.java:752)
	at org.springframework.boot.SpringApplication.refreshContext(SpringApplication.java:439)
	at org.springframework.boot.SpringApplication.run(SpringApplication.java:318)
	at org.springframework.boot.test.context.SpringBootContextLoader.lambda$loadContext$3(SpringBootContextLoader.java:144)
	at org.springframework.util.function.ThrowingSupplier.get(ThrowingSupplier.java:58)
	at org.springframework.util.function.ThrowingSupplier.get(ThrowingSupplier.java:46)
	at org.springframework.boot.SpringApplication.withHook(SpringApplication.java:1461)
	at org.springframework.boot.test.context.SpringBootContextLoader$ContextLoaderHook.run(SpringBootContextLoader.java:563)
	at org.springframework.boot.test.context.SpringBootContextLoader.loadContext(SpringBootContextLoader.java:144)
	at org.springframework.boot.test.context.SpringBootContextLoader.loadContext(SpringBootContextLoader.java:110)
	at org.springframework.test.context.cache.DefaultCacheAwareContextLoaderDelegate.loadContextInternal(DefaultCacheAwareContextLoaderDelegate.java:225)
	at org.springframework.test.context.cache.DefaultCacheAwareContextLoaderDelegate.loadContext(DefaultCacheAwareContextLoaderDelegate.java:152)
	... 19 more
Caused by: org.springframework.beans.factory.BeanCreationException: Error creating bean with name 'liquibase' defined in class path resource [org/springframework/boot/autoconfigure/liquibase/LiquibaseAutoConfiguration$LiquibaseConfiguration.class]: liquibase.exception.CommandExecutionException: liquibase.exception.LiquibaseException: liquibase.exception.MigrationFailedException: Migration failed for changeset db/changelog/changes/001-initial-schema.yaml::001-create-connectors-table::antigravity:
     Reason: liquibase.exception.DatabaseException: ERROR: relation "connectors" already exists [Failed SQL: (0) CREATE TABLE public.connectors (id UUID DEFAULT gen_random_uuid() NOT NULL, name VARCHAR(255) NOT NULL, type VARCHAR(50) NOT NULL, config JSONB NOT NULL, registered_tables JSONB, is_active BOOLEAN DEFAULT TRUE, tenant_id VARCHAR(255) NOT NULL, status VARCHAR(20) DEFAULT 'INIT' NOT NULL, created_at TIMESTAMP WITHOUT TIME ZONE DEFAULT NOW(), CONSTRAINT connectors_pkey PRIMARY KEY (id))]
	at org.springframework.beans.factory.support.AbstractAutowireCapableBeanFactory.initializeBean(AbstractAutowireCapableBeanFactory.java:1826)
	at org.springframework.beans.factory.support.AbstractAutowireCapableBeanFactory.doCreateBean(AbstractAutowireCapableBeanFactory.java:607)
	at org.springframework.beans.factory.support.AbstractAutowireCapableBeanFactory.createBean(AbstractAutowireCapableBeanFactory.java:529)
	at org.springframework.beans.factory.support.AbstractBeanFactory.lambda$doGetBean$0(AbstractBeanFactory.java:339)
	at org.springframework.beans.factory.support.DefaultSingletonBeanRegistry.getSingleton(DefaultSingletonBeanRegistry.java:373)
	at org.springframework.beans.factory.support.AbstractBeanFactory.doGetBean(AbstractBeanFactory.java:337)
	at org.springframework.beans.factory.support.AbstractBeanFactory.getBean(AbstractBeanFactory.java:202)
	at org.springframework.beans.factory.support.AbstractBeanFactory.doGetBean(AbstractBeanFactory.java:315)
	... 34 more
Caused by: liquibase.exception.LiquibaseException: liquibase.exception.CommandExecutionException: liquibase.exception.LiquibaseException: liquibase.exception.MigrationFailedException: Migration failed for changeset db/changelog/changes/001-initial-schema.yaml::001-create-connectors-table::antigravity:
     Reason: liquibase.exception.DatabaseException: ERROR: relation "connectors" already exists [Failed SQL: (0) CREATE TABLE public.connectors (id UUID DEFAULT gen_random_uuid() NOT NULL, name VARCHAR(255) NOT NULL, type VARCHAR(50) NOT NULL, config JSONB NOT NULL, registered_tables JSONB, is_active BOOLEAN DEFAULT TRUE, tenant_id VARCHAR(255) NOT NULL, status VARCHAR(20) DEFAULT 'INIT' NOT NULL, created_at TIMESTAMP WITHOUT TIME ZONE DEFAULT NOW(), CONSTRAINT connectors_pkey PRIMARY KEY (id))]
	at liquibase.integration.spring.SpringLiquibase.afterPropertiesSet(SpringLiquibase.java:288)
	at org.springframework.beans.factory.support.AbstractAutowireCapableBeanFactory.invokeInitMethods(AbstractAutowireCapableBeanFactory.java:1873)
	at org.springframework.beans.factory.support.AbstractAutowireCapableBeanFactory.initializeBean(AbstractAutowireCapableBeanFactory.java:1822)
	... 41 more
Caused by: liquibase.exception.CommandExecutionException: liquibase.exception.LiquibaseException: liquibase.exception.MigrationFailedException: Migration failed for changeset db/changelog/changes/001-initial-schema.yaml::001-create-connectors-table::antigravity:
     Reason: liquibase.exception.DatabaseException: ERROR: relation "connectors" already exists [Failed SQL: (0) CREATE TABLE public.connectors (id UUID DEFAULT gen_random_uuid() NOT NULL, name VARCHAR(255) NOT NULL, type VARCHAR(50) NOT NULL, config JSONB NOT NULL, registered_tables JSONB, is_active BOOLEAN DEFAULT TRUE, tenant_id VARCHAR(255) NOT NULL, status VARCHAR(20) DEFAULT 'INIT' NOT NULL, created_at TIMESTAMP WITHOUT TIME ZONE DEFAULT NOW(), CONSTRAINT connectors_pkey PRIMARY KEY (id))]
	at liquibase.command.CommandScope.lambda$execute$6(CommandScope.java:300)
	at liquibase.Scope.child(Scope.java:210)
	at liquibase.Scope.child(Scope.java:186)
	at liquibase.command.CommandScope.execute(CommandScope.java:241)
	at liquibase.Liquibase.lambda$update$0(Liquibase.java:216)
	at liquibase.Scope.lambda$child$0(Scope.java:201)
	at liquibase.Scope.child(Scope.java:210)
	at liquibase.Scope.child(Scope.java:200)
	at liquibase.Scope.child(Scope.java:179)
	at liquibase.Liquibase.runInScope(Liquibase.java:1333)
	at liquibase.Liquibase.update(Liquibase.java:205)
	at liquibase.Liquibase.update(Liquibase.java:188)
	at liquibase.integration.spring.SpringLiquibase.performUpdate(SpringLiquibase.java:326)
	at liquibase.integration.spring.SpringLiquibase.lambda$afterPropertiesSet$0(SpringLiquibase.java:278)
	at liquibase.Scope.lambda$child$0(Scope.java:201)
	at liquibase.Scope.child(Scope.java:210)
	at liquibase.Scope.child(Scope.java:200)
	at liquibase.Scope.child(Scope.java:179)
	at liquibase.integration.spring.SpringLiquibase.afterPropertiesSet(SpringLiquibase.java:271)
	... 43 more
Caused by: liquibase.exception.LiquibaseException: liquibase.exception.MigrationFailedException: Migration failed for changeset db/changelog/changes/001-initial-schema.yaml::001-create-connectors-table::antigravity:
     Reason: liquibase.exception.DatabaseException: ERROR: relation "connectors" already exists [Failed SQL: (0) CREATE TABLE public.connectors (id UUID DEFAULT gen_random_uuid() NOT NULL, name VARCHAR(255) NOT NULL, type VARCHAR(50) NOT NULL, config JSONB NOT NULL, registered_tables JSONB, is_active BOOLEAN DEFAULT TRUE, tenant_id VARCHAR(255) NOT NULL, status VARCHAR(20) DEFAULT 'INIT' NOT NULL, created_at TIMESTAMP WITHOUT TIME ZONE DEFAULT NOW(), CONSTRAINT connectors_pkey PRIMARY KEY (id))]
	at liquibase.changelog.ChangeLogIterator.run(ChangeLogIterator.java:155)
	at liquibase.command.core.AbstractUpdateCommandStep.lambda$run$0(AbstractUpdateCommandStep.java:114)
	at liquibase.Scope.lambda$child$0(Scope.java:201)
	at liquibase.Scope.child(Scope.java:210)
	at liquibase.Scope.child(Scope.java:200)
	at liquibase.Scope.child(Scope.java:179)
	at liquibase.command.core.AbstractUpdateCommandStep.run(AbstractUpdateCommandStep.java:112)
	at liquibase.command.core.UpdateCommandStep.run(UpdateCommandStep.java:100)
	at liquibase.command.CommandScope.lambda$execute$6(CommandScope.java:253)
	... 61 more
Caused by: liquibase.exception.MigrationFailedException: Migration failed for changeset db/changelog/changes/001-initial-schema.yaml::001-create-connectors-table::antigravity:
     Reason: liquibase.exception.DatabaseException: ERROR: relation "connectors" already exists [Failed SQL: (0) CREATE TABLE public.connectors (id UUID DEFAULT gen_random_uuid() NOT NULL, name VARCHAR(255) NOT NULL, type VARCHAR(50) NOT NULL, config JSONB NOT NULL, registered_tables JSONB, is_active BOOLEAN DEFAULT TRUE, tenant_id VARCHAR(255) NOT NULL, status VARCHAR(20) DEFAULT 'INIT' NOT NULL, created_at TIMESTAMP WITHOUT TIME ZONE DEFAULT NOW(), CONSTRAINT connectors_pkey PRIMARY KEY (id))]
	at liquibase.changelog.ChangeSet.execute(ChangeSet.java:840)
	at liquibase.changelog.visitor.UpdateVisitor.executeAcceptedChange(UpdateVisitor.java:126)
	at liquibase.changelog.visitor.UpdateVisitor.visit(UpdateVisitor.java:70)
	at liquibase.changelog.ChangeLogIterator.lambda$run$0(ChangeLogIterator.java:133)
	at liquibase.Scope.lambda$child$0(Scope.java:201)
	at liquibase.Scope.child(Scope.java:210)
	at liquibase.Scope.child(Scope.java:200)
	at liquibase.Scope.child(Scope.java:179)
	at liquibase.changelog.ChangeLogIterator.lambda$run$1(ChangeLogIterator.java:122)
	at liquibase.Scope.lambda$child$0(Scope.java:201)
	at liquibase.Scope.child(Scope.java:210)
	at liquibase.Scope.child(Scope.java:200)
	at liquibase.Scope.child(Scope.java:179)
	at liquibase.Scope.child(Scope.java:267)
	at liquibase.Scope.child(Scope.java:271)
	at liquibase.changelog.ChangeLogIterator.run(ChangeLogIterator.java:91)
	... 69 more
Caused by: liquibase.exception.DatabaseException: ERROR: relation "connectors" already exists [Failed SQL: (0) CREATE TABLE public.connectors (id UUID DEFAULT gen_random_uuid() NOT NULL, name VARCHAR(255) NOT NULL, type VARCHAR(50) NOT NULL, config JSONB NOT NULL, registered_tables JSONB, is_active BOOLEAN DEFAULT TRUE, tenant_id VARCHAR(255) NOT NULL, status VARCHAR(20) DEFAULT 'INIT' NOT NULL, created_at TIMESTAMP WITHOUT TIME ZONE DEFAULT NOW(), CONSTRAINT connectors_pkey PRIMARY KEY (id))]
	at liquibase.executor.jvm.JdbcExecutor$ExecuteStatementCallback.doInStatement(JdbcExecutor.java:497)
	at liquibase.executor.jvm.JdbcExecutor.execute(JdbcExecutor.java:83)
	at liquibase.executor.jvm.JdbcExecutor.execute(JdbcExecutor.java:185)
	at liquibase.executor.AbstractExecutor.execute(AbstractExecutor.java:141)
	at liquibase.database.AbstractJdbcDatabase.executeStatements(AbstractJdbcDatabase.java:1189)
	at liquibase.changelog.ChangeSet.execute(ChangeSet.java:790)
	... 84 more
Caused by: org.postgresql.util.PSQLException: ERROR: relation "connectors" already exists
	at org.postgresql.core.v3.QueryExecutorImpl.receiveErrorResponse(QueryExecutorImpl.java:2736)
	at org.postgresql.core.v3.QueryExecutorImpl.processResults(QueryExecutorImpl.java:2421)
	at org.postgresql.core.v3.QueryExecutorImpl.execute(QueryExecutorImpl.java:372)
	at org.postgresql.jdbc.PgStatement.executeInternal(PgStatement.java:525)
	at org.postgresql.jdbc.PgStatement.execute(PgStatement.java:435)
	at org.postgresql.jdbc.PgStatement.executeWithFlags(PgStatement.java:357)
	at org.postgresql.jdbc.PgStatement.executeCachedSql(PgStatement.java:342)
	at org.postgresql.jdbc.PgStatement.executeWithFlags(PgStatement.java:318)
	at org.postgresql.jdbc.PgStatement.execute(PgStatement.java:313)
	at com.zaxxer.hikari.pool.ProxyStatement.execute(ProxyStatement.java:95)
	at com.zaxxer.hikari.pool.HikariProxyStatement.execute(HikariProxyStatement.java)
	at liquibase.executor.jvm.JdbcExecutor$ExecuteStatementCallback.doInStatement(JdbcExecutor.java:491)
	... 89 more

[ERROR] com.example.ldop.service.ConnectorServiceIntegrationTest.testConnectionAndFetchTables_WithDifferentSchema_ShouldRespectSchema -- Time elapsed: 0.002 s <<< ERROR!
java.lang.IllegalStateException: ApplicationContext failure threshold (1) exceeded: skipping repeated attempt to load context for [WebMergedContextConfiguration@6cd6698b testClass = com.example.ldop.service.ConnectorServiceIntegrationTest, locations = [], classes = [com.example.ldop.LdopApplication], contextInitializerClasses = [], activeProfiles = ["default"], propertySourceDescriptors = [], propertySourceProperties = ["org.springframework.boot.test.context.SpringBootTestContextBootstrapper=true"], contextCustomizers = [org.springframework.boot.test.context.filter.ExcludeFilterContextCustomizer@1b8a29df, org.springframework.boot.test.json.DuplicateJsonObjectContextCustomizerFactory$DuplicateJsonObjectContextCustomizer@1ef6d34c, org.springframework.boot.test.mock.mockito.MockitoContextCustomizer@0, org.springframework.boot.test.web.client.TestRestTemplateContextCustomizer@4066c471, org.springframework.boot.test.web.reactor.netty.DisableReactorResourceFactoryGlobalResourcesContextCustomizerFactory$DisableReactorResourceFactoryGlobalResourcesContextCustomizerCustomizer@5e403b4a, org.springframework.boot.test.autoconfigure.OnFailureConditionReportContextCustomizerFactory$OnFailureConditionReportContextCustomizer@2931522b, org.springframework.boot.test.autoconfigure.actuate.observability.ObservabilityContextCustomizerFactory$DisableObservabilityContextCustomizer@1f, org.springframework.boot.test.autoconfigure.properties.PropertyMappingContextCustomizer@0, org.springframework.boot.test.autoconfigure.web.servlet.WebDriverContextCustomizer@6bf08014, org.springframework.test.context.support.DynamicPropertiesContextCustomizer@0, org.springframework.boot.test.context.SpringBootTestAnnotation@82ba843e], resourceBasePath = "src/main/webapp", contextLoader = org.springframework.boot.test.context.SpringBootContextLoader, parent = null]
	at org.springframework.test.context.cache.DefaultCacheAwareContextLoaderDelegate.loadContext(DefaultCacheAwareContextLoaderDelegate.java:145)
	at org.springframework.test.context.support.DefaultTestContext.getApplicationContext(DefaultTestContext.java:130)
	at org.springframework.test.context.web.ServletTestExecutionListener.setUpRequestContextIfNecessary(ServletTestExecutionListener.java:200)
	at org.springframework.test.context.web.ServletTestExecutionListener.prepareTestInstance(ServletTestExecutionListener.java:139)
	at org.springframework.test.context.TestContextManager.prepareTestInstance(TestContextManager.java:260)
	at org.springframework.test.context.junit.jupiter.SpringExtension.postProcessTestInstance(SpringExtension.java:159)
	at java.base/java.util.stream.ForEachOps$ForEachOp$OfRef.accept(ForEachOps.java:184)
	at java.base/java.util.stream.ReferencePipeline$3$1.accept(ReferencePipeline.java:197)
	at java.base/java.util.stream.ReferencePipeline$2$1.accept(ReferencePipeline.java:179)
	at java.base/java.util.stream.ReferencePipeline$3$1.accept(ReferencePipeline.java:197)
	at java.base/java.util.ArrayList$ArrayListSpliterator.forEachRemaining(ArrayList.java:1708)
	at java.base/java.util.stream.AbstractPipeline.copyInto(AbstractPipeline.java:509)
	at java.base/java.util.stream.AbstractPipeline.wrapAndCopyInto(AbstractPipeline.java:499)
	at java.base/java.util.stream.ForEachOps$ForEachOp.evaluateSequential(ForEachOps.java:151)
	at java.base/java.util.stream.ForEachOps$ForEachOp$OfRef.evaluateSequential(ForEachOps.java:174)
	at java.base/java.util.stream.AbstractPipeline.evaluate(AbstractPipeline.java:234)
	at java.base/java.util.stream.ReferencePipeline.forEach(ReferencePipeline.java:596)
	at java.base/java.util.Optional.orElseGet(Optional.java:364)
	at java.base/java.util.ArrayList.forEach(ArrayList.java:1596)
	at java.base/java.util.ArrayList.forEach(ArrayList.java:1596)

[ERROR] com.example.ldop.service.ConnectorServiceIntegrationTest.testConnectionAndFetchTables_WithInvalidCredentials_ShouldThrowException -- Time elapsed: 0.002 s <<< ERROR!
java.lang.IllegalStateException: ApplicationContext failure threshold (1) exceeded: skipping repeated attempt to load context for [WebMergedContextConfiguration@6cd6698b testClass = com.example.ldop.service.ConnectorServiceIntegrationTest, locations = [], classes = [com.example.ldop.LdopApplication], contextInitializerClasses = [], activeProfiles = ["default"], propertySourceDescriptors = [], propertySourceProperties = ["org.springframework.boot.test.context.SpringBootTestContextBootstrapper=true"], contextCustomizers = [org.springframework.boot.test.context.filter.ExcludeFilterContextCustomizer@1b8a29df, org.springframework.boot.test.json.DuplicateJsonObjectContextCustomizerFactory$DuplicateJsonObjectContextCustomizer@1ef6d34c, org.springframework.boot.test.mock.mockito.MockitoContextCustomizer@0, org.springframework.boot.test.web.client.TestRestTemplateContextCustomizer@4066c471, org.springframework.boot.test.web.reactor.netty.DisableReactorResourceFactoryGlobalResourcesContextCustomizerFactory$DisableReactorResourceFactoryGlobalResourcesContextCustomizerCustomizer@5e403b4a, org.springframework.boot.test.autoconfigure.OnFailureConditionReportContextCustomizerFactory$OnFailureConditionReportContextCustomizer@2931522b, org.springframework.boot.test.autoconfigure.actuate.observability.ObservabilityContextCustomizerFactory$DisableObservabilityContextCustomizer@1f, org.springframework.boot.test.autoconfigure.properties.PropertyMappingContextCustomizer@0, org.springframework.boot.test.autoconfigure.web.servlet.WebDriverContextCustomizer@6bf08014, org.springframework.test.context.support.DynamicPropertiesContextCustomizer@0, org.springframework.boot.test.context.SpringBootTestAnnotation@82ba843e], resourceBasePath = "src/main/webapp", contextLoader = org.springframework.boot.test.context.SpringBootContextLoader, parent = null]
	at org.springframework.test.context.cache.DefaultCacheAwareContextLoaderDelegate.loadContext(DefaultCacheAwareContextLoaderDelegate.java:145)
	at org.springframework.test.context.support.DefaultTestContext.getApplicationContext(DefaultTestContext.java:130)
	at org.springframework.test.context.web.ServletTestExecutionListener.setUpRequestContextIfNecessary(ServletTestExecutionListener.java:200)
	at org.springframework.test.context.web.ServletTestExecutionListener.prepareTestInstance(ServletTestExecutionListener.java:139)
	at org.springframework.test.context.TestContextManager.prepareTestInstance(TestContextManager.java:260)
	at org.springframework.test.context.junit.jupiter.SpringExtension.postProcessTestInstance(SpringExtension.java:159)
	at java.base/java.util.stream.ForEachOps$ForEachOp$OfRef.accept(ForEachOps.java:184)
	at java.base/java.util.stream.ReferencePipeline$3$1.accept(ReferencePipeline.java:197)
	at java.base/java.util.stream.ReferencePipeline$2$1.accept(ReferencePipeline.java:179)
	at java.base/java.util.stream.ReferencePipeline$3$1.accept(ReferencePipeline.java:197)
	at java.base/java.util.ArrayList$ArrayListSpliterator.forEachRemaining(ArrayList.java:1708)
	at java.base/java.util.stream.AbstractPipeline.copyInto(AbstractPipeline.java:509)
	at java.base/java.util.stream.AbstractPipeline.wrapAndCopyInto(AbstractPipeline.java:499)
	at java.base/java.util.stream.ForEachOps$ForEachOp.evaluateSequential(ForEachOps.java:151)
	at java.base/java.util.stream.ForEachOps$ForEachOp$OfRef.evaluateSequential(ForEachOps.java:174)
	at java.base/java.util.stream.AbstractPipeline.evaluate(AbstractPipeline.java:234)
	at java.base/java.util.stream.ReferencePipeline.forEach(ReferencePipeline.java:596)
	at java.base/java.util.Optional.orElseGet(Optional.java:364)
	at java.base/java.util.ArrayList.forEach(ArrayList.java:1596)
	at java.base/java.util.ArrayList.forEach(ArrayList.java:1596)

[INFO] Running com.example.ldop.service.DynamicEngineTest
2025-11-28T00:24:41.767+07:00  INFO 19572 --- [ldop] [           main] t.c.s.AnnotationConfigContextLoaderUtils : Could not detect default configuration classes for test class [com.example.ldop.service.DynamicEngineTest]: DynamicEngineTest does not declare any static, non-private, non-final, nested classes annotated with @Configuration.
2025-11-28T00:24:41.774+07:00  INFO 19572 --- [ldop] [           main] .b.t.c.SpringBootTestContextBootstrapper : Found @SpringBootConfiguration com.example.ldop.LdopApplication for test class com.example.ldop.service.DynamicEngineTest
2025-11-28T00:24:41.780+07:00  WARN 19572 --- [ldop] [           main] o.s.test.context.TestContextManager      : Caught exception while allowing TestExecutionListener [org.springframework.test.context.web.ServletTestExecutionListener] to prepare test instance [com.example.ldop.service.DynamicEngineTest@5d04fbb7]

java.lang.IllegalStateException: ApplicationContext failure threshold (1) exceeded: skipping repeated attempt to load context for [WebMergedContextConfiguration@65c689e7 testClass = com.example.ldop.service.DynamicEngineTest, locations = [], classes = [com.example.ldop.LdopApplication], contextInitializerClasses = [], activeProfiles = ["test"], propertySourceDescriptors = [], propertySourceProperties = ["org.springframework.boot.test.context.SpringBootTestContextBootstrapper=true"], contextCustomizers = [[ImportsContextCustomizer@a6a2c20 key = [org.springframework.boot.test.autoconfigure.web.servlet.MockMvcWebDriverAutoConfiguration, org.springframework.boot.autoconfigure.security.oauth2.client.servlet.OAuth2ClientWebSecurityAutoConfiguration, org.springframework.boot.test.autoconfigure.web.servlet.MockMvcAutoConfiguration, org.springframework.boot.autoconfigure.security.saml2.Saml2RelyingPartyAutoConfiguration, org.springframework.boot.autoconfigure.security.servlet.SecurityAutoConfiguration, org.springframework.boot.autoconfigure.security.servlet.SecurityFilterAutoConfiguration, org.springframework.boot.autoconfigure.security.servlet.UserDetailsServiceAutoConfiguration, org.springframework.boot.autoconfigure.security.oauth2.resource.servlet.OAuth2ResourceServerAutoConfiguration, org.springframework.boot.test.autoconfigure.web.servlet.MockMvcSecurityConfiguration, org.springframework.boot.test.autoconfigure.web.servlet.MockMvcWebClientAutoConfiguration, org.springframework.boot.autoconfigure.security.oauth2.client.OAuth2ClientAutoConfiguration, org.springframework.boot.test.autoconfigure.web.reactive.WebTestClientAutoConfiguration]], org.springframework.boot.test.context.filter.ExcludeFilterContextCustomizer@1b8a29df, org.springframework.boot.test.json.DuplicateJsonObjectContextCustomizerFactory$DuplicateJsonObjectContextCustomizer@1ef6d34c, org.springframework.boot.test.mock.mockito.MockitoContextCustomizer@0, org.springframework.boot.test.web.client.TestRestTemplateContextCustomizer@4066c471, org.springframework.boot.test.web.reactor.netty.DisableReactorResourceFactoryGlobalResourcesContextCustomizerFactory$DisableReactorResourceFactoryGlobalResourcesContextCustomizerCustomizer@5e403b4a, org.springframework.boot.test.autoconfigure.OnFailureConditionReportContextCustomizerFactory$OnFailureConditionReportContextCustomizer@2931522b, org.springframework.boot.test.autoconfigure.actuate.observability.ObservabilityContextCustomizerFactory$DisableObservabilityContextCustomizer@1f, org.springframework.boot.test.autoconfigure.properties.PropertyMappingContextCustomizer@4b3fa0b3, org.springframework.boot.test.autoconfigure.web.servlet.WebDriverContextCustomizer@6bf08014, org.springframework.test.context.support.DynamicPropertiesContextCustomizer@0, org.springframework.boot.test.context.SpringBootTestAnnotation@82ba843e], resourceBasePath = "src/main/webapp", contextLoader = org.springframework.boot.test.context.SpringBootContextLoader, parent = null]
	at org.springframework.test.context.cache.DefaultCacheAwareContextLoaderDelegate.loadContext(DefaultCacheAwareContextLoaderDelegate.java:145) ~[spring-test-6.2.12.jar:6.2.12]
	at org.springframework.test.context.support.DefaultTestContext.getApplicationContext(DefaultTestContext.java:130) ~[spring-test-6.2.12.jar:6.2.12]
	at org.springframework.test.context.web.ServletTestExecutionListener.setUpRequestContextIfNecessary(ServletTestExecutionListener.java:200) ~[spring-test-6.2.12.jar:6.2.12]
	at org.springframework.test.context.web.ServletTestExecutionListener.prepareTestInstance(ServletTestExecutionListener.java:139) ~[spring-test-6.2.12.jar:6.2.12]
	at org.springframework.test.context.TestContextManager.prepareTestInstance(TestContextManager.java:260) ~[spring-test-6.2.12.jar:6.2.12]
	at org.springframework.test.context.junit.jupiter.SpringExtension.postProcessTestInstance(SpringExtension.java:159) ~[spring-test-6.2.12.jar:6.2.12]
	at org.junit.jupiter.engine.descriptor.ClassBasedTestDescriptor.lambda$invokeTestInstancePostProcessors$10(ClassBasedTestDescriptor.java:383) ~[junit-jupiter-engine-5.12.2.jar:5.12.2]
	at org.junit.jupiter.engine.descriptor.ClassBasedTestDescriptor.executeAndMaskThrowable(ClassBasedTestDescriptor.java:388) ~[junit-jupiter-engine-5.12.2.jar:5.12.2]
	at org.junit.jupiter.engine.descriptor.ClassBasedTestDescriptor.lambda$invokeTestInstancePostProcessors$11(ClassBasedTestDescriptor.java:382) ~[junit-jupiter-engine-5.12.2.jar:5.12.2]
	at java.base/java.util.stream.ForEachOps$ForEachOp$OfRef.accept(ForEachOps.java:184) ~[na:na]
	at java.base/java.util.stream.ReferencePipeline$3$1.accept(ReferencePipeline.java:197) ~[na:na]
	at java.base/java.util.stream.ReferencePipeline$2$1.accept(ReferencePipeline.java:179) ~[na:na]
	at java.base/java.util.stream.ReferencePipeline$3$1.accept(ReferencePipeline.java:197) ~[na:na]
	at java.base/java.util.ArrayList$ArrayListSpliterator.forEachRemaining(ArrayList.java:1708) ~[na:na]
	at java.base/java.util.stream.AbstractPipeline.copyInto(AbstractPipeline.java:509) ~[na:na]
	at java.base/java.util.stream.AbstractPipeline.wrapAndCopyInto(AbstractPipeline.java:499) ~[na:na]
	at java.base/java.util.stream.ForEachOps$ForEachOp.evaluateSequential(ForEachOps.java:151) ~[na:na]
	at java.base/java.util.stream.ForEachOps$ForEachOp$OfRef.evaluateSequential(ForEachOps.java:174) ~[na:na]
	at java.base/java.util.stream.AbstractPipeline.evaluate(AbstractPipeline.java:234) ~[na:na]
	at java.base/java.util.stream.ReferencePipeline.forEach(ReferencePipeline.java:596) ~[na:na]
	at org.junit.jupiter.engine.descriptor.ClassBasedTestDescriptor.invokeTestInstancePostProcessors(ClassBasedTestDescriptor.java:382) ~[junit-jupiter-engine-5.12.2.jar:5.12.2]
	at org.junit.jupiter.engine.descriptor.ClassBasedTestDescriptor.lambda$instantiateAndPostProcessTestInstance$6(ClassBasedTestDescriptor.java:293) ~[junit-jupiter-engine-5.12.2.jar:5.12.2]
	at org.junit.platform.engine.support.hierarchical.ThrowableCollector.execute(ThrowableCollector.java:73) ~[junit-platform-engine-1.12.2.jar:1.12.2]
	at org.junit.jupiter.engine.descriptor.ClassBasedTestDescriptor.instantiateAndPostProcessTestInstance(ClassBasedTestDescriptor.java:292) ~[junit-jupiter-engine-5.12.2.jar:5.12.2]
	at org.junit.jupiter.engine.descriptor.ClassBasedTestDescriptor.lambda$testInstancesProvider$4(ClassBasedTestDescriptor.java:281) ~[junit-jupiter-engine-5.12.2.jar:5.12.2]
	at java.base/java.util.Optional.orElseGet(Optional.java:364) ~[na:na]
	at org.junit.jupiter.engine.descriptor.ClassBasedTestDescriptor.lambda$testInstancesProvider$5(ClassBasedTestDescriptor.java:280) ~[junit-jupiter-engine-5.12.2.jar:5.12.2]
	at org.junit.jupiter.engine.execution.TestInstancesProvider.getTestInstances(TestInstancesProvider.java:27) ~[junit-jupiter-engine-5.12.2.jar:5.12.2]
	at org.junit.jupiter.engine.descriptor.TestMethodTestDescriptor.lambda$prepare$0(TestMethodTestDescriptor.java:112) ~[junit-jupiter-engine-5.12.2.jar:5.12.2]
	at org.junit.platform.engine.support.hierarchical.ThrowableCollector.execute(ThrowableCollector.java:73) ~[junit-platform-engine-1.12.2.jar:1.12.2]
	at org.junit.jupiter.engine.descriptor.TestMethodTestDescriptor.prepare(TestMethodTestDescriptor.java:111) ~[junit-jupiter-engine-5.12.2.jar:5.12.2]
	at org.junit.jupiter.engine.descriptor.TestMethodTestDescriptor.prepare(TestMethodTestDescriptor.java:69) ~[junit-jupiter-engine-5.12.2.jar:5.12.2]
	at org.junit.platform.engine.support.hierarchical.NodeTestTask.lambda$prepare$2(NodeTestTask.java:128) ~[junit-platform-engine-1.12.2.jar:1.12.2]
	at org.junit.platform.engine.support.hierarchical.ThrowableCollector.execute(ThrowableCollector.java:73) ~[junit-platform-engine-1.12.2.jar:1.12.2]
	at org.junit.platform.engine.support.hierarchical.NodeTestTask.prepare(NodeTestTask.java:128) ~[junit-platform-engine-1.12.2.jar:1.12.2]
	at org.junit.platform.engine.support.hierarchical.NodeTestTask.execute(NodeTestTask.java:95) ~[junit-platform-engine-1.12.2.jar:1.12.2]
	at java.base/java.util.ArrayList.forEach(ArrayList.java:1596) ~[na:na]
	at org.junit.platform.engine.support.hierarchical.SameThreadHierarchicalTestExecutorService.invokeAll(SameThreadHierarchicalTestExecutorService.java:41) ~[junit-platform-engine-1.12.2.jar:1.12.2]
	at org.junit.platform.engine.support.hierarchical.NodeTestTask.lambda$executeRecursively$6(NodeTestTask.java:160) ~[junit-platform-engine-1.12.2.jar:1.12.2]
	at org.junit.platform.engine.support.hierarchical.ThrowableCollector.execute(ThrowableCollector.java:73) ~[junit-platform-engine-1.12.2.jar:1.12.2]
	at org.junit.platform.engine.support.hierarchical.NodeTestTask.lambda$executeRecursively$8(NodeTestTask.java:146) ~[junit-platform-engine-1.12.2.jar:1.12.2]
	at org.junit.platform.engine.support.hierarchical.Node.around(Node.java:137) ~[junit-platform-engine-1.12.2.jar:1.12.2]
	at org.junit.platform.engine.support.hierarchical.NodeTestTask.lambda$executeRecursively$9(NodeTestTask.java:144) ~[junit-platform-engine-1.12.2.jar:1.12.2]
	at org.junit.platform.engine.support.hierarchical.ThrowableCollector.execute(ThrowableCollector.java:73) ~[junit-platform-engine-1.12.2.jar:1.12.2]
	at org.junit.platform.engine.support.hierarchical.NodeTestTask.executeRecursively(NodeTestTask.java:143) ~[junit-platform-engine-1.12.2.jar:1.12.2]
	at org.junit.platform.engine.support.hierarchical.NodeTestTask.execute(NodeTestTask.java:100) ~[junit-platform-engine-1.12.2.jar:1.12.2]
	at java.base/java.util.ArrayList.forEach(ArrayList.java:1596) ~[na:na]
	at org.junit.platform.engine.support.hierarchical.SameThreadHierarchicalTestExecutorService.invokeAll(SameThreadHierarchicalTestExecutorService.java:41) ~[junit-platform-engine-1.12.2.jar:1.12.2]
	at org.junit.platform.engine.support.hierarchical.NodeTestTask.lambda$executeRecursively$6(NodeTestTask.java:160) ~[junit-platform-engine-1.12.2.jar:1.12.2]
	at org.junit.platform.engine.support.hierarchical.ThrowableCollector.execute(ThrowableCollector.java:73) ~[junit-platform-engine-1.12.2.jar:1.12.2]
	at org.junit.platform.engine.support.hierarchical.NodeTestTask.lambda$executeRecursively$8(NodeTestTask.java:146) ~[junit-platform-engine-1.12.2.jar:1.12.2]
	at org.junit.platform.engine.support.hierarchical.Node.around(Node.java:137) ~[junit-platform-engine-1.12.2.jar:1.12.2]
	at org.junit.platform.engine.support.hierarchical.NodeTestTask.lambda$executeRecursively$9(NodeTestTask.java:144) ~[junit-platform-engine-1.12.2.jar:1.12.2]
	at org.junit.platform.engine.support.hierarchical.ThrowableCollector.execute(ThrowableCollector.java:73) ~[junit-platform-engine-1.12.2.jar:1.12.2]
	at org.junit.platform.engine.support.hierarchical.NodeTestTask.executeRecursively(NodeTestTask.java:143) ~[junit-platform-engine-1.12.2.jar:1.12.2]
	at org.junit.platform.engine.support.hierarchical.NodeTestTask.execute(NodeTestTask.java:100) ~[junit-platform-engine-1.12.2.jar:1.12.2]
	at org.junit.platform.engine.support.hierarchical.SameThreadHierarchicalTestExecutorService.submit(SameThreadHierarchicalTestExecutorService.java:35) ~[junit-platform-engine-1.12.2.jar:1.12.2]
	at org.junit.platform.engine.support.hierarchical.HierarchicalTestExecutor.execute(HierarchicalTestExecutor.java:57) ~[junit-platform-engine-1.12.2.jar:1.12.2]
	at org.junit.platform.engine.support.hierarchical.HierarchicalTestEngine.execute(HierarchicalTestEngine.java:54) ~[junit-platform-engine-1.12.2.jar:1.12.2]
	at org.junit.platform.launcher.core.EngineExecutionOrchestrator.execute(EngineExecutionOrchestrator.java:201) ~[junit-platform-launcher-1.12.2.jar:1.12.2]
	at org.junit.platform.launcher.core.EngineExecutionOrchestrator.execute(EngineExecutionOrchestrator.java:170) ~[junit-platform-launcher-1.12.2.jar:1.12.2]
	at org.junit.platform.launcher.core.EngineExecutionOrchestrator.execute(EngineExecutionOrchestrator.java:94) ~[junit-platform-launcher-1.12.2.jar:1.12.2]
	at org.junit.platform.launcher.core.EngineExecutionOrchestrator.lambda$execute$0(EngineExecutionOrchestrator.java:59) ~[junit-platform-launcher-1.12.2.jar:1.12.2]
	at org.junit.platform.launcher.core.EngineExecutionOrchestrator.withInterceptedStreams(EngineExecutionOrchestrator.java:142) ~[junit-platform-launcher-1.12.2.jar:1.12.2]
	at org.junit.platform.launcher.core.EngineExecutionOrchestrator.execute(EngineExecutionOrchestrator.java:58) ~[junit-platform-launcher-1.12.2.jar:1.12.2]
	at org.junit.platform.launcher.core.DefaultLauncher.execute(DefaultLauncher.java:103) ~[junit-platform-launcher-1.12.2.jar:1.12.2]
	at org.junit.platform.launcher.core.DefaultLauncher.execute(DefaultLauncher.java:85) ~[junit-platform-launcher-1.12.2.jar:1.12.2]
	at org.junit.platform.launcher.core.DelegatingLauncher.execute(DelegatingLauncher.java:47) ~[junit-platform-launcher-1.12.2.jar:1.12.2]
	at org.junit.platform.launcher.core.InterceptingLauncher.lambda$execute$1(InterceptingLauncher.java:39) ~[junit-platform-launcher-1.12.2.jar:1.12.2]
	at org.junit.platform.launcher.core.ClasspathAlignmentCheckingLauncherInterceptor.intercept(ClasspathAlignmentCheckingLauncherInterceptor.java:25) ~[junit-platform-launcher-1.12.2.jar:1.12.2]
	at org.junit.platform.launcher.core.InterceptingLauncher.execute(InterceptingLauncher.java:38) ~[junit-platform-launcher-1.12.2.jar:1.12.2]
	at org.junit.platform.launcher.core.DelegatingLauncher.execute(DelegatingLauncher.java:47) ~[junit-platform-launcher-1.12.2.jar:1.12.2]
	at org.apache.maven.surefire.junitplatform.LauncherAdapter.executeWithoutCancellationToken(LauncherAdapter.java:60) ~[surefire-junit-platform-3.5.4.jar:3.5.4]
	at org.apache.maven.surefire.junitplatform.LauncherAdapter.execute(LauncherAdapter.java:52) ~[surefire-junit-platform-3.5.4.jar:3.5.4]
	at org.apache.maven.surefire.junitplatform.JUnitPlatformProvider.execute(JUnitPlatformProvider.java:203) ~[surefire-junit-platform-3.5.4.jar:3.5.4]
	at org.apache.maven.surefire.junitplatform.JUnitPlatformProvider.invokeAllTests(JUnitPlatformProvider.java:168) ~[surefire-junit-platform-3.5.4.jar:3.5.4]
	at org.apache.maven.surefire.junitplatform.JUnitPlatformProvider.invoke(JUnitPlatformProvider.java:136) ~[surefire-junit-platform-3.5.4.jar:3.5.4]
	at org.apache.maven.surefire.booter.ForkedBooter.runSuitesInProcess(ForkedBooter.java:385) ~[surefire-booter-3.5.4.jar:3.5.4]
	at org.apache.maven.surefire.booter.ForkedBooter.execute(ForkedBooter.java:162) ~[surefire-booter-3.5.4.jar:3.5.4]
	at org.apache.maven.surefire.booter.ForkedBooter.run(ForkedBooter.java:507) ~[surefire-booter-3.5.4.jar:3.5.4]
	at org.apache.maven.surefire.booter.ForkedBooter.main(ForkedBooter.java:495) ~[surefire-booter-3.5.4.jar:3.5.4]

2025-11-28T00:24:41.785+07:00  WARN 19572 --- [ldop] [           main] o.s.test.context.TestContextManager      : Caught exception while allowing TestExecutionListener [org.springframework.test.context.web.ServletTestExecutionListener] to prepare test instance [com.example.ldop.service.DynamicEngineTest@5c7e55a4]

java.lang.IllegalStateException: ApplicationContext failure threshold (1) exceeded: skipping repeated attempt to load context for [WebMergedContextConfiguration@65c689e7 testClass = com.example.ldop.service.DynamicEngineTest, locations = [], classes = [com.example.ldop.LdopApplication], contextInitializerClasses = [], activeProfiles = ["test"], propertySourceDescriptors = [], propertySourceProperties = ["org.springframework.boot.test.context.SpringBootTestContextBootstrapper=true"], contextCustomizers = [[ImportsContextCustomizer@a6a2c20 key = [org.springframework.boot.test.autoconfigure.web.servlet.MockMvcWebDriverAutoConfiguration, org.springframework.boot.autoconfigure.security.oauth2.client.servlet.OAuth2ClientWebSecurityAutoConfiguration, org.springframework.boot.test.autoconfigure.web.servlet.MockMvcAutoConfiguration, org.springframework.boot.autoconfigure.security.saml2.Saml2RelyingPartyAutoConfiguration, org.springframework.boot.autoconfigure.security.servlet.SecurityAutoConfiguration, org.springframework.boot.autoconfigure.security.servlet.SecurityFilterAutoConfiguration, org.springframework.boot.autoconfigure.security.servlet.UserDetailsServiceAutoConfiguration, org.springframework.boot.autoconfigure.security.oauth2.resource.servlet.OAuth2ResourceServerAutoConfiguration, org.springframework.boot.test.autoconfigure.web.servlet.MockMvcSecurityConfiguration, org.springframework.boot.test.autoconfigure.web.servlet.MockMvcWebClientAutoConfiguration, org.springframework.boot.autoconfigure.security.oauth2.client.OAuth2ClientAutoConfiguration, org.springframework.boot.test.autoconfigure.web.reactive.WebTestClientAutoConfiguration]], org.springframework.boot.test.context.filter.ExcludeFilterContextCustomizer@1b8a29df, org.springframework.boot.test.json.DuplicateJsonObjectContextCustomizerFactory$DuplicateJsonObjectContextCustomizer@1ef6d34c, org.springframework.boot.test.mock.mockito.MockitoContextCustomizer@0, org.springframework.boot.test.web.client.TestRestTemplateContextCustomizer@4066c471, org.springframework.boot.test.web.reactor.netty.DisableReactorResourceFactoryGlobalResourcesContextCustomizerFactory$DisableReactorResourceFactoryGlobalResourcesContextCustomizerCustomizer@5e403b4a, org.springframework.boot.test.autoconfigure.OnFailureConditionReportContextCustomizerFactory$OnFailureConditionReportContextCustomizer@2931522b, org.springframework.boot.test.autoconfigure.actuate.observability.ObservabilityContextCustomizerFactory$DisableObservabilityContextCustomizer@1f, org.springframework.boot.test.autoconfigure.properties.PropertyMappingContextCustomizer@4b3fa0b3, org.springframework.boot.test.autoconfigure.web.servlet.WebDriverContextCustomizer@6bf08014, org.springframework.test.context.support.DynamicPropertiesContextCustomizer@0, org.springframework.boot.test.context.SpringBootTestAnnotation@82ba843e], resourceBasePath = "src/main/webapp", contextLoader = org.springframework.boot.test.context.SpringBootContextLoader, parent = null]
	at org.springframework.test.context.cache.DefaultCacheAwareContextLoaderDelegate.loadContext(DefaultCacheAwareContextLoaderDelegate.java:145) ~[spring-test-6.2.12.jar:6.2.12]
	at org.springframework.test.context.support.DefaultTestContext.getApplicationContext(DefaultTestContext.java:130) ~[spring-test-6.2.12.jar:6.2.12]
	at org.springframework.test.context.web.ServletTestExecutionListener.setUpRequestContextIfNecessary(ServletTestExecutionListener.java:200) ~[spring-test-6.2.12.jar:6.2.12]
	at org.springframework.test.context.web.ServletTestExecutionListener.prepareTestInstance(ServletTestExecutionListener.java:139) ~[spring-test-6.2.12.jar:6.2.12]
	at org.springframework.test.context.TestContextManager.prepareTestInstance(TestContextManager.java:260) ~[spring-test-6.2.12.jar:6.2.12]
	at org.springframework.test.context.junit.jupiter.SpringExtension.postProcessTestInstance(SpringExtension.java:159) ~[spring-test-6.2.12.jar:6.2.12]
	at org.junit.jupiter.engine.descriptor.ClassBasedTestDescriptor.lambda$invokeTestInstancePostProcessors$10(ClassBasedTestDescriptor.java:383) ~[junit-jupiter-engine-5.12.2.jar:5.12.2]
	at org.junit.jupiter.engine.descriptor.ClassBasedTestDescriptor.executeAndMaskThrowable(ClassBasedTestDescriptor.java:388) ~[junit-jupiter-engine-5.12.2.jar:5.12.2]
	at org.junit.jupiter.engine.descriptor.ClassBasedTestDescriptor.lambda$invokeTestInstancePostProcessors$11(ClassBasedTestDescriptor.java:382) ~[junit-jupiter-engine-5.12.2.jar:5.12.2]
	at java.base/java.util.stream.ForEachOps$ForEachOp$OfRef.accept(ForEachOps.java:184) ~[na:na]
	at java.base/java.util.stream.ReferencePipeline$3$1.accept(ReferencePipeline.java:197) ~[na:na]
	at java.base/java.util.stream.ReferencePipeline$2$1.accept(ReferencePipeline.java:179) ~[na:na]
	at java.base/java.util.stream.ReferencePipeline$3$1.accept(ReferencePipeline.java:197) ~[na:na]
	at java.base/java.util.ArrayList$ArrayListSpliterator.forEachRemaining(ArrayList.java:1708) ~[na:na]
	at java.base/java.util.stream.AbstractPipeline.copyInto(AbstractPipeline.java:509) ~[na:na]
	at java.base/java.util.stream.AbstractPipeline.wrapAndCopyInto(AbstractPipeline.java:499) ~[na:na]
	at java.base/java.util.stream.ForEachOps$ForEachOp.evaluateSequential(ForEachOps.java:151) ~[na:na]
	at java.base/java.util.stream.ForEachOps$ForEachOp$OfRef.evaluateSequential(ForEachOps.java:174) ~[na:na]
	at java.base/java.util.stream.AbstractPipeline.evaluate(AbstractPipeline.java:234) ~[na:na]
	at java.base/java.util.stream.ReferencePipeline.forEach(ReferencePipeline.java:596) ~[na:na]
	at org.junit.jupiter.engine.descriptor.ClassBasedTestDescriptor.invokeTestInstancePostProcessors(ClassBasedTestDescriptor.java:382) ~[junit-jupiter-engine-5.12.2.jar:5.12.2]
	at org.junit.jupiter.engine.descriptor.ClassBasedTestDescriptor.lambda$instantiateAndPostProcessTestInstance$6(ClassBasedTestDescriptor.java:293) ~[junit-jupiter-engine-5.12.2.jar:5.12.2]
	at org.junit.platform.engine.support.hierarchical.ThrowableCollector.execute(ThrowableCollector.java:73) ~[junit-platform-engine-1.12.2.jar:1.12.2]
	at org.junit.jupiter.engine.descriptor.ClassBasedTestDescriptor.instantiateAndPostProcessTestInstance(ClassBasedTestDescriptor.java:292) ~[junit-jupiter-engine-5.12.2.jar:5.12.2]
	at org.junit.jupiter.engine.descriptor.ClassBasedTestDescriptor.lambda$testInstancesProvider$4(ClassBasedTestDescriptor.java:281) ~[junit-jupiter-engine-5.12.2.jar:5.12.2]
	at java.base/java.util.Optional.orElseGet(Optional.java:364) ~[na:na]
	at org.junit.jupiter.engine.descriptor.ClassBasedTestDescriptor.lambda$testInstancesProvider$5(ClassBasedTestDescriptor.java:280) ~[junit-jupiter-engine-5.12.2.jar:5.12.2]
	at org.junit.jupiter.engine.execution.TestInstancesProvider.getTestInstances(TestInstancesProvider.java:27) ~[junit-jupiter-engine-5.12.2.jar:5.12.2]
	at org.junit.jupiter.engine.descriptor.TestMethodTestDescriptor.lambda$prepare$0(TestMethodTestDescriptor.java:112) ~[junit-jupiter-engine-5.12.2.jar:5.12.2]
	at org.junit.platform.engine.support.hierarchical.ThrowableCollector.execute(ThrowableCollector.java:73) ~[junit-platform-engine-1.12.2.jar:1.12.2]
	at org.junit.jupiter.engine.descriptor.TestMethodTestDescriptor.prepare(TestMethodTestDescriptor.java:111) ~[junit-jupiter-engine-5.12.2.jar:5.12.2]
	at org.junit.jupiter.engine.descriptor.TestMethodTestDescriptor.prepare(TestMethodTestDescriptor.java:69) ~[junit-jupiter-engine-5.12.2.jar:5.12.2]
	at org.junit.platform.engine.support.hierarchical.NodeTestTask.lambda$prepare$2(NodeTestTask.java:128) ~[junit-platform-engine-1.12.2.jar:1.12.2]
	at org.junit.platform.engine.support.hierarchical.ThrowableCollector.execute(ThrowableCollector.java:73) ~[junit-platform-engine-1.12.2.jar:1.12.2]
	at org.junit.platform.engine.support.hierarchical.NodeTestTask.prepare(NodeTestTask.java:128) ~[junit-platform-engine-1.12.2.jar:1.12.2]
	at org.junit.platform.engine.support.hierarchical.NodeTestTask.execute(NodeTestTask.java:95) ~[junit-platform-engine-1.12.2.jar:1.12.2]
	at java.base/java.util.ArrayList.forEach(ArrayList.java:1596) ~[na:na]
	at org.junit.platform.engine.support.hierarchical.SameThreadHierarchicalTestExecutorService.invokeAll(SameThreadHierarchicalTestExecutorService.java:41) ~[junit-platform-engine-1.12.2.jar:1.12.2]
	at org.junit.platform.engine.support.hierarchical.NodeTestTask.lambda$executeRecursively$6(NodeTestTask.java:160) ~[junit-platform-engine-1.12.2.jar:1.12.2]
	at org.junit.platform.engine.support.hierarchical.ThrowableCollector.execute(ThrowableCollector.java:73) ~[junit-platform-engine-1.12.2.jar:1.12.2]
	at org.junit.platform.engine.support.hierarchical.NodeTestTask.lambda$executeRecursively$8(NodeTestTask.java:146) ~[junit-platform-engine-1.12.2.jar:1.12.2]
	at org.junit.platform.engine.support.hierarchical.Node.around(Node.java:137) ~[junit-platform-engine-1.12.2.jar:1.12.2]
	at org.junit.platform.engine.support.hierarchical.NodeTestTask.lambda$executeRecursively$9(NodeTestTask.java:144) ~[junit-platform-engine-1.12.2.jar:1.12.2]
	at org.junit.platform.engine.support.hierarchical.ThrowableCollector.execute(ThrowableCollector.java:73) ~[junit-platform-engine-1.12.2.jar:1.12.2]
	at org.junit.platform.engine.support.hierarchical.NodeTestTask.executeRecursively(NodeTestTask.java:143) ~[junit-platform-engine-1.12.2.jar:1.12.2]
	at org.junit.platform.engine.support.hierarchical.NodeTestTask.execute(NodeTestTask.java:100) ~[junit-platform-engine-1.12.2.jar:1.12.2]
	at java.base/java.util.ArrayList.forEach(ArrayList.java:1596) ~[na:na]
	at org.junit.platform.engine.support.hierarchical.SameThreadHierarchicalTestExecutorService.invokeAll(SameThreadHierarchicalTestExecutorService.java:41) ~[junit-platform-engine-1.12.2.jar:1.12.2]
	at org.junit.platform.engine.support.hierarchical.NodeTestTask.lambda$executeRecursively$6(NodeTestTask.java:160) ~[junit-platform-engine-1.12.2.jar:1.12.2]
	at org.junit.platform.engine.support.hierarchical.ThrowableCollector.execute(ThrowableCollector.java:73) ~[junit-platform-engine-1.12.2.jar:1.12.2]
	at org.junit.platform.engine.support.hierarchical.NodeTestTask.lambda$executeRecursively$8(NodeTestTask.java:146) ~[junit-platform-engine-1.12.2.jar:1.12.2]
	at org.junit.platform.engine.support.hierarchical.Node.around(Node.java:137) ~[junit-platform-engine-1.12.2.jar:1.12.2]
	at org.junit.platform.engine.support.hierarchical.NodeTestTask.lambda$executeRecursively$9(NodeTestTask.java:144) ~[junit-platform-engine-1.12.2.jar:1.12.2]
	at org.junit.platform.engine.support.hierarchical.ThrowableCollector.execute(ThrowableCollector.java:73) ~[junit-platform-engine-1.12.2.jar:1.12.2]
	at org.junit.platform.engine.support.hierarchical.NodeTestTask.executeRecursively(NodeTestTask.java:143) ~[junit-platform-engine-1.12.2.jar:1.12.2]
	at org.junit.platform.engine.support.hierarchical.NodeTestTask.execute(NodeTestTask.java:100) ~[junit-platform-engine-1.12.2.jar:1.12.2]
	at org.junit.platform.engine.support.hierarchical.SameThreadHierarchicalTestExecutorService.submit(SameThreadHierarchicalTestExecutorService.java:35) ~[junit-platform-engine-1.12.2.jar:1.12.2]
	at org.junit.platform.engine.support.hierarchical.HierarchicalTestExecutor.execute(HierarchicalTestExecutor.java:57) ~[junit-platform-engine-1.12.2.jar:1.12.2]
	at org.junit.platform.engine.support.hierarchical.HierarchicalTestEngine.execute(HierarchicalTestEngine.java:54) ~[junit-platform-engine-1.12.2.jar:1.12.2]
	at org.junit.platform.launcher.core.EngineExecutionOrchestrator.execute(EngineExecutionOrchestrator.java:201) ~[junit-platform-launcher-1.12.2.jar:1.12.2]
	at org.junit.platform.launcher.core.EngineExecutionOrchestrator.execute(EngineExecutionOrchestrator.java:170) ~[junit-platform-launcher-1.12.2.jar:1.12.2]
	at org.junit.platform.launcher.core.EngineExecutionOrchestrator.execute(EngineExecutionOrchestrator.java:94) ~[junit-platform-launcher-1.12.2.jar:1.12.2]
	at org.junit.platform.launcher.core.EngineExecutionOrchestrator.lambda$execute$0(EngineExecutionOrchestrator.java:59) ~[junit-platform-launcher-1.12.2.jar:1.12.2]
	at org.junit.platform.launcher.core.EngineExecutionOrchestrator.withInterceptedStreams(EngineExecutionOrchestrator.java:142) ~[junit-platform-launcher-1.12.2.jar:1.12.2]
	at org.junit.platform.launcher.core.EngineExecutionOrchestrator.execute(EngineExecutionOrchestrator.java:58) ~[junit-platform-launcher-1.12.2.jar:1.12.2]
	at org.junit.platform.launcher.core.DefaultLauncher.execute(DefaultLauncher.java:103) ~[junit-platform-launcher-1.12.2.jar:1.12.2]
	at org.junit.platform.launcher.core.DefaultLauncher.execute(DefaultLauncher.java:85) ~[junit-platform-launcher-1.12.2.jar:1.12.2]
	at org.junit.platform.launcher.core.DelegatingLauncher.execute(DelegatingLauncher.java:47) ~[junit-platform-launcher-1.12.2.jar:1.12.2]
	at org.junit.platform.launcher.core.InterceptingLauncher.lambda$execute$1(InterceptingLauncher.java:39) ~[junit-platform-launcher-1.12.2.jar:1.12.2]
	at org.junit.platform.launcher.core.ClasspathAlignmentCheckingLauncherInterceptor.intercept(ClasspathAlignmentCheckingLauncherInterceptor.java:25) ~[junit-platform-launcher-1.12.2.jar:1.12.2]
	at org.junit.platform.launcher.core.InterceptingLauncher.execute(InterceptingLauncher.java:38) ~[junit-platform-launcher-1.12.2.jar:1.12.2]
	at org.junit.platform.launcher.core.DelegatingLauncher.execute(DelegatingLauncher.java:47) ~[junit-platform-launcher-1.12.2.jar:1.12.2]
	at org.apache.maven.surefire.junitplatform.LauncherAdapter.executeWithoutCancellationToken(LauncherAdapter.java:60) ~[surefire-junit-platform-3.5.4.jar:3.5.4]
	at org.apache.maven.surefire.junitplatform.LauncherAdapter.execute(LauncherAdapter.java:52) ~[surefire-junit-platform-3.5.4.jar:3.5.4]
	at org.apache.maven.surefire.junitplatform.JUnitPlatformProvider.execute(JUnitPlatformProvider.java:203) ~[surefire-junit-platform-3.5.4.jar:3.5.4]
	at org.apache.maven.surefire.junitplatform.JUnitPlatformProvider.invokeAllTests(JUnitPlatformProvider.java:168) ~[surefire-junit-platform-3.5.4.jar:3.5.4]
	at org.apache.maven.surefire.junitplatform.JUnitPlatformProvider.invoke(JUnitPlatformProvider.java:136) ~[surefire-junit-platform-3.5.4.jar:3.5.4]
	at org.apache.maven.surefire.booter.ForkedBooter.runSuitesInProcess(ForkedBooter.java:385) ~[surefire-booter-3.5.4.jar:3.5.4]
	at org.apache.maven.surefire.booter.ForkedBooter.execute(ForkedBooter.java:162) ~[surefire-booter-3.5.4.jar:3.5.4]
	at org.apache.maven.surefire.booter.ForkedBooter.run(ForkedBooter.java:507) ~[surefire-booter-3.5.4.jar:3.5.4]
	at org.apache.maven.surefire.booter.ForkedBooter.main(ForkedBooter.java:495) ~[surefire-booter-3.5.4.jar:3.5.4]

[ERROR] Tests run: 2, Failures: 0, Errors: 2, Skipped: 0, Time elapsed: 0.024 s <<< FAILURE! -- in com.example.ldop.service.DynamicEngineTest
[ERROR] com.example.ldop.service.DynamicEngineTest.queryDynamicData_ShouldSucceed -- Time elapsed: 0 s <<< ERROR!
java.lang.IllegalStateException: ApplicationContext failure threshold (1) exceeded: skipping repeated attempt to load context for [WebMergedContextConfiguration@65c689e7 testClass = com.example.ldop.service.DynamicEngineTest, locations = [], classes = [com.example.ldop.LdopApplication], contextInitializerClasses = [], activeProfiles = ["test"], propertySourceDescriptors = [], propertySourceProperties = ["org.springframework.boot.test.context.SpringBootTestContextBootstrapper=true"], contextCustomizers = [[ImportsContextCustomizer@a6a2c20 key = [org.springframework.boot.test.autoconfigure.web.servlet.MockMvcWebDriverAutoConfiguration, org.springframework.boot.autoconfigure.security.oauth2.client.servlet.OAuth2ClientWebSecurityAutoConfiguration, org.springframework.boot.test.autoconfigure.web.servlet.MockMvcAutoConfiguration, org.springframework.boot.autoconfigure.security.saml2.Saml2RelyingPartyAutoConfiguration, org.springframework.boot.autoconfigure.security.servlet.SecurityAutoConfiguration, org.springframework.boot.autoconfigure.security.servlet.SecurityFilterAutoConfiguration, org.springframework.boot.autoconfigure.security.servlet.UserDetailsServiceAutoConfiguration, org.springframework.boot.autoconfigure.security.oauth2.resource.servlet.OAuth2ResourceServerAutoConfiguration, org.springframework.boot.test.autoconfigure.web.servlet.MockMvcSecurityConfiguration, org.springframework.boot.test.autoconfigure.web.servlet.MockMvcWebClientAutoConfiguration, org.springframework.boot.autoconfigure.security.oauth2.client.OAuth2ClientAutoConfiguration, org.springframework.boot.test.autoconfigure.web.reactive.WebTestClientAutoConfiguration]], org.springframework.boot.test.context.filter.ExcludeFilterContextCustomizer@1b8a29df, org.springframework.boot.test.json.DuplicateJsonObjectContextCustomizerFactory$DuplicateJsonObjectContextCustomizer@1ef6d34c, org.springframework.boot.test.mock.mockito.MockitoContextCustomizer@0, org.springframework.boot.test.web.client.TestRestTemplateContextCustomizer@4066c471, org.springframework.boot.test.web.reactor.netty.DisableReactorResourceFactoryGlobalResourcesContextCustomizerFactory$DisableReactorResourceFactoryGlobalResourcesContextCustomizerCustomizer@5e403b4a, org.springframework.boot.test.autoconfigure.OnFailureConditionReportContextCustomizerFactory$OnFailureConditionReportContextCustomizer@2931522b, org.springframework.boot.test.autoconfigure.actuate.observability.ObservabilityContextCustomizerFactory$DisableObservabilityContextCustomizer@1f, org.springframework.boot.test.autoconfigure.properties.PropertyMappingContextCustomizer@4b3fa0b3, org.springframework.boot.test.autoconfigure.web.servlet.WebDriverContextCustomizer@6bf08014, org.springframework.test.context.support.DynamicPropertiesContextCustomizer@0, org.springframework.boot.test.context.SpringBootTestAnnotation@82ba843e], resourceBasePath = "src/main/webapp", contextLoader = org.springframework.boot.test.context.SpringBootContextLoader, parent = null]
	at org.springframework.test.context.cache.DefaultCacheAwareContextLoaderDelegate.loadContext(DefaultCacheAwareContextLoaderDelegate.java:145)
	at org.springframework.test.context.support.DefaultTestContext.getApplicationContext(DefaultTestContext.java:130)
	at org.springframework.test.context.web.ServletTestExecutionListener.setUpRequestContextIfNecessary(ServletTestExecutionListener.java:200)
	at org.springframework.test.context.web.ServletTestExecutionListener.prepareTestInstance(ServletTestExecutionListener.java:139)
	at org.springframework.test.context.TestContextManager.prepareTestInstance(TestContextManager.java:260)
	at org.springframework.test.context.junit.jupiter.SpringExtension.postProcessTestInstance(SpringExtension.java:159)
	at java.base/java.util.stream.ForEachOps$ForEachOp$OfRef.accept(ForEachOps.java:184)
	at java.base/java.util.stream.ReferencePipeline$3$1.accept(ReferencePipeline.java:197)
	at java.base/java.util.stream.ReferencePipeline$2$1.accept(ReferencePipeline.java:179)
	at java.base/java.util.stream.ReferencePipeline$3$1.accept(ReferencePipeline.java:197)
	at java.base/java.util.ArrayList$ArrayListSpliterator.forEachRemaining(ArrayList.java:1708)
	at java.base/java.util.stream.AbstractPipeline.copyInto(AbstractPipeline.java:509)
	at java.base/java.util.stream.AbstractPipeline.wrapAndCopyInto(AbstractPipeline.java:499)
	at java.base/java.util.stream.ForEachOps$ForEachOp.evaluateSequential(ForEachOps.java:151)
	at java.base/java.util.stream.ForEachOps$ForEachOp$OfRef.evaluateSequential(ForEachOps.java:174)
	at java.base/java.util.stream.AbstractPipeline.evaluate(AbstractPipeline.java:234)
	at java.base/java.util.stream.ReferencePipeline.forEach(ReferencePipeline.java:596)
	at java.base/java.util.Optional.orElseGet(Optional.java:364)
	at java.base/java.util.ArrayList.forEach(ArrayList.java:1596)
	at java.base/java.util.ArrayList.forEach(ArrayList.java:1596)

[ERROR] com.example.ldop.service.DynamicEngineTest.queryDynamicData_ShouldRespectFieldSecurityAndMasking -- Time elapsed: 0 s <<< ERROR!
java.lang.IllegalStateException: ApplicationContext failure threshold (1) exceeded: skipping repeated attempt to load context for [WebMergedContextConfiguration@65c689e7 testClass = com.example.ldop.service.DynamicEngineTest, locations = [], classes = [com.example.ldop.LdopApplication], contextInitializerClasses = [], activeProfiles = ["test"], propertySourceDescriptors = [], propertySourceProperties = ["org.springframework.boot.test.context.SpringBootTestContextBootstrapper=true"], contextCustomizers = [[ImportsContextCustomizer@a6a2c20 key = [org.springframework.boot.test.autoconfigure.web.servlet.MockMvcWebDriverAutoConfiguration, org.springframework.boot.autoconfigure.security.oauth2.client.servlet.OAuth2ClientWebSecurityAutoConfiguration, org.springframework.boot.test.autoconfigure.web.servlet.MockMvcAutoConfiguration, org.springframework.boot.autoconfigure.security.saml2.Saml2RelyingPartyAutoConfiguration, org.springframework.boot.autoconfigure.security.servlet.SecurityAutoConfiguration, org.springframework.boot.autoconfigure.security.servlet.SecurityFilterAutoConfiguration, org.springframework.boot.autoconfigure.security.servlet.UserDetailsServiceAutoConfiguration, org.springframework.boot.autoconfigure.security.oauth2.resource.servlet.OAuth2ResourceServerAutoConfiguration, org.springframework.boot.test.autoconfigure.web.servlet.MockMvcSecurityConfiguration, org.springframework.boot.test.autoconfigure.web.servlet.MockMvcWebClientAutoConfiguration, org.springframework.boot.autoconfigure.security.oauth2.client.OAuth2ClientAutoConfiguration, org.springframework.boot.test.autoconfigure.web.reactive.WebTestClientAutoConfiguration]], org.springframework.boot.test.context.filter.ExcludeFilterContextCustomizer@1b8a29df, org.springframework.boot.test.json.DuplicateJsonObjectContextCustomizerFactory$DuplicateJsonObjectContextCustomizer@1ef6d34c, org.springframework.boot.test.mock.mockito.MockitoContextCustomizer@0, org.springframework.boot.test.web.client.TestRestTemplateContextCustomizer@4066c471, org.springframework.boot.test.web.reactor.netty.DisableReactorResourceFactoryGlobalResourcesContextCustomizerFactory$DisableReactorResourceFactoryGlobalResourcesContextCustomizerCustomizer@5e403b4a, org.springframework.boot.test.autoconfigure.OnFailureConditionReportContextCustomizerFactory$OnFailureConditionReportContextCustomizer@2931522b, org.springframework.boot.test.autoconfigure.actuate.observability.ObservabilityContextCustomizerFactory$DisableObservabilityContextCustomizer@1f, org.springframework.boot.test.autoconfigure.properties.PropertyMappingContextCustomizer@4b3fa0b3, org.springframework.boot.test.autoconfigure.web.servlet.WebDriverContextCustomizer@6bf08014, org.springframework.test.context.support.DynamicPropertiesContextCustomizer@0, org.springframework.boot.test.context.SpringBootTestAnnotation@82ba843e], resourceBasePath = "src/main/webapp", contextLoader = org.springframework.boot.test.context.SpringBootContextLoader, parent = null]
	at org.springframework.test.context.cache.DefaultCacheAwareContextLoaderDelegate.loadContext(DefaultCacheAwareContextLoaderDelegate.java:145)
	at org.springframework.test.context.support.DefaultTestContext.getApplicationContext(DefaultTestContext.java:130)
	at org.springframework.test.context.web.ServletTestExecutionListener.setUpRequestContextIfNecessary(ServletTestExecutionListener.java:200)
	at org.springframework.test.context.web.ServletTestExecutionListener.prepareTestInstance(ServletTestExecutionListener.java:139)
	at org.springframework.test.context.TestContextManager.prepareTestInstance(TestContextManager.java:260)
	at org.springframework.test.context.junit.jupiter.SpringExtension.postProcessTestInstance(SpringExtension.java:159)
	at java.base/java.util.stream.ForEachOps$ForEachOp$OfRef.accept(ForEachOps.java:184)
	at java.base/java.util.stream.ReferencePipeline$3$1.accept(ReferencePipeline.java:197)
	at java.base/java.util.stream.ReferencePipeline$2$1.accept(ReferencePipeline.java:179)
	at java.base/java.util.stream.ReferencePipeline$3$1.accept(ReferencePipeline.java:197)
	at java.base/java.util.ArrayList$ArrayListSpliterator.forEachRemaining(ArrayList.java:1708)
	at java.base/java.util.stream.AbstractPipeline.copyInto(AbstractPipeline.java:509)
	at java.base/java.util.stream.AbstractPipeline.wrapAndCopyInto(AbstractPipeline.java:499)
	at java.base/java.util.stream.ForEachOps$ForEachOp.evaluateSequential(ForEachOps.java:151)
	at java.base/java.util.stream.ForEachOps$ForEachOp$OfRef.evaluateSequential(ForEachOps.java:174)
	at java.base/java.util.stream.AbstractPipeline.evaluate(AbstractPipeline.java:234)
	at java.base/java.util.stream.ReferencePipeline.forEach(ReferencePipeline.java:596)
	at java.base/java.util.Optional.orElseGet(Optional.java:364)
	at java.base/java.util.ArrayList.forEach(ArrayList.java:1596)
	at java.base/java.util.ArrayList.forEach(ArrayList.java:1596)

[INFO] Running com.example.ldop.service.DynamicQueryServiceTest
Mockito is currently 
self-attaching to enable the 
inline-mock-maker. This will 
no longer work in future 
releases of the JDK. Please 
add Mockito as an agent to 
your build as described in 
Mockito's documentation: http
s://javadoc.io/doc/org.mockit
o/mockito-core/latest/org.moc
kito/org/mockito/Mockito.html
#0.3
WARNING: A Java agent has 
been loaded dynamically (C:\U
sers\TungNS\.m2\repository\ne
t\bytebuddy\byte-buddy-agent\
1.17.8\byte-buddy-agent-1.17.
8.jar)
WARNING: If a serviceability 
tool is in use, please run 
with -XX:+EnableDynamicAgentL
oading to hide this warning
WARNING: If a serviceability 
tool is not in use, please 
run with 
-Djdk.instrument.traceUsage 
for more information
WARNING: Dynamic loading of 
agents will be disallowed by 
default in a future release
Java HotSpot(TM) 64-Bit 
Server VM warning: Sharing 
is only supported for boot 
loader classes because 
bootstrap classpath has been 
appended
[INFO] Tests run: 6, Failures: 0, Errors: 0, Skipped: 0, Time elapsed: 3.254 s -- in com.example.ldop.service.DynamicQueryServiceTest
[INFO] Running com.example.ldop.service.MetadataInferenceServiceTest
[INFO] Tests run: 27, Failures: 0, Errors: 0, Skipped: 0, Time elapsed: 0.535 s -- in com.example.ldop.service.MetadataInferenceServiceTest
[INFO] 
[INFO] Results:
[INFO] 
[ERROR] Errors: 
[ERROR]   ConnectorControllerTest.approveConnector_ShouldUpdateStatus ╗ IllegalState ApplicationContext failure threshold (1) exceeded: skipping repeated attempt to load context for [WebMergedContextConfiguration@6ffbf0ac testClass = com.example.ldop.controller.ConnectorControllerTest, locations = [], classes = [com.example.ldop.LdopApplication], contextInitializerClasses = [], activeProfiles = ["test"], propertySourceDescriptors = [], propertySourceProperties = ["org.springframework.boot.test.context.SpringBootTestContextBootstrapper=true"], contextCustomizers = [[ImportsContextCustomizer@ad5cffa key = [org.springframework.boot.test.autoconfigure.web.servlet.MockMvcWebDriverAutoConfiguration, org.springframework.boot.autoconfigure.security.oauth2.client.servlet.OAuth2ClientWebSecurityAutoConfiguration, org.springframework.boot.test.autoconfigure.web.servlet.MockMvcAutoConfiguration, org.springframework.boot.autoconfigure.security.saml2.Saml2RelyingPartyAutoConfiguration, org.springframework.boot.autoconfigure.security.servlet.SecurityAutoConfiguration, org.springframework.boot.autoconfigure.security.servlet.SecurityFilterAutoConfiguration, org.springframework.boot.autoconfigure.security.servlet.UserDetailsServiceAutoConfiguration, org.springframework.boot.autoconfigure.security.oauth2.resource.servlet.OAuth2ResourceServerAutoConfiguration, org.springframework.boot.test.autoconfigure.web.servlet.MockMvcSecurityConfiguration, org.springframework.boot.test.autoconfigure.web.servlet.MockMvcWebClientAutoConfiguration, org.springframework.boot.autoconfigure.security.oauth2.client.OAuth2ClientAutoConfiguration, org.springframework.boot.test.autoconfigure.web.reactive.WebTestClientAutoConfiguration]], org.springframework.boot.test.context.filter.ExcludeFilterContextCustomizer@1b8a29df, org.springframework.boot.test.json.DuplicateJsonObjectContextCustomizerFactory$DuplicateJsonObjectContextCustomizer@1ef6d34c, org.springframework.boot.test.mock.mockito.MockitoContextCustomizer@0, org.springframework.boot.test.web.client.TestRestTemplateContextCustomizer@4066c471, org.springframework.boot.test.web.reactor.netty.DisableReactorResourceFactoryGlobalResourcesContextCustomizerFactory$DisableReactorResourceFactoryGlobalResourcesContextCustomizerCustomizer@5e403b4a, org.springframework.boot.test.autoconfigure.OnFailureConditionReportContextCustomizerFactory$OnFailureConditionReportContextCustomizer@2931522b, org.springframework.boot.test.autoconfigure.actuate.observability.ObservabilityContextCustomizerFactory$DisableObservabilityContextCustomizer@1f, org.springframework.boot.test.autoconfigure.properties.PropertyMappingContextCustomizer@4b3fa0b3, org.springframework.boot.test.autoconfigure.web.servlet.WebDriverContextCustomizer@6bf08014, org.springframework.test.context.support.DynamicPropertiesContextCustomizer@0, org.springframework.boot.test.context.SpringBootTestAnnotation@82ba843e], resourceBasePath = "src/main/webapp", contextLoader = org.springframework.boot.test.context.SpringBootContextLoader, parent = null]
[ERROR]   ConnectorControllerTest.createConnectorWithMetadata_ShouldPersistRegisteredTables ╗ IllegalState ApplicationContext failure threshold (1) exceeded: skipping repeated attempt to load context for [WebMergedContextConfiguration@6ffbf0ac testClass = com.example.ldop.controller.ConnectorControllerTest, locations = [], classes = [com.example.ldop.LdopApplication], contextInitializerClasses = [], activeProfiles = ["test"], propertySourceDescriptors = [], propertySourceProperties = ["org.springframework.boot.test.context.SpringBootTestContextBootstrapper=true"], contextCustomizers = [[ImportsContextCustomizer@ad5cffa key = [org.springframework.boot.test.autoconfigure.web.servlet.MockMvcWebDriverAutoConfiguration, org.springframework.boot.autoconfigure.security.oauth2.client.servlet.OAuth2ClientWebSecurityAutoConfiguration, org.springframework.boot.test.autoconfigure.web.servlet.MockMvcAutoConfiguration, org.springframework.boot.autoconfigure.security.saml2.Saml2RelyingPartyAutoConfiguration, org.springframework.boot.autoconfigure.security.servlet.SecurityAutoConfiguration, org.springframework.boot.autoconfigure.security.servlet.SecurityFilterAutoConfiguration, org.springframework.boot.autoconfigure.security.servlet.UserDetailsServiceAutoConfiguration, org.springframework.boot.autoconfigure.security.oauth2.resource.servlet.OAuth2ResourceServerAutoConfiguration, org.springframework.boot.test.autoconfigure.web.servlet.MockMvcSecurityConfiguration, org.springframework.boot.test.autoconfigure.web.servlet.MockMvcWebClientAutoConfiguration, org.springframework.boot.autoconfigure.security.oauth2.client.OAuth2ClientAutoConfiguration, org.springframework.boot.test.autoconfigure.web.reactive.WebTestClientAutoConfiguration]], org.springframework.boot.test.context.filter.ExcludeFilterContextCustomizer@1b8a29df, org.springframework.boot.test.json.DuplicateJsonObjectContextCustomizerFactory$DuplicateJsonObjectContextCustomizer@1ef6d34c, org.springframework.boot.test.mock.mockito.MockitoContextCustomizer@0, org.springframework.boot.test.web.client.TestRestTemplateContextCustomizer@4066c471, org.springframework.boot.test.web.reactor.netty.DisableReactorResourceFactoryGlobalResourcesContextCustomizerFactory$DisableReactorResourceFactoryGlobalResourcesContextCustomizerCustomizer@5e403b4a, org.springframework.boot.test.autoconfigure.OnFailureConditionReportContextCustomizerFactory$OnFailureConditionReportContextCustomizer@2931522b, org.springframework.boot.test.autoconfigure.actuate.observability.ObservabilityContextCustomizerFactory$DisableObservabilityContextCustomizer@1f, org.springframework.boot.test.autoconfigure.properties.PropertyMappingContextCustomizer@4b3fa0b3, org.springframework.boot.test.autoconfigure.web.servlet.WebDriverContextCustomizer@6bf08014, org.springframework.test.context.support.DynamicPropertiesContextCustomizer@0, org.springframework.boot.test.context.SpringBootTestAnnotation@82ba843e], resourceBasePath = "src/main/webapp", contextLoader = org.springframework.boot.test.context.SpringBootContextLoader, parent = null]
[ERROR]   ConnectorControllerTest.createConnector_ShouldSucceedAndDefaultToInit ╗ IllegalState ApplicationContext failure threshold (1) exceeded: skipping repeated attempt to load context for [WebMergedContextConfiguration@6ffbf0ac testClass = com.example.ldop.controller.ConnectorControllerTest, locations = [], classes = [com.example.ldop.LdopApplication], contextInitializerClasses = [], activeProfiles = ["test"], propertySourceDescriptors = [], propertySourceProperties = ["org.springframework.boot.test.context.SpringBootTestContextBootstrapper=true"], contextCustomizers = [[ImportsContextCustomizer@ad5cffa key = [org.springframework.boot.test.autoconfigure.web.servlet.MockMvcWebDriverAutoConfiguration, org.springframework.boot.autoconfigure.security.oauth2.client.servlet.OAuth2ClientWebSecurityAutoConfiguration, org.springframework.boot.test.autoconfigure.web.servlet.MockMvcAutoConfiguration, org.springframework.boot.autoconfigure.security.saml2.Saml2RelyingPartyAutoConfiguration, org.springframework.boot.autoconfigure.security.servlet.SecurityAutoConfiguration, org.springframework.boot.autoconfigure.security.servlet.SecurityFilterAutoConfiguration, org.springframework.boot.autoconfigure.security.servlet.UserDetailsServiceAutoConfiguration, org.springframework.boot.autoconfigure.security.oauth2.resource.servlet.OAuth2ResourceServerAutoConfiguration, org.springframework.boot.test.autoconfigure.web.servlet.MockMvcSecurityConfiguration, org.springframework.boot.test.autoconfigure.web.servlet.MockMvcWebClientAutoConfiguration, org.springframework.boot.autoconfigure.security.oauth2.client.OAuth2ClientAutoConfiguration, org.springframework.boot.test.autoconfigure.web.reactive.WebTestClientAutoConfiguration]], org.springframework.boot.test.context.filter.ExcludeFilterContextCustomizer@1b8a29df, org.springframework.boot.test.json.DuplicateJsonObjectContextCustomizerFactory$DuplicateJsonObjectContextCustomizer@1ef6d34c, org.springframework.boot.test.mock.mockito.MockitoContextCustomizer@0, org.springframework.boot.test.web.client.TestRestTemplateContextCustomizer@4066c471, org.springframework.boot.test.web.reactor.netty.DisableReactorResourceFactoryGlobalResourcesContextCustomizerFactory$DisableReactorResourceFactoryGlobalResourcesContextCustomizerCustomizer@5e403b4a, org.springframework.boot.test.autoconfigure.OnFailureConditionReportContextCustomizerFactory$OnFailureConditionReportContextCustomizer@2931522b, org.springframework.boot.test.autoconfigure.actuate.observability.ObservabilityContextCustomizerFactory$DisableObservabilityContextCustomizer@1f, org.springframework.boot.test.autoconfigure.properties.PropertyMappingContextCustomizer@4b3fa0b3, org.springframework.boot.test.autoconfigure.web.servlet.WebDriverContextCustomizer@6bf08014, org.springframework.test.context.support.DynamicPropertiesContextCustomizer@0, org.springframework.boot.test.context.SpringBootTestAnnotation@82ba843e], resourceBasePath = "src/main/webapp", contextLoader = org.springframework.boot.test.context.SpringBootContextLoader, parent = null]
[ERROR]   ConnectorControllerTest.getConnectors_ShouldRespectTenantIsolation ╗ IllegalState Failed to load ApplicationContext for [WebMergedContextConfiguration@6ffbf0ac testClass = com.example.ldop.controller.ConnectorControllerTest, locations = [], classes = [com.example.ldop.LdopApplication], contextInitializerClasses = [], activeProfiles = ["test"], propertySourceDescriptors = [], propertySourceProperties = ["org.springframework.boot.test.context.SpringBootTestContextBootstrapper=true"], contextCustomizers = [[ImportsContextCustomizer@ad5cffa key = [org.springframework.boot.test.autoconfigure.web.servlet.MockMvcWebDriverAutoConfiguration, org.springframework.boot.autoconfigure.security.oauth2.client.servlet.OAuth2ClientWebSecurityAutoConfiguration, org.springframework.boot.test.autoconfigure.web.servlet.MockMvcAutoConfiguration, org.springframework.boot.autoconfigure.security.saml2.Saml2RelyingPartyAutoConfiguration, org.springframework.boot.autoconfigure.security.servlet.SecurityAutoConfiguration, org.springframework.boot.autoconfigure.security.servlet.SecurityFilterAutoConfiguration, org.springframework.boot.autoconfigure.security.servlet.UserDetailsServiceAutoConfiguration, org.springframework.boot.autoconfigure.security.oauth2.resource.servlet.OAuth2ResourceServerAutoConfiguration, org.springframework.boot.test.autoconfigure.web.servlet.MockMvcSecurityConfiguration, org.springframework.boot.test.autoconfigure.web.servlet.MockMvcWebClientAutoConfiguration, org.springframework.boot.autoconfigure.security.oauth2.client.OAuth2ClientAutoConfiguration, org.springframework.boot.test.autoconfigure.web.reactive.WebTestClientAutoConfiguration]], org.springframework.boot.test.context.filter.ExcludeFilterContextCustomizer@1b8a29df, org.springframework.boot.test.json.DuplicateJsonObjectContextCustomizerFactory$DuplicateJsonObjectContextCustomizer@1ef6d34c, org.springframework.boot.test.mock.mockito.MockitoContextCustomizer@0, org.springframework.boot.test.web.client.TestRestTemplateContextCustomizer@4066c471, org.springframework.boot.test.web.reactor.netty.DisableReactorResourceFactoryGlobalResourcesContextCustomizerFactory$DisableReactorResourceFactoryGlobalResourcesContextCustomizerCustomizer@5e403b4a, org.springframework.boot.test.autoconfigure.OnFailureConditionReportContextCustomizerFactory$OnFailureConditionReportContextCustomizer@2931522b, org.springframework.boot.test.autoconfigure.actuate.observability.ObservabilityContextCustomizerFactory$DisableObservabilityContextCustomizer@1f, org.springframework.boot.test.autoconfigure.properties.PropertyMappingContextCustomizer@4b3fa0b3, org.springframework.boot.test.autoconfigure.web.servlet.WebDriverContextCustomizer@6bf08014, org.springframework.test.context.support.DynamicPropertiesContextCustomizer@0, org.springframework.boot.test.context.SpringBootTestAnnotation@82ba843e], resourceBasePath = "src/main/webapp", contextLoader = org.springframework.boot.test.context.SpringBootContextLoader, parent = null]
[ERROR]   ConnectorControllerTest.missingTenantHeader_ShouldReturn400 ╗ IllegalState ApplicationContext failure threshold (1) exceeded: skipping repeated attempt to load context for [WebMergedContextConfiguration@6ffbf0ac testClass = com.example.ldop.controller.ConnectorControllerTest, locations = [], classes = [com.example.ldop.LdopApplication], contextInitializerClasses = [], activeProfiles = ["test"], propertySourceDescriptors = [], propertySourceProperties = ["org.springframework.boot.test.context.SpringBootTestContextBootstrapper=true"], contextCustomizers = [[ImportsContextCustomizer@ad5cffa key = [org.springframework.boot.test.autoconfigure.web.servlet.MockMvcWebDriverAutoConfiguration, org.springframework.boot.autoconfigure.security.oauth2.client.servlet.OAuth2ClientWebSecurityAutoConfiguration, org.springframework.boot.test.autoconfigure.web.servlet.MockMvcAutoConfiguration, org.springframework.boot.autoconfigure.security.saml2.Saml2RelyingPartyAutoConfiguration, org.springframework.boot.autoconfigure.security.servlet.SecurityAutoConfiguration, org.springframework.boot.autoconfigure.security.servlet.SecurityFilterAutoConfiguration, org.springframework.boot.autoconfigure.security.servlet.UserDetailsServiceAutoConfiguration, org.springframework.boot.autoconfigure.security.oauth2.resource.servlet.OAuth2ResourceServerAutoConfiguration, org.springframework.boot.test.autoconfigure.web.servlet.MockMvcSecurityConfiguration, org.springframework.boot.test.autoconfigure.web.servlet.MockMvcWebClientAutoConfiguration, org.springframework.boot.autoconfigure.security.oauth2.client.OAuth2ClientAutoConfiguration, org.springframework.boot.test.autoconfigure.web.reactive.WebTestClientAutoConfiguration]], org.springframework.boot.test.context.filter.ExcludeFilterContextCustomizer@1b8a29df, org.springframework.boot.test.json.DuplicateJsonObjectContextCustomizerFactory$DuplicateJsonObjectContextCustomizer@1ef6d34c, org.springframework.boot.test.mock.mockito.MockitoContextCustomizer@0, org.springframework.boot.test.web.client.TestRestTemplateContextCustomizer@4066c471, org.springframework.boot.test.web.reactor.netty.DisableReactorResourceFactoryGlobalResourcesContextCustomizerFactory$DisableReactorResourceFactoryGlobalResourcesContextCustomizerCustomizer@5e403b4a, org.springframework.boot.test.autoconfigure.OnFailureConditionReportContextCustomizerFactory$OnFailureConditionReportContextCustomizer@2931522b, org.springframework.boot.test.autoconfigure.actuate.observability.ObservabilityContextCustomizerFactory$DisableObservabilityContextCustomizer@1f, org.springframework.boot.test.autoconfigure.properties.PropertyMappingContextCustomizer@4b3fa0b3, org.springframework.boot.test.autoconfigure.web.servlet.WebDriverContextCustomizer@6bf08014, org.springframework.test.context.support.DynamicPropertiesContextCustomizer@0, org.springframework.boot.test.context.SpringBootTestAnnotation@82ba843e], resourceBasePath = "src/main/webapp", contextLoader = org.springframework.boot.test.context.SpringBootContextLoader, parent = null]
[ERROR]   ConnectorControllerTest.updateConnector_ShouldUpdateRegisteredTables ╗ IllegalState ApplicationContext failure threshold (1) exceeded: skipping repeated attempt to load context for [WebMergedContextConfiguration@6ffbf0ac testClass = com.example.ldop.controller.ConnectorControllerTest, locations = [], classes = [com.example.ldop.LdopApplication], contextInitializerClasses = [], activeProfiles = ["test"], propertySourceDescriptors = [], propertySourceProperties = ["org.springframework.boot.test.context.SpringBootTestContextBootstrapper=true"], contextCustomizers = [[ImportsContextCustomizer@ad5cffa key = [org.springframework.boot.test.autoconfigure.web.servlet.MockMvcWebDriverAutoConfiguration, org.springframework.boot.autoconfigure.security.oauth2.client.servlet.OAuth2ClientWebSecurityAutoConfiguration, org.springframework.boot.test.autoconfigure.web.servlet.MockMvcAutoConfiguration, org.springframework.boot.autoconfigure.security.saml2.Saml2RelyingPartyAutoConfiguration, org.springframework.boot.autoconfigure.security.servlet.SecurityAutoConfiguration, org.springframework.boot.autoconfigure.security.servlet.SecurityFilterAutoConfiguration, org.springframework.boot.autoconfigure.security.servlet.UserDetailsServiceAutoConfiguration, org.springframework.boot.autoconfigure.security.oauth2.resource.servlet.OAuth2ResourceServerAutoConfiguration, org.springframework.boot.test.autoconfigure.web.servlet.MockMvcSecurityConfiguration, org.springframework.boot.test.autoconfigure.web.servlet.MockMvcWebClientAutoConfiguration, org.springframework.boot.autoconfigure.security.oauth2.client.OAuth2ClientAutoConfiguration, org.springframework.boot.test.autoconfigure.web.reactive.WebTestClientAutoConfiguration]], org.springframework.boot.test.context.filter.ExcludeFilterContextCustomizer@1b8a29df, org.springframework.boot.test.json.DuplicateJsonObjectContextCustomizerFactory$DuplicateJsonObjectContextCustomizer@1ef6d34c, org.springframework.boot.test.mock.mockito.MockitoContextCustomizer@0, org.springframework.boot.test.web.client.TestRestTemplateContextCustomizer@4066c471, org.springframework.boot.test.web.reactor.netty.DisableReactorResourceFactoryGlobalResourcesContextCustomizerFactory$DisableReactorResourceFactoryGlobalResourcesContextCustomizerCustomizer@5e403b4a, org.springframework.boot.test.autoconfigure.OnFailureConditionReportContextCustomizerFactory$OnFailureConditionReportContextCustomizer@2931522b, org.springframework.boot.test.autoconfigure.actuate.observability.ObservabilityContextCustomizerFactory$DisableObservabilityContextCustomizer@1f, org.springframework.boot.test.autoconfigure.properties.PropertyMappingContextCustomizer@4b3fa0b3, org.springframework.boot.test.autoconfigure.web.servlet.WebDriverContextCustomizer@6bf08014, org.springframework.test.context.support.DynamicPropertiesContextCustomizer@0, org.springframework.boot.test.context.SpringBootTestAnnotation@82ba843e], resourceBasePath = "src/main/webapp", contextLoader = org.springframework.boot.test.context.SpringBootContextLoader, parent = null]
[ERROR]   ConnectorServiceIntegrationTest.testConnectionAndFetchTables_ShouldReturnMetadata ╗ IllegalState Failed to load ApplicationContext for [WebMergedContextConfiguration@6cd6698b testClass = com.example.ldop.service.ConnectorServiceIntegrationTest, locations = [], classes = [com.example.ldop.LdopApplication], contextInitializerClasses = [], activeProfiles = ["default"], propertySourceDescriptors = [], propertySourceProperties = ["org.springframework.boot.test.context.SpringBootTestContextBootstrapper=true"], contextCustomizers = [org.springframework.boot.test.context.filter.ExcludeFilterContextCustomizer@1b8a29df, org.springframework.boot.test.json.DuplicateJsonObjectContextCustomizerFactory$DuplicateJsonObjectContextCustomizer@1ef6d34c, org.springframework.boot.test.mock.mockito.MockitoContextCustomizer@0, org.springframework.boot.test.web.client.TestRestTemplateContextCustomizer@4066c471, org.springframework.boot.test.web.reactor.netty.DisableReactorResourceFactoryGlobalResourcesContextCustomizerFactory$DisableReactorResourceFactoryGlobalResourcesContextCustomizerCustomizer@5e403b4a, org.springframework.boot.test.autoconfigure.OnFailureConditionReportContextCustomizerFactory$OnFailureConditionReportContextCustomizer@2931522b, org.springframework.boot.test.autoconfigure.actuate.observability.ObservabilityContextCustomizerFactory$DisableObservabilityContextCustomizer@1f, org.springframework.boot.test.autoconfigure.properties.PropertyMappingContextCustomizer@0, org.springframework.boot.test.autoconfigure.web.servlet.WebDriverContextCustomizer@6bf08014, org.springframework.test.context.support.DynamicPropertiesContextCustomizer@0, org.springframework.boot.test.context.SpringBootTestAnnotation@82ba843e], resourceBasePath = "src/main/webapp", contextLoader = org.springframework.boot.test.context.SpringBootContextLoader, parent = null]
[ERROR]   ConnectorServiceIntegrationTest.testConnectionAndFetchTables_WithDifferentSchema_ShouldRespectSchema ╗ IllegalState ApplicationContext failure threshold (1) exceeded: skipping repeated attempt to load context for [WebMergedContextConfiguration@6cd6698b testClass = com.example.ldop.service.ConnectorServiceIntegrationTest, locations = [], classes = [com.example.ldop.LdopApplication], contextInitializerClasses = [], activeProfiles = ["default"], propertySourceDescriptors = [], propertySourceProperties = ["org.springframework.boot.test.context.SpringBootTestContextBootstrapper=true"], contextCustomizers = [org.springframework.boot.test.context.filter.ExcludeFilterContextCustomizer@1b8a29df, org.springframework.boot.test.json.DuplicateJsonObjectContextCustomizerFactory$DuplicateJsonObjectContextCustomizer@1ef6d34c, org.springframework.boot.test.mock.mockito.MockitoContextCustomizer@0, org.springframework.boot.test.web.client.TestRestTemplateContextCustomizer@4066c471, org.springframework.boot.test.web.reactor.netty.DisableReactorResourceFactoryGlobalResourcesContextCustomizerFactory$DisableReactorResourceFactoryGlobalResourcesContextCustomizerCustomizer@5e403b4a, org.springframework.boot.test.autoconfigure.OnFailureConditionReportContextCustomizerFactory$OnFailureConditionReportContextCustomizer@2931522b, org.springframework.boot.test.autoconfigure.actuate.observability.ObservabilityContextCustomizerFactory$DisableObservabilityContextCustomizer@1f, org.springframework.boot.test.autoconfigure.properties.PropertyMappingContextCustomizer@0, org.springframework.boot.test.autoconfigure.web.servlet.WebDriverContextCustomizer@6bf08014, org.springframework.test.context.support.DynamicPropertiesContextCustomizer@0, org.springframework.boot.test.context.SpringBootTestAnnotation@82ba843e], resourceBasePath = "src/main/webapp", contextLoader = org.springframework.boot.test.context.SpringBootContextLoader, parent = null]
[ERROR]   ConnectorServiceIntegrationTest.testConnectionAndFetchTables_WithInvalidCredentials_ShouldThrowException ╗ IllegalState ApplicationContext failure threshold (1) exceeded: skipping repeated attempt to load context for [WebMergedContextConfiguration@6cd6698b testClass = com.example.ldop.service.ConnectorServiceIntegrationTest, locations = [], classes = [com.example.ldop.LdopApplication], contextInitializerClasses = [], activeProfiles = ["default"], propertySourceDescriptors = [], propertySourceProperties = ["org.springframework.boot.test.context.SpringBootTestContextBootstrapper=true"], contextCustomizers = [org.springframework.boot.test.context.filter.ExcludeFilterContextCustomizer@1b8a29df, org.springframework.boot.test.json.DuplicateJsonObjectContextCustomizerFactory$DuplicateJsonObjectContextCustomizer@1ef6d34c, org.springframework.boot.test.mock.mockito.MockitoContextCustomizer@0, org.springframework.boot.test.web.client.TestRestTemplateContextCustomizer@4066c471, org.springframework.boot.test.web.reactor.netty.DisableReactorResourceFactoryGlobalResourcesContextCustomizerFactory$DisableReactorResourceFactoryGlobalResourcesContextCustomizerCustomizer@5e403b4a, org.springframework.boot.test.autoconfigure.OnFailureConditionReportContextCustomizerFactory$OnFailureConditionReportContextCustomizer@2931522b, org.springframework.boot.test.autoconfigure.actuate.observability.ObservabilityContextCustomizerFactory$DisableObservabilityContextCustomizer@1f, org.springframework.boot.test.autoconfigure.properties.PropertyMappingContextCustomizer@0, org.springframework.boot.test.autoconfigure.web.servlet.WebDriverContextCustomizer@6bf08014, org.springframework.test.context.support.DynamicPropertiesContextCustomizer@0, org.springframework.boot.test.context.SpringBootTestAnnotation@82ba843e], resourceBasePath = "src/main/webapp", contextLoader = org.springframework.boot.test.context.SpringBootContextLoader, parent = null]
[ERROR]   DynamicEngineTest.queryDynamicData_ShouldRespectFieldSecurityAndMasking ╗ IllegalState ApplicationContext failure threshold (1) exceeded: skipping repeated attempt to load context for [WebMergedContextConfiguration@65c689e7 testClass = com.example.ldop.service.DynamicEngineTest, locations = [], classes = [com.example.ldop.LdopApplication], contextInitializerClasses = [], activeProfiles = ["test"], propertySourceDescriptors = [], propertySourceProperties = ["org.springframework.boot.test.context.SpringBootTestContextBootstrapper=true"], contextCustomizers = [[ImportsContextCustomizer@a6a2c20 key = [org.springframework.boot.test.autoconfigure.web.servlet.MockMvcWebDriverAutoConfiguration, org.springframework.boot.autoconfigure.security.oauth2.client.servlet.OAuth2ClientWebSecurityAutoConfiguration, org.springframework.boot.test.autoconfigure.web.servlet.MockMvcAutoConfiguration, org.springframework.boot.autoconfigure.security.saml2.Saml2RelyingPartyAutoConfiguration, org.springframework.boot.autoconfigure.security.servlet.SecurityAutoConfiguration, org.springframework.boot.autoconfigure.security.servlet.SecurityFilterAutoConfiguration, org.springframework.boot.autoconfigure.security.servlet.UserDetailsServiceAutoConfiguration, org.springframework.boot.autoconfigure.security.oauth2.resource.servlet.OAuth2ResourceServerAutoConfiguration, org.springframework.boot.test.autoconfigure.web.servlet.MockMvcSecurityConfiguration, org.springframework.boot.test.autoconfigure.web.servlet.MockMvcWebClientAutoConfiguration, org.springframework.boot.autoconfigure.security.oauth2.client.OAuth2ClientAutoConfiguration, org.springframework.boot.test.autoconfigure.web.reactive.WebTestClientAutoConfiguration]], org.springframework.boot.test.context.filter.ExcludeFilterContextCustomizer@1b8a29df, org.springframework.boot.test.json.DuplicateJsonObjectContextCustomizerFactory$DuplicateJsonObjectContextCustomizer@1ef6d34c, org.springframework.boot.test.mock.mockito.MockitoContextCustomizer@0, org.springframework.boot.test.web.client.TestRestTemplateContextCustomizer@4066c471, org.springframework.boot.test.web.reactor.netty.DisableReactorResourceFactoryGlobalResourcesContextCustomizerFactory$DisableReactorResourceFactoryGlobalResourcesContextCustomizerCustomizer@5e403b4a, org.springframework.boot.test.autoconfigure.OnFailureConditionReportContextCustomizerFactory$OnFailureConditionReportContextCustomizer@2931522b, org.springframework.boot.test.autoconfigure.actuate.observability.ObservabilityContextCustomizerFactory$DisableObservabilityContextCustomizer@1f, org.springframework.boot.test.autoconfigure.properties.PropertyMappingContextCustomizer@4b3fa0b3, org.springframework.boot.test.autoconfigure.web.servlet.WebDriverContextCustomizer@6bf08014, org.springframework.test.context.support.DynamicPropertiesContextCustomizer@0, org.springframework.boot.test.context.SpringBootTestAnnotation@82ba843e], resourceBasePath = "src/main/webapp", contextLoader = org.springframework.boot.test.context.SpringBootContextLoader, parent = null]
[ERROR]   DynamicEngineTest.queryDynamicData_ShouldSucceed ╗ IllegalState ApplicationContext failure threshold (1) exceeded: skipping repeated attempt to load context for [WebMergedContextConfiguration@65c689e7 testClass = com.example.ldop.service.DynamicEngineTest, locations = [], classes = [com.example.ldop.LdopApplication], contextInitializerClasses = [], activeProfiles = ["test"], propertySourceDescriptors = [], propertySourceProperties = ["org.springframework.boot.test.context.SpringBootTestContextBootstrapper=true"], contextCustomizers = [[ImportsContextCustomizer@a6a2c20 key = [org.springframework.boot.test.autoconfigure.web.servlet.MockMvcWebDriverAutoConfiguration, org.springframework.boot.autoconfigure.security.oauth2.client.servlet.OAuth2ClientWebSecurityAutoConfiguration, org.springframework.boot.test.autoconfigure.web.servlet.MockMvcAutoConfiguration, org.springframework.boot.autoconfigure.security.saml2.Saml2RelyingPartyAutoConfiguration, org.springframework.boot.autoconfigure.security.servlet.SecurityAutoConfiguration, org.springframework.boot.autoconfigure.security.servlet.SecurityFilterAutoConfiguration, org.springframework.boot.autoconfigure.security.servlet.UserDetailsServiceAutoConfiguration, org.springframework.boot.autoconfigure.security.oauth2.resource.servlet.OAuth2ResourceServerAutoConfiguration, org.springframework.boot.test.autoconfigure.web.servlet.MockMvcSecurityConfiguration, org.springframework.boot.test.autoconfigure.web.servlet.MockMvcWebClientAutoConfiguration, org.springframework.boot.autoconfigure.security.oauth2.client.OAuth2ClientAutoConfiguration, org.springframework.boot.test.autoconfigure.web.reactive.WebTestClientAutoConfiguration]], org.springframework.boot.test.context.filter.ExcludeFilterContextCustomizer@1b8a29df, org.springframework.boot.test.json.DuplicateJsonObjectContextCustomizerFactory$DuplicateJsonObjectContextCustomizer@1ef6d34c, org.springframework.boot.test.mock.mockito.MockitoContextCustomizer@0, org.springframework.boot.test.web.client.TestRestTemplateContextCustomizer@4066c471, org.springframework.boot.test.web.reactor.netty.DisableReactorResourceFactoryGlobalResourcesContextCustomizerFactory$DisableReactorResourceFactoryGlobalResourcesContextCustomizerCustomizer@5e403b4a, org.springframework.boot.test.autoconfigure.OnFailureConditionReportContextCustomizerFactory$OnFailureConditionReportContextCustomizer@2931522b, org.springframework.boot.test.autoconfigure.actuate.observability.ObservabilityContextCustomizerFactory$DisableObservabilityContextCustomizer@1f, org.springframework.boot.test.autoconfigure.properties.PropertyMappingContextCustomizer@4b3fa0b3, org.springframework.boot.test.autoconfigure.web.servlet.WebDriverContextCustomizer@6bf08014, org.springframework.test.context.support.DynamicPropertiesContextCustomizer@0, org.springframework.boot.test.context.SpringBootTestAnnotation@82ba843e], resourceBasePath = "src/main/webapp", contextLoader = org.springframework.boot.test.context.SpringBootContextLoader, parent = null]
[INFO] 
[ERROR] Tests run: 45, Failures: 0, Errors: 11, Skipped: 0
[INFO] 
[INFO] ------------------------------------------------------------------------
[INFO] BUILD FAILURE
[INFO] ------------------------------------------------------------------------
[INFO] Total time:  21.236 s
[INFO] Finished at: 2025-11-28T00:24:45+07:00
[INFO] ------------------------------------------------------------------------
[ERROR] Failed to execute goal org.apache.maven.plugins:maven-surefire-plugin:3.5.4:test (default-test) on project ldop: 
[ERROR] 
[ERROR] See D:\projects\ldop-demo\backend\target\surefire-reports for the individual test results.
[ERROR] See dump files (if any exist) [date].dump, [date]-jvmRun[N].dump and [date].dumpstream.
[ERROR] -> [Help 1]
[ERROR] 
[ERROR] To see the full stack trace of the errors, re-run Maven with the -e switch.
[ERROR] Re-run Maven using the -X switch to enable full debug logging.
[ERROR] 
[ERROR] For more information about the errors and possible solutions, please read the following articles:
[ERROR] [Help 1] http://cwiki.apache.org/confluence/display/MAVEN/MojoFailureException
